stm32f0xx_it.c:102:6:NMI_Handler	0	static
stm32f0xx_it.c:115:6:HardFault_Handler	0	static
stm32f0xx_it.c:130:6:SVC_Handler	0	static
stm32f0xx_it.c:143:6:PendSV_Handler	0	static
stm32f0xx_it.c:156:6:SysTick_Handler	8	static
stm32f0xx_it.c:177:6:FLASH_IRQHandler	8	static
stm32f0xx_it.c:191:6:RCC_IRQHandler	0	static
stm32f0xx_it.c:204:6:DMA1_Channel2_3_IRQHandler	8	static
stm32f0xx_it.c:219:6:DMA1_Channel4_5_IRQHandler	8	static
stm32f0xx_it.c:233:6:ADC1_IRQHandler	8	static
stm32f0xx_it.c:247:6:TIM1_BRK_UP_TRG_COM_IRQHandler	0	static
stm32f0xx_it.c:271:6:TIM3_IRQHandler	16	static
stm32f0xx_it.c:360:6:TIM14_IRQHandler	0	static
stm32f0xx_it.c:460:6:TIM16_IRQHandler	24	static
stm32f0xx_it.c:592:6:USART1_IRQHandler	8	static
