digiTOS-ADC.c:19:6:StartADC	8	static
digiTOS-ADC.c:62:6:ResetV_data	8	static
digiTOS-ADC.c:118:7:CheckAmp	8	static
digiTOS-ADC.c:129:7:CalcNewAmp	8	static
digiTOS-ADC.c:149:7:CalcNewAmpByStep	16	static
digiTOS-ADC.c:169:10:asqrt	8	static
digiTOS-ADC.c:196:6:CalcAc_I_ByWave	16	static
digiTOS-ADC.c:207:6:CalcAc_V_ByWave	16	static
digiTOS-ADC.c:217:6:CalcDC_Average	8	static
digiTOS-ADC.c:223:6:ReadTempValue	0	static
digiTOS-ADC.c:254:6:UpdateAmplitudeByV	24	static
digiTOS-ADC.c:360:6:CheckV_Feedback	16	static
