digiTOS-Core.c:30:10:TM_CRC_Calculate8	16	static
digiTOS-Core.c:64:10:TM_CRC_Calculate16	16	static
digiTOS-Core.c:98:10:TM_CRC_Calculate32	0	static
digiTOS-Core.c:140:6:AddUART_CRC	16	static
digiTOS-Core.c:216:6:ClearUART_Buff	8	static
digiTOS-Core.c:135:6:AddUART_Header	8	static
digiTOS-Core.c:149:6:Get_ChipID	16	static
digiTOS-Core.c:188:6:Get_FlashSize	8	static
digiTOS-Core.c:197:6:Get_Version	8	static
digiTOS-Core.c:220:6:WaitForUART_TX	0	static
digiTOS-Core.c:207:6:SerialPrintln	8	static
digiTOS-Core.c:224:6:HAL_UART_TxCpltCallback	8	static
digiTOS-Core.c:233:6:ResetWDG	8	static
digiTOS-Core.c:239:6:PrintCurrentState	72	static
digiTOS-Core.c:284:6:ResetEEPROM	0	static
digiTOS-Core.c:290:6:CALC_RATIO	8	static
digiTOS-Core.c:299:6:USE_DEF_CALIB	8	static
digiTOS-Core.c:308:6:USE_NEW_CALIB	8	static
digiTOS-Core.c:316:6:StoreEEPROM	16	static
digiTOS-Core.c:329:5:InitEEPROM	24	static
