digiTOS-Generator.c:29:6:Set50HzDeadTimeNS	0	static
digiTOS-Generator.c:48:6:SetNormalSignal	0	static
digiTOS-Generator.c:53:6:SetInverseSignal	0	static
digiTOS-Generator.c:60:6:Idle_SET	0	static
digiTOS-Generator.c:66:6:Idle_RESET	0	static
digiTOS-Generator.c:75:6:PWM_50Hz_Init	8	static
digiTOS-Generator.c:124:6:PWM_50Hz_START	8	static
digiTOS-Generator.c:147:6:PWM_50Hz_STOP	0	static
digiTOS-Generator.c:168:6:PWM_50Hz_OUTEN	0	static
digiTOS-Generator.c:174:6:PWM_50Hz_OUTDIS	0	static
digiTOS-Generator.c:181:6:PWM_50Hz_ON	8	static
digiTOS-Generator.c:186:6:PWM_50Hz_OFF	8	static
digiTOS-Generator.c:194:6:PWM_Sinus_START	8	static
digiTOS-Generator.c:220:6:PWM_Sinus_STOP	0	static
digiTOS-Generator.c:232:6:PWM_Sinus_OUTEN	0	static
digiTOS-Generator.c:240:6:PWM_Sinus_OUTDIS	0	static
digiTOS-Generator.c:249:6:PWM_Sinus_ON	8	static
digiTOS-Generator.c:254:6:PWM_Sinus_OFF	8	static
digiTOS-Generator.c:259:6:PWM_Sinus_Init	0	static
