digiTOS-Core.c:39:10:TM_CRC_Calculate8	16	static
digiTOS-Core.c:73:10:TM_CRC_Calculate16	16	static
digiTOS-Core.c:107:10:TM_CRC_Calculate32	0	static
digiTOS-Core.c:149:6:AddUART_CRC	16	static
digiTOS-Core.c:225:6:ClearUART_Buff	8	static
digiTOS-Core.c:144:6:AddUART_Header	8	static
digiTOS-Core.c:158:6:Get_ChipID	16	static
digiTOS-Core.c:197:6:Get_FlashSize	8	static
digiTOS-Core.c:206:6:Get_Version	8	static
digiTOS-Core.c:229:6:WaitForUART_TX	0	static
digiTOS-Core.c:216:6:SerialPrintln	8	static
digiTOS-Core.c:233:6:HAL_UART_TxCpltCallback	8	static
digiTOS-Core.c:242:6:ResetWDG	0	static
digiTOS-Core.c:248:6:PrintCurrentState	80	static
digiTOS-Core.c:309:6:ResetEEPROM	0	static
digiTOS-Core.c:315:6:CALC_RATIO	8	static
digiTOS-Core.c:327:6:USE_DEF_CALIB	8	static
digiTOS-Core.c:338:6:USE_NEW_CALIB	8	static
digiTOS-Core.c:347:6:StoreEEPROM	16	static
digiTOS-Core.c:362:5:InitEEPROM	24	static
digiTOS-Core.c:383:6:CalibSave	8	static
digiTOS-Core.c:392:5:CalibCmdCheck	16	static
