digiTOS-Core.c:31:10:TM_CRC_Calculate8	16	static
digiTOS-Core.c:65:10:TM_CRC_Calculate16	16	static
digiTOS-Core.c:99:10:TM_CRC_Calculate32	0	static
digiTOS-Core.c:141:6:AddUART_CRC	16	static
digiTOS-Core.c:217:6:ClearUART_Buff	8	static
digiTOS-Core.c:136:6:AddUART_Header	8	static
digiTOS-Core.c:150:6:Get_ChipID	16	static
digiTOS-Core.c:189:6:Get_FlashSize	8	static
digiTOS-Core.c:198:6:Get_Version	8	static
digiTOS-Core.c:221:6:WaitForUART_TX	0	static
digiTOS-Core.c:208:6:SerialPrintln	8	static
digiTOS-Core.c:225:6:HAL_UART_TxCpltCallback	8	static
digiTOS-Core.c:234:6:ResetWDG	8	static
digiTOS-Core.c:240:6:PrintCurrentState	72	static
digiTOS-Core.c:301:6:ResetEEPROM	0	static
digiTOS-Core.c:307:6:CALC_RATIO	8	static
digiTOS-Core.c:316:6:USE_DEF_CALIB	8	static
digiTOS-Core.c:325:6:USE_NEW_CALIB	8	static
digiTOS-Core.c:333:6:StoreEEPROM	16	static
digiTOS-Core.c:346:5:InitEEPROM	24	static
