digiTOS-Core.c:37:10:TM_CRC_Calculate8	16	static
digiTOS-Core.c:71:10:TM_CRC_Calculate16	16	static
digiTOS-Core.c:105:10:TM_CRC_Calculate32	0	static
digiTOS-Core.c:147:6:AddUART_CRC	16	static
digiTOS-Core.c:223:6:ClearUART_Buff	8	static
digiTOS-Core.c:142:6:AddUART_Header	8	static
digiTOS-Core.c:156:6:Get_ChipID	16	static
digiTOS-Core.c:195:6:Get_FlashSize	8	static
digiTOS-Core.c:204:6:Get_Version	8	static
digiTOS-Core.c:227:6:WaitForUART_TX	0	static
digiTOS-Core.c:214:6:SerialPrintln	8	static
digiTOS-Core.c:231:6:HAL_UART_TxCpltCallback	8	static
digiTOS-Core.c:240:6:ResetWDG	8	static
digiTOS-Core.c:246:6:PrintCurrentState	72	static
digiTOS-Core.c:307:6:ResetEEPROM	0	static
digiTOS-Core.c:313:6:CALC_RATIO	8	static
digiTOS-Core.c:325:6:USE_DEF_CALIB	8	static
digiTOS-Core.c:336:6:USE_NEW_CALIB	8	static
digiTOS-Core.c:345:6:StoreEEPROM	16	static
digiTOS-Core.c:360:5:InitEEPROM	24	static
digiTOS-Core.c:381:6:CalibSave	8	static
digiTOS-Core.c:390:5:CalibCmdCheck	16	static
