digiTOS-Core.c:25:10:TM_CRC_Calculate8	16	static
digiTOS-Core.c:59:10:TM_CRC_Calculate16	16	static
digiTOS-Core.c:93:10:TM_CRC_Calculate32	0	static
digiTOS-Core.c:135:6:AddUART_CRC	16	static
digiTOS-Core.c:211:6:ClearUART_Buff	8	static
digiTOS-Core.c:130:6:AddUART_Header	8	static
digiTOS-Core.c:144:6:Get_ChipID	16	static
digiTOS-Core.c:183:6:Get_FlashSize	8	static
digiTOS-Core.c:192:6:Get_Version	8	static
digiTOS-Core.c:215:6:WaitForUART_TX	0	static
digiTOS-Core.c:202:6:SerialPrintln	8	static
digiTOS-Core.c:219:6:HAL_UART_TxCpltCallback	8	static
digiTOS-Core.c:228:6:ResetWDG	8	static
