digiTOS-Core.c:60:10:TM_CRC_Calculate8	16	static
digiTOS-Core.c:94:10:TM_CRC_Calculate16	16	static
digiTOS-Core.c:128:10:TM_CRC_Calculate32	0	static
digiTOS-Core.c:170:6:AddUART_CRC	16	static
digiTOS-Core.c:246:6:ClearUART_Buff	8	static
digiTOS-Core.c:165:6:AddUART_Header	8	static
digiTOS-Core.c:179:6:Get_ChipID	16	static
digiTOS-Core.c:218:6:Get_FlashSize	8	static
digiTOS-Core.c:227:6:Get_Version	8	static
digiTOS-Core.c:250:6:WaitForUART_TX	0	static
digiTOS-Core.c:237:6:SerialPrintln	8	static
digiTOS-Core.c:254:6:HAL_UART_TxCpltCallback	8	static
digiTOS-Core.c:263:6:ResetWDG	8	static
digiTOS-Core.c:269:6:PrintCurrentState	72	static
digiTOS-Core.c:330:6:ResetEEPROM	0	static
digiTOS-Core.c:336:6:CALC_RATIO	8	static
digiTOS-Core.c:348:6:USE_DEF_CALIB	8	static
digiTOS-Core.c:359:6:USE_NEW_CALIB	8	static
digiTOS-Core.c:368:6:StoreEEPROM	16	static
digiTOS-Core.c:383:5:InitEEPROM	24	static
digiTOS-Core.c:404:6:CalibSave	8	static
digiTOS-Core.c:413:5:CalibCmdCheck	16	static
