Archive member included to satisfy reference by file (symbol)

c:/truestudio for stm32 9.2.0/armtools/bin/../lib/gcc/arm-atollic-eabi/6.3.1/../../../../arm-atollic-eabi/lib/armv7-m\libc_nano.a(lib_a-init.o)
                              startup\startup_stm32f103xb.o (__libc_init_array)
c:/truestudio for stm32 9.2.0/armtools/bin/../lib/gcc/arm-atollic-eabi/6.3.1/../../../../arm-atollic-eabi/lib/armv7-m\libc_nano.a(lib_a-memset.o)
                              Core\Src\adc.o (memset)
c:/truestudio for stm32 9.2.0/armtools/bin/../lib/gcc/arm-atollic-eabi/6.3.1/../../../../arm-atollic-eabi/lib/armv7-m\libc_nano.a(lib_a-sprintf.o)
                              Core\Src\digiTOS-Lib\digiTOS-Core.o (sprintf)
c:/truestudio for stm32 9.2.0/armtools/bin/../lib/gcc/arm-atollic-eabi/6.3.1/../../../../arm-atollic-eabi/lib/armv7-m\libc_nano.a(lib_a-strcat.o)
                              Core\Src\digiTOS-Lib\digiTOS-Core.o (strcat)
c:/truestudio for stm32 9.2.0/armtools/bin/../lib/gcc/arm-atollic-eabi/6.3.1/../../../../arm-atollic-eabi/lib/armv7-m\libc_nano.a(lib_a-strcpy.o)
                              Core\Src\digiTOS-Lib\digiTOS-Core.o (strcpy)
c:/truestudio for stm32 9.2.0/armtools/bin/../lib/gcc/arm-atollic-eabi/6.3.1/../../../../arm-atollic-eabi/lib/armv7-m\libc_nano.a(lib_a-impure.o)
                              c:/truestudio for stm32 9.2.0/armtools/bin/../lib/gcc/arm-atollic-eabi/6.3.1/../../../../arm-atollic-eabi/lib/armv7-m\libc_nano.a(lib_a-sprintf.o) (_impure_ptr)
c:/truestudio for stm32 9.2.0/armtools/bin/../lib/gcc/arm-atollic-eabi/6.3.1/../../../../arm-atollic-eabi/lib/armv7-m\libc_nano.a(lib_a-nano-svfprintf.o)
                              c:/truestudio for stm32 9.2.0/armtools/bin/../lib/gcc/arm-atollic-eabi/6.3.1/../../../../arm-atollic-eabi/lib/armv7-m\libc_nano.a(lib_a-sprintf.o) (_svfprintf_r)
c:/truestudio for stm32 9.2.0/armtools/bin/../lib/gcc/arm-atollic-eabi/6.3.1/../../../../arm-atollic-eabi/lib/armv7-m\libc_nano.a(lib_a-nano-vfprintf_i.o)
                              c:/truestudio for stm32 9.2.0/armtools/bin/../lib/gcc/arm-atollic-eabi/6.3.1/../../../../arm-atollic-eabi/lib/armv7-m\libc_nano.a(lib_a-nano-svfprintf.o) (_printf_i)
c:/truestudio for stm32 9.2.0/armtools/bin/../lib/gcc/arm-atollic-eabi/6.3.1/../../../../arm-atollic-eabi/lib/armv7-m\libc_nano.a(lib_a-memchr-stub.o)
                              c:/truestudio for stm32 9.2.0/armtools/bin/../lib/gcc/arm-atollic-eabi/6.3.1/../../../../arm-atollic-eabi/lib/armv7-m\libc_nano.a(lib_a-nano-svfprintf.o) (memchr)
c:/truestudio for stm32 9.2.0/armtools/bin/../lib/gcc/arm-atollic-eabi/6.3.1/../../../../arm-atollic-eabi/lib/armv7-m\libc_nano.a(lib_a-memcpy-stub.o)
                              c:/truestudio for stm32 9.2.0/armtools/bin/../lib/gcc/arm-atollic-eabi/6.3.1/../../../../arm-atollic-eabi/lib/armv7-m\libc_nano.a(lib_a-nano-svfprintf.o) (memcpy)
c:/truestudio for stm32 9.2.0/armtools/bin/../lib/gcc/arm-atollic-eabi/6.3.1/../../../../arm-atollic-eabi/lib/armv7-m\libc_nano.a(lib_a-memmove.o)
                              c:/truestudio for stm32 9.2.0/armtools/bin/../lib/gcc/arm-atollic-eabi/6.3.1/../../../../arm-atollic-eabi/lib/armv7-m\libc_nano.a(lib_a-nano-svfprintf.o) (memmove)
c:/truestudio for stm32 9.2.0/armtools/bin/../lib/gcc/arm-atollic-eabi/6.3.1/../../../../arm-atollic-eabi/lib/armv7-m\libc_nano.a(lib_a-nano-freer.o)
                              c:/truestudio for stm32 9.2.0/armtools/bin/../lib/gcc/arm-atollic-eabi/6.3.1/../../../../arm-atollic-eabi/lib/armv7-m\libc_nano.a(lib_a-nano-svfprintf.o) (_free_r)
c:/truestudio for stm32 9.2.0/armtools/bin/../lib/gcc/arm-atollic-eabi/6.3.1/../../../../arm-atollic-eabi/lib/armv7-m\libc_nano.a(lib_a-nano-mallocr.o)
                              c:/truestudio for stm32 9.2.0/armtools/bin/../lib/gcc/arm-atollic-eabi/6.3.1/../../../../arm-atollic-eabi/lib/armv7-m\libc_nano.a(lib_a-nano-svfprintf.o) (_malloc_r)
c:/truestudio for stm32 9.2.0/armtools/bin/../lib/gcc/arm-atollic-eabi/6.3.1/../../../../arm-atollic-eabi/lib/armv7-m\libc_nano.a(lib_a-nano-reallocr.o)
                              c:/truestudio for stm32 9.2.0/armtools/bin/../lib/gcc/arm-atollic-eabi/6.3.1/../../../../arm-atollic-eabi/lib/armv7-m\libc_nano.a(lib_a-nano-svfprintf.o) (_realloc_r)
c:/truestudio for stm32 9.2.0/armtools/bin/../lib/gcc/arm-atollic-eabi/6.3.1/../../../../arm-atollic-eabi/lib/armv7-m\libc_nano.a(lib_a-sbrkr.o)
                              c:/truestudio for stm32 9.2.0/armtools/bin/../lib/gcc/arm-atollic-eabi/6.3.1/../../../../arm-atollic-eabi/lib/armv7-m\libc_nano.a(lib_a-nano-mallocr.o) (_sbrk_r)
c:/truestudio for stm32 9.2.0/armtools/bin/../lib/gcc/arm-atollic-eabi/6.3.1/../../../../arm-atollic-eabi/lib/armv7-m\libc_nano.a(lib_a-mlock.o)
                              c:/truestudio for stm32 9.2.0/armtools/bin/../lib/gcc/arm-atollic-eabi/6.3.1/../../../../arm-atollic-eabi/lib/armv7-m\libc_nano.a(lib_a-nano-freer.o) (__malloc_lock)
[...]
Memory Configuration

Name             Origin             Length             Attributes
RAM              0x20000000         0x00005000         xrw
FLASH            0x08000000         0x00010000         xr
*default*        0x00000000         0xffffffff

Linker script and memory map

LOAD c:/truestudio for stm32 9.2.0/armtools/bin/../lib/gcc/arm-atollic-eabi/6.3.1/armv7-m/crti.o
LOAD c:/truestudio for stm32 9.2.0/armtools/bin/../lib/gcc/arm-atollic-eabi/6.3.1/armv7-m/crtbegin.o
LOAD Core\Src\adc.o
LOAD Core\Src\crc.o
LOAD Core\Src\digiTOS-Lib\digiTOS-ADC.o
LOAD Core\Src\digiTOS-Lib\digiTOS-Configuration.o
LOAD Core\Src\digiTOS-Lib\digiTOS-Core.o
LOAD Core\Src\digiTOS-Lib\digiTOS-Generator.o
LOAD Core\Src\digiTOS-Lib\digiTOS-IWDG.o
LOAD Core\Src\digiTOS-Lib\digiTOS-Sinus.o
LOAD Core\Src\digiTOS-Lib\eeprom.o
LOAD Core\Src\digiTOS-Lib\stm32f0xx_hal_buttons.o
LOAD Core\Src\dma.o
LOAD Core\Src\gpio.o
LOAD Core\Src\iwdg.o
LOAD Core\Src\main.o
LOAD Core\Src\stm32f1xx_hal_msp.o
LOAD Core\Src\stm32f1xx_it.o
LOAD Core\Src\system_stm32f1xx.o
LOAD Core\Src\tim.o
LOAD Core\Src\usart.o
LOAD Drivers\STM32F1xx_HAL_Driver\Src\stm32f1xx_hal.o
LOAD Drivers\STM32F1xx_HAL_Driver\Src\stm32f1xx_hal_adc.o
LOAD Drivers\STM32F1xx_HAL_Driver\Src\stm32f1xx_hal_adc_ex.o
LOAD Drivers\STM32F1xx_HAL_Driver\Src\stm32f1xx_hal_cortex.o
LOAD Drivers\STM32F1xx_HAL_Driver\Src\stm32f1xx_hal_crc.o
LOAD Drivers\STM32F1xx_HAL_Driver\Src\stm32f1xx_hal_dma.o
LOAD Drivers\STM32F1xx_HAL_Driver\Src\stm32f1xx_hal_flash.o
LOAD Drivers\STM32F1xx_HAL_Driver\Src\stm32f1xx_hal_flash_ex.o
LOAD Drivers\STM32F1xx_HAL_Driver\Src\stm32f1xx_hal_gpio.o
LOAD Drivers\STM32F1xx_HAL_Driver\Src\stm32f1xx_hal_gpio_ex.o
LOAD Drivers\STM32F1xx_HAL_Driver\Src\stm32f1xx_hal_iwdg.o
LOAD Drivers\STM32F1xx_HAL_Driver\Src\stm32f1xx_hal_pwr.o
LOAD Drivers\STM32F1xx_HAL_Driver\Src\stm32f1xx_hal_rcc.o
LOAD Drivers\STM32F1xx_HAL_Driver\Src\stm32f1xx_hal_rcc_ex.o
LOAD Drivers\STM32F1xx_HAL_Driver\Src\stm32f1xx_hal_tim.o
LOAD Drivers\STM32F1xx_HAL_Driver\Src\stm32f1xx_hal_tim_ex.o
LOAD Drivers\STM32F1xx_HAL_Driver\Src\stm32f1xx_hal_uart.o
LOAD startup\startup_stm32f103xb.o
                0x00000080                malloc_getpagesize_P = 0x80
START GROUP
LOAD c:/truestudio for stm32 9.2.0/armtools/bin/../lib/gcc/arm-atollic-eabi/6.3.1/../../../../arm-atollic-eabi/lib/armv7-m\libc_nano.a
LOAD c:/truestudio for stm32 9.2.0/armtools/bin/../lib/gcc/arm-atollic-eabi/6.3.1/../../../../arm-atollic-eabi/lib/armv7-m\libm.a
END GROUP
START GROUP
LOAD c:/truestudio for stm32 9.2.0/armtools/bin/../lib/gcc/arm-atollic-eabi/6.3.1/armv7-m\libgcc.a
LOAD c:/truestudio for stm32 9.2.0/armtools/bin/../lib/gcc/arm-atollic-eabi/6.3.1/../../../../arm-atollic-eabi/lib/armv7-m\libc_nano.a
END GROUP
START GROUP
LOAD c:/truestudio for stm32 9.2.0/armtools/bin/../lib/gcc/arm-atollic-eabi/6.3.1/armv7-m\libgcc.a
LOAD c:/truestudio for stm32 9.2.0/armtools/bin/../lib/gcc/arm-atollic-eabi/6.3.1/../../../../arm-atollic-eabi/lib/armv7-m\libc_nano.a
LOAD c:/truestudio for stm32 9.2.0/armtools/bin/../lib/gcc/arm-atollic-eabi/6.3.1/../../../../arm-atollic-eabi/lib/armv7-m\libnosys.a
END GROUP
START GROUP
LOAD c:/truestudio for stm32 9.2.0/armtools/bin/../lib/gcc/arm-atollic-eabi/6.3.1/armv7-m\libgcc.a
LOAD c:/truestudio for stm32 9.2.0/armtools/bin/../lib/gcc/arm-atollic-eabi/6.3.1/../../../../arm-atollic-eabi/lib/armv7-m\libc_nano.a
LOAD c:/truestudio for stm32 9.2.0/armtools/bin/../lib/gcc/arm-atollic-eabi/6.3.1/../../../../arm-atollic-eabi/lib/armv7-m\libnosys.a
END GROUP
LOAD c:/truestudio for stm32 9.2.0/armtools/bin/../lib/gcc/arm-atollic-eabi/6.3.1/armv7-m/crtend.o
LOAD c:/truestudio for stm32 9.2.0/armtools/bin/../lib/gcc/arm-atollic-eabi/6.3.1/armv7-m/crtn.o
                0x20005000                _estack = 0x20005000
                0x00000200                _Min_Heap_Size = 0x200
                0x00000400                _Min_Stack_Size = 0x400

.isr_vector     0x08000000      0x10c
                0x08000000                . = ALIGN (0x4)
 *(.isr_vector)
 .isr_vector    0x08000000      0x10c startup\startup_stm32f103xb.o
                0x08000000                g_pfnVectors
                0x0800010c                . = ALIGN (0x4)

.text           0x0800010c     0x5758
                0x0800010c                . = ALIGN (0x4)
 *(.text)
 .text          0x0800010c       0x40 c:/truestudio for stm32 9.2.0/armtools/bin/../lib/gcc/arm-atollic-eabi/6.3.1/armv7-m/crtbegin.o
 .text          0x0800014c      0x21c c:/truestudio for stm32 9.2.0/armtools/bin/../lib/gcc/arm-atollic-eabi/6.3.1/armv7-m\libgcc.a(_arm_addsubsf3.o)
                0x0800014c                __aeabi_frsub
                0x08000154                __subsf3
                0x08000154                __aeabi_fsub
                0x08000158                __aeabi_fadd
                0x08000158                __addsf3
                0x080002b8                __aeabi_ui2f
                0x080002b8                __floatunsisf
                0x080002c0                __aeabi_i2f
                0x080002c0                __floatsisf
                0x080002dc                __aeabi_ul2f
                0x080002dc                __floatundisf
                0x080002ec                __aeabi_l2f
                0x080002ec                __floatdisf
 .text          0x08000368      0x2a0 c:/truestudio for stm32 9.2.0/armtools/bin/../lib/gcc/arm-atollic-eabi/6.3.1/armv7-m\libgcc.a(_arm_muldivsf3.o)
                0x08000368                __mulsf3
                0x08000368                __aeabi_fmul
                0x080004d0                __aeabi_fdiv
                0x080004d0                __divsf3
 .text          0x08000608       0xec c:/truestudio for stm32 9.2.0/armtools/bin/../lib/gcc/arm-atollic-eabi/6.3.1/armv7-m\libgcc.a(_arm_cmpsf2.o)
                0x08000608                __gesf2
                0x08000608                __gtsf2
                0x08000610                __lesf2
                0x08000610                __ltsf2
                0x08000618                __nesf2
                0x08000618                __eqsf2
                0x08000618                __cmpsf2
                0x08000678                __aeabi_cfrcmple
                0x08000680                __aeabi_cfcmpeq
                0x08000680                __aeabi_cfcmple
                0x08000690                __aeabi_fcmpeq
                0x080006a4                __aeabi_fcmplt
                0x080006b8                __aeabi_fcmple
                0x080006cc                __aeabi_fcmpge
                0x080006e0                __aeabi_fcmpgt
 .text          0x080006f4       0x40 c:/truestudio for stm32 9.2.0/armtools/bin/../lib/gcc/arm-atollic-eabi/6.3.1/armv7-m\libgcc.a(_arm_fixunssfsi.o)
                0x080006f4                __fixunssfsi
                0x080006f4                __aeabi_f2uiz
 *(.text*)
 .text.MX_ADC1_Init
                0x08000734       0x74 Core\Src\adc.o
                0x08000734                MX_ADC1_Init
 .text.HAL_ADC_MspInit
                0x080007a8       0xac Core\Src\adc.o
                0x080007a8                HAL_ADC_MspInit
 .text.MX_CRC_Init
                0x08000854       0x20 Core\Src\crc.o
                0x08000854                MX_CRC_Init
 .text.HAL_CRC_MspInit
                0x08000874       0x28 Core\Src\crc.o
                0x08000874                HAL_CRC_MspInit
 .text.StartADC
                0x0800089c       0x14 Core\Src\digiTOS-Lib\digiTOS-ADC.o
                0x0800089c                StartADC
 .text.ResetV_data
                0x080008b0       0xe8 Core\Src\digiTOS-Lib\digiTOS-ADC.o
                0x080008b0                ResetV_data
 .text.CalcNewAmp
                0x08000998       0x64 Core\Src\digiTOS-Lib\digiTOS-ADC.o
                0x08000998                CalcNewAmp
 .text.CalcNewAmpByStep
                0x080009fc       0x4c Core\Src\digiTOS-Lib\digiTOS-ADC.o
                0x080009fc                CalcNewAmpByStep
 .text.asqrt    0x08000a48       0x2e Core\Src\digiTOS-Lib\digiTOS-ADC.o
                0x08000a48                asqrt
 *fill*         0x08000a76        0x2 
 .text.CalcAc_I_ByWave
                0x08000a78       0x44 Core\Src\digiTOS-Lib\digiTOS-ADC.o
                0x08000a78                CalcAc_I_ByWave
 .text.CalcAc_V_ByWave
                0x08000abc       0x44 Core\Src\digiTOS-Lib\digiTOS-ADC.o
                0x08000abc                CalcAc_V_ByWave
 .text.CalcDC_Average
                0x08000b00       0x20 Core\Src\digiTOS-Lib\digiTOS-ADC.o
                0x08000b00                CalcDC_Average
 .text.ReadTempValue
                0x08000b20       0xe8 Core\Src\digiTOS-Lib\digiTOS-ADC.o
                0x08000b20                ReadTempValue
 .text.UpdateAmplitudeByV
                0x08000c08      0x220 Core\Src\digiTOS-Lib\digiTOS-ADC.o
                0x08000c08                UpdateAmplitudeByV
 .text.TM_CRC_Calculate8
                0x08000e28       0x3c Core\Src\digiTOS-Lib\digiTOS-Core.o
                0x08000e28                TM_CRC_Calculate8
 .text.TM_CRC_Calculate32
                0x08000e64       0x24 Core\Src\digiTOS-Lib\digiTOS-Core.o
                0x08000e64                TM_CRC_Calculate32
 .text.AddUART_CRC
                0x08000e88       0x3c Core\Src\digiTOS-Lib\digiTOS-Core.o
                0x08000e88                AddUART_CRC
 .text.ClearUART_Buff
                0x08000ec4       0x10 Core\Src\digiTOS-Lib\digiTOS-Core.o
                0x08000ec4                ClearUART_Buff
 .text.Get_ChipID
                0x08000ed4       0x38 Core\Src\digiTOS-Lib\digiTOS-Core.o
                0x08000ed4                Get_ChipID
 .text.Get_FlashSize
                0x08000f0c       0x28 Core\Src\digiTOS-Lib\digiTOS-Core.o
                0x08000f0c                Get_FlashSize
 .text.Get_Version
                0x08000f34       0x2c Core\Src\digiTOS-Lib\digiTOS-Core.o
                0x08000f34                Get_Version
 .text.WaitForUART_TX
                0x08000f60       0x10 Core\Src\digiTOS-Lib\digiTOS-Core.o
                0x08000f60                WaitForUART_TX
 .text.SerialPrintln
                0x08000f70       0x34 Core\Src\digiTOS-Lib\digiTOS-Core.o
                0x08000f70                SerialPrintln
 .text.HAL_UART_TxCpltCallback
                0x08000fa4       0x1c Core\Src\digiTOS-Lib\digiTOS-Core.o
                0x08000fa4                HAL_UART_TxCpltCallback
 .text.ResetWDG
                0x08000fc0        0xc Core\Src\digiTOS-Lib\digiTOS-Core.o
                0x08000fc0                ResetWDG
 .text.ResetEEPROM
                0x08000fcc       0x18 Core\Src\digiTOS-Lib\digiTOS-Core.o
                0x08000fcc                ResetEEPROM
 .text.CALC_RATIO
                0x08000fe4       0x38 Core\Src\digiTOS-Lib\digiTOS-Core.o
                0x08000fe4                CALC_RATIO
 .text.USE_DEF_CALIB
                0x0800101c       0x14 Core\Src\digiTOS-Lib\digiTOS-Core.o
                0x0800101c                USE_DEF_CALIB
 .text.USE_NEW_CALIB
                0x08001030       0x14 Core\Src\digiTOS-Lib\digiTOS-Core.o
                0x08001030                USE_NEW_CALIB
 .text.InitEEPROM
                0x08001044       0x58 Core\Src\digiTOS-Lib\digiTOS-Core.o
                0x08001044                InitEEPROM
 .text.Set50HzDeadTimeNS
                0x0800109c       0x48 Core\Src\digiTOS-Lib\digiTOS-Generator.o
                0x0800109c                Set50HzDeadTimeNS
 .text.SetNormalSignal
                0x080010e4       0x18 Core\Src\digiTOS-Lib\digiTOS-Generator.o
                0x080010e4                SetNormalSignal
 .text.Idle_SET
                0x080010fc       0x18 Core\Src\digiTOS-Lib\digiTOS-Generator.o
                0x080010fc                Idle_SET
 .text.PWM_50Hz_Init
                0x08001114       0x54 Core\Src\digiTOS-Lib\digiTOS-Generator.o
                0x08001114                PWM_50Hz_Init
 .text.PWM_50Hz_START
                0x08001168       0x40 Core\Src\digiTOS-Lib\digiTOS-Generator.o
                0x08001168                PWM_50Hz_START
 .text.PWM_50Hz_STOP
                0x080011a8       0x48 Core\Src\digiTOS-Lib\digiTOS-Generator.o
                0x080011a8                PWM_50Hz_STOP
 .text.PWM_50Hz_OUTEN
                0x080011f0       0x10 Core\Src\digiTOS-Lib\digiTOS-Generator.o
                0x080011f0                PWM_50Hz_OUTEN
 .text.PWM_50Hz_OUTDIS
                0x08001200       0x18 Core\Src\digiTOS-Lib\digiTOS-Generator.o
                0x08001200                PWM_50Hz_OUTDIS
 .text.PWM_50Hz_ON
                0x08001218        0xe Core\Src\digiTOS-Lib\digiTOS-Generator.o
                0x08001218                PWM_50Hz_ON
 .text.PWM_50Hz_OFF
                0x08001226        0xe Core\Src\digiTOS-Lib\digiTOS-Generator.o
                0x08001226                PWM_50Hz_OFF
 .text.PWM_Sinus_START
                0x08001234       0x28 Core\Src\digiTOS-Lib\digiTOS-Generator.o
                0x08001234                PWM_Sinus_START
 .text.PWM_Sinus_STOP
                0x0800125c       0x2c Core\Src\digiTOS-Lib\digiTOS-Generator.o
                0x0800125c                PWM_Sinus_STOP
 .text.PWM_Sinus_OUTEN
                0x08001288       0x10 Core\Src\digiTOS-Lib\digiTOS-Generator.o
                0x08001288                PWM_Sinus_OUTEN
 .text.PWM_Sinus_OUTDIS
                0x08001298       0x18 Core\Src\digiTOS-Lib\digiTOS-Generator.o
                0x08001298                PWM_Sinus_OUTDIS
 .text.PWM_Sinus_ON
                0x080012b0        0xe Core\Src\digiTOS-Lib\digiTOS-Generator.o
                0x080012b0                PWM_Sinus_ON
 .text.PWM_Sinus_OFF
                0x080012be        0xe Core\Src\digiTOS-Lib\digiTOS-Generator.o
                0x080012be                PWM_Sinus_OFF
 .text.PWM_Sinus_Init
                0x080012cc       0x70 Core\Src\digiTOS-Lib\digiTOS-Generator.o
                0x080012cc                PWM_Sinus_Init
 .text.DigiTOS_IWDG_Init
                0x0800133c       0xb4 Core\Src\digiTOS-Lib\digiTOS-IWDG.o
                0x0800133c                DigiTOS_IWDG_Init
 .text.SetSoftstart
                0x080013f0       0x28 Core\Src\digiTOS-Lib\digiTOS-Sinus.o
                0x080013f0                SetSoftstart
 .text.ResetAmplitude
                0x08001418       0x3c Core\Src\digiTOS-Lib\digiTOS-Sinus.o
                0x08001418                ResetAmplitude
 .text.EE_Read  0x08001454       0x1a Core\Src\digiTOS-Lib\eeprom.o
                0x08001454                EE_Read
 .text.buttonInit
                0x0800146e       0x20 Core\Src\digiTOS-Lib\stm32f0xx_hal_buttons.o
                0x0800146e                buttonInit
 .text._button_state
                0x0800148e       0x16 Core\Src\digiTOS-Lib\stm32f0xx_hal_buttons.o
                0x0800148e                _button_state
 .text.buttonUpdate
                0x080014a4       0x82 Core\Src\digiTOS-Lib\stm32f0xx_hal_buttons.o
                0x080014a4                buttonUpdate
 *fill*         0x08001526        0x2 
 .text.MX_DMA_Init
                0x08001528       0x40 Core\Src\dma.o
                0x08001528                MX_DMA_Init
 .text.MX_GPIO_Init
                0x08001568       0xec Core\Src\gpio.o
                0x08001568                MX_GPIO_Init
 .text.MX_IWDG_Init
                0x08001654       0x28 Core\Src\iwdg.o
                0x08001654                MX_IWDG_Init
 .text.SystemClock_Config
                0x0800167c       0x74 Core\Src\main.o
                0x0800167c                SystemClock_Config
 .text.startup.main
                0x080016f0      0x324 Core\Src\main.o
                0x080016f0                main
 .text.Error_Handler
                0x08001a14        0x2 Core\Src\main.o
                0x08001a14                Error_Handler
 .text.assert_failed
                0x08001a16        0x2 Core\Src\main.o
                0x08001a16                assert_failed
 .text.HAL_MspInit
                0x08001a18       0x7c Core\Src\stm32f1xx_hal_msp.o
                0x08001a18                HAL_MspInit
 .text.NMI_Handler
                0x08001a94        0x2 Core\Src\stm32f1xx_it.o
                0x08001a94                NMI_Handler
 .text.HardFault_Handler
                0x08001a96        0x2 Core\Src\stm32f1xx_it.o
                0x08001a96                HardFault_Handler
 .text.MemManage_Handler
                0x08001a98        0x2 Core\Src\stm32f1xx_it.o
                0x08001a98                MemManage_Handler
 .text.BusFault_Handler
                0x08001a9a        0x2 Core\Src\stm32f1xx_it.o
                0x08001a9a                BusFault_Handler
 .text.UsageFault_Handler
                0x08001a9c        0x2 Core\Src\stm32f1xx_it.o
                0x08001a9c                UsageFault_Handler
 .text.SVC_Handler
                0x08001a9e        0x2 Core\Src\stm32f1xx_it.o
                0x08001a9e                SVC_Handler
 .text.DebugMon_Handler
                0x08001aa0        0x2 Core\Src\stm32f1xx_it.o
                0x08001aa0                DebugMon_Handler
 .text.PendSV_Handler
                0x08001aa2        0x2 Core\Src\stm32f1xx_it.o
                0x08001aa2                PendSV_Handler
 .text.SysTick_Handler
                0x08001aa4        0x4 Core\Src\stm32f1xx_it.o
                0x08001aa4                SysTick_Handler
 .text.PVD_IRQHandler
                0x08001aa8        0x4 Core\Src\stm32f1xx_it.o
                0x08001aa8                PVD_IRQHandler
 .text.FLASH_IRQHandler
                0x08001aac        0x4 Core\Src\stm32f1xx_it.o
                0x08001aac                FLASH_IRQHandler
 .text.RCC_IRQHandler
                0x08001ab0        0x2 Core\Src\stm32f1xx_it.o
                0x08001ab0                RCC_IRQHandler
 *fill*         0x08001ab2        0x2 
 .text.DMA1_Channel1_IRQHandler
                0x08001ab4        0xc Core\Src\stm32f1xx_it.o
                0x08001ab4                DMA1_Channel1_IRQHandler
 .text.DMA1_Channel4_IRQHandler
                0x08001ac0        0xc Core\Src\stm32f1xx_it.o
                0x08001ac0                DMA1_Channel4_IRQHandler
 .text.ADC1_2_IRQHandler
                0x08001acc        0xc Core\Src\stm32f1xx_it.o
                0x08001acc                ADC1_2_IRQHandler
 .text.TIM1_CC_IRQHandler
                0x08001ad8        0xc Core\Src\stm32f1xx_it.o
                0x08001ad8                TIM1_CC_IRQHandler
 .text.TIM1_TRG_COM_IRQHandler
                0x08001ae4        0x4 Core\Src\stm32f1xx_it.o
                0x08001ae4                TIM1_TRG_COM_IRQHandler
 .text.TIM1_UP_IRQHandler
                0x08001ae8        0x4 Core\Src\stm32f1xx_it.o
                0x08001ae8                TIM1_UP_IRQHandler
 .text.TIM1_BRK_IRQHandler
                0x08001aec        0x4 Core\Src\stm32f1xx_it.o
                0x08001aec                TIM1_BRK_IRQHandler
 .text.TIM2_IRQHandler
                0x08001af0        0xc Core\Src\stm32f1xx_it.o
                0x08001af0                TIM2_IRQHandler
 .text.TIM3_IRQHandler
                0x08001afc        0xc Core\Src\stm32f1xx_it.o
                0x08001afc                TIM3_IRQHandler
 .text.TIM4_IRQHandler
                0x08001b08        0xc Core\Src\stm32f1xx_it.o
                0x08001b08                TIM4_IRQHandler
 .text.USART1_IRQHandler
                0x08001b14        0xc Core\Src\stm32f1xx_it.o
                0x08001b14                USART1_IRQHandler
 .text.SystemInit
                0x08001b20       0x4c Core\Src\system_stm32f1xx.o
                0x08001b20                SystemInit
 .text.MX_TIM2_Init
                0x08001b6c       0x6c Core\Src\tim.o
                0x08001b6c                MX_TIM2_Init
 .text.MX_TIM4_Init
                0x08001bd8       0x68 Core\Src\tim.o
                0x08001bd8                MX_TIM4_Init
 .text.HAL_TIM_Base_MspInit
                0x08001c40       0xf0 Core\Src\tim.o
                0x08001c40                HAL_TIM_Base_MspInit
 .text.HAL_TIM_MspPostInit
                0x08001d30       0xc4 Core\Src\tim.o
                0x08001d30                HAL_TIM_MspPostInit
 .text.MX_TIM1_Init
                0x08001df4       0xe0 Core\Src\tim.o
                0x08001df4                MX_TIM1_Init
 .text.MX_TIM3_Init
                0x08001ed4       0xb0 Core\Src\tim.o
                0x08001ed4                MX_TIM3_Init
 .text.MX_USART1_UART_Init
                0x08001f84       0x38 Core\Src\usart.o
                0x08001f84                MX_USART1_UART_Init
 .text.HAL_UART_MspInit
                0x08001fbc       0xcc Core\Src\usart.o
                0x08001fbc                HAL_UART_MspInit
 .text.HAL_InitTick
                0x08002088       0x48 Drivers\STM32F1xx_HAL_Driver\Src\stm32f1xx_hal.o
                0x08002088                HAL_InitTick
 .text.HAL_Init
                0x080020d0       0x24 Drivers\STM32F1xx_HAL_Driver\Src\stm32f1xx_hal.o
                0x080020d0                HAL_Init
 .text.HAL_IncTick
                0x080020f4       0x18 Drivers\STM32F1xx_HAL_Driver\Src\stm32f1xx_hal.o
                0x080020f4                HAL_IncTick
 .text.HAL_GetTick
                0x0800210c        0xc Drivers\STM32F1xx_HAL_Driver\Src\stm32f1xx_hal.o
                0x0800210c                HAL_GetTick
 .text.HAL_Delay
                0x08002118       0x24 Drivers\STM32F1xx_HAL_Driver\Src\stm32f1xx_hal.o
                0x08002118                HAL_Delay
 .text.HAL_ADC_ConvCpltCallback
                0x0800213c        0x2 Drivers\STM32F1xx_HAL_Driver\Src\stm32f1xx_hal_adc.o
                0x0800213c                HAL_ADC_ConvCpltCallback
 .text.ADC_DMAConvCplt
                0x0800213e       0x4e Drivers\STM32F1xx_HAL_Driver\Src\stm32f1xx_hal_adc.o
                0x0800213e                ADC_DMAConvCplt
 .text.HAL_ADC_ConvHalfCpltCallback
                0x0800218c        0x2 Drivers\STM32F1xx_HAL_Driver\Src\stm32f1xx_hal_adc.o
                0x0800218c                HAL_ADC_ConvHalfCpltCallback
 .text.ADC_DMAHalfConvCplt
                0x0800218e        0xa Drivers\STM32F1xx_HAL_Driver\Src\stm32f1xx_hal_adc.o
                0x0800218e                ADC_DMAHalfConvCplt
 .text.HAL_ADC_LevelOutOfWindowCallback
                0x08002198        0x2 Drivers\STM32F1xx_HAL_Driver\Src\stm32f1xx_hal_adc.o
                0x08002198                HAL_ADC_LevelOutOfWindowCallback
 *fill*         0x0800219a        0x2 
 .text.HAL_ADC_IRQHandler
                0x0800219c      0x130 Drivers\STM32F1xx_HAL_Driver\Src\stm32f1xx_hal_adc.o
                0x0800219c                HAL_ADC_IRQHandler
 .text.HAL_ADC_ErrorCallback
                0x080022cc        0x2 Drivers\STM32F1xx_HAL_Driver\Src\stm32f1xx_hal_adc.o
                0x080022cc                HAL_ADC_ErrorCallback
 .text.ADC_DMAError
                0x080022ce       0x1a Drivers\STM32F1xx_HAL_Driver\Src\stm32f1xx_hal_adc.o
                0x080022ce                ADC_DMAError
 .text.HAL_ADC_ConfigChannel
                0x080022e8      0x15c Drivers\STM32F1xx_HAL_Driver\Src\stm32f1xx_hal_adc.o
                0x080022e8                HAL_ADC_ConfigChannel
 .text.ADC_Enable
                0x08002444       0x70 Drivers\STM32F1xx_HAL_Driver\Src\stm32f1xx_hal_adc.o
                0x08002444                ADC_Enable
 .text.HAL_ADC_Start_DMA
                0x080024b4      0x120 Drivers\STM32F1xx_HAL_Driver\Src\stm32f1xx_hal_adc.o
                0x080024b4                HAL_ADC_Start_DMA
 .text.ADC_ConversionStop_Disable
                0x080025d4       0x44 Drivers\STM32F1xx_HAL_Driver\Src\stm32f1xx_hal_adc.o
                0x080025d4                ADC_ConversionStop_Disable
 .text.HAL_ADC_Init
                0x08002618      0x1b8 Drivers\STM32F1xx_HAL_Driver\Src\stm32f1xx_hal_adc.o
                0x08002618                HAL_ADC_Init
 .text.HAL_ADCEx_InjectedConvCpltCallback
                0x080027d0        0x2 Drivers\STM32F1xx_HAL_Driver\Src\stm32f1xx_hal_adc_ex.o
                0x080027d0                HAL_ADCEx_InjectedConvCpltCallback
 *fill*         0x080027d2        0x2 
 .text.HAL_NVIC_SetPriorityGrouping
                0x080027d4       0x3c Drivers\STM32F1xx_HAL_Driver\Src\stm32f1xx_hal_cortex.o
                0x080027d4                HAL_NVIC_SetPriorityGrouping
 .text.HAL_NVIC_SetPriority
                0x08002810       0x84 Drivers\STM32F1xx_HAL_Driver\Src\stm32f1xx_hal_cortex.o
                0x08002810                HAL_NVIC_SetPriority
 .text.HAL_NVIC_EnableIRQ
                0x08002894       0x2c Drivers\STM32F1xx_HAL_Driver\Src\stm32f1xx_hal_cortex.o
                0x08002894                HAL_NVIC_EnableIRQ
 .text.HAL_SYSTICK_Config
                0x080028c0       0x2c Drivers\STM32F1xx_HAL_Driver\Src\stm32f1xx_hal_cortex.o
                0x080028c0                HAL_SYSTICK_Config
 .text.HAL_CRC_Init
                0x080028ec       0x3c Drivers\STM32F1xx_HAL_Driver\Src\stm32f1xx_hal_crc.o
                0x080028ec                HAL_CRC_Init
 .text.HAL_DMA_Init
                0x08002928      0x120 Drivers\STM32F1xx_HAL_Driver\Src\stm32f1xx_hal_dma.o
                0x08002928                HAL_DMA_Init
 .text.HAL_DMA_Start_IT
                0x08002a48       0xa8 Drivers\STM32F1xx_HAL_Driver\Src\stm32f1xx_hal_dma.o
                0x08002a48                HAL_DMA_Start_IT
 .text.HAL_DMA_Abort_IT
                0x08002af0       0x90 Drivers\STM32F1xx_HAL_Driver\Src\stm32f1xx_hal_dma.o
                0x08002af0                HAL_DMA_Abort_IT
 .text.HAL_DMA_IRQHandler
                0x08002b80      0x128 Drivers\STM32F1xx_HAL_Driver\Src\stm32f1xx_hal_dma.o
                0x08002b80                HAL_DMA_IRQHandler
 .text.FLASH_SetErrorCode
                0x08002ca8       0x50 Drivers\STM32F1xx_HAL_Driver\Src\stm32f1xx_hal_flash.o
 .text.HAL_FLASH_EndOfOperationCallback
                0x08002cf8        0x2 Drivers\STM32F1xx_HAL_Driver\Src\stm32f1xx_hal_flash.o
                0x08002cf8                HAL_FLASH_EndOfOperationCallback
 .text.HAL_FLASH_OperationErrorCallback
                0x08002cfa        0x2 Drivers\STM32F1xx_HAL_Driver\Src\stm32f1xx_hal_flash.o
                0x08002cfa                HAL_FLASH_OperationErrorCallback
 .text.HAL_FLASH_IRQHandler
                0x08002cfc      0x114 Drivers\STM32F1xx_HAL_Driver\Src\stm32f1xx_hal_flash.o
                0x08002cfc                HAL_FLASH_IRQHandler
 .text.FLASH_PageErase
                0x08002e10       0x24 Drivers\STM32F1xx_HAL_Driver\Src\stm32f1xx_hal_flash_ex.o
                0x08002e10                FLASH_PageErase
 .text.HAL_GPIO_Init
                0x08002e34      0x2d8 Drivers\STM32F1xx_HAL_Driver\Src\stm32f1xx_hal_gpio.o
                0x08002e34                HAL_GPIO_Init
 .text.HAL_GPIO_ReadPin
                0x0800310c       0x24 Drivers\STM32F1xx_HAL_Driver\Src\stm32f1xx_hal_gpio.o
                0x0800310c                HAL_GPIO_ReadPin
 .text.HAL_GPIO_WritePin
                0x08003130       0x34 Drivers\STM32F1xx_HAL_Driver\Src\stm32f1xx_hal_gpio.o
                0x08003130                HAL_GPIO_WritePin
 .text.HAL_IWDG_Init
                0x08003164       0x7c Drivers\STM32F1xx_HAL_Driver\Src\stm32f1xx_hal_iwdg.o
                0x08003164                HAL_IWDG_Init
 .text.HAL_IWDG_Refresh
                0x080031e0        0xc Drivers\STM32F1xx_HAL_Driver\Src\stm32f1xx_hal_iwdg.o
                0x080031e0                HAL_IWDG_Refresh
 .text.HAL_PWR_PVDCallback
                0x080031ec        0x2 Drivers\STM32F1xx_HAL_Driver\Src\stm32f1xx_hal_pwr.o
                0x080031ec                HAL_PWR_PVDCallback
 *fill*         0x080031ee        0x2 
 .text.HAL_PWR_PVD_IRQHandler
                0x080031f0       0x1c Drivers\STM32F1xx_HAL_Driver\Src\stm32f1xx_hal_pwr.o
                0x080031f0                HAL_PWR_PVD_IRQHandler
 .text.HAL_RCC_OscConfig
                0x0800320c      0x404 Drivers\STM32F1xx_HAL_Driver\Src\stm32f1xx_hal_rcc.o
                0x0800320c                HAL_RCC_OscConfig
 .text.HAL_RCC_GetSysClockFreq
                0x08003610       0x78 Drivers\STM32F1xx_HAL_Driver\Src\stm32f1xx_hal_rcc.o
                0x08003610                HAL_RCC_GetSysClockFreq
 .text.HAL_RCC_ClockConfig
                0x08003688      0x220 Drivers\STM32F1xx_HAL_Driver\Src\stm32f1xx_hal_rcc.o
                0x08003688                HAL_RCC_ClockConfig
 .text.HAL_RCC_GetPCLK1Freq
                0x080038a8       0x20 Drivers\STM32F1xx_HAL_Driver\Src\stm32f1xx_hal_rcc.o
                0x080038a8                HAL_RCC_GetPCLK1Freq
 .text.HAL_RCC_GetPCLK2Freq
                0x080038c8       0x20 Drivers\STM32F1xx_HAL_Driver\Src\stm32f1xx_hal_rcc.o
                0x080038c8                HAL_RCC_GetPCLK2Freq
 .text.HAL_RCCEx_PeriphCLKConfig
                0x080038e8      0x138 Drivers\STM32F1xx_HAL_Driver\Src\stm32f1xx_hal_rcc_ex.o
                0x080038e8                HAL_RCCEx_PeriphCLKConfig
 .text.TIM_OC1_SetConfig
                0x08003a20       0x98 Drivers\STM32F1xx_HAL_Driver\Src\stm32f1xx_hal_tim.o
 .text.TIM_OC3_SetConfig
                0x08003ab8       0x9c Drivers\STM32F1xx_HAL_Driver\Src\stm32f1xx_hal_tim.o
 .text.TIM_OC4_SetConfig
                0x08003b54       0x68 Drivers\STM32F1xx_HAL_Driver\Src\stm32f1xx_hal_tim.o
 .text.HAL_TIM_Base_Start
                0x08003bbc       0x50 Drivers\STM32F1xx_HAL_Driver\Src\stm32f1xx_hal_tim.o
                0x08003bbc                HAL_TIM_Base_Start
 .text.HAL_TIM_Base_Start_IT
                0x08003c0c       0x4c Drivers\STM32F1xx_HAL_Driver\Src\stm32f1xx_hal_tim.o
                0x08003c0c                HAL_TIM_Base_Start_IT
 .text.HAL_TIM_OC_MspInit
                0x08003c58        0x2 Drivers\STM32F1xx_HAL_Driver\Src\stm32f1xx_hal_tim.o
                0x08003c58                HAL_TIM_OC_MspInit
 .text.HAL_TIM_PWM_MspInit
                0x08003c5a        0x2 Drivers\STM32F1xx_HAL_Driver\Src\stm32f1xx_hal_tim.o
                0x08003c5a                HAL_TIM_PWM_MspInit
 .text.HAL_TIM_ConfigClockSource
                0x08003c5c      0x440 Drivers\STM32F1xx_HAL_Driver\Src\stm32f1xx_hal_tim.o
                0x08003c5c                HAL_TIM_ConfigClockSource
 .text.HAL_TIM_PeriodElapsedCallback
                0x0800409c        0x2 Drivers\STM32F1xx_HAL_Driver\Src\stm32f1xx_hal_tim.o
                0x0800409c                HAL_TIM_PeriodElapsedCallback
 .text.HAL_TIM_OC_DelayElapsedCallback
                0x0800409e        0x2 Drivers\STM32F1xx_HAL_Driver\Src\stm32f1xx_hal_tim.o
                0x0800409e                HAL_TIM_OC_DelayElapsedCallback
 .text.HAL_TIM_IC_CaptureCallback
                0x080040a0        0x2 Drivers\STM32F1xx_HAL_Driver\Src\stm32f1xx_hal_tim.o
                0x080040a0                HAL_TIM_IC_CaptureCallback
 .text.HAL_TIM_PWM_PulseFinishedCallback
                0x080040a2        0x2 Drivers\STM32F1xx_HAL_Driver\Src\stm32f1xx_hal_tim.o
                0x080040a2                HAL_TIM_PWM_PulseFinishedCallback
 .text.HAL_TIM_TriggerCallback
                0x080040a4        0x2 Drivers\STM32F1xx_HAL_Driver\Src\stm32f1xx_hal_tim.o
                0x080040a4                HAL_TIM_TriggerCallback
 .text.HAL_TIM_IRQHandler
                0x080040a6      0x144 Drivers\STM32F1xx_HAL_Driver\Src\stm32f1xx_hal_tim.o
                0x080040a6                HAL_TIM_IRQHandler
 *fill*         0x080041ea        0x2 
 .text.TIM_Base_SetConfig
                0x080041ec       0x70 Drivers\STM32F1xx_HAL_Driver\Src\stm32f1xx_hal_tim.o
                0x080041ec                TIM_Base_SetConfig
 .text.HAL_TIM_Base_Init
                0x0800425c       0xa8 Drivers\STM32F1xx_HAL_Driver\Src\stm32f1xx_hal_tim.o
                0x0800425c                HAL_TIM_Base_Init
 .text.HAL_TIM_OC_Init
                0x08004304       0xb0 Drivers\STM32F1xx_HAL_Driver\Src\stm32f1xx_hal_tim.o
                0x08004304                HAL_TIM_OC_Init
 .text.HAL_TIM_PWM_Init
                0x080043b4       0xb0 Drivers\STM32F1xx_HAL_Driver\Src\stm32f1xx_hal_tim.o
                0x080043b4                HAL_TIM_PWM_Init
 .text.TIM_OC2_SetConfig
                0x08004464       0x9c Drivers\STM32F1xx_HAL_Driver\Src\stm32f1xx_hal_tim.o
                0x08004464                TIM_OC2_SetConfig
 .text.HAL_TIM_OC_ConfigChannel
                0x08004500      0x154 Drivers\STM32F1xx_HAL_Driver\Src\stm32f1xx_hal_tim.o
                0x08004500                HAL_TIM_OC_ConfigChannel
 .text.HAL_TIM_PWM_ConfigChannel
                0x08004654      0x1d0 Drivers\STM32F1xx_HAL_Driver\Src\stm32f1xx_hal_tim.o
                0x08004654                HAL_TIM_PWM_ConfigChannel
 .text.HAL_TIMEx_ConfigBreakDeadTime
                0x08004824       0xe8 Drivers\STM32F1xx_HAL_Driver\Src\stm32f1xx_hal_tim_ex.o
                0x08004824                HAL_TIMEx_ConfigBreakDeadTime
 .text.HAL_TIMEx_MasterConfigSynchronization
                0x0800490c       0x9c Drivers\STM32F1xx_HAL_Driver\Src\stm32f1xx_hal_tim_ex.o
                0x0800490c                HAL_TIMEx_MasterConfigSynchronization
 .text.HAL_TIMEx_CommutationCallback
                0x080049a8        0x2 Drivers\STM32F1xx_HAL_Driver\Src\stm32f1xx_hal_tim_ex.o
                0x080049a8                HAL_TIMEx_CommutationCallback
 .text.HAL_TIMEx_BreakCallback
                0x080049aa        0x2 Drivers\STM32F1xx_HAL_Driver\Src\stm32f1xx_hal_tim_ex.o
                0x080049aa                HAL_TIMEx_BreakCallback
 .text.UART_EndRxTransfer
                0x080049ac       0x1a Drivers\STM32F1xx_HAL_Driver\Src\stm32f1xx_hal_uart.o
 *fill*         0x080049c6        0x2 
 .text.UART_SetConfig
                0x080049c8      0x1a4 Drivers\STM32F1xx_HAL_Driver\Src\stm32f1xx_hal_uart.o
 .text.HAL_UART_Init
                0x08004b6c       0xd0 Drivers\STM32F1xx_HAL_Driver\Src\stm32f1xx_hal_uart.o
                0x08004b6c                HAL_UART_Init
 .text.HAL_UART_Transmit_DMA
                0x08004c3c       0x74 Drivers\STM32F1xx_HAL_Driver\Src\stm32f1xx_hal_uart.o
                0x08004c3c                HAL_UART_Transmit_DMA
 .text.UART_DMATransmitCplt
                0x08004cb0       0x2c Drivers\STM32F1xx_HAL_Driver\Src\stm32f1xx_hal_uart.o
 .text.HAL_UART_TxHalfCpltCallback
                0x08004cdc        0x2 Drivers\STM32F1xx_HAL_Driver\Src\stm32f1xx_hal_uart.o
                0x08004cdc                HAL_UART_TxHalfCpltCallback
 .text.UART_DMATxHalfCplt
                0x08004cde        0xa Drivers\STM32F1xx_HAL_Driver\Src\stm32f1xx_hal_uart.o
 .text.HAL_UART_RxCpltCallback
                0x08004ce8        0x2 Drivers\STM32F1xx_HAL_Driver\Src\stm32f1xx_hal_uart.o
                0x08004ce8                HAL_UART_RxCpltCallback
 .text.UART_Receive_IT
                0x08004cea       0x7c Drivers\STM32F1xx_HAL_Driver\Src\stm32f1xx_hal_uart.o
 .text.HAL_UART_ErrorCallback
                0x08004d66        0x2 Drivers\STM32F1xx_HAL_Driver\Src\stm32f1xx_hal_uart.o
                0x08004d66                HAL_UART_ErrorCallback
 .text.UART_DMAError
                0x08004d68       0x4e Drivers\STM32F1xx_HAL_Driver\Src\stm32f1xx_hal_uart.o
 *fill*         0x08004db6        0x2 
 .text.HAL_UART_IRQHandler
                0x08004db8      0x140 Drivers\STM32F1xx_HAL_Driver\Src\stm32f1xx_hal_uart.o
                0x08004db8                HAL_UART_IRQHandler
 .text.UART_DMAAbortOnError
                0x08004ef8       0x10 Drivers\STM32F1xx_HAL_Driver\Src\stm32f1xx_hal_uart.o
 .text.Reset_Handler
                0x08004f08       0x48 startup\startup_stm32f103xb.o
                0x08004f08                Reset_Handler
 .text.Default_Handler
                0x08004f50        0x2 startup\startup_stm32f103xb.o
                0x08004f50                RTC_Alarm_IRQHandler
                0x08004f50                EXTI2_IRQHandler
                0x08004f50                EXTI3_IRQHandler
                0x08004f50                EXTI0_IRQHandler
                0x08004f50                I2C2_EV_IRQHandler
                0x08004f50                SPI1_IRQHandler
                0x08004f50                TAMPER_IRQHandler
                0x08004f50                USART3_IRQHandler
                0x08004f50                RTC_IRQHandler
                0x08004f50                DMA1_Channel7_IRQHandler
                0x08004f50                CAN1_RX1_IRQHandler
                0x08004f50                I2C1_EV_IRQHandler
                0x08004f50                DMA1_Channel6_IRQHandler
                0x08004f50                Default_Handler
                0x08004f50                EXTI15_10_IRQHandler
                0x08004f50                EXTI9_5_IRQHandler
                0x08004f50                SPI2_IRQHandler
                0x08004f50                DMA1_Channel5_IRQHandler
                0x08004f50                EXTI4_IRQHandler
                0x08004f50                USB_LP_CAN1_RX0_IRQHandler
                0x08004f50                USB_HP_CAN1_TX_IRQHandler
                0x08004f50                DMA1_Channel3_IRQHandler
                0x08004f50                WWDG_IRQHandler
                0x08004f50                EXTI1_IRQHandler
                0x08004f50                USART2_IRQHandler
                0x08004f50                I2C2_ER_IRQHandler
                0x08004f50                DMA1_Channel2_IRQHandler
                0x08004f50                CAN1_SCE_IRQHandler
                0x08004f50                I2C1_ER_IRQHandler
                0x08004f50                USBWakeUp_IRQHandler
 *fill*         0x08004f52        0x2 
 .text.__libc_init_array
                0x08004f54       0x48 c:/truestudio for stm32 9.2.0/armtools/bin/../lib/gcc/arm-atollic-eabi/6.3.1/../../../../arm-atollic-eabi/lib/armv7-m\libc_nano.a(lib_a-init.o)
                0x08004f54                __libc_init_array
 .text.memset   0x08004f9c       0x10 c:/truestudio for stm32 9.2.0/armtools/bin/../lib/gcc/arm-atollic-eabi/6.3.1/../../../../arm-atollic-eabi/lib/armv7-m\libc_nano.a(lib_a-memset.o)
                0x08004f9c                memset
 .text.sprintf  0x08004fac       0x48 c:/truestudio for stm32 9.2.0/armtools/bin/../lib/gcc/arm-atollic-eabi/6.3.1/../../../../arm-atollic-eabi/lib/armv7-m\libc_nano.a(lib_a-sprintf.o)
                0x08004fac                siprintf
                0x08004fac                sprintf
 .text.strcat   0x08004ff4       0x1e c:/truestudio for stm32 9.2.0/armtools/bin/../lib/gcc/arm-atollic-eabi/6.3.1/../../../../arm-atollic-eabi/lib/armv7-m\libc_nano.a(lib_a-strcat.o)
                0x08004ff4                strcat
 .text.strcpy   0x08005012       0x10 c:/truestudio for stm32 9.2.0/armtools/bin/../lib/gcc/arm-atollic-eabi/6.3.1/../../../../arm-atollic-eabi/lib/armv7-m\libc_nano.a(lib_a-strcpy.o)
                0x08005012                strcpy
 .text.__ssputs_r
                0x08005022       0xb6 c:/truestudio for stm32 9.2.0/armtools/bin/../lib/gcc/arm-atollic-eabi/6.3.1/../../../../arm-atollic-eabi/lib/armv7-m\libc_nano.a(lib_a-nano-svfprintf.o)
                0x08005022                __ssputs_r
 .text._svfprintf_r
                0x080050d8      0x1e8 c:/truestudio for stm32 9.2.0/armtools/bin/../lib/gcc/arm-atollic-eabi/6.3.1/../../../../arm-atollic-eabi/lib/armv7-m\libc_nano.a(lib_a-nano-svfprintf.o)
                0x080050d8                _svfiprintf_r
                0x080050d8                _svfprintf_r
 .text._printf_common
                0x080052c0       0xee c:/truestudio for stm32 9.2.0/armtools/bin/../lib/gcc/arm-atollic-eabi/6.3.1/../../../../arm-atollic-eabi/lib/armv7-m\libc_nano.a(lib_a-nano-vfprintf_i.o)
                0x080052c0                _printf_common
 *fill*         0x080053ae        0x2 
 .text._printf_i
                0x080053b0      0x240 c:/truestudio for stm32 9.2.0/armtools/bin/../lib/gcc/arm-atollic-eabi/6.3.1/../../../../arm-atollic-eabi/lib/armv7-m\libc_nano.a(lib_a-nano-vfprintf_i.o)
                0x080053b0                _printf_i
 .text.memchr   0x080055f0       0x1c c:/truestudio for stm32 9.2.0/armtools/bin/../lib/gcc/arm-atollic-eabi/6.3.1/../../../../arm-atollic-eabi/lib/armv7-m\libc_nano.a(lib_a-memchr-stub.o)
                0x080055f0                memchr
 .text.memcpy   0x0800560c       0x16 c:/truestudio for stm32 9.2.0/armtools/bin/../lib/gcc/arm-atollic-eabi/6.3.1/../../../../arm-atollic-eabi/lib/armv7-m\libc_nano.a(lib_a-memcpy-stub.o)
                0x0800560c                memcpy
 .text.memmove  0x08005622       0x34 c:/truestudio for stm32 9.2.0/armtools/bin/../lib/gcc/arm-atollic-eabi/6.3.1/../../../../arm-atollic-eabi/lib/armv7-m\libc_nano.a(lib_a-memmove.o)
                0x08005622                memmove
 *fill*         0x08005656        0x2 
 .text._free_r  0x08005658       0x98 c:/truestudio for stm32 9.2.0/armtools/bin/../lib/gcc/arm-atollic-eabi/6.3.1/../../../../arm-atollic-eabi/lib/armv7-m\libc_nano.a(lib_a-nano-freer.o)
                0x08005658                _free_r
 .text._malloc_r
                0x080056f0       0xbc c:/truestudio for stm32 9.2.0/armtools/bin/../lib/gcc/arm-atollic-eabi/6.3.1/../../../../arm-atollic-eabi/lib/armv7-m\libc_nano.a(lib_a-nano-mallocr.o)
                0x080056f0                _malloc_r
 .text._realloc_r
                0x080057ac       0x4c c:/truestudio for stm32 9.2.0/armtools/bin/../lib/gcc/arm-atollic-eabi/6.3.1/../../../../arm-atollic-eabi/lib/armv7-m\libc_nano.a(lib_a-nano-reallocr.o)
                0x080057ac                _realloc_r
 .text._sbrk_r  0x080057f8       0x20 c:/truestudio for stm32 9.2.0/armtools/bin/../lib/gcc/arm-atollic-eabi/6.3.1/../../../../arm-atollic-eabi/lib/armv7-m\libc_nano.a(lib_a-sbrkr.o)
                0x080057f8                _sbrk_r
 .text.__malloc_lock
                0x08005818        0x2 c:/truestudio for stm32 9.2.0/armtools/bin/../lib/gcc/arm-atollic-eabi/6.3.1/../../../../arm-atollic-eabi/lib/armv7-m\libc_nano.a(lib_a-mlock.o)
                0x08005818                __malloc_lock
 .text.__malloc_unlock
                0x0800581a        0x2 c:/truestudio for stm32 9.2.0/armtools/bin/../lib/gcc/arm-atollic-eabi/6.3.1/../../../../arm-atollic-eabi/lib/armv7-m\libc_nano.a(lib_a-mlock.o)
                0x0800581a                __malloc_unlock
 .text._malloc_usable_size_r
                0x0800581c       0x12 c:/truestudio for stm32 9.2.0/armtools/bin/../lib/gcc/arm-atollic-eabi/6.3.1/../../../../arm-atollic-eabi/lib/armv7-m\libc_nano.a(lib_a-nano-msizer.o)
                0x0800581c                _malloc_usable_size_r
 *fill*         0x0800582e        0x2 
 .text._sbrk    0x08005830       0x1c c:/truestudio for stm32 9.2.0/armtools/bin/../lib/gcc/arm-atollic-eabi/6.3.1/../../../../arm-atollic-eabi/lib/armv7-m\libnosys.a(sbrk.o)
                0x08005830                _sbrk
 *(.glue_7)
 .glue_7        0x0800584c        0x0 linker stubs
 *(.glue_7t)
 .glue_7t       0x0800584c        0x0 linker stubs
 *(.eh_frame)
 .eh_frame      0x0800584c        0x0 c:/truestudio for stm32 9.2.0/armtools/bin/../lib/gcc/arm-atollic-eabi/6.3.1/armv7-m/crtbegin.o
 *(.init)
 .init          0x0800584c        0x4 c:/truestudio for stm32 9.2.0/armtools/bin/../lib/gcc/arm-atollic-eabi/6.3.1/armv7-m/crti.o
                0x0800584c                _init
 .init          0x08005850        0x8 c:/truestudio for stm32 9.2.0/armtools/bin/../lib/gcc/arm-atollic-eabi/6.3.1/armv7-m/crtn.o
 *(.fini)
 .fini          0x08005858        0x4 c:/truestudio for stm32 9.2.0/armtools/bin/../lib/gcc/arm-atollic-eabi/6.3.1/armv7-m/crti.o
                0x08005858                _fini
 .fini          0x0800585c        0x8 c:/truestudio for stm32 9.2.0/armtools/bin/../lib/gcc/arm-atollic-eabi/6.3.1/armv7-m/crtn.o
                0x08005864                . = ALIGN (0x4)
                0x08005864                _etext = .

.vfp11_veneer   0x08005864        0x0
 .vfp11_veneer  0x08005864        0x0 linker stubs

.v4_bx          0x08005864        0x0
 .v4_bx         0x08005864        0x0 linker stubs

.iplt           0x08005864        0x0
 .iplt          0x08005864        0x0 c:/truestudio for stm32 9.2.0/armtools/bin/../lib/gcc/arm-atollic-eabi/6.3.1/armv7-m/crtbegin.o

.rodata         0x08005864      0x38c
                0x08005864                . = ALIGN (0x4)
 *(.rodata)
 .rodata        0x08005864       0x10 Drivers\STM32F1xx_HAL_Driver\Src\stm32f1xx_hal_rcc.o
 *(.rodata*)
 .rodata.AddUART_CRC.str1.1
                0x08005874        0xd Core\Src\digiTOS-Lib\digiTOS-Core.o
 .rodata.Get_ChipID.str1.1
                0x08005881       0x13 Core\Src\digiTOS-Lib\digiTOS-Core.o
 .rodata.Get_FlashSize.str1.1
                0x08005894       0x11 Core\Src\digiTOS-Lib\digiTOS-Core.o
 .rodata.Get_Version.str1.1
                0x080058a5       0x16 Core\Src\digiTOS-Lib\digiTOS-Core.o
 .rodata.main.str1.1
                0x080058bb       0x75 Core\Src\main.o
 .rodata.AHBPrescTable
                0x08005930       0x10 Core\Src\system_stm32f1xx.o
                0x08005930                AHBPrescTable
 .rodata.APBPrescTable
                0x08005940        0x8 Core\Src\system_stm32f1xx.o
                0x08005940                APBPrescTable
 .rodata.HAL_ADC_PollForConversion.str1.1
                0x08005948       0x38 Drivers\STM32F1xx_HAL_Driver\Src\stm32f1xx_hal_adc.o
 .rodata.HAL_NVIC_SetPriorityGrouping.str1.1
                0x08005980       0x3b Drivers\STM32F1xx_HAL_Driver\Src\stm32f1xx_hal_cortex.o
 .rodata.HAL_CRC_Init.str1.1
                0x080059bb       0x38 Drivers\STM32F1xx_HAL_Driver\Src\stm32f1xx_hal_crc.o
 .rodata.HAL_DMA_Init.str1.1
                0x080059f3       0x38 Drivers\STM32F1xx_HAL_Driver\Src\stm32f1xx_hal_dma.o
 .rodata.HAL_GPIO_Init.str1.1
                0x08005a2b       0x39 Drivers\STM32F1xx_HAL_Driver\Src\stm32f1xx_hal_gpio.o
 .rodata.HAL_IWDG_Init.str1.1
                0x08005a64       0x39 Drivers\STM32F1xx_HAL_Driver\Src\stm32f1xx_hal_iwdg.o
 .rodata.HAL_RCC_OscConfig.str1.1
                0x08005a9d       0x38 Drivers\STM32F1xx_HAL_Driver\Src\stm32f1xx_hal_rcc.o
 .rodata.HAL_RCCEx_PeriphCLKConfig.str1.1
                0x08005ad5       0x3b Drivers\STM32F1xx_HAL_Driver\Src\stm32f1xx_hal_rcc_ex.o
 .rodata.TIM_OC1_SetConfig.str1.1
                0x08005b10       0x38 Drivers\STM32F1xx_HAL_Driver\Src\stm32f1xx_hal_tim.o
 .rodata.HAL_TIMEx_HallSensor_Init.str1.1
                0x08005b48       0x3b Drivers\STM32F1xx_HAL_Driver\Src\stm32f1xx_hal_tim_ex.o
 .rodata.UART_SetConfig.str1.1
                0x08005b83       0x39 Drivers\STM32F1xx_HAL_Driver\Src\stm32f1xx_hal_uart.o
 .rodata._svfprintf_r.str1.1
                0x08005bbc       0x11 c:/truestudio for stm32 9.2.0/armtools/bin/../lib/gcc/arm-atollic-eabi/6.3.1/../../../../arm-atollic-eabi/lib/armv7-m\libc_nano.a(lib_a-nano-svfprintf.o)
 .rodata._printf_i.str1.1
                0x08005bcd       0x22 c:/truestudio for stm32 9.2.0/armtools/bin/../lib/gcc/arm-atollic-eabi/6.3.1/../../../../arm-atollic-eabi/lib/armv7-m\libc_nano.a(lib_a-nano-vfprintf_i.o)
                0x08005bf0                . = ALIGN (0x4)
 *fill*         0x08005bef        0x1 

.rel.dyn        0x08005bf0        0x0
 .rel.iplt      0x08005bf0        0x0 c:/truestudio for stm32 9.2.0/armtools/bin/../lib/gcc/arm-atollic-eabi/6.3.1/armv7-m/crtbegin.o

.ARM.extab
 *(.ARM.extab* .gnu.linkonce.armextab.*)

.ARM            0x08005bf0        0x0
                0x08005bf0                __exidx_start = .
 *(.ARM.exidx*)
                0x08005bf0                __exidx_end = .

.preinit_array  0x08005bf0        0x0
                0x08005bf0                PROVIDE (__preinit_array_start, .)
 *(.preinit_array*)
                0x08005bf0                PROVIDE (__preinit_array_end, .)

.init_array     0x08005bf0        0x4
                0x08005bf0                PROVIDE (__init_array_start, .)
 *(SORT(.init_array.*))
 *(.init_array*)
 .init_array    0x08005bf0        0x4 c:/truestudio for stm32 9.2.0/armtools/bin/../lib/gcc/arm-atollic-eabi/6.3.1/armv7-m/crtbegin.o
                0x08005bf4                PROVIDE (__init_array_end, .)

.fini_array     0x08005bf4        0x4
                [!provide]                PROVIDE (__fini_array_start, .)
 *(SORT(.fini_array.*))
 *(.fini_array*)
 .fini_array    0x08005bf4        0x4 c:/truestudio for stm32 9.2.0/armtools/bin/../lib/gcc/arm-atollic-eabi/6.3.1/armv7-m/crtbegin.o
                [!provide]                PROVIDE (__fini_array_end, .)
                0x08005bf8                _sidata = LOADADDR (.data)

.data           0x20000000       0xc4 load address 0x08005bf8
                0x20000000                . = ALIGN (0x4)
                0x20000000                _sdata = .
 *(.data)
 *(.data*)
 .data.I_Out_Cnt
                0x20000000        0x4 Core\Src\digiTOS-Lib\digiTOS-Configuration.o
                0x20000000                I_Out_Cnt
 .data.I_RATIO  0x20000004        0x4 Core\Src\digiTOS-Lib\digiTOS-Configuration.o
                0x20000004                I_RATIO
 .data.Sine_Amplitude_1
                0x20000008        0x4 Core\Src\digiTOS-Lib\digiTOS-Configuration.o
                0x20000008                Sine_Amplitude_1
 .data.Sine_Amplitude_2
                0x2000000c        0x4 Core\Src\digiTOS-Lib\digiTOS-Configuration.o
                0x2000000c                Sine_Amplitude_2
 .data.Sine_Amplitude_3
                0x20000010        0x4 Core\Src\digiTOS-Lib\digiTOS-Configuration.o
                0x20000010                Sine_Amplitude_3
 .data.Sine_Amplitude_4
                0x20000014        0x4 Core\Src\digiTOS-Lib\digiTOS-Configuration.o
                0x20000014                Sine_Amplitude_4
 .data.V_1      0x20000018        0x4 Core\Src\digiTOS-Lib\digiTOS-Configuration.o
                0x20000018                V_1
 .data.V_2      0x2000001c        0x4 Core\Src\digiTOS-Lib\digiTOS-Configuration.o
                0x2000001c                V_2
 .data.V_3      0x20000020        0x4 Core\Src\digiTOS-Lib\digiTOS-Configuration.o
                0x20000020                V_3
 .data.V_4      0x20000024        0x4 Core\Src\digiTOS-Lib\digiTOS-Configuration.o
                0x20000024                V_4
 .data.V_Cnt    0x20000028       0x10 Core\Src\digiTOS-Lib\digiTOS-Configuration.o
                0x20000028                V_Cnt
 .data.V_Out_Cnt
                0x20000038        0x4 Core\Src\digiTOS-Lib\digiTOS-Configuration.o
                0x20000038                V_Out_Cnt
 .data.V_RATIO  0x2000003c        0x4 Core\Src\digiTOS-Lib\digiTOS-Configuration.o
                0x2000003c                V_RATIO
 .data.amp1_target
                0x20000040        0x4 Core\Src\digiTOS-Lib\digiTOS-Configuration.o
                0x20000040                amp1_target
 .data.amp2_target
                0x20000044        0x4 Core\Src\digiTOS-Lib\digiTOS-Configuration.o
                0x20000044                amp2_target
 .data.amp3_target
                0x20000048        0x4 Core\Src\digiTOS-Lib\digiTOS-Configuration.o
                0x20000048                amp3_target
 .data.amp4_target
                0x2000004c        0x4 Core\Src\digiTOS-Lib\digiTOS-Configuration.o
                0x2000004c                amp4_target
 .data.huart1_finished_tx
                0x20000050        0x4 Core\Src\digiTOS-Lib\digiTOS-Core.o
                0x20000050                huart1_finished_tx
 .data.SystemCoreClock
                0x20000054        0x4 Core\Src\system_stm32f1xx.o
                0x20000054                SystemCoreClock
 .data.uwTickFreq
                0x20000058        0x1 Drivers\STM32F1xx_HAL_Driver\Src\stm32f1xx_hal.o
                0x20000058                uwTickFreq
 *fill*         0x20000059        0x3 
 .data.uwTickPrio
                0x2000005c        0x4 Drivers\STM32F1xx_HAL_Driver\Src\stm32f1xx_hal.o
                0x2000005c                uwTickPrio
 .data._impure_ptr
                0x20000060        0x4 c:/truestudio for stm32 9.2.0/armtools/bin/../lib/gcc/arm-atollic-eabi/6.3.1/../../../../arm-atollic-eabi/lib/armv7-m\libc_nano.a(lib_a-impure.o)
                0x20000060                _impure_ptr
 .data.impure_data
                0x20000064       0x60 c:/truestudio for stm32 9.2.0/armtools/bin/../lib/gcc/arm-atollic-eabi/6.3.1/../../../../arm-atollic-eabi/lib/armv7-m\libc_nano.a(lib_a-impure.o)
                0x200000c4                . = ALIGN (0x4)
                0x200000c4                _edata = .

.igot.plt       0x200000c4        0x0 load address 0x08005cbc
 .igot.plt      0x200000c4        0x0 c:/truestudio for stm32 9.2.0/armtools/bin/../lib/gcc/arm-atollic-eabi/6.3.1/armv7-m/crtbegin.o
                0x200000c4                . = ALIGN (0x4)

.bss            0x200000c8      0x43c load address 0x08005cbc
                0x200000c8                _sbss = .
                0x200000c8                __bss_start__ = _sbss
 *(.bss)
 .bss           0x200000c8       0x1c c:/truestudio for stm32 9.2.0/armtools/bin/../lib/gcc/arm-atollic-eabi/6.3.1/armv7-m/crtbegin.o
 *(.bss*)
 .bss.TempBuffer_Flag
                0x200000e4        0x2 Core\Src\digiTOS-Lib\digiTOS-ADC.o
                0x200000e4                TempBuffer_Flag
 *fill*         0x200000e6        0x2 
 .bss.AMP_BLOCKED
                0x200000e8        0x4 Core\Src\digiTOS-Lib\digiTOS-Configuration.o
                0x200000e8                AMP_BLOCKED
 .bss.AMP_PROTECTION_CNT
                0x200000ec        0x4 Core\Src\digiTOS-Lib\digiTOS-Configuration.o
                0x200000ec                AMP_PROTECTION_CNT
 .bss.AMP_PROTECTION_CNT_BEFORESTART
                0x200000f0        0x4 Core\Src\digiTOS-Lib\digiTOS-Configuration.o
                0x200000f0                AMP_PROTECTION_CNT_BEFORESTART
 .bss.DC_BLOCKED
                0x200000f4        0x4 Core\Src\digiTOS-Lib\digiTOS-Configuration.o
                0x200000f4                DC_BLOCKED
 .bss.DC_Data   0x200000f8        0x4 Core\Src\digiTOS-Lib\digiTOS-Configuration.o
                0x200000f8                DC_Data
 .bss.DC_DataAverage
                0x200000fc        0x4 Core\Src\digiTOS-Lib\digiTOS-Configuration.o
                0x200000fc                DC_DataAverage
 .bss.DC_DataCnt
                0x20000100        0x4 Core\Src\digiTOS-Lib\digiTOS-Configuration.o
                0x20000100                DC_DataCnt
 .bss.DC_PROTECTION_CNT
                0x20000104        0x4 Core\Src\digiTOS-Lib\digiTOS-Configuration.o
                0x20000104                DC_PROTECTION_CNT
 .bss.IOUT_BLOCKED
                0x20000108        0x4 Core\Src\digiTOS-Lib\digiTOS-Configuration.o
                0x20000108                IOUT_BLOCKED
 .bss.IOUT_PROTECTION_CNT
                0x2000010c        0x4 Core\Src\digiTOS-Lib\digiTOS-Configuration.o
                0x2000010c                IOUT_PROTECTION_CNT
 .bss.I_Out     0x20000110        0x4 Core\Src\digiTOS-Lib\digiTOS-Configuration.o
                0x20000110                I_Out
 *fill*         0x20000114        0x4 
 .bss.I_Out_RawData
                0x20000118        0x8 Core\Src\digiTOS-Lib\digiTOS-Configuration.o
                0x20000118                I_Out_RawData
 .bss.VOUT_BLOCKED
                0x20000120        0x4 Core\Src\digiTOS-Lib\digiTOS-Configuration.o
                0x20000120                VOUT_BLOCKED
 .bss.VOUT_PROTECTION_CNT
                0x20000124        0x4 Core\Src\digiTOS-Lib\digiTOS-Configuration.o
                0x20000124                VOUT_PROTECTION_CNT
 .bss.VOUT_PROTECTION_CNT_BEFORESTART
                0x20000128        0x4 Core\Src\digiTOS-Lib\digiTOS-Configuration.o
                0x20000128                VOUT_PROTECTION_CNT_BEFORESTART
 .bss.V_Out     0x2000012c        0x4 Core\Src\digiTOS-Lib\digiTOS-Configuration.o
                0x2000012c                V_Out
 .bss.V_Out_RawData
                0x20000130        0x8 Core\Src\digiTOS-Lib\digiTOS-Configuration.o
                0x20000130                V_Out_RawData
 .bss.sin_step  0x20000138        0x2 Core\Src\digiTOS-Lib\digiTOS-Configuration.o
                0x20000138                sin_step
 .bss.BoardStatus
                0x2000013a        0x1 Core\Src\digiTOS-Lib\digiTOS-Core.o
                0x2000013a                BoardStatus
 *fill*         0x2000013b        0x1 
 .bss.CalibMode
                0x2000013c        0x4 Core\Src\digiTOS-Lib\digiTOS-Core.o
                0x2000013c                CalibMode
 .bss.DC_DataCnt_temp
                0x20000140        0x4 Core\Src\digiTOS-Lib\digiTOS-Core.o
                0x20000140                DC_DataCnt_temp
 .bss.DC_Data_temp
                0x20000144        0x4 Core\Src\digiTOS-Lib\digiTOS-Core.o
                0x20000144                DC_Data_temp
 .bss.DevMode1  0x20000148        0x4 Core\Src\digiTOS-Lib\digiTOS-Core.o
                0x20000148                DevMode1
 .bss.EEPROM_CRC
                0x2000014c        0x4 Core\Src\digiTOS-Lib\digiTOS-Core.o
                0x2000014c                EEPROM_CRC
 .bss.EEPROM_DATA
                0x20000150        0x8 Core\Src\digiTOS-Lib\digiTOS-Core.o
                0x20000150                EEPROM_DATA
 .bss.EEPROM_FLAG
                0x20000158        0x4 Core\Src\digiTOS-Lib\digiTOS-Core.o
                0x20000158                EEPROM_FLAG
 .bss.I_Out_Cnt_temp
                0x2000015c        0x4 Core\Src\digiTOS-Lib\digiTOS-Core.o
                0x2000015c                I_Out_Cnt_temp
 .bss.I_Out_RawData_temp
                0x20000160        0x4 Core\Src\digiTOS-Lib\digiTOS-Core.o
                0x20000160                I_Out_RawData_temp
 .bss.SinWave   0x20000164        0x1 Core\Src\digiTOS-Lib\digiTOS-Core.o
                0x20000164                SinWave
 *fill*         0x20000165        0x1 
 .bss.UpdateAmp_FLAG
                0x20000166        0x2 Core\Src\digiTOS-Lib\digiTOS-Core.o
                0x20000166                UpdateAmp_FLAG
 .bss.V_1_temp  0x20000168        0x4 Core\Src\digiTOS-Lib\digiTOS-Core.o
                0x20000168                V_1_temp
 .bss.V_2_temp  0x2000016c        0x4 Core\Src\digiTOS-Lib\digiTOS-Core.o
                0x2000016c                V_2_temp
 .bss.V_3_temp  0x20000170        0x4 Core\Src\digiTOS-Lib\digiTOS-Core.o
                0x20000170                V_3_temp
 .bss.V_4_temp  0x20000174        0x4 Core\Src\digiTOS-Lib\digiTOS-Core.o
                0x20000174                V_4_temp
 .bss.V_Out_Cnt_temp
                0x20000178        0x4 Core\Src\digiTOS-Lib\digiTOS-Core.o
                0x20000178                V_Out_Cnt_temp
 .bss.V_Out_RawData_temp
                0x2000017c        0x4 Core\Src\digiTOS-Lib\digiTOS-Core.o
                0x2000017c                V_Out_RawData_temp
 .bss.Vcnt_1_temp
                0x20000180        0x4 Core\Src\digiTOS-Lib\digiTOS-Core.o
                0x20000180                Vcnt_1_temp
 .bss.Vcnt_2_temp
                0x20000184        0x4 Core\Src\digiTOS-Lib\digiTOS-Core.o
                0x20000184                Vcnt_2_temp
 .bss.Vcnt_3_temp
                0x20000188        0x4 Core\Src\digiTOS-Lib\digiTOS-Core.o
                0x20000188                Vcnt_3_temp
 .bss.Vcnt_4_temp
                0x2000018c        0x4 Core\Src\digiTOS-Lib\digiTOS-Core.o
                0x2000018c                Vcnt_4_temp
 .bss.__malloc_free_list
                0x20000190        0x4 c:/truestudio for stm32 9.2.0/armtools/bin/../lib/gcc/arm-atollic-eabi/6.3.1/../../../../arm-atollic-eabi/lib/armv7-m\libc_nano.a(lib_a-nano-mallocr.o)
                0x20000190                __malloc_free_list
 .bss.__malloc_sbrk_start
                0x20000194        0x4 c:/truestudio for stm32 9.2.0/armtools/bin/../lib/gcc/arm-atollic-eabi/6.3.1/../../../../arm-atollic-eabi/lib/armv7-m\libc_nano.a(lib_a-nano-mallocr.o)
                0x20000194                __malloc_sbrk_start
 .bss.heap_end.4116
                0x20000198        0x4 c:/truestudio for stm32 9.2.0/armtools/bin/../lib/gcc/arm-atollic-eabi/6.3.1/../../../../arm-atollic-eabi/lib/armv7-m\libnosys.a(sbrk.o)
 *(COMMON)
 COMMON         0x2000019c       0x74 Core\Src\adc.o
                0x2000019c                hadc1
                0x200001cc                hdma_adc1
 COMMON         0x20000210        0x8 Core\Src\crc.o
                0x20000210                hcrc
 COMMON         0x20000218       0x12 Core\Src\digiTOS-Lib\digiTOS-Configuration.o
                0x20000218                ADC_Cnt
                0x20000224                ADC_Data
 *fill*         0x2000022a        0x2 
 COMMON         0x2000022c      0x120 Core\Src\digiTOS-Lib\digiTOS-Core.o
                0x2000022c                CALIB_V
                0x20000248                CALIB_I
                0x20000264                uart_buff
                0x200002c8                DevModeKey
                0x200002e4                crc_buff
                0x200002f8                CALIB_MODE
                0x20000314                FaultFlag
                0x20000330                DevModeKey2
 COMMON         0x2000034c        0xc Core\Src\iwdg.o
                0x2000034c                hiwdg
 COMMON         0x20000358      0x100 Core\Src\tim.o
                0x20000358                htim4
                0x20000398                htim3
                0x200003d8                htim1
                0x20000418                htim2
 COMMON         0x20000458       0x84 Core\Src\usart.o
                0x20000458                hdma_usart1_tx
                0x2000049c                huart1
 COMMON         0x200004dc        0x4 Drivers\STM32F1xx_HAL_Driver\Src\stm32f1xx_hal.o
                0x200004dc                uwTick
 COMMON         0x200004e0       0x20 Drivers\STM32F1xx_HAL_Driver\Src\stm32f1xx_hal_flash.o
                0x200004e0                pFlash
 COMMON         0x20000500        0x4 c:/truestudio for stm32 9.2.0/armtools/bin/../lib/gcc/arm-atollic-eabi/6.3.1/../../../../arm-atollic-eabi/lib/armv7-m\libc_nano.a(lib_a-reent.o)
                0x20000500                errno
                0x20000504                . = ALIGN (0x4)
                0x20000504                _ebss = .
                0x20000504                __bss_end__ = _ebss

._user_heap_stack
                0x20000504      0x600 load address 0x08005cbc
                0x20000504                . = ALIGN (0x4)
                0x20000504                PROVIDE (end, .)
                [!provide]                PROVIDE (_end, .)
                0x20000704                . = (. + _Min_Heap_Size)
 *fill*         0x20000504      0x200 
                0x20000b04                . = (. + _Min_Stack_Size)
 *fill*         0x20000704      0x400 
                0x20000b04                . = ALIGN (0x4)

/DISCARD/
 libc.a(*)
 libm.a(*)
 libgcc.a(*)

.ARM.attributes
                0x00000000       0x29
 *(.ARM.attributes)
 .ARM.attributes
                0x00000000       0x1d c:/truestudio for stm32 9.2.0/armtools/bin/../lib/gcc/arm-atollic-eabi/6.3.1/armv7-m/crti.o
 .ARM.attributes
                0x0000001d       0x2d c:/truestudio for stm32 9.2.0/armtools/bin/../lib/gcc/arm-atollic-eabi/6.3.1/armv7-m/crtbegin.o
 .ARM.attributes
                0x0000004a       0x33 Core\Src\adc.o
 .ARM.attributes
                0x0000007d       0x33 Core\Src\crc.o
 .ARM.attributes
                0x000000b0       0x33 Core\Src\digiTOS-Lib\digiTOS-ADC.o
 .ARM.attributes
                0x000000e3       0x33 Core\Src\digiTOS-Lib\digiTOS-Configuration.o
 .ARM.attributes
                0x00000116       0x33 Core\Src\digiTOS-Lib\digiTOS-Core.o
 .ARM.attributes
                0x00000149       0x33 Core\Src\digiTOS-Lib\digiTOS-Generator.o
 .ARM.attributes
                0x0000017c       0x33 Core\Src\digiTOS-Lib\digiTOS-IWDG.o
 .ARM.attributes
                0x000001af       0x33 Core\Src\digiTOS-Lib\digiTOS-Sinus.o
 .ARM.attributes
                0x000001e2       0x33 Core\Src\digiTOS-Lib\eeprom.o
 .ARM.attributes
                0x00000215       0x33 Core\Src\digiTOS-Lib\stm32f0xx_hal_buttons.o
 .ARM.attributes
                0x00000248       0x33 Core\Src\dma.o
 .ARM.attributes
                0x0000027b       0x33 Core\Src\gpio.o
 .ARM.attributes
                0x000002ae       0x33 Core\Src\iwdg.o
 .ARM.attributes
                0x000002e1       0x33 Core\Src\main.o
 .ARM.attributes
                0x00000314       0x33 Core\Src\stm32f1xx_hal_msp.o
 .ARM.attributes
                0x00000347       0x33 Core\Src\stm32f1xx_it.o
 .ARM.attributes
                0x0000037a       0x33 Core\Src\system_stm32f1xx.o
 .ARM.attributes
                0x000003ad       0x33 Core\Src\tim.o
 .ARM.attributes
                0x000003e0       0x33 Core\Src\usart.o
 .ARM.attributes
                0x00000413       0x33 Drivers\STM32F1xx_HAL_Driver\Src\stm32f1xx_hal.o
 .ARM.attributes
                0x00000446       0x33 Drivers\STM32F1xx_HAL_Driver\Src\stm32f1xx_hal_adc.o
 .ARM.attributes
                0x00000479       0x33 Drivers\STM32F1xx_HAL_Driver\Src\stm32f1xx_hal_adc_ex.o
 .ARM.attributes
                0x000004ac       0x33 Drivers\STM32F1xx_HAL_Driver\Src\stm32f1xx_hal_cortex.o
 .ARM.attributes
                0x000004df       0x33 Drivers\STM32F1xx_HAL_Driver\Src\stm32f1xx_hal_crc.o
 .ARM.attributes
                0x00000512       0x33 Drivers\STM32F1xx_HAL_Driver\Src\stm32f1xx_hal_dma.o
 .ARM.attributes
                0x00000545       0x33 Drivers\STM32F1xx_HAL_Driver\Src\stm32f1xx_hal_flash.o
 .ARM.attributes
                0x00000578       0x33 Drivers\STM32F1xx_HAL_Driver\Src\stm32f1xx_hal_flash_ex.o
 .ARM.attributes
                0x000005ab       0x33 Drivers\STM32F1xx_HAL_Driver\Src\stm32f1xx_hal_gpio.o
 .ARM.attributes
                0x000005de       0x33 Drivers\STM32F1xx_HAL_Driver\Src\stm32f1xx_hal_iwdg.o
 .ARM.attributes
                0x00000611       0x33 Drivers\STM32F1xx_HAL_Driver\Src\stm32f1xx_hal_pwr.o
 .ARM.attributes
                0x00000644       0x33 Drivers\STM32F1xx_HAL_Driver\Src\stm32f1xx_hal_rcc.o
 .ARM.attributes
                0x00000677       0x33 Drivers\STM32F1xx_HAL_Driver\Src\stm32f1xx_hal_rcc_ex.o
 .ARM.attributes
                0x000006aa       0x33 Drivers\STM32F1xx_HAL_Driver\Src\stm32f1xx_hal_tim.o
 .ARM.attributes
                0x000006dd       0x33 Drivers\STM32F1xx_HAL_Driver\Src\stm32f1xx_hal_tim_ex.o
 .ARM.attributes
                0x00000710       0x33 Drivers\STM32F1xx_HAL_Driver\Src\stm32f1xx_hal_uart.o
 .ARM.attributes
                0x00000743       0x21 startup\startup_stm32f103xb.o
 .ARM.attributes
                0x00000764       0x2d c:/truestudio for stm32 9.2.0/armtools/bin/../lib/gcc/arm-atollic-eabi/6.3.1/../../../../arm-atollic-eabi/lib/armv7-m\libc_nano.a(lib_a-init.o)
 .ARM.attributes
                0x00000791       0x2d c:/truestudio for stm32 9.2.0/armtools/bin/../lib/gcc/arm-atollic-eabi/6.3.1/../../../../arm-atollic-eabi/lib/armv7-m\libc_nano.a(lib_a-memset.o)
 .ARM.attributes
                0x000007be       0x2d c:/truestudio for stm32 9.2.0/armtools/bin/../lib/gcc/arm-atollic-eabi/6.3.1/../../../../arm-atollic-eabi/lib/armv7-m\libc_nano.a(lib_a-sprintf.o)
 .ARM.attributes
                0x000007eb       0x2d c:/truestudio for stm32 9.2.0/armtools/bin/../lib/gcc/arm-atollic-eabi/6.3.1/../../../../arm-atollic-eabi/lib/armv7-m\libc_nano.a(lib_a-strcat.o)
 .ARM.attributes
                0x00000818       0x2d c:/truestudio for stm32 9.2.0/armtools/bin/../lib/gcc/arm-atollic-eabi/6.3.1/../../../../arm-atollic-eabi/lib/armv7-m\libc_nano.a(lib_a-strcpy.o)
 .ARM.attributes
                0x00000845       0x2d c:/truestudio for stm32 9.2.0/armtools/bin/../lib/gcc/arm-atollic-eabi/6.3.1/../../../../arm-atollic-eabi/lib/armv7-m\libc_nano.a(lib_a-impure.o)
 .ARM.attributes
                0x00000872       0x2d c:/truestudio for stm32 9.2.0/armtools/bin/../lib/gcc/arm-atollic-eabi/6.3.1/../../../../arm-atollic-eabi/lib/armv7-m\libc_nano.a(lib_a-nano-svfprintf.o)
 .ARM.attributes
                0x0000089f       0x2d c:/truestudio for stm32 9.2.0/armtools/bin/../lib/gcc/arm-atollic-eabi/6.3.1/../../../../arm-atollic-eabi/lib/armv7-m\libc_nano.a(lib_a-nano-vfprintf_i.o)
 .ARM.attributes
                0x000008cc       0x2d c:/truestudio for stm32 9.2.0/armtools/bin/../lib/gcc/arm-atollic-eabi/6.3.1/../../../../arm-atollic-eabi/lib/armv7-m\libc_nano.a(lib_a-memchr-stub.o)
 .ARM.attributes
                0x000008f9       0x2d c:/truestudio for stm32 9.2.0/armtools/bin/../lib/gcc/arm-atollic-eabi/6.3.1/../../../../arm-atollic-eabi/lib/armv7-m\libc_nano.a(lib_a-memcpy-stub.o)
 .ARM.attributes
                0x00000926       0x2d c:/truestudio for stm32 9.2.0/armtools/bin/../lib/gcc/arm-atollic-eabi/6.3.1/../../../../arm-atollic-eabi/lib/armv7-m\libc_nano.a(lib_a-memmove.o)
 .ARM.attributes
                0x00000953       0x2d c:/truestudio for stm32 9.2.0/armtools/bin/../lib/gcc/arm-atollic-eabi/6.3.1/../../../../arm-atollic-eabi/lib/armv7-m\libc_nano.a(lib_a-nano-freer.o)
 .ARM.attributes
                0x00000980       0x2d c:/truestudio for stm32 9.2.0/armtools/bin/../lib/gcc/arm-atollic-eabi/6.3.1/../../../../arm-atollic-eabi/lib/armv7-m\libc_nano.a(lib_a-nano-mallocr.o)
 .ARM.attributes
                0x000009ad       0x2d c:/truestudio for stm32 9.2.0/armtools/bin/../lib/gcc/arm-atollic-eabi/6.3.1/../../../../arm-atollic-eabi/lib/armv7-m\libc_nano.a(lib_a-nano-reallocr.o)
 .ARM.attributes
                0x000009da       0x2d c:/truestudio for stm32 9.2.0/armtools/bin/../lib/gcc/arm-atollic-eabi/6.3.1/../../../../arm-atollic-eabi/lib/armv7-m\libc_nano.a(lib_a-sbrkr.o)
 .ARM.attributes
                0x00000a07       0x2d c:/truestudio for stm32 9.2.0/armtools/bin/../lib/gcc/arm-atollic-eabi/6.3.1/../../../../arm-atollic-eabi/lib/armv7-m\libc_nano.a(lib_a-mlock.o)
 .ARM.attributes
                0x00000a34       0x2d c:/truestudio for stm32 9.2.0/armtools/bin/../lib/gcc/arm-atollic-eabi/6.3.1/../../../../arm-atollic-eabi/lib/armv7-m\libc_nano.a(lib_a-nano-msizer.o)
 .ARM.attributes
                0x00000a61       0x2d c:/truestudio for stm32 9.2.0/armtools/bin/../lib/gcc/arm-atollic-eabi/6.3.1/../../../../arm-atollic-eabi/lib/armv7-m\libc_nano.a(lib_a-reent.o)
 .ARM.attributes
                0x00000a8e       0x1d c:/truestudio for stm32 9.2.0/armtools/bin/../lib/gcc/arm-atollic-eabi/6.3.1/armv7-m\libgcc.a(_arm_addsubsf3.o)
 .ARM.attributes
                0x00000aab       0x1d c:/truestudio for stm32 9.2.0/armtools/bin/../lib/gcc/arm-atollic-eabi/6.3.1/armv7-m\libgcc.a(_arm_muldivsf3.o)
 .ARM.attributes
                0x00000ac8       0x1d c:/truestudio for stm32 9.2.0/armtools/bin/../lib/gcc/arm-atollic-eabi/6.3.1/armv7-m\libgcc.a(_arm_cmpsf2.o)
 .ARM.attributes
                0x00000ae5       0x1d c:/truestudio for stm32 9.2.0/armtools/bin/../lib/gcc/arm-atollic-eabi/6.3.1/armv7-m\libgcc.a(_arm_fixunssfsi.o)
 .ARM.attributes
                0x00000b02       0x2d c:/truestudio for stm32 9.2.0/armtools/bin/../lib/gcc/arm-atollic-eabi/6.3.1/../../../../arm-atollic-eabi/lib/armv7-m\libnosys.a(sbrk.o)
 .ARM.attributes
                0x00000b2f       0x1d c:/truestudio for stm32 9.2.0/armtools/bin/../lib/gcc/arm-atollic-eabi/6.3.1/armv7-m/crtn.o
OUTPUT(digiTOS-COMOD-SinBoard-CODE.elf elf32-littlearm)

.debug_info     0x00000000    0x2d714
 .debug_info    0x00000000     0x1315 Core\Src\adc.o
 .debug_info    0x00001315      0xc0b Core\Src\crc.o
 .debug_info    0x00001f20     0x18ea Core\Src\digiTOS-Lib\digiTOS-ADC.o
 .debug_info    0x0000380a      0xe58 Core\Src\digiTOS-Lib\digiTOS-Configuration.o
 .debug_info    0x00004662     0x1fa9 Core\Src\digiTOS-Lib\digiTOS-Core.o
 .debug_info    0x0000660b     0x1ad5 Core\Src\digiTOS-Lib\digiTOS-Generator.o
 .debug_info    0x000080e0      0xb1d Core\Src\digiTOS-Lib\digiTOS-IWDG.o
 .debug_info    0x00008bfd     0x16c8 Core\Src\digiTOS-Lib\digiTOS-Sinus.o
 .debug_info    0x0000a2c5      0xcfe Core\Src\digiTOS-Lib\eeprom.o
 .debug_info    0x0000afc3      0xcec Core\Src\digiTOS-Lib\stm32f0xx_hal_buttons.o
 .debug_info    0x0000bcaf      0xbf8 Core\Src\dma.o
 .debug_info    0x0000c8a7      0xc71 Core\Src\gpio.o
 .debug_info    0x0000d518      0xaa8 Core\Src\iwdg.o
 .debug_info    0x0000dfc0     0x242b Core\Src\main.o
 .debug_info    0x000103eb      0xcea Core\Src\stm32f1xx_hal_msp.o
 .debug_info    0x000110d5     0x145c Core\Src\stm32f1xx_it.o
 .debug_info    0x00012531      0xc4d Core\Src\system_stm32f1xx.o
 .debug_info    0x0001317e     0x1b05 Core\Src\tim.o
 .debug_info    0x00014c83     0x1303 Core\Src\usart.o
 .debug_info    0x00015f86      0xff2 Drivers\STM32F1xx_HAL_Driver\Src\stm32f1xx_hal.o
 .debug_info    0x00016f78     0x1a63 Drivers\STM32F1xx_HAL_Driver\Src\stm32f1xx_hal_adc.o
 .debug_info    0x000189db     0x1662 Drivers\STM32F1xx_HAL_Driver\Src\stm32f1xx_hal_adc_ex.o
 .debug_info    0x0001a03d     0x1604 Drivers\STM32F1xx_HAL_Driver\Src\stm32f1xx_hal_cortex.o
 .debug_info    0x0001b641      0xca1 Drivers\STM32F1xx_HAL_Driver\Src\stm32f1xx_hal_crc.o
 .debug_info    0x0001c2e2     0x1194 Drivers\STM32F1xx_HAL_Driver\Src\stm32f1xx_hal_dma.o
 .debug_info    0x0001d476      0xf6f Drivers\STM32F1xx_HAL_Driver\Src\stm32f1xx_hal_flash.o
 .debug_info    0x0001e3e5     0x155c Drivers\STM32F1xx_HAL_Driver\Src\stm32f1xx_hal_flash_ex.o
 .debug_info    0x0001f941     0x10b7 Drivers\STM32F1xx_HAL_Driver\Src\stm32f1xx_hal_gpio.o
 .debug_info    0x000209f8      0xb50 Drivers\STM32F1xx_HAL_Driver\Src\stm32f1xx_hal_iwdg.o
 .debug_info    0x00021548     0x1076 Drivers\STM32F1xx_HAL_Driver\Src\stm32f1xx_hal_pwr.o
 .debug_info    0x000225be     0x1513 Drivers\STM32F1xx_HAL_Driver\Src\stm32f1xx_hal_rcc.o
 .debug_info    0x00023ad1      0xd3c Drivers\STM32F1xx_HAL_Driver\Src\stm32f1xx_hal_rcc_ex.o
 .debug_info    0x0002480d     0x4cf4 Drivers\STM32F1xx_HAL_Driver\Src\stm32f1xx_hal_tim.o
 .debug_info    0x00029501     0x20db Drivers\STM32F1xx_HAL_Driver\Src\stm32f1xx_hal_tim_ex.o
 .debug_info    0x0002b5dc     0x2097 Drivers\STM32F1xx_HAL_Driver\Src\stm32f1xx_hal_uart.o
 .debug_info    0x0002d673       0xa1 startup\startup_stm32f103xb.o

.debug_abbrev   0x00000000     0x5b01
 .debug_abbrev  0x00000000      0x248 Core\Src\adc.o
 .debug_abbrev  0x00000248      0x20b Core\Src\crc.o
 .debug_abbrev  0x00000453      0x353 Core\Src\digiTOS-Lib\digiTOS-ADC.o
 .debug_abbrev  0x000007a6      0x1a8 Core\Src\digiTOS-Lib\digiTOS-Configuration.o
 .debug_abbrev  0x0000094e      0x39d Core\Src\digiTOS-Lib\digiTOS-Core.o
 .debug_abbrev  0x00000ceb      0x217 Core\Src\digiTOS-Lib\digiTOS-Generator.o
 .debug_abbrev  0x00000f02      0x1bd Core\Src\digiTOS-Lib\digiTOS-IWDG.o
 .debug_abbrev  0x000010bf      0x258 Core\Src\digiTOS-Lib\digiTOS-Sinus.o
 .debug_abbrev  0x00001317      0x23c Core\Src\digiTOS-Lib\eeprom.o
 .debug_abbrev  0x00001553      0x29d Core\Src\digiTOS-Lib\stm32f0xx_hal_buttons.o
 .debug_abbrev  0x000017f0      0x1f5 Core\Src\dma.o
 .debug_abbrev  0x000019e5      0x1f9 Core\Src\gpio.o
 .debug_abbrev  0x00001bde      0x1e4 Core\Src\iwdg.o
 .debug_abbrev  0x00001dc2      0x28e Core\Src\main.o
 .debug_abbrev  0x00002050      0x200 Core\Src\stm32f1xx_hal_msp.o
 .debug_abbrev  0x00002250      0x23e Core\Src\stm32f1xx_it.o
 .debug_abbrev  0x0000248e      0x1eb Core\Src\system_stm32f1xx.o
 .debug_abbrev  0x00002679      0x2a9 Core\Src\tim.o
 .debug_abbrev  0x00002922      0x265 Core\Src\usart.o
 .debug_abbrev  0x00002b87      0x315 Drivers\STM32F1xx_HAL_Driver\Src\stm32f1xx_hal.o
 .debug_abbrev  0x00002e9c      0x2ec Drivers\STM32F1xx_HAL_Driver\Src\stm32f1xx_hal_adc.o
 .debug_abbrev  0x00003188      0x296 Drivers\STM32F1xx_HAL_Driver\Src\stm32f1xx_hal_adc_ex.o
 .debug_abbrev  0x0000341e      0x3b2 Drivers\STM32F1xx_HAL_Driver\Src\stm32f1xx_hal_cortex.o
 .debug_abbrev  0x000037d0      0x27a Drivers\STM32F1xx_HAL_Driver\Src\stm32f1xx_hal_crc.o
 .debug_abbrev  0x00003a4a      0x2b8 Drivers\STM32F1xx_HAL_Driver\Src\stm32f1xx_hal_dma.o
 .debug_abbrev  0x00003d02      0x355 Drivers\STM32F1xx_HAL_Driver\Src\stm32f1xx_hal_flash.o
 .debug_abbrev  0x00004057      0x356 Drivers\STM32F1xx_HAL_Driver\Src\stm32f1xx_hal_flash_ex.o
 .debug_abbrev  0x000043ad      0x2ae Drivers\STM32F1xx_HAL_Driver\Src\stm32f1xx_hal_gpio.o
 .debug_abbrev  0x0000465b      0x1fd Drivers\STM32F1xx_HAL_Driver\Src\stm32f1xx_hal_iwdg.o
 .debug_abbrev  0x00004858      0x2b2 Drivers\STM32F1xx_HAL_Driver\Src\stm32f1xx_hal_pwr.o
 .debug_abbrev  0x00004b0a      0x358 Drivers\STM32F1xx_HAL_Driver\Src\stm32f1xx_hal_rcc.o
 .debug_abbrev  0x00004e62      0x29d Drivers\STM32F1xx_HAL_Driver\Src\stm32f1xx_hal_rcc_ex.o
 .debug_abbrev  0x000050ff      0x39f Drivers\STM32F1xx_HAL_Driver\Src\stm32f1xx_hal_tim.o
 .debug_abbrev  0x0000549e      0x2ed Drivers\STM32F1xx_HAL_Driver\Src\stm32f1xx_hal_tim_ex.o
 .debug_abbrev  0x0000578b      0x364 Drivers\STM32F1xx_HAL_Driver\Src\stm32f1xx_hal_uart.o
 .debug_abbrev  0x00005aef       0x12 startup\startup_stm32f103xb.o

.debug_loc      0x00000000     0x8e6b
 .debug_loc     0x00000000       0x63 Core\Src\adc.o
 .debug_loc     0x00000063      0x32f Core\Src\digiTOS-Lib\digiTOS-ADC.o
 .debug_loc     0x00000392      0x405 Core\Src\digiTOS-Lib\digiTOS-Core.o
 .debug_loc     0x00000797       0x77 Core\Src\digiTOS-Lib\digiTOS-IWDG.o
 .debug_loc     0x0000080e       0x31 Core\Src\digiTOS-Lib\digiTOS-Sinus.o
 .debug_loc     0x0000083f      0x21e Core\Src\digiTOS-Lib\eeprom.o
 .debug_loc     0x00000a5d      0x12d Core\Src\digiTOS-Lib\stm32f0xx_hal_buttons.o
 .debug_loc     0x00000b8a       0xcd Core\Src\system_stm32f1xx.o
 .debug_loc     0x00000c57      0x149 Core\Src\tim.o
 .debug_loc     0x00000da0       0x93 Core\Src\usart.o
 .debug_loc     0x00000e33       0xf3 Drivers\STM32F1xx_HAL_Driver\Src\stm32f1xx_hal.o
 .debug_loc     0x00000f26      0x858 Drivers\STM32F1xx_HAL_Driver\Src\stm32f1xx_hal_adc.o
 .debug_loc     0x0000177e      0x638 Drivers\STM32F1xx_HAL_Driver\Src\stm32f1xx_hal_adc_ex.o
 .debug_loc     0x00001db6      0x513 Drivers\STM32F1xx_HAL_Driver\Src\stm32f1xx_hal_cortex.o
 .debug_loc     0x000022c9      0x209 Drivers\STM32F1xx_HAL_Driver\Src\stm32f1xx_hal_crc.o
 .debug_loc     0x000024d2      0x676 Drivers\STM32F1xx_HAL_Driver\Src\stm32f1xx_hal_dma.o
 .debug_loc     0x00002b48      0x357 Drivers\STM32F1xx_HAL_Driver\Src\stm32f1xx_hal_flash.o
 .debug_loc     0x00002e9f      0x786 Drivers\STM32F1xx_HAL_Driver\Src\stm32f1xx_hal_flash_ex.o
 .debug_loc     0x00003625      0x449 Drivers\STM32F1xx_HAL_Driver\Src\stm32f1xx_hal_gpio.o
 .debug_loc     0x00003a6e       0x76 Drivers\STM32F1xx_HAL_Driver\Src\stm32f1xx_hal_iwdg.o
 .debug_loc     0x00003ae4      0x12b Drivers\STM32F1xx_HAL_Driver\Src\stm32f1xx_hal_pwr.o
 .debug_loc     0x00003c0f      0x4d6 Drivers\STM32F1xx_HAL_Driver\Src\stm32f1xx_hal_rcc.o
 .debug_loc     0x000040e5      0x287 Drivers\STM32F1xx_HAL_Driver\Src\stm32f1xx_hal_rcc_ex.o
 .debug_loc     0x0000436c     0x2c7a Drivers\STM32F1xx_HAL_Driver\Src\stm32f1xx_hal_tim.o
 .debug_loc     0x00006fe6      0xb6e Drivers\STM32F1xx_HAL_Driver\Src\stm32f1xx_hal_tim_ex.o
 .debug_loc     0x00007b54     0x1317 Drivers\STM32F1xx_HAL_Driver\Src\stm32f1xx_hal_uart.o

.debug_aranges  0x00000000     0x1088
 .debug_aranges
                0x00000000       0x30 Core\Src\adc.o
 .debug_aranges
                0x00000030       0x30 Core\Src\crc.o
 .debug_aranges
                0x00000060       0x78 Core\Src\digiTOS-Lib\digiTOS-ADC.o
 .debug_aranges
                0x000000d8       0x18 Core\Src\digiTOS-Lib\digiTOS-Configuration.o
 .debug_aranges
                0x000000f0       0xc8 Core\Src\digiTOS-Lib\digiTOS-Core.o
 .debug_aranges
                0x000001b8       0xb0 Core\Src\digiTOS-Lib\digiTOS-Generator.o
 .debug_aranges
                0x00000268       0x20 Core\Src\digiTOS-Lib\digiTOS-IWDG.o
 .debug_aranges
                0x00000288       0x40 Core\Src\digiTOS-Lib\digiTOS-Sinus.o
 .debug_aranges
                0x000002c8       0x40 Core\Src\digiTOS-Lib\eeprom.o
 .debug_aranges
                0x00000308       0x40 Core\Src\digiTOS-Lib\stm32f0xx_hal_buttons.o
 .debug_aranges
                0x00000348       0x20 Core\Src\dma.o
 .debug_aranges
                0x00000368       0x20 Core\Src\gpio.o
 .debug_aranges
                0x00000388       0x20 Core\Src\iwdg.o
 .debug_aranges
                0x000003a8       0x38 Core\Src\main.o
 .debug_aranges
                0x000003e0       0x20 Core\Src\stm32f1xx_hal_msp.o
 .debug_aranges
                0x00000400       0x98 Core\Src\stm32f1xx_it.o
 .debug_aranges
                0x00000498       0x28 Core\Src\system_stm32f1xx.o
 .debug_aranges
                0x000004c0       0x50 Core\Src\tim.o
 .debug_aranges
                0x00000510       0x30 Core\Src\usart.o
 .debug_aranges
                0x00000540       0xc8 Drivers\STM32F1xx_HAL_Driver\Src\stm32f1xx_hal.o
 .debug_aranges
                0x00000608       0xc8 Drivers\STM32F1xx_HAL_Driver\Src\stm32f1xx_hal_adc.o
 .debug_aranges
                0x000006d0       0x80 Drivers\STM32F1xx_HAL_Driver\Src\stm32f1xx_hal_adc_ex.o
 .debug_aranges
                0x00000750       0x90 Drivers\STM32F1xx_HAL_Driver\Src\stm32f1xx_hal_cortex.o
 .debug_aranges
                0x000007e0       0x48 Drivers\STM32F1xx_HAL_Driver\Src\stm32f1xx_hal_crc.o
 .debug_aranges
                0x00000828       0x78 Drivers\STM32F1xx_HAL_Driver\Src\stm32f1xx_hal_dma.o
 .debug_aranges
                0x000008a0       0x78 Drivers\STM32F1xx_HAL_Driver\Src\stm32f1xx_hal_flash.o
 .debug_aranges
                0x00000918       0x58 Drivers\STM32F1xx_HAL_Driver\Src\stm32f1xx_hal_flash_ex.o
 .debug_aranges
                0x00000970       0x58 Drivers\STM32F1xx_HAL_Driver\Src\stm32f1xx_hal_gpio.o
 .debug_aranges
                0x000009c8       0x28 Drivers\STM32F1xx_HAL_Driver\Src\stm32f1xx_hal_iwdg.o
 .debug_aranges
                0x000009f0       0xa8 Drivers\STM32F1xx_HAL_Driver\Src\stm32f1xx_hal_pwr.o
 .debug_aranges
                0x00000a98       0x88 Drivers\STM32F1xx_HAL_Driver\Src\stm32f1xx_hal_rcc.o
 .debug_aranges
                0x00000b20       0x30 Drivers\STM32F1xx_HAL_Driver\Src\stm32f1xx_hal_rcc_ex.o
 .debug_aranges
                0x00000b50      0x280 Drivers\STM32F1xx_HAL_Driver\Src\stm32f1xx_hal_tim.o
 .debug_aranges
                0x00000dd0      0x120 Drivers\STM32F1xx_HAL_Driver\Src\stm32f1xx_hal_tim_ex.o
 .debug_aranges
                0x00000ef0      0x170 Drivers\STM32F1xx_HAL_Driver\Src\stm32f1xx_hal_uart.o
 .debug_aranges
                0x00001060       0x28 startup\startup_stm32f103xb.o

.debug_ranges   0x00000000     0x1468
 .debug_ranges  0x00000000       0x58 Core\Src\adc.o
 .debug_ranges  0x00000058       0x20 Core\Src\crc.o
 .debug_ranges  0x00000078       0x80 Core\Src\digiTOS-Lib\digiTOS-ADC.o
 .debug_ranges  0x000000f8       0xb8 Core\Src\digiTOS-Lib\digiTOS-Core.o
 .debug_ranges  0x000001b0       0xa0 Core\Src\digiTOS-Lib\digiTOS-Generator.o
 .debug_ranges  0x00000250       0x10 Core\Src\digiTOS-Lib\digiTOS-IWDG.o
 .debug_ranges  0x00000260       0x30 Core\Src\digiTOS-Lib\digiTOS-Sinus.o
 .debug_ranges  0x00000290       0x80 Core\Src\digiTOS-Lib\eeprom.o
 .debug_ranges  0x00000310       0x48 Core\Src\digiTOS-Lib\stm32f0xx_hal_buttons.o
 .debug_ranges  0x00000358       0x40 Core\Src\dma.o
 .debug_ranges  0x00000398       0x88 Core\Src\gpio.o
 .debug_ranges  0x00000420       0x10 Core\Src\iwdg.o
 .debug_ranges  0x00000430       0x28 Core\Src\main.o
 .debug_ranges  0x00000458       0x30 Core\Src\stm32f1xx_hal_msp.o
 .debug_ranges  0x00000488       0x88 Core\Src\stm32f1xx_it.o
 .debug_ranges  0x00000510       0x18 Core\Src\system_stm32f1xx.o
 .debug_ranges  0x00000528      0x138 Core\Src\tim.o
 .debug_ranges  0x00000660       0x80 Core\Src\usart.o
 .debug_ranges  0x000006e0       0xb8 Drivers\STM32F1xx_HAL_Driver\Src\stm32f1xx_hal.o
 .debug_ranges  0x00000798       0xb8 Drivers\STM32F1xx_HAL_Driver\Src\stm32f1xx_hal_adc.o
 .debug_ranges  0x00000850       0x70 Drivers\STM32F1xx_HAL_Driver\Src\stm32f1xx_hal_adc_ex.o
 .debug_ranges  0x000008c0       0xf0 Drivers\STM32F1xx_HAL_Driver\Src\stm32f1xx_hal_cortex.o
 .debug_ranges  0x000009b0       0x38 Drivers\STM32F1xx_HAL_Driver\Src\stm32f1xx_hal_crc.o
 .debug_ranges  0x000009e8       0xb8 Drivers\STM32F1xx_HAL_Driver\Src\stm32f1xx_hal_dma.o
 .debug_ranges  0x00000aa0       0xb8 Drivers\STM32F1xx_HAL_Driver\Src\stm32f1xx_hal_flash.o
 .debug_ranges  0x00000b58       0xe8 Drivers\STM32F1xx_HAL_Driver\Src\stm32f1xx_hal_flash_ex.o
 .debug_ranges  0x00000c40       0x68 Drivers\STM32F1xx_HAL_Driver\Src\stm32f1xx_hal_gpio.o
 .debug_ranges  0x00000ca8       0x18 Drivers\STM32F1xx_HAL_Driver\Src\stm32f1xx_hal_iwdg.o
 .debug_ranges  0x00000cc0       0x98 Drivers\STM32F1xx_HAL_Driver\Src\stm32f1xx_hal_pwr.o
 .debug_ranges  0x00000d58       0xa0 Drivers\STM32F1xx_HAL_Driver\Src\stm32f1xx_hal_rcc.o
 .debug_ranges  0x00000df8       0x40 Drivers\STM32F1xx_HAL_Driver\Src\stm32f1xx_hal_rcc_ex.o
 .debug_ranges  0x00000e38      0x370 Drivers\STM32F1xx_HAL_Driver\Src\stm32f1xx_hal_tim.o
 .debug_ranges  0x000011a8      0x110 Drivers\STM32F1xx_HAL_Driver\Src\stm32f1xx_hal_tim_ex.o
 .debug_ranges  0x000012b8      0x190 Drivers\STM32F1xx_HAL_Driver\Src\stm32f1xx_hal_uart.o
 .debug_ranges  0x00001448       0x20 startup\startup_stm32f103xb.o

.debug_line     0x00000000     0xc1c4
 .debug_line    0x00000000      0x34b Core\Src\adc.o
 .debug_line    0x0000034b      0x292 Core\Src\crc.o
 .debug_line    0x000005dd      0x52b Core\Src\digiTOS-Lib\digiTOS-ADC.o
 .debug_line    0x00000b08      0x234 Core\Src\digiTOS-Lib\digiTOS-Configuration.o
 .debug_line    0x00000d3c      0x5fe Core\Src\digiTOS-Lib\digiTOS-Core.o
 .debug_line    0x0000133a      0x4fa Core\Src\digiTOS-Lib\digiTOS-Generator.o
 .debug_line    0x00001834      0x270 Core\Src\digiTOS-Lib\digiTOS-IWDG.o
 .debug_line    0x00001aa4      0x3b1 Core\Src\digiTOS-Lib\digiTOS-Sinus.o
 .debug_line    0x00001e55      0x329 Core\Src\digiTOS-Lib\eeprom.o
 .debug_line    0x0000217e      0x2f5 Core\Src\digiTOS-Lib\stm32f0xx_hal_buttons.o
 .debug_line    0x00002473      0x243 Core\Src\dma.o
 .debug_line    0x000026b6      0x27f Core\Src\gpio.o
 .debug_line    0x00002935      0x271 Core\Src\iwdg.o
 .debug_line    0x00002ba6      0x522 Core\Src\main.o
 .debug_line    0x000030c8      0x253 Core\Src\stm32f1xx_hal_msp.o
 .debug_line    0x0000331b      0x3c4 Core\Src\stm32f1xx_it.o
 .debug_line    0x000036df      0x270 Core\Src\system_stm32f1xx.o
 .debug_line    0x0000394f      0x44a Core\Src\tim.o
 .debug_line    0x00003d99      0x334 Core\Src\usart.o
 .debug_line    0x000040cd      0x444 Drivers\STM32F1xx_HAL_Driver\Src\stm32f1xx_hal.o
 .debug_line    0x00004511      0x9bc Drivers\STM32F1xx_HAL_Driver\Src\stm32f1xx_hal_adc.o
 .debug_line    0x00004ecd      0x801 Drivers\STM32F1xx_HAL_Driver\Src\stm32f1xx_hal_adc_ex.o
 .debug_line    0x000056ce      0x493 Drivers\STM32F1xx_HAL_Driver\Src\stm32f1xx_hal_cortex.o
 .debug_line    0x00005b61      0x375 Drivers\STM32F1xx_HAL_Driver\Src\stm32f1xx_hal_crc.o
 .debug_line    0x00005ed6      0x720 Drivers\STM32F1xx_HAL_Driver\Src\stm32f1xx_hal_dma.o
 .debug_line    0x000065f6      0x51e Drivers\STM32F1xx_HAL_Driver\Src\stm32f1xx_hal_flash.o
 .debug_line    0x00006b14      0x5d6 Drivers\STM32F1xx_HAL_Driver\Src\stm32f1xx_hal_flash_ex.o
 .debug_line    0x000070ea      0x54d Drivers\STM32F1xx_HAL_Driver\Src\stm32f1xx_hal_gpio.o
 .debug_line    0x00007637      0x2e6 Drivers\STM32F1xx_HAL_Driver\Src\stm32f1xx_hal_iwdg.o
 .debug_line    0x0000791d      0x473 Drivers\STM32F1xx_HAL_Driver\Src\stm32f1xx_hal_pwr.o
 .debug_line    0x00007d90      0x6fd Drivers\STM32F1xx_HAL_Driver\Src\stm32f1xx_hal_rcc.o
 .debug_line    0x0000848d      0x3b8 Drivers\STM32F1xx_HAL_Driver\Src\stm32f1xx_hal_rcc_ex.o
 .debug_line    0x00008845     0x2034 Drivers\STM32F1xx_HAL_Driver\Src\stm32f1xx_hal_tim.o
 .debug_line    0x0000a879      0xb78 Drivers\STM32F1xx_HAL_Driver\Src\stm32f1xx_hal_tim_ex.o
 .debug_line    0x0000b3f1      0xd56 Drivers\STM32F1xx_HAL_Driver\Src\stm32f1xx_hal_uart.o
 .debug_line    0x0000c147       0x7d startup\startup_stm32f103xb.o

.debug_str      0x00000000     0x549e
 .debug_str     0x00000000      0xd47 Core\Src\adc.o
                                0xe5f (size before relaxing)
 .debug_str     0x00000d47      0x108 Core\Src\crc.o
                                0x877 (size before relaxing)
 .debug_str     0x00000e4f      0x827 Core\Src\digiTOS-Lib\digiTOS-ADC.o
                               0x121e (size before relaxing)
 .debug_str     0x00001676       0x84 Core\Src\digiTOS-Lib\digiTOS-Configuration.o
                                0x973 (size before relaxing)
 .debug_str     0x000016fa      0x209 Core\Src\digiTOS-Lib\digiTOS-Core.o
                               0x139f (size before relaxing)
 .debug_str     0x00001903      0x330 Core\Src\digiTOS-Lib\digiTOS-Generator.o
                               0x145f (size before relaxing)
 .debug_str     0x00001c33      0x1bc Core\Src\digiTOS-Lib\digiTOS-IWDG.o
                                0x8cf (size before relaxing)
 .debug_str     0x00001def       0x70 Core\Src\digiTOS-Lib\digiTOS-Sinus.o
                               0x118d (size before relaxing)
 .debug_str     0x00001e5f      0x116 Core\Src\digiTOS-Lib\eeprom.o
                                0x82e (size before relaxing)
 .debug_str     0x00001f75       0xaa Core\Src\digiTOS-Lib\stm32f0xx_hal_buttons.o
                                0x8b6 (size before relaxing)
 .debug_str     0x0000201f       0x1e Core\Src\dma.o
                                0xa06 (size before relaxing)
 .debug_str     0x0000203d       0x32 Core\Src\gpio.o
                                0x7aa (size before relaxing)
 .debug_str     0x0000206f       0x2e Core\Src\iwdg.o
                                0x75d (size before relaxing)
 .debug_str     0x0000209d      0x29a Core\Src\main.o
                               0x1941 (size before relaxing)
 .debug_str     0x00002337       0x6d Core\Src\stm32f1xx_hal_msp.o
                                0xa5f (size before relaxing)
 .debug_str     0x000023a4      0x217 Core\Src\stm32f1xx_it.o
                                0xf75 (size before relaxing)
 .debug_str     0x000025bb       0xa6 Core\Src\system_stm32f1xx.o
                                0x79a (size before relaxing)
 .debug_str     0x00002661      0x2b9 Core\Src\tim.o
                               0x1196 (size before relaxing)
 .debug_str     0x0000291a       0x51 Core\Src\usart.o
                                0xee3 (size before relaxing)
 .debug_str     0x0000296b      0x21c Drivers\STM32F1xx_HAL_Driver\Src\stm32f1xx_hal.o
                                0xca5 (size before relaxing)
 .debug_str     0x00002b87      0x313 Drivers\STM32F1xx_HAL_Driver\Src\stm32f1xx_hal_adc.o
                                0xdc1 (size before relaxing)
 .debug_str     0x00002e9a      0x291 Drivers\STM32F1xx_HAL_Driver\Src\stm32f1xx_hal_adc_ex.o
                                0xd74 (size before relaxing)
 .debug_str     0x0000312b      0x25c Drivers\STM32F1xx_HAL_Driver\Src\stm32f1xx_hal_cortex.o
                                0xdcd (size before relaxing)
 .debug_str     0x00003387       0x92 Drivers\STM32F1xx_HAL_Driver\Src\stm32f1xx_hal_crc.o
                                0x8b3 (size before relaxing)
 .debug_str     0x00003419      0x1ec Drivers\STM32F1xx_HAL_Driver\Src\stm32f1xx_hal_dma.o
                                0xb31 (size before relaxing)
 .debug_str     0x00003605      0x23e Drivers\STM32F1xx_HAL_Driver\Src\stm32f1xx_hal_flash.o
                                0xa51 (size before relaxing)
 .debug_str     0x00003843      0x276 Drivers\STM32F1xx_HAL_Driver\Src\stm32f1xx_hal_flash_ex.o
                                0xb67 (size before relaxing)
 .debug_str     0x00003ab9       0xf4 Drivers\STM32F1xx_HAL_Driver\Src\stm32f1xx_hal_gpio.o
                                0x93a (size before relaxing)
 .debug_str     0x00003bad       0x39 Drivers\STM32F1xx_HAL_Driver\Src\stm32f1xx_hal_iwdg.o
                                0x7b5 (size before relaxing)
 .debug_str     0x00003be6      0x224 Drivers\STM32F1xx_HAL_Driver\Src\stm32f1xx_hal_pwr.o
                                0x9cf (size before relaxing)
 .debug_str     0x00003e0a      0x1ce Drivers\STM32F1xx_HAL_Driver\Src\stm32f1xx_hal_rcc.o
                                0xb18 (size before relaxing)
 .debug_str     0x00003fd8       0x84 Drivers\STM32F1xx_HAL_Driver\Src\stm32f1xx_hal_rcc_ex.o
                                0x8f5 (size before relaxing)
 .debug_str     0x0000405c      0xbab Drivers\STM32F1xx_HAL_Driver\Src\stm32f1xx_hal_tim.o
                               0x1869 (size before relaxing)
 .debug_str     0x00004c07      0x3db Drivers\STM32F1xx_HAL_Driver\Src\stm32f1xx_hal_tim_ex.o
                               0x110b (size before relaxing)
 .debug_str     0x00004fe2      0x4bc Drivers\STM32F1xx_HAL_Driver\Src\stm32f1xx_hal_uart.o
                               0x1082 (size before relaxing)

.comment        0x00000000       0x7c
 .comment       0x00000000       0x7c Core\Src\adc.o
                                 0x7d (size before relaxing)
 .comment       0x0000007c       0x7d Core\Src\crc.o
 .comment       0x0000007c       0x7d Core\Src\digiTOS-Lib\digiTOS-ADC.o