Archive member included to satisfy reference by file (symbol)

c:/truestudio for stm32 9.2.0/armtools/bin/../lib/gcc/arm-atollic-eabi/6.3.1/../../../../arm-atollic-eabi/lib/armv6-m\libc_nano.a(lib_a-init.o)
                              startup\startup_stm32f030x6.o (__libc_init_array)
c:/truestudio for stm32 9.2.0/armtools/bin/../lib/gcc/arm-atollic-eabi/6.3.1/../../../../arm-atollic-eabi/lib/armv6-m\libc_nano.a(lib_a-memcpy-stub.o)
                              Drivers\STM32F0xx_HAL_Driver\Src\stm32f0xx_hal_rcc.o (memcpy)
c:/truestudio for stm32 9.2.0/armtools/bin/../lib/gcc/arm-atollic-eabi/6.3.1/../../../../arm-atollic-eabi/lib/armv6-m\libc_nano.a(lib_a-memset.o)
                              Core\Src\adc.o (memset)
c:/truestudio for stm32 9.2.0/armtools/bin/../lib/gcc/arm-atollic-eabi/6.3.1/../../../../arm-atollic-eabi/lib/armv6-m\libc_nano.a(lib_a-sprintf.o)
                              Core\Src\digiTOS-Lib\digiTOS-Core.o (sprintf)
c:/truestudio for stm32 9.2.0/armtools/bin/../lib/gcc/arm-atollic-eabi/6.3.1/../../../../arm-atollic-eabi/lib/armv6-m\libc_nano.a(lib_a-strcat.o)
                              Core\Src\digiTOS-Lib\digiTOS-Core.o (strcat)
c:/truestudio for stm32 9.2.0/armtools/bin/../lib/gcc/arm-atollic-eabi/6.3.1/../../../../arm-atollic-eabi/lib/armv6-m\libc_nano.a(lib_a-strcpy.o)
                              Core\Src\main.o (strcpy)
c:/truestudio for stm32 9.2.0/armtools/bin/../lib/gcc/arm-atollic-eabi/6.3.1/../../../../arm-atollic-eabi/lib/armv6-m\libc_nano.a(lib_a-impure.o)
                              c:/truestudio for stm32 9.2.0/armtools/bin/../lib/gcc/arm-atollic-eabi/6.3.1/../../../../arm-atollic-eabi/lib/armv6-m\libc_nano.a(lib_a-sprintf.o) (_impure_ptr)
c:/truestudio for stm32 9.2.0/armtools/bin/../lib/gcc/arm-atollic-eabi/6.3.1/../../../../arm-atollic-eabi/lib/armv6-m\libc_nano.a(lib_a-nano-svfprintf.o)
                              c:/truestudio for stm32 9.2.0/armtools/bin/../lib/gcc/arm-atollic-eabi/6.3.1/../../../../arm-atollic-eabi/lib/armv6-m\libc_nano.a(lib_a-sprintf.o) (_svfprintf_r)
c:/truestudio for stm32 9.2.0/armtools/bin/../lib/gcc/arm-atollic-eabi/6.3.1/../../../../arm-atollic-eabi/lib/armv6-m\libc_nano.a(lib_a-nano-vfprintf_i.o)
                              c:/truestudio for stm32 9.2.0/armtools/bin/../lib/gcc/arm-atollic-eabi/6.3.1/../../../../arm-atollic-eabi/lib/armv6-m\libc_nano.a(lib_a-nano-svfprintf.o) (_printf_i)
c:/truestudio for stm32 9.2.0/armtools/bin/../lib/gcc/arm-atollic-eabi/6.3.1/../../../../arm-atollic-eabi/lib/armv6-m\libc_nano.a(lib_a-memchr-stub.o)
                              c:/truestudio for stm32 9.2.0/armtools/bin/../lib/gcc/arm-atollic-eabi/6.3.1/../../../../arm-atollic-eabi/lib/armv6-m\libc_nano.a(lib_a-nano-svfprintf.o) (memchr)
c:/truestudio for stm32 9.2.0/armtools/bin/../lib/gcc/arm-atollic-eabi/6.3.1/../../../../arm-atollic-eabi/lib/armv6-m\libc_nano.a(lib_a-memmove.o)
                              c:/truestudio for stm32 9.2.0/armtools/bin/../lib/gcc/arm-atollic-eabi/6.3.1/../../../../arm-atollic-eabi/lib/armv6-m\libc_nano.a(lib_a-nano-svfprintf.o) (memmove)
c:/truestudio for stm32 9.2.0/armtools/bin/../lib/gcc/arm-atollic-eabi/6.3.1/../../../../arm-atollic-eabi/lib/armv6-m\libc_nano.a(lib_a-nano-freer.o)
                              c:/truestudio for stm32 9.2.0/armtools/bin/../lib/gcc/arm-atollic-eabi/6.3.1/../../../../arm-atollic-eabi/lib/armv6-m\libc_nano.a(lib_a-nano-svfprintf.o) (_free_r)
c:/truestudio for stm32 9.2.0/armtools/bin/../lib/gcc/arm-atollic-eabi/6.3.1/../../../../arm-atollic-eabi/lib/armv6-m\libc_nano.a(lib_a-nano-mallocr.o)
                              c:/truestudio for stm32 9.2.0/armtools/bin/../lib/gcc/arm-atollic-eabi/6.3.1/../../../../arm-atollic-eabi/lib/armv6-m\libc_nano.a(lib_a-nano-svfprintf.o) (_malloc_r)
c:/truestudio for stm32 9.2.0/armtools/bin/../lib/gcc/arm-atollic-eabi/6.3.1/../../../../arm-atollic-eabi/lib/armv6-m\libc_nano.a(lib_a-nano-reallocr.o)
                              c:/truestudio for stm32 9.2.0/armtools/bin/../lib/gcc/arm-atollic-eabi/6.3.1/../../../../arm-atollic-eabi/lib/armv6-m\libc_nano.a(lib_a-nano-svfprintf.o) (_realloc_r)
c:/truestudio for stm32 9.2.0/armtools/bin/../lib/gcc/arm-atollic-eabi/6.3.1/../../../../arm-atollic-eabi/lib/armv6-m\libc_nano.a(lib_a-sbrkr.o)
                              c:/truestudio for stm32 9.2.0/armtools/bin/../lib/gcc/arm-atollic-eabi/6.3.1/../../../../arm-atollic-eabi/lib/armv6-m\libc_nano.a(lib_a-nano-mallocr.o) (_sbrk_r)
c:/truestudio for stm32 9.2.0/armtools/bin/../lib/gcc/arm-atollic-eabi/6.3.1/../../../../arm-atollic-eabi/lib/armv6-m\libc_nano.a(lib_a-mlock.o)
                              c:/truestudio for stm32 9.2.0/armtools/bin/../lib/gcc/arm-atollic-eabi/6.3.1/../../../../arm-atollic-eabi/lib/armv6-m\libc_nano.a(lib_a-nano-freer.o) (__malloc_lock)
c:/truestudio for stm32 9.2.0/armtools/bin/../lib/gcc/arm-atollic-eabi/6.3.1/../../../../arm-atollic-eabi/lib/armv6-m\libc_nano.a(lib_a-nano-msizer.o)
[...]
Memory Configuration

Name             Origin             Length             Attributes
RAM              0x20000000         0x00001000         xrw
FLASH            0x08000000         0x00008000         xr
*default*        0x00000000         0xffffffff

Linker script and memory map

LOAD c:/truestudio for stm32 9.2.0/armtools/bin/../lib/gcc/arm-atollic-eabi/6.3.1/armv6-m/crti.o
LOAD c:/truestudio for stm32 9.2.0/armtools/bin/../lib/gcc/arm-atollic-eabi/6.3.1/armv6-m/crtbegin.o
LOAD Core\Src\adc.o
LOAD Core\Src\crc.o
LOAD Core\Src\digiTOS-Lib\digiTOS-ADC.o
LOAD Core\Src\digiTOS-Lib\digiTOS-Configuration.o
LOAD Core\Src\digiTOS-Lib\digiTOS-Core.o
LOAD Core\Src\digiTOS-Lib\digiTOS-Generator.o
LOAD Core\Src\digiTOS-Lib\digiTOS-Sinus.o
LOAD Core\Src\digiTOS-Lib\stm32f0xx_hal_buttons.o
LOAD Core\Src\dma.o
LOAD Core\Src\gpio.o
LOAD Core\Src\iwdg.o
LOAD Core\Src\main.o
LOAD Core\Src\stm32f0xx_hal_msp.o
LOAD Core\Src\stm32f0xx_it.o
LOAD Core\Src\system_stm32f0xx.o
LOAD Core\Src\tim.o
LOAD Core\Src\usart.o
LOAD Drivers\STM32F0xx_HAL_Driver\Src\stm32f0xx_hal.o
LOAD Drivers\STM32F0xx_HAL_Driver\Src\stm32f0xx_hal_adc.o
LOAD Drivers\STM32F0xx_HAL_Driver\Src\stm32f0xx_hal_adc_ex.o
LOAD Drivers\STM32F0xx_HAL_Driver\Src\stm32f0xx_hal_cortex.o
LOAD Drivers\STM32F0xx_HAL_Driver\Src\stm32f0xx_hal_crc.o
LOAD Drivers\STM32F0xx_HAL_Driver\Src\stm32f0xx_hal_crc_ex.o
LOAD Drivers\STM32F0xx_HAL_Driver\Src\stm32f0xx_hal_dma.o
LOAD Drivers\STM32F0xx_HAL_Driver\Src\stm32f0xx_hal_flash.o
LOAD Drivers\STM32F0xx_HAL_Driver\Src\stm32f0xx_hal_flash_ex.o
LOAD Drivers\STM32F0xx_HAL_Driver\Src\stm32f0xx_hal_gpio.o
LOAD Drivers\STM32F0xx_HAL_Driver\Src\stm32f0xx_hal_i2c.o
LOAD Drivers\STM32F0xx_HAL_Driver\Src\stm32f0xx_hal_i2c_ex.o
LOAD Drivers\STM32F0xx_HAL_Driver\Src\stm32f0xx_hal_iwdg.o
LOAD Drivers\STM32F0xx_HAL_Driver\Src\stm32f0xx_hal_pwr.o
LOAD Drivers\STM32F0xx_HAL_Driver\Src\stm32f0xx_hal_pwr_ex.o
LOAD Drivers\STM32F0xx_HAL_Driver\Src\stm32f0xx_hal_rcc.o
LOAD Drivers\STM32F0xx_HAL_Driver\Src\stm32f0xx_hal_rcc_ex.o
LOAD Drivers\STM32F0xx_HAL_Driver\Src\stm32f0xx_hal_tim.o
LOAD Drivers\STM32F0xx_HAL_Driver\Src\stm32f0xx_hal_tim_ex.o
LOAD Drivers\STM32F0xx_HAL_Driver\Src\stm32f0xx_hal_uart.o
LOAD Drivers\STM32F0xx_HAL_Driver\Src\stm32f0xx_hal_uart_ex.o
LOAD startup\startup_stm32f030x6.o
                0x00000080                malloc_getpagesize_P = 0x80
START GROUP
LOAD c:/truestudio for stm32 9.2.0/armtools/bin/../lib/gcc/arm-atollic-eabi/6.3.1/../../../../arm-atollic-eabi/lib/armv6-m\libc_nano.a
LOAD c:/truestudio for stm32 9.2.0/armtools/bin/../lib/gcc/arm-atollic-eabi/6.3.1/../../../../arm-atollic-eabi/lib/armv6-m\libm.a
END GROUP
START GROUP
LOAD c:/truestudio for stm32 9.2.0/armtools/bin/../lib/gcc/arm-atollic-eabi/6.3.1/armv6-m\libgcc.a
LOAD c:/truestudio for stm32 9.2.0/armtools/bin/../lib/gcc/arm-atollic-eabi/6.3.1/../../../../arm-atollic-eabi/lib/armv6-m\libc_nano.a
END GROUP
START GROUP
LOAD c:/truestudio for stm32 9.2.0/armtools/bin/../lib/gcc/arm-atollic-eabi/6.3.1/armv6-m\libgcc.a
LOAD c:/truestudio for stm32 9.2.0/armtools/bin/../lib/gcc/arm-atollic-eabi/6.3.1/../../../../arm-atollic-eabi/lib/armv6-m\libc_nano.a
LOAD c:/truestudio for stm32 9.2.0/armtools/bin/../lib/gcc/arm-atollic-eabi/6.3.1/../../../../arm-atollic-eabi/lib/armv6-m\libnosys.a
END GROUP
START GROUP
LOAD c:/truestudio for stm32 9.2.0/armtools/bin/../lib/gcc/arm-atollic-eabi/6.3.1/armv6-m\libgcc.a
LOAD c:/truestudio for stm32 9.2.0/armtools/bin/../lib/gcc/arm-atollic-eabi/6.3.1/../../../../arm-atollic-eabi/lib/armv6-m\libc_nano.a
LOAD c:/truestudio for stm32 9.2.0/armtools/bin/../lib/gcc/arm-atollic-eabi/6.3.1/../../../../arm-atollic-eabi/lib/armv6-m\libnosys.a
END GROUP
LOAD c:/truestudio for stm32 9.2.0/armtools/bin/../lib/gcc/arm-atollic-eabi/6.3.1/armv6-m/crtend.o
LOAD c:/truestudio for stm32 9.2.0/armtools/bin/../lib/gcc/arm-atollic-eabi/6.3.1/armv6-m/crtn.o
                0x20001000                _estack = 0x20001000
                0x00000200                _Min_Heap_Size = 0x200
                0x00000400                _Min_Stack_Size = 0x400

.isr_vector     0x08000000       0xc0
                0x08000000                . = ALIGN (0x4)
 *(.isr_vector)
 .isr_vector    0x08000000       0xc0 startup\startup_stm32f030x6.o
                0x08000000                g_pfnVectors
                0x080000c0                . = ALIGN (0x4)

.text           0x080000c0     0x6210
                0x080000c0                . = ALIGN (0x4)
 *(.text)
 .text          0x080000c0       0x48 c:/truestudio for stm32 9.2.0/armtools/bin/../lib/gcc/arm-atollic-eabi/6.3.1/armv6-m/crtbegin.o
 .text          0x08000108       0x14 c:/truestudio for stm32 9.2.0/armtools/bin/../lib/gcc/arm-atollic-eabi/6.3.1/armv6-m\libgcc.a(_thumb1_case_uqi.o)
                0x08000108                __gnu_thumb1_case_uqi
 .text          0x0800011c      0x114 c:/truestudio for stm32 9.2.0/armtools/bin/../lib/gcc/arm-atollic-eabi/6.3.1/armv6-m\libgcc.a(_udivsi3.o)
                0x0800011c                __aeabi_uidiv
                0x0800011c                __udivsi3
                0x08000228                __aeabi_uidivmod
 .text          0x08000230        0x4 c:/truestudio for stm32 9.2.0/armtools/bin/../lib/gcc/arm-atollic-eabi/6.3.1/armv6-m\libgcc.a(_dvmd_tls.o)
                0x08000230                __aeabi_idiv0
                0x08000230                __aeabi_ldiv0
 .text          0x08000234       0x74 c:/truestudio for stm32 9.2.0/armtools/bin/../lib/gcc/arm-atollic-eabi/6.3.1/armv6-m\libgcc.a(_arm_cmpsf2.o)
                0x08000234                __aeabi_cfrcmple
                0x0800023c                __aeabi_cfcmpeq
                0x0800023c                __aeabi_cfcmple
                0x0800024c                __aeabi_fcmpeq
                0x08000258                __aeabi_fcmplt
                0x0800026c                __aeabi_fcmple
                0x08000280                __aeabi_fcmpgt
                0x08000294                __aeabi_fcmpge
 .text          0x080002a8       0x30 c:/truestudio for stm32 9.2.0/armtools/bin/../lib/gcc/arm-atollic-eabi/6.3.1/armv6-m\libgcc.a(_fixunssfsi.o)
                0x080002a8                __fixunssfsi
                0x080002a8                __aeabi_f2uiz
 .text          0x080002d8      0x324 c:/truestudio for stm32 9.2.0/armtools/bin/../lib/gcc/arm-atollic-eabi/6.3.1/armv6-m\libgcc.a(addsf3.o)
                0x080002d8                __aeabi_fadd
 .text          0x080005fc       0x4c c:/truestudio for stm32 9.2.0/armtools/bin/../lib/gcc/arm-atollic-eabi/6.3.1/armv6-m\libgcc.a(eqsf2.o)
                0x080005fc                __eqsf2
                0x080005fc                __nesf2
 .text          0x08000648       0x80 c:/truestudio for stm32 9.2.0/armtools/bin/../lib/gcc/arm-atollic-eabi/6.3.1/armv6-m\libgcc.a(gesf2.o)
                0x08000648                __gesf2
                0x08000648                __gtsf2
 .text          0x080006c8       0x84 c:/truestudio for stm32 9.2.0/armtools/bin/../lib/gcc/arm-atollic-eabi/6.3.1/armv6-m\libgcc.a(lesf2.o)
                0x080006c8                __ltsf2
                0x080006c8                __lesf2
 .text          0x0800074c      0x240 c:/truestudio for stm32 9.2.0/armtools/bin/../lib/gcc/arm-atollic-eabi/6.3.1/armv6-m\libgcc.a(mulsf3.o)
                0x0800074c                __aeabi_fmul
 .text          0x0800098c      0x338 c:/truestudio for stm32 9.2.0/armtools/bin/../lib/gcc/arm-atollic-eabi/6.3.1/armv6-m\libgcc.a(subsf3.o)
                0x0800098c                __aeabi_fsub
 .text          0x08000cc4       0x40 c:/truestudio for stm32 9.2.0/armtools/bin/../lib/gcc/arm-atollic-eabi/6.3.1/armv6-m\libgcc.a(fixsfsi.o)
                0x08000cc4                __aeabi_f2iz
 .text          0x08000d04       0xa0 c:/truestudio for stm32 9.2.0/armtools/bin/../lib/gcc/arm-atollic-eabi/6.3.1/armv6-m\libgcc.a(floatsisf.o)
                0x08000d04                __aeabi_i2f
 .text          0x08000da4       0x8c c:/truestudio for stm32 9.2.0/armtools/bin/../lib/gcc/arm-atollic-eabi/6.3.1/armv6-m\libgcc.a(floatunsisf.o)
                0x08000da4                __aeabi_ui2f
 .text          0x08000e30       0x3c c:/truestudio for stm32 9.2.0/armtools/bin/../lib/gcc/arm-atollic-eabi/6.3.1/armv6-m\libgcc.a(_clzsi2.o)
                0x08000e30                __clzsi2
 *(.text*)
 .text.MX_ADC_Init
                0x08000e6c       0x98 Core\Src\adc.o
                0x08000e6c                MX_ADC_Init
 .text.HAL_ADC_MspInit
                0x08000f04       0xa8 Core\Src\adc.o
                0x08000f04                HAL_ADC_MspInit
 .text.MX_CRC_Init
                0x08000fac       0x3c Core\Src\crc.o
                0x08000fac                MX_CRC_Init
 .text.HAL_CRC_MspInit
                0x08000fe8       0x28 Core\Src\crc.o
                0x08000fe8                HAL_CRC_MspInit
 .text.StartADC
                0x08001010       0x18 Core\Src\digiTOS-Lib\digiTOS-ADC.o
                0x08001010                StartADC
 .text.ResetV_data
                0x08001028       0x44 Core\Src\digiTOS-Lib\digiTOS-ADC.o
                0x08001028                ResetV_data
 .text.CalcNewAmp
                0x0800106c       0x6c Core\Src\digiTOS-Lib\digiTOS-ADC.o
                0x0800106c                CalcNewAmp
 .text.CalcNewAmpByStep
                0x080010d8       0x50 Core\Src\digiTOS-Lib\digiTOS-ADC.o
                0x080010d8                CalcNewAmpByStep
 .text.UpdateAmplitudeByV
                0x08001128      0x17c Core\Src\digiTOS-Lib\digiTOS-ADC.o
                0x08001128                UpdateAmplitudeByV
 .text.CheckV_Feedback
                0x080012a4       0xa4 Core\Src\digiTOS-Lib\digiTOS-ADC.o
                0x080012a4                CheckV_Feedback
 .text.TM_CRC_Calculate8
                0x08001348       0x3c Core\Src\digiTOS-Lib\digiTOS-Core.o
                0x08001348                TM_CRC_Calculate8
 .text.AddUART_CRC
                0x08001384       0x3c Core\Src\digiTOS-Lib\digiTOS-Core.o
                0x08001384                AddUART_CRC
 .text.ClearUART_Buff
                0x080013c0       0x14 Core\Src\digiTOS-Lib\digiTOS-Core.o
                0x080013c0                ClearUART_Buff
 .text.Get_ChipID
                0x080013d4       0x38 Core\Src\digiTOS-Lib\digiTOS-Core.o
                0x080013d4                Get_ChipID
 .text.Get_FlashSize
                0x0800140c       0x28 Core\Src\digiTOS-Lib\digiTOS-Core.o
                0x0800140c                Get_FlashSize
 .text.Get_Version
                0x08001434       0x2c Core\Src\digiTOS-Lib\digiTOS-Core.o
                0x08001434                Get_Version
 .text.WaitForUART_TX
                0x08001460       0x10 Core\Src\digiTOS-Lib\digiTOS-Core.o
                0x08001460                WaitForUART_TX
 .text.SerialPrintln
                0x08001470       0x30 Core\Src\digiTOS-Lib\digiTOS-Core.o
                0x08001470                SerialPrintln
 .text.HAL_UART_TxCpltCallback
                0x080014a0       0x20 Core\Src\digiTOS-Lib\digiTOS-Core.o
                0x080014a0                HAL_UART_TxCpltCallback
 .text.ResetWDG
                0x080014c0       0x10 Core\Src\digiTOS-Lib\digiTOS-Core.o
                0x080014c0                ResetWDG
 .text.PrintCurrentState
                0x080014d0       0xd0 Core\Src\digiTOS-Lib\digiTOS-Core.o
                0x080014d0                PrintCurrentState
 .text.Set50HzDeadTimeNS
                0x080015a0       0x4c Core\Src\digiTOS-Lib\digiTOS-Generator.o
                0x080015a0                Set50HzDeadTimeNS
 .text.SetNormalSignal
                0x080015ec       0x1c Core\Src\digiTOS-Lib\digiTOS-Generator.o
                0x080015ec                SetNormalSignal
 .text.Idle_SET
                0x08001608       0x1c Core\Src\digiTOS-Lib\digiTOS-Generator.o
                0x08001608                Idle_SET
 .text.PWM_50Hz_Init
                0x08001624       0x50 Core\Src\digiTOS-Lib\digiTOS-Generator.o
                0x08001624                PWM_50Hz_Init
 .text.PWM_50Hz_START
                0x08001674       0x3c Core\Src\digiTOS-Lib\digiTOS-Generator.o
                0x08001674                PWM_50Hz_START
 .text.PWM_50Hz_STOP
                0x080016b0       0x54 Core\Src\digiTOS-Lib\digiTOS-Generator.o
                0x080016b0                PWM_50Hz_STOP
 .text.PWM_50Hz_OUTEN
                0x08001704       0x14 Core\Src\digiTOS-Lib\digiTOS-Generator.o
                0x08001704                PWM_50Hz_OUTEN
 .text.PWM_50Hz_OUTDIS
                0x08001718       0x20 Core\Src\digiTOS-Lib\digiTOS-Generator.o
                0x08001718                PWM_50Hz_OUTDIS
 .text.PWM_50Hz_ON
                0x08001738        0xc Core\Src\digiTOS-Lib\digiTOS-Generator.o
                0x08001738                PWM_50Hz_ON
 .text.PWM_50Hz_OFF
                0x08001744        0xc Core\Src\digiTOS-Lib\digiTOS-Generator.o
                0x08001744                PWM_50Hz_OFF
 .text.PWM_Sinus_START
                0x08001750       0x2c Core\Src\digiTOS-Lib\digiTOS-Generator.o
                0x08001750                PWM_Sinus_START
 .text.PWM_Sinus_STOP
                0x0800177c       0x28 Core\Src\digiTOS-Lib\digiTOS-Generator.o
                0x0800177c                PWM_Sinus_STOP
 .text.PWM_Sinus_OUTEN
                0x080017a4       0x14 Core\Src\digiTOS-Lib\digiTOS-Generator.o
                0x080017a4                PWM_Sinus_OUTEN
 .text.PWM_Sinus_OUTDIS
                0x080017b8       0x20 Core\Src\digiTOS-Lib\digiTOS-Generator.o
                0x080017b8                PWM_Sinus_OUTDIS
 .text.PWM_Sinus_ON
                0x080017d8        0xc Core\Src\digiTOS-Lib\digiTOS-Generator.o
                0x080017d8                PWM_Sinus_ON
 .text.PWM_Sinus_OFF
                0x080017e4        0xc Core\Src\digiTOS-Lib\digiTOS-Generator.o
                0x080017e4                PWM_Sinus_OFF
 .text.PWM_Sinus_Init
                0x080017f0       0x70 Core\Src\digiTOS-Lib\digiTOS-Generator.o
                0x080017f0                PWM_Sinus_Init
 .text.ResetAmplitude
                0x08001860       0x40 Core\Src\digiTOS-Lib\digiTOS-Sinus.o
                0x08001860                ResetAmplitude
 .text.GetApmlitude
                0x080018a0       0x48 Core\Src\digiTOS-Lib\digiTOS-Sinus.o
                0x080018a0                GetApmlitude
 .text.GetSinus
                0x080018e8       0x60 Core\Src\digiTOS-Lib\digiTOS-Sinus.o
                0x080018e8                GetSinus
 .text.buttonInit
                0x08001948       0x20 Core\Src\digiTOS-Lib\stm32f0xx_hal_buttons.o
                0x08001948                buttonInit
 .text._button_state
                0x08001968       0x18 Core\Src\digiTOS-Lib\stm32f0xx_hal_buttons.o
                0x08001968                _button_state
 .text.buttonUpdate
                0x08001980       0x82 Core\Src\digiTOS-Lib\stm32f0xx_hal_buttons.o
                0x08001980                buttonUpdate
 *fill*         0x08001a02        0x2 
 .text.MX_DMA_Init
                0x08001a04       0x2c Core\Src\dma.o
                0x08001a04                MX_DMA_Init
 .text.MX_GPIO_Init
                0x08001a30       0xc4 Core\Src\gpio.o
                0x08001a30                MX_GPIO_Init
 .text.MX_IWDG_Init
                0x08001af4       0x2c Core\Src\iwdg.o
                0x08001af4                MX_IWDG_Init
 .text.SystemClock_Config
                0x08001b20       0x6a Core\Src\main.o
                0x08001b20                SystemClock_Config
 *fill*         0x08001b8a        0x2 
 .text.startup.main
                0x08001b8c      0x2b4 Core\Src\main.o
                0x08001b8c                main
 .text.Error_Handler
                0x08001e40        0x2 Core\Src\main.o
                0x08001e40                Error_Handler
 .text.assert_failed
                0x08001e42        0x2 Core\Src\main.o
                0x08001e42                assert_failed
 .text.HAL_MspInit
                0x08001e44       0x30 Core\Src\stm32f0xx_hal_msp.o
                0x08001e44                HAL_MspInit
 .text.NMI_Handler
                0x08001e74        0x2 Core\Src\stm32f0xx_it.o
                0x08001e74                NMI_Handler
 .text.HardFault_Handler
                0x08001e76        0x2 Core\Src\stm32f0xx_it.o
                0x08001e76                HardFault_Handler
 .text.SVC_Handler
                0x08001e78        0x2 Core\Src\stm32f0xx_it.o
                0x08001e78                SVC_Handler
 .text.PendSV_Handler
                0x08001e7a        0x2 Core\Src\stm32f0xx_it.o
                0x08001e7a                PendSV_Handler
 .text.SysTick_Handler
                0x08001e7c        0x8 Core\Src\stm32f0xx_it.o
                0x08001e7c                SysTick_Handler
 .text.FLASH_IRQHandler
                0x08001e84        0x8 Core\Src\stm32f0xx_it.o
                0x08001e84                FLASH_IRQHandler
 .text.RCC_IRQHandler
                0x08001e8c        0x2 Core\Src\stm32f0xx_it.o
                0x08001e8c                RCC_IRQHandler
 *fill*         0x08001e8e        0x2 
 .text.DMA1_Channel2_3_IRQHandler
                0x08001e90       0x18 Core\Src\stm32f0xx_it.o
                0x08001e90                DMA1_Channel2_3_IRQHandler
 .text.DMA1_Channel4_5_IRQHandler
                0x08001ea8       0x10 Core\Src\stm32f0xx_it.o
                0x08001ea8                DMA1_Channel4_5_IRQHandler
 .text.ADC1_IRQHandler
                0x08001eb8       0x10 Core\Src\stm32f0xx_it.o
                0x08001eb8                ADC1_IRQHandler
 .text.TIM1_BRK_UP_TRG_COM_IRQHandler
                0x08001ec8       0x50 Core\Src\stm32f0xx_it.o
                0x08001ec8                TIM1_BRK_UP_TRG_COM_IRQHandler
 .text.TIM3_IRQHandler
                0x08001f18       0xc4 Core\Src\stm32f0xx_it.o
                0x08001f18                TIM3_IRQHandler
 .text.TIM14_IRQHandler
                0x08001fdc      0x108 Core\Src\stm32f0xx_it.o
                0x08001fdc                TIM14_IRQHandler
 .text.TIM16_IRQHandler
                0x080020e4      0x174 Core\Src\stm32f0xx_it.o
                0x080020e4                TIM16_IRQHandler
 .text.USART1_IRQHandler
                0x08002258       0x10 Core\Src\stm32f0xx_it.o
                0x08002258                USART1_IRQHandler
 .text.SystemInit
                0x08002268       0x60 Core\Src\system_stm32f0xx.o
                0x08002268                SystemInit
 .text.MX_TIM14_Init
                0x080022c8       0x34 Core\Src\tim.o
                0x080022c8                MX_TIM14_Init
 .text.MX_TIM16_Init
                0x080022fc       0x38 Core\Src\tim.o
                0x080022fc                MX_TIM16_Init
 .text.HAL_TIM_Base_MspInit
                0x08002334       0xbc Core\Src\tim.o
                0x08002334                HAL_TIM_Base_MspInit
 .text.HAL_TIM_MspPostInit
                0x080023f0       0xc0 Core\Src\tim.o
                0x080023f0                HAL_TIM_MspPostInit
 .text.MX_TIM1_Init
                0x080024b0       0xf0 Core\Src\tim.o
                0x080024b0                MX_TIM1_Init
 .text.MX_TIM3_Init
                0x080025a0       0xc4 Core\Src\tim.o
                0x080025a0                MX_TIM3_Init
 .text.MX_USART1_UART_Init
                0x08002664       0x38 Core\Src\usart.o
                0x08002664                MX_USART1_UART_Init
 .text.HAL_UART_MspInit
                0x0800269c       0xec Core\Src\usart.o
                0x0800269c                HAL_UART_MspInit
 .text.HAL_InitTick
                0x08002788       0x24 Drivers\STM32F0xx_HAL_Driver\Src\stm32f0xx_hal.o
                0x08002788                HAL_InitTick
 .text.HAL_Init
                0x080027ac       0x20 Drivers\STM32F0xx_HAL_Driver\Src\stm32f0xx_hal.o
                0x080027ac                HAL_Init
 .text.HAL_IncTick
                0x080027cc       0x10 Drivers\STM32F0xx_HAL_Driver\Src\stm32f0xx_hal.o
                0x080027cc                HAL_IncTick
 .text.HAL_GetTick
                0x080027dc        0xc Drivers\STM32F0xx_HAL_Driver\Src\stm32f0xx_hal.o
                0x080027dc                HAL_GetTick
 .text.HAL_Delay
                0x080027e8       0x20 Drivers\STM32F0xx_HAL_Driver\Src\stm32f0xx_hal.o
                0x080027e8                HAL_Delay
 .text.ADC_Enable
                0x08002808       0x98 Drivers\STM32F0xx_HAL_Driver\Src\stm32f0xx_hal_adc.o
 .text.HAL_ADC_Init
                0x080028a0      0x268 Drivers\STM32F0xx_HAL_Driver\Src\stm32f0xx_hal_adc.o
                0x080028a0                HAL_ADC_Init
 .text.HAL_ADC_Start_DMA
                0x08002b08       0xb0 Drivers\STM32F0xx_HAL_Driver\Src\stm32f0xx_hal_adc.o
                0x08002b08                HAL_ADC_Start_DMA
 .text.HAL_ADC_ConvCpltCallback
                0x08002bb8        0x2 Drivers\STM32F0xx_HAL_Driver\Src\stm32f0xx_hal_adc.o
                0x08002bb8                HAL_ADC_ConvCpltCallback
 *fill*         0x08002bba        0x2 
 .text.ADC_DMAConvCplt
                0x08002bbc       0x70 Drivers\STM32F0xx_HAL_Driver\Src\stm32f0xx_hal_adc.o
 .text.HAL_ADC_ConvHalfCpltCallback
                0x08002c2c        0x2 Drivers\STM32F0xx_HAL_Driver\Src\stm32f0xx_hal_adc.o
                0x08002c2c                HAL_ADC_ConvHalfCpltCallback
 .text.ADC_DMAHalfConvCplt
                0x08002c2e        0xa Drivers\STM32F0xx_HAL_Driver\Src\stm32f0xx_hal_adc.o
 .text.HAL_ADC_LevelOutOfWindowCallback
                0x08002c38        0x2 Drivers\STM32F0xx_HAL_Driver\Src\stm32f0xx_hal_adc.o
                0x08002c38                HAL_ADC_LevelOutOfWindowCallback
 .text.HAL_ADC_ErrorCallback
                0x08002c3a        0x2 Drivers\STM32F0xx_HAL_Driver\Src\stm32f0xx_hal_adc.o
                0x08002c3a                HAL_ADC_ErrorCallback
 .text.ADC_DMAError
                0x08002c3c       0x1a Drivers\STM32F0xx_HAL_Driver\Src\stm32f0xx_hal_adc.o
 *fill*         0x08002c56        0x2 
 .text.HAL_ADC_IRQHandler
                0x08002c58      0x120 Drivers\STM32F0xx_HAL_Driver\Src\stm32f0xx_hal_adc.o
                0x08002c58                HAL_ADC_IRQHandler
 .text.HAL_ADC_ConfigChannel
                0x08002d78      0x15c Drivers\STM32F0xx_HAL_Driver\Src\stm32f0xx_hal_adc.o
                0x08002d78                HAL_ADC_ConfigChannel
 .text.HAL_NVIC_SetPriority
                0x08002ed4       0x74 Drivers\STM32F0xx_HAL_Driver\Src\stm32f0xx_hal_cortex.o
                0x08002ed4                HAL_NVIC_SetPriority
 .text.HAL_NVIC_EnableIRQ
                0x08002f48       0x24 Drivers\STM32F0xx_HAL_Driver\Src\stm32f0xx_hal_cortex.o
                0x08002f48                HAL_NVIC_EnableIRQ
 .text.HAL_SYSTICK_Config
                0x08002f6c       0x34 Drivers\STM32F0xx_HAL_Driver\Src\stm32f0xx_hal_cortex.o
                0x08002f6c                HAL_SYSTICK_Config
 .text.HAL_CRC_Init
                0x08002fa0       0xb4 Drivers\STM32F0xx_HAL_Driver\Src\stm32f0xx_hal_crc.o
                0x08002fa0                HAL_CRC_Init
 .text.HAL_CRCEx_Init
                0x08003054        0x4 Drivers\STM32F0xx_HAL_Driver\Src\stm32f0xx_hal_crc_ex.o
                0x08003054                HAL_CRCEx_Init
 .text.HAL_DMA_Init
                0x08003058      0x144 Drivers\STM32F0xx_HAL_Driver\Src\stm32f0xx_hal_dma.o
                0x08003058                HAL_DMA_Init
 .text.HAL_DMA_Start_IT
                0x0800319c       0x98 Drivers\STM32F0xx_HAL_Driver\Src\stm32f0xx_hal_dma.o
                0x0800319c                HAL_DMA_Start_IT
 .text.HAL_DMA_Abort_IT
                0x08003234       0x46 Drivers\STM32F0xx_HAL_Driver\Src\stm32f0xx_hal_dma.o
                0x08003234                HAL_DMA_Abort_IT
 .text.HAL_DMA_IRQHandler
                0x0800327a       0x92 Drivers\STM32F0xx_HAL_Driver\Src\stm32f0xx_hal_dma.o
                0x0800327a                HAL_DMA_IRQHandler
 .text.FLASH_SetErrorCode
                0x0800330c       0x3c Drivers\STM32F0xx_HAL_Driver\Src\stm32f0xx_hal_flash.o
 .text.HAL_FLASH_EndOfOperationCallback
                0x08003348        0x2 Drivers\STM32F0xx_HAL_Driver\Src\stm32f0xx_hal_flash.o
                0x08003348                HAL_FLASH_EndOfOperationCallback
 .text.HAL_FLASH_OperationErrorCallback
                0x0800334a        0x2 Drivers\STM32F0xx_HAL_Driver\Src\stm32f0xx_hal_flash.o
                0x0800334a                HAL_FLASH_OperationErrorCallback
 .text.HAL_FLASH_IRQHandler
                0x0800334c      0x11c Drivers\STM32F0xx_HAL_Driver\Src\stm32f0xx_hal_flash.o
                0x0800334c                HAL_FLASH_IRQHandler
 .text.FLASH_PageErase
                0x08003468       0x24 Drivers\STM32F0xx_HAL_Driver\Src\stm32f0xx_hal_flash_ex.o
                0x08003468                FLASH_PageErase
 .text.HAL_GPIO_Init
                0x0800348c      0x230 Drivers\STM32F0xx_HAL_Driver\Src\stm32f0xx_hal_gpio.o
                0x0800348c                HAL_GPIO_Init
 .text.HAL_GPIO_ReadPin
                0x080036bc       0x24 Drivers\STM32F0xx_HAL_Driver\Src\stm32f0xx_hal_gpio.o
                0x080036bc                HAL_GPIO_ReadPin
 .text.HAL_GPIO_WritePin
                0x080036e0       0x34 Drivers\STM32F0xx_HAL_Driver\Src\stm32f0xx_hal_gpio.o
                0x080036e0                HAL_GPIO_WritePin
 .text.HAL_GPIO_TogglePin
                0x08003714       0x20 Drivers\STM32F0xx_HAL_Driver\Src\stm32f0xx_hal_gpio.o
                0x08003714                HAL_GPIO_TogglePin
 .text.HAL_I2CEx_EnableFastModePlus
                0x08003734       0x5c Drivers\STM32F0xx_HAL_Driver\Src\stm32f0xx_hal_i2c_ex.o
                0x08003734                HAL_I2CEx_EnableFastModePlus
 .text.HAL_IWDG_Init
                0x08003790       0xa0 Drivers\STM32F0xx_HAL_Driver\Src\stm32f0xx_hal_iwdg.o
                0x08003790                HAL_IWDG_Init
 .text.HAL_IWDG_Refresh
                0x08003830       0x10 Drivers\STM32F0xx_HAL_Driver\Src\stm32f0xx_hal_iwdg.o
                0x08003830                HAL_IWDG_Refresh
 .text.HAL_RCC_OscConfig
                0x08003840      0x4f0 Drivers\STM32F0xx_HAL_Driver\Src\stm32f0xx_hal_rcc.o
                0x08003840                HAL_RCC_OscConfig
 .text.HAL_RCC_GetSysClockFreq
                0x08003d30       0x64 Drivers\STM32F0xx_HAL_Driver\Src\stm32f0xx_hal_rcc.o
                0x08003d30                HAL_RCC_GetSysClockFreq
 .text.HAL_RCC_ClockConfig
                0x08003d94      0x1e4 Drivers\STM32F0xx_HAL_Driver\Src\stm32f0xx_hal_rcc.o
                0x08003d94                HAL_RCC_ClockConfig
 .text.HAL_RCC_GetHCLKFreq
                0x08003f78        0xc Drivers\STM32F0xx_HAL_Driver\Src\stm32f0xx_hal_rcc.o
                0x08003f78                HAL_RCC_GetHCLKFreq
 .text.HAL_RCC_GetPCLK1Freq
                0x08003f84       0x20 Drivers\STM32F0xx_HAL_Driver\Src\stm32f0xx_hal_rcc.o
                0x08003f84                HAL_RCC_GetPCLK1Freq
 .text.HAL_RCCEx_PeriphCLKConfig
                0x08003fa4      0x154 Drivers\STM32F0xx_HAL_Driver\Src\stm32f0xx_hal_rcc_ex.o
                0x08003fa4                HAL_RCCEx_PeriphCLKConfig
 .text.TIM_OC1_SetConfig
                0x080040f8       0xc8 Drivers\STM32F0xx_HAL_Driver\Src\stm32f0xx_hal_tim.o
 .text.TIM_OC3_SetConfig
                0x080041c0       0xd0 Drivers\STM32F0xx_HAL_Driver\Src\stm32f0xx_hal_tim.o
 .text.TIM_OC4_SetConfig
                0x08004290       0x8c Drivers\STM32F0xx_HAL_Driver\Src\stm32f0xx_hal_tim.o
 .text.HAL_TIM_Base_Start
                0x0800431c       0x60 Drivers\STM32F0xx_HAL_Driver\Src\stm32f0xx_hal_tim.o
                0x0800431c                HAL_TIM_Base_Start
 .text.HAL_TIM_Base_Start_IT
                0x0800437c       0x5c Drivers\STM32F0xx_HAL_Driver\Src\stm32f0xx_hal_tim.o
                0x0800437c                HAL_TIM_Base_Start_IT
 .text.HAL_TIM_OC_MspInit
                0x080043d8        0x2 Drivers\STM32F0xx_HAL_Driver\Src\stm32f0xx_hal_tim.o
                0x080043d8                HAL_TIM_OC_MspInit
 .text.HAL_TIM_PWM_MspInit
                0x080043da        0x2 Drivers\STM32F0xx_HAL_Driver\Src\stm32f0xx_hal_tim.o
                0x080043da                HAL_TIM_PWM_MspInit
 .text.HAL_TIM_PeriodElapsedCallback
                0x080043dc        0x2 Drivers\STM32F0xx_HAL_Driver\Src\stm32f0xx_hal_tim.o
                0x080043dc                HAL_TIM_PeriodElapsedCallback
 .text.HAL_TIM_OC_DelayElapsedCallback
                0x080043de        0x2 Drivers\STM32F0xx_HAL_Driver\Src\stm32f0xx_hal_tim.o
                0x080043de                HAL_TIM_OC_DelayElapsedCallback
 .text.HAL_TIM_IC_CaptureCallback
                0x080043e0        0x2 Drivers\STM32F0xx_HAL_Driver\Src\stm32f0xx_hal_tim.o
                0x080043e0                HAL_TIM_IC_CaptureCallback
 .text.HAL_TIM_PWM_PulseFinishedCallback
                0x080043e2        0x2 Drivers\STM32F0xx_HAL_Driver\Src\stm32f0xx_hal_tim.o
                0x080043e2                HAL_TIM_PWM_PulseFinishedCallback
 .text.HAL_TIM_TriggerCallback
                0x080043e4        0x2 Drivers\STM32F0xx_HAL_Driver\Src\stm32f0xx_hal_tim.o
                0x080043e4                HAL_TIM_TriggerCallback
 .text.HAL_TIM_IRQHandler
                0x080043e6      0x148 Drivers\STM32F0xx_HAL_Driver\Src\stm32f0xx_hal_tim.o
                0x080043e6                HAL_TIM_IRQHandler
 *fill*         0x0800452e        0x2 
 .text.TIM_Base_SetConfig
                0x08004530       0x80 Drivers\STM32F0xx_HAL_Driver\Src\stm32f0xx_hal_tim.o
                0x08004530                TIM_Base_SetConfig
 .text.HAL_TIM_Base_Init
                0x080045b0       0xc4 Drivers\STM32F0xx_HAL_Driver\Src\stm32f0xx_hal_tim.o
                0x080045b0                HAL_TIM_Base_Init
 .text.HAL_TIM_OC_Init
                0x08004674       0xcc Drivers\STM32F0xx_HAL_Driver\Src\stm32f0xx_hal_tim.o
                0x08004674                HAL_TIM_OC_Init
 .text.HAL_TIM_PWM_Init
                0x08004740       0xd0 Drivers\STM32F0xx_HAL_Driver\Src\stm32f0xx_hal_tim.o
                0x08004740                HAL_TIM_PWM_Init
 .text.TIM_OC2_SetConfig
                0x08004810       0xc8 Drivers\STM32F0xx_HAL_Driver\Src\stm32f0xx_hal_tim.o
                0x08004810                TIM_OC2_SetConfig
 .text.HAL_TIM_OC_ConfigChannel
                0x080048d8      0x150 Drivers\STM32F0xx_HAL_Driver\Src\stm32f0xx_hal_tim.o
                0x080048d8                HAL_TIM_OC_ConfigChannel
 .text.HAL_TIM_PWM_ConfigChannel
                0x08004a28      0x1c4 Drivers\STM32F0xx_HAL_Driver\Src\stm32f0xx_hal_tim.o
                0x08004a28                HAL_TIM_PWM_ConfigChannel
 .text.TIM_ETR_SetConfig
                0x08004bec       0x18 Drivers\STM32F0xx_HAL_Driver\Src\stm32f0xx_hal_tim.o
                0x08004bec                TIM_ETR_SetConfig
 .text.HAL_TIM_ConfigClockSource
                0x08004c04      0x408 Drivers\STM32F0xx_HAL_Driver\Src\stm32f0xx_hal_tim.o
                0x08004c04                HAL_TIM_ConfigClockSource
 .text.HAL_TIMEx_MasterConfigSynchronization
                0x0800500c       0x98 Drivers\STM32F0xx_HAL_Driver\Src\stm32f0xx_hal_tim_ex.o
                0x0800500c                HAL_TIMEx_MasterConfigSynchronization
 .text.HAL_TIMEx_ConfigBreakDeadTime
                0x080050a4      0x130 Drivers\STM32F0xx_HAL_Driver\Src\stm32f0xx_hal_tim_ex.o
                0x080050a4                HAL_TIMEx_ConfigBreakDeadTime
 .text.HAL_TIMEx_CommutationCallback
                0x080051d4        0x2 Drivers\STM32F0xx_HAL_Driver\Src\stm32f0xx_hal_tim_ex.o
                0x080051d4                HAL_TIMEx_CommutationCallback
 .text.HAL_TIMEx_BreakCallback
                0x080051d6        0x2 Drivers\STM32F0xx_HAL_Driver\Src\stm32f0xx_hal_tim_ex.o
                0x080051d6                HAL_TIMEx_BreakCallback
 .text.UART_EndRxTransfer
                0x080051d8       0x20 Drivers\STM32F0xx_HAL_Driver\Src\stm32f0xx_hal_uart.o
 .text.HAL_UART_Transmit_DMA
                0x080051f8       0x8c Drivers\STM32F0xx_HAL_Driver\Src\stm32f0xx_hal_uart.o
                0x080051f8                HAL_UART_Transmit_DMA
 .text.UART_DMATransmitCplt
                0x08005284       0x30 Drivers\STM32F0xx_HAL_Driver\Src\stm32f0xx_hal_uart.o
 .text.HAL_UART_TxHalfCpltCallback
                0x080052b4        0x2 Drivers\STM32F0xx_HAL_Driver\Src\stm32f0xx_hal_uart.o
                0x080052b4                HAL_UART_TxHalfCpltCallback
 .text.UART_DMATxHalfCplt
                0x080052b6        0xa Drivers\STM32F0xx_HAL_Driver\Src\stm32f0xx_hal_uart.o
 .text.HAL_UART_RxCpltCallback
                0x080052c0        0x2 Drivers\STM32F0xx_HAL_Driver\Src\stm32f0xx_hal_uart.o
                0x080052c0                HAL_UART_RxCpltCallback
 .text.HAL_UART_ErrorCallback
                0x080052c2        0x2 Drivers\STM32F0xx_HAL_Driver\Src\stm32f0xx_hal_uart.o
                0x080052c2                HAL_UART_ErrorCallback
 .text.UART_DMAError
                0x080052c4       0x5a Drivers\STM32F0xx_HAL_Driver\Src\stm32f0xx_hal_uart.o
 .text.UART_DMAAbortOnError
                0x0800531e       0x16 Drivers\STM32F0xx_HAL_Driver\Src\stm32f0xx_hal_uart.o
 .text.UART_SetConfig
                0x08005334      0x1d8 Drivers\STM32F0xx_HAL_Driver\Src\stm32f0xx_hal_uart.o
                0x08005334                UART_SetConfig
 .text.UART_AdvFeatureConfig
                0x0800550c      0x1b8 Drivers\STM32F0xx_HAL_Driver\Src\stm32f0xx_hal_uart.o
                0x0800550c                UART_AdvFeatureConfig
 .text.HAL_UART_Init
                0x080056c4       0xa4 Drivers\STM32F0xx_HAL_Driver\Src\stm32f0xx_hal_uart.o
                0x080056c4                HAL_UART_Init
 .text.UART_Transmit_IT
                0x08005768       0x64 Drivers\STM32F0xx_HAL_Driver\Src\stm32f0xx_hal_uart.o
                0x08005768                UART_Transmit_IT
 .text.UART_EndTransmit_IT
                0x080057cc       0x1c Drivers\STM32F0xx_HAL_Driver\Src\stm32f0xx_hal_uart.o
                0x080057cc                UART_EndTransmit_IT
 .text.UART_Receive_IT
                0x080057e8       0x7c Drivers\STM32F0xx_HAL_Driver\Src\stm32f0xx_hal_uart.o
                0x080057e8                UART_Receive_IT
 .text.HAL_UART_IRQHandler
                0x08005864      0x118 Drivers\STM32F0xx_HAL_Driver\Src\stm32f0xx_hal_uart.o
                0x08005864                HAL_UART_IRQHandler
 .text.Reset_Handler
                0x0800597c       0x50 startup\startup_stm32f030x6.o
                0x0800597c                Reset_Handler
 .text.Default_Handler
                0x080059cc        0x2 startup\startup_stm32f030x6.o
                0x080059cc                TIM1_CC_IRQHandler
                0x080059cc                I2C1_IRQHandler
                0x080059cc                SPI1_IRQHandler
                0x080059cc                EXTI2_3_IRQHandler
                0x080059cc                TIM17_IRQHandler
                0x080059cc                RTC_IRQHandler
                0x080059cc                EXTI4_15_IRQHandler
                0x080059cc                DMA1_Channel1_IRQHandler
                0x080059cc                Default_Handler
                0x080059cc                EXTI0_1_IRQHandler
                0x080059cc                WWDG_IRQHandler
 *fill*         0x080059ce        0x2 
 .text.__libc_init_array
                0x080059d0       0x48 c:/truestudio for stm32 9.2.0/armtools/bin/../lib/gcc/arm-atollic-eabi/6.3.1/../../../../arm-atollic-eabi/lib/armv6-m\libc_nano.a(lib_a-init.o)
                0x080059d0                __libc_init_array
 .text.memcpy   0x08005a18       0x12 c:/truestudio for stm32 9.2.0/armtools/bin/../lib/gcc/arm-atollic-eabi/6.3.1/../../../../arm-atollic-eabi/lib/armv6-m\libc_nano.a(lib_a-memcpy-stub.o)
                0x08005a18                memcpy
 .text.memset   0x08005a2a       0x10 c:/truestudio for stm32 9.2.0/armtools/bin/../lib/gcc/arm-atollic-eabi/6.3.1/../../../../arm-atollic-eabi/lib/armv6-m\libc_nano.a(lib_a-memset.o)
                0x08005a2a                memset
 *fill*         0x08005a3a        0x2 
 .text.sprintf  0x08005a3c       0x44 c:/truestudio for stm32 9.2.0/armtools/bin/../lib/gcc/arm-atollic-eabi/6.3.1/../../../../arm-atollic-eabi/lib/armv6-m\libc_nano.a(lib_a-sprintf.o)
                0x08005a3c                siprintf
                0x08005a3c                sprintf
 .text.strcat   0x08005a80       0x1a c:/truestudio for stm32 9.2.0/armtools/bin/../lib/gcc/arm-atollic-eabi/6.3.1/../../../../arm-atollic-eabi/lib/armv6-m\libc_nano.a(lib_a-strcat.o)
                0x08005a80                strcat
 .text.strcpy   0x08005a9a       0x10 c:/truestudio for stm32 9.2.0/armtools/bin/../lib/gcc/arm-atollic-eabi/6.3.1/../../../../arm-atollic-eabi/lib/armv6-m\libc_nano.a(lib_a-strcpy.o)
                0x08005a9a                strcpy
 *fill*         0x08005aaa        0x2 
 .text.__ssputs_r
                0x08005aac       0xc4 c:/truestudio for stm32 9.2.0/armtools/bin/../lib/gcc/arm-atollic-eabi/6.3.1/../../../../arm-atollic-eabi/lib/armv6-m\libc_nano.a(lib_a-nano-svfprintf.o)
                0x08005aac                __ssputs_r
 .text._svfprintf_r
                0x08005b70      0x208 c:/truestudio for stm32 9.2.0/armtools/bin/../lib/gcc/arm-atollic-eabi/6.3.1/../../../../arm-atollic-eabi/lib/armv6-m\libc_nano.a(lib_a-nano-svfprintf.o)
                0x08005b70                _svfiprintf_r
                0x08005b70                _svfprintf_r
 .text._printf_common
                0x08005d78       0xda c:/truestudio for stm32 9.2.0/armtools/bin/../lib/gcc/arm-atollic-eabi/6.3.1/../../../../arm-atollic-eabi/lib/armv6-m\libc_nano.a(lib_a-nano-vfprintf_i.o)
                0x08005d78                _printf_common
 *fill*         0x08005e52        0x2 
 .text._printf_i
                0x08005e54      0x234 c:/truestudio for stm32 9.2.0/armtools/bin/../lib/gcc/arm-atollic-eabi/6.3.1/../../../../arm-atollic-eabi/lib/armv6-m\libc_nano.a(lib_a-nano-vfprintf_i.o)
                0x08005e54                _printf_i
 .text.memchr   0x08006088       0x16 c:/truestudio for stm32 9.2.0/armtools/bin/../lib/gcc/arm-atollic-eabi/6.3.1/../../../../arm-atollic-eabi/lib/armv6-m\libc_nano.a(lib_a-memchr-stub.o)
                0x08006088                memchr
 .text.memmove  0x0800609e       0x24 c:/truestudio for stm32 9.2.0/armtools/bin/../lib/gcc/arm-atollic-eabi/6.3.1/../../../../arm-atollic-eabi/lib/armv6-m\libc_nano.a(lib_a-memmove.o)
                0x0800609e                memmove
 *fill*         0x080060c2        0x2 
 .text._free_r  0x080060c4       0x94 c:/truestudio for stm32 9.2.0/armtools/bin/../lib/gcc/arm-atollic-eabi/6.3.1/../../../../arm-atollic-eabi/lib/armv6-m\libc_nano.a(lib_a-nano-freer.o)
                0x080060c4                _free_r
 .text._malloc_r
                0x08006158       0xbc c:/truestudio for stm32 9.2.0/armtools/bin/../lib/gcc/arm-atollic-eabi/6.3.1/../../../../arm-atollic-eabi/lib/armv6-m\libc_nano.a(lib_a-nano-mallocr.o)
                0x08006158                _malloc_r
 .text._realloc_r
                0x08006214       0x4c c:/truestudio for stm32 9.2.0/armtools/bin/../lib/gcc/arm-atollic-eabi/6.3.1/../../../../arm-atollic-eabi/lib/armv6-m\libc_nano.a(lib_a-nano-reallocr.o)
                0x08006214                _realloc_r
 .text._sbrk_r  0x08006260       0x24 c:/truestudio for stm32 9.2.0/armtools/bin/../lib/gcc/arm-atollic-eabi/6.3.1/../../../../arm-atollic-eabi/lib/armv6-m\libc_nano.a(lib_a-sbrkr.o)
                0x08006260                _sbrk_r
 .text.__malloc_lock
                0x08006284        0x2 c:/truestudio for stm32 9.2.0/armtools/bin/../lib/gcc/arm-atollic-eabi/6.3.1/../../../../arm-atollic-eabi/lib/armv6-m\libc_nano.a(lib_a-mlock.o)
                0x08006284                __malloc_lock
 .text.__malloc_unlock
                0x08006286        0x2 c:/truestudio for stm32 9.2.0/armtools/bin/../lib/gcc/arm-atollic-eabi/6.3.1/../../../../arm-atollic-eabi/lib/armv6-m\libc_nano.a(lib_a-mlock.o)
                0x08006286                __malloc_unlock
 .text._malloc_usable_size_r
                0x08006288       0x10 c:/truestudio for stm32 9.2.0/armtools/bin/../lib/gcc/arm-atollic-eabi/6.3.1/../../../../arm-atollic-eabi/lib/armv6-m\libc_nano.a(lib_a-nano-msizer.o)
                0x08006288                _malloc_usable_size_r
 .text._sbrk    0x08006298       0x20 c:/truestudio for stm32 9.2.0/armtools/bin/../lib/gcc/arm-atollic-eabi/6.3.1/../../../../arm-atollic-eabi/lib/armv6-m\libnosys.a(sbrk.o)
                0x08006298                _sbrk
 *(.glue_7)
 .glue_7        0x080062b8        0x0 linker stubs
 *(.glue_7t)
 .glue_7t       0x080062b8        0x0 linker stubs
 *(.eh_frame)
 .eh_frame      0x080062b8        0x0 c:/truestudio for stm32 9.2.0/armtools/bin/../lib/gcc/arm-atollic-eabi/6.3.1/armv6-m/crtbegin.o
 *(.init)
 .init          0x080062b8        0x4 c:/truestudio for stm32 9.2.0/armtools/bin/../lib/gcc/arm-atollic-eabi/6.3.1/armv6-m/crti.o
                0x080062b8                _init
 .init          0x080062bc        0x8 c:/truestudio for stm32 9.2.0/armtools/bin/../lib/gcc/arm-atollic-eabi/6.3.1/armv6-m/crtn.o
 *(.fini)
 .fini          0x080062c4        0x4 c:/truestudio for stm32 9.2.0/armtools/bin/../lib/gcc/arm-atollic-eabi/6.3.1/armv6-m/crti.o
                0x080062c4                _fini
 .fini          0x080062c8        0x8 c:/truestudio for stm32 9.2.0/armtools/bin/../lib/gcc/arm-atollic-eabi/6.3.1/armv6-m/crtn.o
                0x080062d0                . = ALIGN (0x4)
                0x080062d0                _etext = .

.vfp11_veneer   0x080062d0        0x0
 .vfp11_veneer  0x080062d0        0x0 linker stubs

.v4_bx          0x080062d0        0x0
 .v4_bx         0x080062d0        0x0 linker stubs

.iplt           0x080062d0        0x0
 .iplt          0x080062d0        0x0 c:/truestudio for stm32 9.2.0/armtools/bin/../lib/gcc/arm-atollic-eabi/6.3.1/armv6-m/crtbegin.o

.rodata         0x080062d0      0x44c
                0x080062d0                . = ALIGN (0x4)
 *(.rodata)
 .rodata        0x080062d0       0x20 Drivers\STM32F0xx_HAL_Driver\Src\stm32f0xx_hal_rcc.o
 .rodata        0x080062f0       0x40 c:/truestudio for stm32 9.2.0/armtools/bin/../lib/gcc/arm-atollic-eabi/6.3.1/armv6-m\libgcc.a(mulsf3.o)
 *(.rodata*)
 .rodata.AddUART_CRC.str1.1
                0x08006330        0xd Core\Src\digiTOS-Lib\digiTOS-Core.o
 .rodata.Get_ChipID.str1.1
                0x0800633d       0x13 Core\Src\digiTOS-Lib\digiTOS-Core.o
 .rodata.Get_FlashSize.str1.1
                0x08006350       0x11 Core\Src\digiTOS-Lib\digiTOS-Core.o
 .rodata.Get_Version.str1.1
                0x08006361       0x16 Core\Src\digiTOS-Lib\digiTOS-Core.o
 .rodata.PrintCurrentState.str1.1
                0x08006377       0x5e Core\Src\digiTOS-Lib\digiTOS-Core.o
 .rodata.main.str1.1
                0x080063d5       0x48 Core\Src\main.o
 .rodata.AHBPrescTable
                0x0800641d       0x10 Core\Src\system_stm32f0xx.o
                0x0800641d                AHBPrescTable
 .rodata.APBPrescTable
                0x0800642d        0x8 Core\Src\system_stm32f0xx.o
                0x0800642d                APBPrescTable
 .rodata.ADC_ConversionStop.str1.1
                0x08006435       0x38 Drivers\STM32F0xx_HAL_Driver\Src\stm32f0xx_hal_adc.o
 .rodata.HAL_NVIC_SetPriority.str1.1
                0x0800646d       0x3b Drivers\STM32F0xx_HAL_Driver\Src\stm32f0xx_hal_cortex.o
 .rodata.HAL_CRC_Init.str1.1
                0x080064a8       0x38 Drivers\STM32F0xx_HAL_Driver\Src\stm32f0xx_hal_crc.o
 .rodata.HAL_DMA_Init.str1.1
                0x080064e0       0x38 Drivers\STM32F0xx_HAL_Driver\Src\stm32f0xx_hal_dma.o
 .rodata.HAL_GPIO_Init.str1.1
                0x08006518       0x39 Drivers\STM32F0xx_HAL_Driver\Src\stm32f0xx_hal_gpio.o
 .rodata.HAL_I2CEx_ConfigAnalogFilter.str1.1
                0x08006551       0x3b Drivers\STM32F0xx_HAL_Driver\Src\stm32f0xx_hal_i2c_ex.o
 .rodata.HAL_IWDG_Init.str1.1
                0x0800658c       0x39 Drivers\STM32F0xx_HAL_Driver\Src\stm32f0xx_hal_iwdg.o
 .rodata.HAL_RCC_OscConfig.str1.1
                0x080065c5       0x38 Drivers\STM32F0xx_HAL_Driver\Src\stm32f0xx_hal_rcc.o
 .rodata.HAL_RCCEx_PeriphCLKConfig.str1.1
                0x080065fd       0x3b Drivers\STM32F0xx_HAL_Driver\Src\stm32f0xx_hal_rcc_ex.o
 .rodata.TIM_OC1_SetConfig.str1.1
                0x08006638       0x38 Drivers\STM32F0xx_HAL_Driver\Src\stm32f0xx_hal_tim.o
 .rodata.HAL_TIMEx_HallSensor_Init.str1.1
                0x08006670       0x3b Drivers\STM32F0xx_HAL_Driver\Src\stm32f0xx_hal_tim_ex.o
 .rodata.CSWTCH.50
                0x080066ab        0x4 Drivers\STM32F0xx_HAL_Driver\Src\stm32f0xx_hal_uart.o
 .rodata.HAL_UART_DeInit.str1.1
                0x080066af       0x39 Drivers\STM32F0xx_HAL_Driver\Src\stm32f0xx_hal_uart.o
 .rodata._svfprintf_r.str1.1
                0x080066e8       0x11 c:/truestudio for stm32 9.2.0/armtools/bin/../lib/gcc/arm-atollic-eabi/6.3.1/../../../../arm-atollic-eabi/lib/armv6-m\libc_nano.a(lib_a-nano-svfprintf.o)
 .rodata._printf_i.str1.1
                0x080066f9       0x22 c:/truestudio for stm32 9.2.0/armtools/bin/../lib/gcc/arm-atollic-eabi/6.3.1/../../../../arm-atollic-eabi/lib/armv6-m\libc_nano.a(lib_a-nano-vfprintf_i.o)
                0x0800671c                . = ALIGN (0x4)
 *fill*         0x0800671b        0x1 

.rel.dyn        0x0800671c        0x0
 .rel.iplt      0x0800671c        0x0 c:/truestudio for stm32 9.2.0/armtools/bin/../lib/gcc/arm-atollic-eabi/6.3.1/armv6-m/crtbegin.o

.ARM.extab
 *(.ARM.extab* .gnu.linkonce.armextab.*)

.ARM            0x0800671c        0x0
                0x0800671c                __exidx_start = .
 *(.ARM.exidx*)
                0x0800671c                __exidx_end = .

.preinit_array  0x0800671c        0x0
                0x0800671c                PROVIDE (__preinit_array_start, .)
 *(.preinit_array*)
                0x0800671c                PROVIDE (__preinit_array_end, .)

.init_array     0x0800671c        0x4
                0x0800671c                PROVIDE (__init_array_start, .)
 *(SORT(.init_array.*))
 *(.init_array*)
 .init_array    0x0800671c        0x4 c:/truestudio for stm32 9.2.0/armtools/bin/../lib/gcc/arm-atollic-eabi/6.3.1/armv6-m/crtbegin.o
                0x08006720                PROVIDE (__init_array_end, .)

.fini_array     0x08006720        0x4
                [!provide]                PROVIDE (__fini_array_start, .)
 *(SORT(.fini_array.*))
 *(.fini_array*)
 .fini_array    0x08006720        0x4 c:/truestudio for stm32 9.2.0/armtools/bin/../lib/gcc/arm-atollic-eabi/6.3.1/armv6-m/crtbegin.o
                [!provide]                PROVIDE (__fini_array_end, .)
                0x08006724                _sidata = LOADADDR (.data)

.data           0x20000000      0x29c load address 0x08006724
                0x20000000                . = ALIGN (0x4)
                0x20000000                _sdata = .
 *(.data)
 *(.data*)
 .data.Sin_Amp_ind
                0x20000000       0x10 Core\Src\digiTOS-Lib\digiTOS-Configuration.o
                0x20000000                Sin_Amp_ind
 .data.Sine_Amplitude_1
                0x20000010        0x4 Core\Src\digiTOS-Lib\digiTOS-Configuration.o
                0x20000010                Sine_Amplitude_1
 .data.Sine_Amplitude_2
                0x20000014        0x4 Core\Src\digiTOS-Lib\digiTOS-Configuration.o
                0x20000014                Sine_Amplitude_2
 .data.Sine_Amplitude_3
                0x20000018        0x4 Core\Src\digiTOS-Lib\digiTOS-Configuration.o
                0x20000018                Sine_Amplitude_3
 .data.Sine_Amplitude_4
                0x2000001c        0x4 Core\Src\digiTOS-Lib\digiTOS-Configuration.o
                0x2000001c                Sine_Amplitude_4
 .data.V_1      0x20000020        0x4 Core\Src\digiTOS-Lib\digiTOS-Configuration.o
                0x20000020                V_1
 .data.V_2      0x20000024        0x4 Core\Src\digiTOS-Lib\digiTOS-Configuration.o
                0x20000024                V_2
 .data.V_3      0x20000028        0x4 Core\Src\digiTOS-Lib\digiTOS-Configuration.o
                0x20000028                V_3
 .data.V_4      0x2000002c        0x4 Core\Src\digiTOS-Lib\digiTOS-Configuration.o
                0x2000002c                V_4
 .data.V_Cnt    0x20000030       0x10 Core\Src\digiTOS-Lib\digiTOS-Configuration.o
                0x20000030                V_Cnt
 .data.amp1_target
                0x20000040        0x4 Core\Src\digiTOS-Lib\digiTOS-Configuration.o
                0x20000040                amp1_target
 .data.amp2_target
                0x20000044        0x4 Core\Src\digiTOS-Lib\digiTOS-Configuration.o
                0x20000044                amp2_target
 .data.amp3_target
                0x20000048        0x4 Core\Src\digiTOS-Lib\digiTOS-Configuration.o
                0x20000048                amp3_target
 .data.amp4_target
                0x2000004c        0x4 Core\Src\digiTOS-Lib\digiTOS-Configuration.o
                0x2000004c                amp4_target
 .data.sin_data
                0x20000050      0x1e0 Core\Src\digiTOS-Lib\digiTOS-Configuration.o
                0x20000050                sin_data
 .data.huart1_finished_tx
                0x20000230        0x4 Core\Src\digiTOS-Lib\digiTOS-Core.o
                0x20000230                huart1_finished_tx
 .data.SystemCoreClock
                0x20000234        0x4 Core\Src\system_stm32f0xx.o
                0x20000234                SystemCoreClock
 .data._impure_ptr
                0x20000238        0x4 c:/truestudio for stm32 9.2.0/armtools/bin/../lib/gcc/arm-atollic-eabi/6.3.1/../../../../arm-atollic-eabi/lib/armv6-m\libc_nano.a(lib_a-impure.o)
                0x20000238                _impure_ptr
 .data.impure_data
                0x2000023c       0x60 c:/truestudio for stm32 9.2.0/armtools/bin/../lib/gcc/arm-atollic-eabi/6.3.1/../../../../arm-atollic-eabi/lib/armv6-m\libc_nano.a(lib_a-impure.o)
                0x2000029c                . = ALIGN (0x4)
                0x2000029c                _edata = .

.igot.plt       0x2000029c        0x0 load address 0x080069c0
 .igot.plt      0x2000029c        0x0 c:/truestudio for stm32 9.2.0/armtools/bin/../lib/gcc/arm-atollic-eabi/6.3.1/armv6-m/crtbegin.o
                0x2000029c                . = ALIGN (0x4)

.bss            0x200002a0      0x42c load address 0x080069c0
                0x200002a0                _sbss = .
                0x200002a0                __bss_start__ = _sbss
 *(.bss)
 .bss           0x200002a0       0x1c c:/truestudio for stm32 9.2.0/armtools/bin/../lib/gcc/arm-atollic-eabi/6.3.1/armv6-m/crtbegin.o
 *(.bss*)
 .bss.AMP_BLOCKED
                0x200002bc        0x4 Core\Src\digiTOS-Lib\digiTOS-Configuration.o
                0x200002bc                AMP_BLOCKED
 .bss.AMP_PROTECTION_CNT
                0x200002c0        0x4 Core\Src\digiTOS-Lib\digiTOS-Configuration.o
                0x200002c0                AMP_PROTECTION_CNT
 .bss.AMP_PROTECTION_CNT_BEFORESTART
                0x200002c4        0x4 Core\Src\digiTOS-Lib\digiTOS-Configuration.o
                0x200002c4                AMP_PROTECTION_CNT_BEFORESTART
 .bss.DC_BLOCKED
                0x200002c8        0x4 Core\Src\digiTOS-Lib\digiTOS-Configuration.o
                0x200002c8                DC_BLOCKED
 .bss.DC_Data   0x200002cc        0x4 Core\Src\digiTOS-Lib\digiTOS-Configuration.o
                0x200002cc                DC_Data
 .bss.DC_DataAverage
                0x200002d0        0x4 Core\Src\digiTOS-Lib\digiTOS-Configuration.o
                0x200002d0                DC_DataAverage
 .bss.DC_DataCnt
                0x200002d4        0x4 Core\Src\digiTOS-Lib\digiTOS-Configuration.o
                0x200002d4                DC_DataCnt
 .bss.DC_PROTECTION_CNT
                0x200002d8        0x4 Core\Src\digiTOS-Lib\digiTOS-Configuration.o
                0x200002d8                DC_PROTECTION_CNT
 .bss.DC_PROTECTION_CNT_BEFORESTART
                0x200002dc        0x4 Core\Src\digiTOS-Lib\digiTOS-Configuration.o
                0x200002dc                DC_PROTECTION_CNT_BEFORESTART
 .bss.sinStatus
                0x200002e0        0x1 Core\Src\digiTOS-Lib\digiTOS-Configuration.o
                0x200002e0                sinStatus
 *fill*         0x200002e1        0x1 
 .bss.sin_step  0x200002e2        0x2 Core\Src\digiTOS-Lib\digiTOS-Configuration.o
                0x200002e2                sin_step
 .bss.BoardStatus
                0x200002e4        0x1 Core\Src\digiTOS-Lib\digiTOS-Core.o
                0x200002e4                BoardStatus
 *fill*         0x200002e5        0x3 
 .bss.DevMode1  0x200002e8        0x4 Core\Src\digiTOS-Lib\digiTOS-Core.o
                0x200002e8                DevMode1
 .bss.FaultWaitCnt
                0x200002ec        0x4 Core\Src\digiTOS-Lib\digiTOS-Core.o
                0x200002ec                FaultWaitCnt
 .bss.RstCnt    0x200002f0        0x4 Core\Src\digiTOS-Lib\digiTOS-Core.o
                0x200002f0                RstCnt
 .bss.SinWave   0x200002f4        0x1 Core\Src\digiTOS-Lib\digiTOS-Core.o
                0x200002f4                SinWave
 *fill*         0x200002f5        0x3 
 .bss.__malloc_free_list
                0x200002f8        0x4 c:/truestudio for stm32 9.2.0/armtools/bin/../lib/gcc/arm-atollic-eabi/6.3.1/../../../../arm-atollic-eabi/lib/armv6-m\libc_nano.a(lib_a-nano-mallocr.o)
                0x200002f8                __malloc_free_list
 .bss.__malloc_sbrk_start
                0x200002fc        0x4 c:/truestudio for stm32 9.2.0/armtools/bin/../lib/gcc/arm-atollic-eabi/6.3.1/../../../../arm-atollic-eabi/lib/armv6-m\libc_nano.a(lib_a-nano-mallocr.o)
                0x200002fc                __malloc_sbrk_start
 .bss.heap_end.4116
                0x20000300        0x4 c:/truestudio for stm32 9.2.0/armtools/bin/../lib/gcc/arm-atollic-eabi/6.3.1/../../../../arm-atollic-eabi/lib/armv6-m\libnosys.a(sbrk.o)
 *(COMMON)
 COMMON         0x20000304       0x90 Core\Src\adc.o
                0x20000304                hdma_adc
                0x20000348                hadc
 COMMON         0x20000394       0x24 Core\Src\crc.o
                0x20000394                hcrc
 COMMON         0x200003b8       0x12 Core\Src\digiTOS-Lib\digiTOS-Configuration.o
                0x200003b8                ADC_Cnt
                0x200003c4                ADC_Data
 *fill*         0x200003ca        0x2 
 COMMON         0x200003cc       0xcc Core\Src\digiTOS-Lib\digiTOS-Core.o
                0x200003cc                uart_buff
                0x20000430                DevModeKey
                0x2000044c                crc_buff
                0x20000460                FaultFlag
                0x2000047c                DevModeKey2
 COMMON         0x20000498       0x10 Core\Src\iwdg.o
                0x20000498                hiwdg
 COMMON         0x200004a8      0x100 Core\Src\tim.o
                0x200004a8                htim3
                0x200004e8                htim1
                0x20000528                htim14
                0x20000568                htim16
 COMMON         0x200005a8       0xf8 Core\Src\usart.o
                0x200005a8                hdma_usart1_tx
                0x200005ec                hdma_usart1_rx
                0x20000630                huart1
 COMMON         0x200006a0        0x4 Drivers\STM32F0xx_HAL_Driver\Src\stm32f0xx_hal.o
                0x200006a0                uwTick
 *fill*         0x200006a4        0x4 
 COMMON         0x200006a8       0x20 Drivers\STM32F0xx_HAL_Driver\Src\stm32f0xx_hal_flash.o
                0x200006a8                pFlash
 COMMON         0x200006c8        0x4 c:/truestudio for stm32 9.2.0/armtools/bin/../lib/gcc/arm-atollic-eabi/6.3.1/../../../../arm-atollic-eabi/lib/armv6-m\libc_nano.a(lib_a-reent.o)
                0x200006c8                errno
                0x200006cc                . = ALIGN (0x4)
                0x200006cc                _ebss = .
                0x200006cc                __bss_end__ = _ebss

._user_heap_stack
                0x200006cc      0x600 load address 0x080069c0
                0x200006cc                . = ALIGN (0x4)
                0x200006cc                PROVIDE (end, .)
                [!provide]                PROVIDE (_end, .)
                0x200008cc                . = (. + _Min_Heap_Size)
 *fill*         0x200006cc      0x200 
                0x20000ccc                . = (. + _Min_Stack_Size)
 *fill*         0x200008cc      0x400 
                0x20000ccc                . = ALIGN (0x4)

/DISCARD/
 libc.a(*)
 libm.a(*)
 libgcc.a(*)

.ARM.attributes
                0x00000000       0x28
 *(.ARM.attributes)
 .ARM.attributes
                0x00000000       0x1e c:/truestudio for stm32 9.2.0/armtools/bin/../lib/gcc/arm-atollic-eabi/6.3.1/armv6-m/crti.o
 .ARM.attributes
                0x0000001e       0x2c c:/truestudio for stm32 9.2.0/armtools/bin/../lib/gcc/arm-atollic-eabi/6.3.1/armv6-m/crtbegin.o
 .ARM.attributes
                0x0000004a       0x31 Core\Src\adc.o
 .ARM.attributes
                0x0000007b       0x31 Core\Src\crc.o
 .ARM.attributes
                0x000000ac       0x31 Core\Src\digiTOS-Lib\digiTOS-ADC.o
 .ARM.attributes
                0x000000dd       0x31 Core\Src\digiTOS-Lib\digiTOS-Configuration.o
 .ARM.attributes
                0x0000010e       0x31 Core\Src\digiTOS-Lib\digiTOS-Core.o
 .ARM.attributes
                0x0000013f       0x31 Core\Src\digiTOS-Lib\digiTOS-Generator.o
 .ARM.attributes
                0x00000170       0x31 Core\Src\digiTOS-Lib\digiTOS-Sinus.o
 .ARM.attributes
                0x000001a1       0x31 Core\Src\digiTOS-Lib\stm32f0xx_hal_buttons.o
 .ARM.attributes
                0x000001d2       0x31 Core\Src\dma.o
 .ARM.attributes
                0x00000203       0x31 Core\Src\gpio.o
 .ARM.attributes
                0x00000234       0x31 Core\Src\iwdg.o
 .ARM.attributes
                0x00000265       0x31 Core\Src\main.o
 .ARM.attributes
                0x00000296       0x31 Core\Src\stm32f0xx_hal_msp.o
 .ARM.attributes
                0x000002c7       0x31 Core\Src\stm32f0xx_it.o
 .ARM.attributes
                0x000002f8       0x31 Core\Src\system_stm32f0xx.o
 .ARM.attributes
                0x00000329       0x31 Core\Src\tim.o
 .ARM.attributes
                0x0000035a       0x31 Core\Src\usart.o
 .ARM.attributes
                0x0000038b       0x31 Drivers\STM32F0xx_HAL_Driver\Src\stm32f0xx_hal.o
 .ARM.attributes
                0x000003bc       0x31 Drivers\STM32F0xx_HAL_Driver\Src\stm32f0xx_hal_adc.o
 .ARM.attributes
                0x000003ed       0x31 Drivers\STM32F0xx_HAL_Driver\Src\stm32f0xx_hal_cortex.o
 .ARM.attributes
                0x0000041e       0x31 Drivers\STM32F0xx_HAL_Driver\Src\stm32f0xx_hal_crc.o
 .ARM.attributes
                0x0000044f       0x31 Drivers\STM32F0xx_HAL_Driver\Src\stm32f0xx_hal_crc_ex.o
 .ARM.attributes
                0x00000480       0x31 Drivers\STM32F0xx_HAL_Driver\Src\stm32f0xx_hal_dma.o
 .ARM.attributes
                0x000004b1       0x31 Drivers\STM32F0xx_HAL_Driver\Src\stm32f0xx_hal_flash.o
 .ARM.attributes
                0x000004e2       0x31 Drivers\STM32F0xx_HAL_Driver\Src\stm32f0xx_hal_flash_ex.o
 .ARM.attributes
                0x00000513       0x31 Drivers\STM32F0xx_HAL_Driver\Src\stm32f0xx_hal_gpio.o
 .ARM.attributes
                0x00000544       0x31 Drivers\STM32F0xx_HAL_Driver\Src\stm32f0xx_hal_i2c_ex.o
 .ARM.attributes
                0x00000575       0x31 Drivers\STM32F0xx_HAL_Driver\Src\stm32f0xx_hal_iwdg.o
 .ARM.attributes
                0x000005a6       0x31 Drivers\STM32F0xx_HAL_Driver\Src\stm32f0xx_hal_rcc.o
 .ARM.attributes
                0x000005d7       0x31 Drivers\STM32F0xx_HAL_Driver\Src\stm32f0xx_hal_rcc_ex.o
 .ARM.attributes
                0x00000608       0x31 Drivers\STM32F0xx_HAL_Driver\Src\stm32f0xx_hal_tim.o
 .ARM.attributes
                0x00000639       0x31 Drivers\STM32F0xx_HAL_Driver\Src\stm32f0xx_hal_tim_ex.o
 .ARM.attributes
                0x0000066a       0x31 Drivers\STM32F0xx_HAL_Driver\Src\stm32f0xx_hal_uart.o
 .ARM.attributes
                0x0000069b       0x21 startup\startup_stm32f030x6.o
 .ARM.attributes
                0x000006bc       0x2c c:/truestudio for stm32 9.2.0/armtools/bin/../lib/gcc/arm-atollic-eabi/6.3.1/../../../../arm-atollic-eabi/lib/armv6-m\libc_nano.a(lib_a-init.o)
 .ARM.attributes
                0x000006e8       0x2c c:/truestudio for stm32 9.2.0/armtools/bin/../lib/gcc/arm-atollic-eabi/6.3.1/../../../../arm-atollic-eabi/lib/armv6-m\libc_nano.a(lib_a-memcpy-stub.o)
 .ARM.attributes
                0x00000714       0x2c c:/truestudio for stm32 9.2.0/armtools/bin/../lib/gcc/arm-atollic-eabi/6.3.1/../../../../arm-atollic-eabi/lib/armv6-m\libc_nano.a(lib_a-memset.o)
 .ARM.attributes
                0x00000740       0x2c c:/truestudio for stm32 9.2.0/armtools/bin/../lib/gcc/arm-atollic-eabi/6.3.1/../../../../arm-atollic-eabi/lib/armv6-m\libc_nano.a(lib_a-sprintf.o)
 .ARM.attributes
                0x0000076c       0x2c c:/truestudio for stm32 9.2.0/armtools/bin/../lib/gcc/arm-atollic-eabi/6.3.1/../../../../arm-atollic-eabi/lib/armv6-m\libc_nano.a(lib_a-strcat.o)
 .ARM.attributes
                0x00000798       0x2c c:/truestudio for stm32 9.2.0/armtools/bin/../lib/gcc/arm-atollic-eabi/6.3.1/../../../../arm-atollic-eabi/lib/armv6-m\libc_nano.a(lib_a-strcpy.o)
 .ARM.attributes
                0x000007c4       0x2c c:/truestudio for stm32 9.2.0/armtools/bin/../lib/gcc/arm-atollic-eabi/6.3.1/../../../../arm-atollic-eabi/lib/armv6-m\libc_nano.a(lib_a-impure.o)
 .ARM.attributes
                0x000007f0       0x2c c:/truestudio for stm32 9.2.0/armtools/bin/../lib/gcc/arm-atollic-eabi/6.3.1/../../../../arm-atollic-eabi/lib/armv6-m\libc_nano.a(lib_a-nano-svfprintf.o)
 .ARM.attributes
                0x0000081c       0x2c c:/truestudio for stm32 9.2.0/armtools/bin/../lib/gcc/arm-atollic-eabi/6.3.1/../../../../arm-atollic-eabi/lib/armv6-m\libc_nano.a(lib_a-nano-vfprintf_i.o)
 .ARM.attributes
                0x00000848       0x2c c:/truestudio for stm32 9.2.0/armtools/bin/../lib/gcc/arm-atollic-eabi/6.3.1/../../../../arm-atollic-eabi/lib/armv6-m\libc_nano.a(lib_a-memchr-stub.o)
 .ARM.attributes
                0x00000874       0x2c c:/truestudio for stm32 9.2.0/armtools/bin/../lib/gcc/arm-atollic-eabi/6.3.1/../../../../arm-atollic-eabi/lib/armv6-m\libc_nano.a(lib_a-memmove.o)
 .ARM.attributes
                0x000008a0       0x2c c:/truestudio for stm32 9.2.0/armtools/bin/../lib/gcc/arm-atollic-eabi/6.3.1/../../../../arm-atollic-eabi/lib/armv6-m\libc_nano.a(lib_a-nano-freer.o)
 .ARM.attributes
                0x000008cc       0x2c c:/truestudio for stm32 9.2.0/armtools/bin/../lib/gcc/arm-atollic-eabi/6.3.1/../../../../arm-atollic-eabi/lib/armv6-m\libc_nano.a(lib_a-nano-mallocr.o)
 .ARM.attributes
                0x000008f8       0x2c c:/truestudio for stm32 9.2.0/armtools/bin/../lib/gcc/arm-atollic-eabi/6.3.1/../../../../arm-atollic-eabi/lib/armv6-m\libc_nano.a(lib_a-nano-reallocr.o)
 .ARM.attributes
                0x00000924       0x2c c:/truestudio for stm32 9.2.0/armtools/bin/../lib/gcc/arm-atollic-eabi/6.3.1/../../../../arm-atollic-eabi/lib/armv6-m\libc_nano.a(lib_a-sbrkr.o)
 .ARM.attributes
                0x00000950       0x2c c:/truestudio for stm32 9.2.0/armtools/bin/../lib/gcc/arm-atollic-eabi/6.3.1/../../../../arm-atollic-eabi/lib/armv6-m\libc_nano.a(lib_a-mlock.o)
 .ARM.attributes
                0x0000097c       0x2c c:/truestudio for stm32 9.2.0/armtools/bin/../lib/gcc/arm-atollic-eabi/6.3.1/../../../../arm-atollic-eabi/lib/armv6-m\libc_nano.a(lib_a-nano-msizer.o)
 .ARM.attributes
                0x000009a8       0x2c c:/truestudio for stm32 9.2.0/armtools/bin/../lib/gcc/arm-atollic-eabi/6.3.1/../../../../arm-atollic-eabi/lib/armv6-m\libc_nano.a(lib_a-reent.o)
 .ARM.attributes
                0x000009d4       0x1e c:/truestudio for stm32 9.2.0/armtools/bin/../lib/gcc/arm-atollic-eabi/6.3.1/armv6-m\libgcc.a(_thumb1_case_uqi.o)
 .ARM.attributes
                0x000009f2       0x1e c:/truestudio for stm32 9.2.0/armtools/bin/../lib/gcc/arm-atollic-eabi/6.3.1/armv6-m\libgcc.a(_udivsi3.o)
 .ARM.attributes
                0x00000a10       0x1e c:/truestudio for stm32 9.2.0/armtools/bin/../lib/gcc/arm-atollic-eabi/6.3.1/armv6-m\libgcc.a(_dvmd_tls.o)
 .ARM.attributes
                0x00000a2e       0x1e c:/truestudio for stm32 9.2.0/armtools/bin/../lib/gcc/arm-atollic-eabi/6.3.1/armv6-m\libgcc.a(_arm_cmpsf2.o)
 .ARM.attributes
                0x00000a4c       0x2c c:/truestudio for stm32 9.2.0/armtools/bin/../lib/gcc/arm-atollic-eabi/6.3.1/armv6-m\libgcc.a(_fixunssfsi.o)
 .ARM.attributes
                0x00000a78       0x2c c:/truestudio for stm32 9.2.0/armtools/bin/../lib/gcc/arm-atollic-eabi/6.3.1/armv6-m\libgcc.a(addsf3.o)
 .ARM.attributes
                0x00000aa4       0x2c c:/truestudio for stm32 9.2.0/armtools/bin/../lib/gcc/arm-atollic-eabi/6.3.1/armv6-m\libgcc.a(eqsf2.o)
 .ARM.attributes
                0x00000ad0       0x2c c:/truestudio for stm32 9.2.0/armtools/bin/../lib/gcc/arm-atollic-eabi/6.3.1/armv6-m\libgcc.a(gesf2.o)
 .ARM.attributes
                0x00000afc       0x2c c:/truestudio for stm32 9.2.0/armtools/bin/../lib/gcc/arm-atollic-eabi/6.3.1/armv6-m\libgcc.a(lesf2.o)
 .ARM.attributes
                0x00000b28       0x2c c:/truestudio for stm32 9.2.0/armtools/bin/../lib/gcc/arm-atollic-eabi/6.3.1/armv6-m\libgcc.a(mulsf3.o)
 .ARM.attributes
                0x00000b54       0x2c c:/truestudio for stm32 9.2.0/armtools/bin/../lib/gcc/arm-atollic-eabi/6.3.1/armv6-m\libgcc.a(subsf3.o)
 .ARM.attributes
                0x00000b80       0x2c c:/truestudio for stm32 9.2.0/armtools/bin/../lib/gcc/arm-atollic-eabi/6.3.1/armv6-m\libgcc.a(fixsfsi.o)
 .ARM.attributes
                0x00000bac       0x2c c:/truestudio for stm32 9.2.0/armtools/bin/../lib/gcc/arm-atollic-eabi/6.3.1/armv6-m\libgcc.a(floatsisf.o)
 .ARM.attributes
                0x00000bd8       0x2c c:/truestudio for stm32 9.2.0/armtools/bin/../lib/gcc/arm-atollic-eabi/6.3.1/armv6-m\libgcc.a(floatunsisf.o)
 .ARM.attributes
                0x00000c04       0x1e c:/truestudio for stm32 9.2.0/armtools/bin/../lib/gcc/arm-atollic-eabi/6.3.1/armv6-m\libgcc.a(_clzsi2.o)
 .ARM.attributes
                0x00000c22       0x2c c:/truestudio for stm32 9.2.0/armtools/bin/../lib/gcc/arm-atollic-eabi/6.3.1/../../../../arm-atollic-eabi/lib/armv6-m\libnosys.a(sbrk.o)
 .ARM.attributes
                0x00000c4e       0x1e c:/truestudio for stm32 9.2.0/armtools/bin/../lib/gcc/arm-atollic-eabi/6.3.1/armv6-m/crtn.o
OUTPUT(digiTOS-COMOD-SinBoard-CODE.elf elf32-littlearm)

.debug_info     0x00000000    0x29dee
 .debug_info    0x00000000     0x11f0 Core\Src\adc.o
 .debug_info    0x000011f0      0xc97 Core\Src\crc.o
 .debug_info    0x00001e87     0x1709 Core\Src\digiTOS-Lib\digiTOS-ADC.o
 .debug_info    0x00003590      0xc74 Core\Src\digiTOS-Lib\digiTOS-Configuration.o
 .debug_info    0x00004204     0x18a4 Core\Src\digiTOS-Lib\digiTOS-Core.o
 .debug_info    0x00005aa8     0x19da Core\Src\digiTOS-Lib\digiTOS-Generator.o
 .debug_info    0x00007482     0x13bd Core\Src\digiTOS-Lib\digiTOS-Sinus.o
 .debug_info    0x0000883f      0xcbb Core\Src\digiTOS-Lib\stm32f0xx_hal_buttons.o
 .debug_info    0x000094fa      0xaeb Core\Src\dma.o
 .debug_info    0x00009fe5      0xc5f Core\Src\gpio.o
 .debug_info    0x0000ac44      0xa54 Core\Src\iwdg.o
 .debug_info    0x0000b698     0x24e1 Core\Src\main.o
 .debug_info    0x0000db79      0xa16 Core\Src\stm32f0xx_hal_msp.o
 .debug_info    0x0000e58f     0x1c22 Core\Src\stm32f0xx_it.o
 .debug_info    0x000101b1      0xa67 Core\Src\system_stm32f0xx.o
 .debug_info    0x00010c18     0x182d Core\Src\tim.o
 .debug_info    0x00012445     0x1347 Core\Src\usart.o
 .debug_info    0x0001378c      0xe2b Drivers\STM32F0xx_HAL_Driver\Src\stm32f0xx_hal.o
 .debug_info    0x000145b7     0x1b1e Drivers\STM32F0xx_HAL_Driver\Src\stm32f0xx_hal_adc.o
 .debug_info    0x000160d5     0x10b2 Drivers\STM32F0xx_HAL_Driver\Src\stm32f0xx_hal_cortex.o
 .debug_info    0x00017187      0xea9 Drivers\STM32F0xx_HAL_Driver\Src\stm32f0xx_hal_crc.o
 .debug_info    0x00018030      0xbc4 Drivers\STM32F0xx_HAL_Driver\Src\stm32f0xx_hal_crc_ex.o
 .debug_info    0x00018bf4     0x1169 Drivers\STM32F0xx_HAL_Driver\Src\stm32f0xx_hal_dma.o
 .debug_info    0x00019d5d      0xeda Drivers\STM32F0xx_HAL_Driver\Src\stm32f0xx_hal_flash.o
 .debug_info    0x0001ac37     0x1345 Drivers\STM32F0xx_HAL_Driver\Src\stm32f0xx_hal_flash_ex.o
 .debug_info    0x0001bf7c     0x100d Drivers\STM32F0xx_HAL_Driver\Src\stm32f0xx_hal_gpio.o
 .debug_info    0x0001cf89     0x10df Drivers\STM32F0xx_HAL_Driver\Src\stm32f0xx_hal_i2c_ex.o
 .debug_info    0x0001e068      0xb19 Drivers\STM32F0xx_HAL_Driver\Src\stm32f0xx_hal_iwdg.o
 .debug_info    0x0001eb81     0x145c Drivers\STM32F0xx_HAL_Driver\Src\stm32f0xx_hal_rcc.o
 .debug_info    0x0001ffdd      0xc8b Drivers\STM32F0xx_HAL_Driver\Src\stm32f0xx_hal_rcc_ex.o
 .debug_info    0x00020c68     0x4d0f Drivers\STM32F0xx_HAL_Driver\Src\stm32f0xx_hal_tim.o
 .debug_info    0x00025977     0x20b0 Drivers\STM32F0xx_HAL_Driver\Src\stm32f0xx_hal_tim_ex.o
 .debug_info    0x00027a27     0x2326 Drivers\STM32F0xx_HAL_Driver\Src\stm32f0xx_hal_uart.o
 .debug_info    0x00029d4d       0xa1 startup\startup_stm32f030x6.o

.debug_abbrev   0x00000000     0x5334
 .debug_abbrev  0x00000000      0x226 Core\Src\adc.o
 .debug_abbrev  0x00000226      0x228 Core\Src\crc.o
 .debug_abbrev  0x0000044e      0x2d6 Core\Src\digiTOS-Lib\digiTOS-ADC.o
 .debug_abbrev  0x00000724      0x190 Core\Src\digiTOS-Lib\digiTOS-Configuration.o
 .debug_abbrev  0x000008b4      0x2d1 Core\Src\digiTOS-Lib\digiTOS-Core.o
 .debug_abbrev  0x00000b85      0x209 Core\Src\digiTOS-Lib\digiTOS-Generator.o
 .debug_abbrev  0x00000d8e      0x240 Core\Src\digiTOS-Lib\digiTOS-Sinus.o
 .debug_abbrev  0x00000fce      0x283 Core\Src\digiTOS-Lib\stm32f0xx_hal_buttons.o
 .debug_abbrev  0x00001251      0x1f5 Core\Src\dma.o
 .debug_abbrev  0x00001446      0x20a Core\Src\gpio.o
 .debug_abbrev  0x00001650      0x1e1 Core\Src\iwdg.o
 .debug_abbrev  0x00001831      0x2de Core\Src\main.o
 .debug_abbrev  0x00001b0f      0x1a4 Core\Src\stm32f0xx_hal_msp.o
 .debug_abbrev  0x00001cb3      0x288 Core\Src\stm32f0xx_it.o
 .debug_abbrev  0x00001f3b      0x1ca Core\Src\system_stm32f0xx.o
 .debug_abbrev  0x00002105      0x281 Core\Src\tim.o
 .debug_abbrev  0x00002386      0x24b Core\Src\usart.o
 .debug_abbrev  0x000025d1      0x2d1 Drivers\STM32F0xx_HAL_Driver\Src\stm32f0xx_hal.o
 .debug_abbrev  0x000028a2      0x33d Drivers\STM32F0xx_HAL_Driver\Src\stm32f0xx_hal_adc.o
 .debug_abbrev  0x00002bdf      0x356 Drivers\STM32F0xx_HAL_Driver\Src\stm32f0xx_hal_cortex.o
 .debug_abbrev  0x00002f35      0x2a7 Drivers\STM32F0xx_HAL_Driver\Src\stm32f0xx_hal_crc.o
 .debug_abbrev  0x000031dc      0x1cb Drivers\STM32F0xx_HAL_Driver\Src\stm32f0xx_hal_crc_ex.o
 .debug_abbrev  0x000033a7      0x2c1 Drivers\STM32F0xx_HAL_Driver\Src\stm32f0xx_hal_dma.o
 .debug_abbrev  0x00003668      0x35d Drivers\STM32F0xx_HAL_Driver\Src\stm32f0xx_hal_flash.o
 .debug_abbrev  0x000039c5      0x33e Drivers\STM32F0xx_HAL_Driver\Src\stm32f0xx_hal_flash_ex.o
 .debug_abbrev  0x00003d03      0x29f Drivers\STM32F0xx_HAL_Driver\Src\stm32f0xx_hal_gpio.o
 .debug_abbrev  0x00003fa2      0x235 Drivers\STM32F0xx_HAL_Driver\Src\stm32f0xx_hal_i2c_ex.o
 .debug_abbrev  0x000041d7      0x1fd Drivers\STM32F0xx_HAL_Driver\Src\stm32f0xx_hal_iwdg.o
 .debug_abbrev  0x000043d4      0x2db Drivers\STM32F0xx_HAL_Driver\Src\stm32f0xx_hal_rcc.o
 .debug_abbrev  0x000046af      0x28e Drivers\STM32F0xx_HAL_Driver\Src\stm32f0xx_hal_rcc_ex.o
 .debug_abbrev  0x0000493d      0x380 Drivers\STM32F0xx_HAL_Driver\Src\stm32f0xx_hal_tim.o
 .debug_abbrev  0x00004cbd      0x2ed Drivers\STM32F0xx_HAL_Driver\Src\stm32f0xx_hal_tim_ex.o
 .debug_abbrev  0x00004faa      0x378 Drivers\STM32F0xx_HAL_Driver\Src\stm32f0xx_hal_uart.o
 .debug_abbrev  0x00005322       0x12 startup\startup_stm32f030x6.o

.debug_loc      0x00000000     0x9a21
 .debug_loc     0x00000000       0x58 Core\Src\adc.o
 .debug_loc     0x00000058       0x21 Core\Src\crc.o
 .debug_loc     0x00000079      0x275 Core\Src\digiTOS-Lib\digiTOS-ADC.o
 .debug_loc     0x000002ee      0x373 Core\Src\digiTOS-Lib\digiTOS-Core.o
 .debug_loc     0x00000661       0x68 Core\Src\digiTOS-Lib\digiTOS-Sinus.o
 .debug_loc     0x000006c9      0x14d Core\Src\digiTOS-Lib\stm32f0xx_hal_buttons.o
 .debug_loc     0x00000816      0x127 Core\Src\system_stm32f0xx.o
 .debug_loc     0x0000093d      0x10f Core\Src\tim.o
 .debug_loc     0x00000a4c       0x58 Core\Src\usart.o
 .debug_loc     0x00000aa4       0x7c Drivers\STM32F0xx_HAL_Driver\Src\stm32f0xx_hal.o
 .debug_loc     0x00000b20      0xa82 Drivers\STM32F0xx_HAL_Driver\Src\stm32f0xx_hal_adc.o
 .debug_loc     0x000015a2      0x380 Drivers\STM32F0xx_HAL_Driver\Src\stm32f0xx_hal_cortex.o
 .debug_loc     0x00001922      0x433 Drivers\STM32F0xx_HAL_Driver\Src\stm32f0xx_hal_crc.o
 .debug_loc     0x00001d55       0xd1 Drivers\STM32F0xx_HAL_Driver\Src\stm32f0xx_hal_crc_ex.o
 .debug_loc     0x00001e26      0x7c3 Drivers\STM32F0xx_HAL_Driver\Src\stm32f0xx_hal_dma.o
 .debug_loc     0x000025e9      0x2b2 Drivers\STM32F0xx_HAL_Driver\Src\stm32f0xx_hal_flash.o
 .debug_loc     0x0000289b      0x4f7 Drivers\STM32F0xx_HAL_Driver\Src\stm32f0xx_hal_flash_ex.o
 .debug_loc     0x00002d92      0x499 Drivers\STM32F0xx_HAL_Driver\Src\stm32f0xx_hal_gpio.o
 .debug_loc     0x0000322b      0x16c Drivers\STM32F0xx_HAL_Driver\Src\stm32f0xx_hal_i2c_ex.o
 .debug_loc     0x00003397       0x76 Drivers\STM32F0xx_HAL_Driver\Src\stm32f0xx_hal_iwdg.o
 .debug_loc     0x0000340d      0x4b4 Drivers\STM32F0xx_HAL_Driver\Src\stm32f0xx_hal_rcc.o
 .debug_loc     0x000038c1      0x1e6 Drivers\STM32F0xx_HAL_Driver\Src\stm32f0xx_hal_rcc_ex.o
 .debug_loc     0x00003aa7     0x38df Drivers\STM32F0xx_HAL_Driver\Src\stm32f0xx_hal_tim.o
 .debug_loc     0x00007386     0x1265 Drivers\STM32F0xx_HAL_Driver\Src\stm32f0xx_hal_tim_ex.o
 .debug_loc     0x000085eb     0x1436 Drivers\STM32F0xx_HAL_Driver\Src\stm32f0xx_hal_uart.o

.debug_aranges  0x00000000      0xef8
 .debug_aranges
                0x00000000       0x30 Core\Src\adc.o
 .debug_aranges
                0x00000030       0x30 Core\Src\crc.o
 .debug_aranges
                0x00000060       0x50 Core\Src\digiTOS-Lib\digiTOS-ADC.o
 .debug_aranges
                0x000000b0       0x18 Core\Src\digiTOS-Lib\digiTOS-Configuration.o
 .debug_aranges
                0x000000c8       0x88 Core\Src\digiTOS-Lib\digiTOS-Core.o
 .debug_aranges
                0x00000150       0xb0 Core\Src\digiTOS-Lib\digiTOS-Generator.o
 .debug_aranges
                0x00000200       0x38 Core\Src\digiTOS-Lib\digiTOS-Sinus.o
 .debug_aranges
                0x00000238       0x40 Core\Src\digiTOS-Lib\stm32f0xx_hal_buttons.o
 .debug_aranges
                0x00000278       0x20 Core\Src\dma.o
 .debug_aranges
                0x00000298       0x20 Core\Src\gpio.o
 .debug_aranges
                0x000002b8       0x20 Core\Src\iwdg.o
 .debug_aranges
                0x000002d8       0x38 Core\Src\main.o
 .debug_aranges
                0x00000310       0x20 Core\Src\stm32f0xx_hal_msp.o
 .debug_aranges
                0x00000330       0x78 Core\Src\stm32f0xx_it.o
 .debug_aranges
                0x000003a8       0x28 Core\Src\system_stm32f0xx.o
 .debug_aranges
                0x000003d0       0x50 Core\Src\tim.o
 .debug_aranges
                0x00000420       0x30 Core\Src\usart.o
 .debug_aranges
                0x00000450       0xb0 Drivers\STM32F0xx_HAL_Driver\Src\stm32f0xx_hal.o
 .debug_aranges
                0x00000500       0xd0 Drivers\STM32F0xx_HAL_Driver\Src\stm32f0xx_hal_adc.o
 .debug_aranges
                0x000005d0       0x78 Drivers\STM32F0xx_HAL_Driver\Src\stm32f0xx_hal_cortex.o
 .debug_aranges
                0x00000648       0x58 Drivers\STM32F0xx_HAL_Driver\Src\stm32f0xx_hal_crc.o
 .debug_aranges
                0x000006a0       0x30 Drivers\STM32F0xx_HAL_Driver\Src\stm32f0xx_hal_crc_ex.o
 .debug_aranges
                0x000006d0       0x78 Drivers\STM32F0xx_HAL_Driver\Src\stm32f0xx_hal_dma.o
 .debug_aranges
                0x00000748       0x78 Drivers\STM32F0xx_HAL_Driver\Src\stm32f0xx_hal_flash.o
 .debug_aranges
                0x000007c0       0x60 Drivers\STM32F0xx_HAL_Driver\Src\stm32f0xx_hal_flash_ex.o
 .debug_aranges
                0x00000820       0x58 Drivers\STM32F0xx_HAL_Driver\Src\stm32f0xx_hal_gpio.o
 .debug_aranges
                0x00000878       0x38 Drivers\STM32F0xx_HAL_Driver\Src\stm32f0xx_hal_i2c_ex.o
 .debug_aranges
                0x000008b0       0x28 Drivers\STM32F0xx_HAL_Driver\Src\stm32f0xx_hal_iwdg.o
 .debug_aranges
                0x000008d8       0x80 Drivers\STM32F0xx_HAL_Driver\Src\stm32f0xx_hal_rcc.o
 .debug_aranges
                0x00000958       0x30 Drivers\STM32F0xx_HAL_Driver\Src\stm32f0xx_hal_rcc_ex.o
 .debug_aranges
                0x00000988      0x298 Drivers\STM32F0xx_HAL_Driver\Src\stm32f0xx_hal_tim.o
 .debug_aranges
                0x00000c20      0x128 Drivers\STM32F0xx_HAL_Driver\Src\stm32f0xx_hal_tim_ex.o
 .debug_aranges
                0x00000d48      0x188 Drivers\STM32F0xx_HAL_Driver\Src\stm32f0xx_hal_uart.o
 .debug_aranges
                0x00000ed0       0x28 startup\startup_stm32f030x6.o

.debug_ranges   0x00000000     0x1498
 .debug_ranges  0x00000000       0x68 Core\Src\adc.o
 .debug_ranges  0x00000068       0x20 Core\Src\crc.o
 .debug_ranges  0x00000088       0x58 Core\Src\digiTOS-Lib\digiTOS-ADC.o
 .debug_ranges  0x000000e0       0x78 Core\Src\digiTOS-Lib\digiTOS-Core.o
 .debug_ranges  0x00000158       0xa0 Core\Src\digiTOS-Lib\digiTOS-Generator.o
 .debug_ranges  0x000001f8       0x28 Core\Src\digiTOS-Lib\digiTOS-Sinus.o
 .debug_ranges  0x00000220       0x30 Core\Src\digiTOS-Lib\stm32f0xx_hal_buttons.o
 .debug_ranges  0x00000250       0x38 Core\Src\dma.o
 .debug_ranges  0x00000288       0xa8 Core\Src\gpio.o
 .debug_ranges  0x00000330       0x10 Core\Src\iwdg.o
 .debug_ranges  0x00000340       0x48 Core\Src\main.o
 .debug_ranges  0x00000388       0x58 Core\Src\stm32f0xx_hal_msp.o
 .debug_ranges  0x000003e0       0x68 Core\Src\stm32f0xx_it.o
 .debug_ranges  0x00000448       0x18 Core\Src\system_stm32f0xx.o
 .debug_ranges  0x00000460      0x138 Core\Src\tim.o
 .debug_ranges  0x00000598       0x70 Core\Src\usart.o
 .debug_ranges  0x00000608       0xa0 Drivers\STM32F0xx_HAL_Driver\Src\stm32f0xx_hal.o
 .debug_ranges  0x000006a8       0xc0 Drivers\STM32F0xx_HAL_Driver\Src\stm32f0xx_hal_adc.o
 .debug_ranges  0x00000768      0x118 Drivers\STM32F0xx_HAL_Driver\Src\stm32f0xx_hal_cortex.o
 .debug_ranges  0x00000880       0x48 Drivers\STM32F0xx_HAL_Driver\Src\stm32f0xx_hal_crc.o
 .debug_ranges  0x000008c8       0x20 Drivers\STM32F0xx_HAL_Driver\Src\stm32f0xx_hal_crc_ex.o
 .debug_ranges  0x000008e8       0xe8 Drivers\STM32F0xx_HAL_Driver\Src\stm32f0xx_hal_dma.o
 .debug_ranges  0x000009d0       0xb0 Drivers\STM32F0xx_HAL_Driver\Src\stm32f0xx_hal_flash.o
 .debug_ranges  0x00000a80      0x100 Drivers\STM32F0xx_HAL_Driver\Src\stm32f0xx_hal_flash_ex.o
 .debug_ranges  0x00000b80       0x70 Drivers\STM32F0xx_HAL_Driver\Src\stm32f0xx_hal_gpio.o
 .debug_ranges  0x00000bf0       0x60 Drivers\STM32F0xx_HAL_Driver\Src\stm32f0xx_hal_i2c_ex.o
 .debug_ranges  0x00000c50       0x18 Drivers\STM32F0xx_HAL_Driver\Src\stm32f0xx_hal_iwdg.o
 .debug_ranges  0x00000c68       0xa0 Drivers\STM32F0xx_HAL_Driver\Src\stm32f0xx_hal_rcc.o
 .debug_ranges  0x00000d08       0x40 Drivers\STM32F0xx_HAL_Driver\Src\stm32f0xx_hal_rcc_ex.o
 .debug_ranges  0x00000d48      0x428 Drivers\STM32F0xx_HAL_Driver\Src\stm32f0xx_hal_tim.o
 .debug_ranges  0x00001170      0x118 Drivers\STM32F0xx_HAL_Driver\Src\stm32f0xx_hal_tim_ex.o
 .debug_ranges  0x00001288      0x1f0 Drivers\STM32F0xx_HAL_Driver\Src\stm32f0xx_hal_uart.o
 .debug_ranges  0x00001478       0x20 startup\startup_stm32f030x6.o

.debug_line     0x00000000     0xb1f8
 .debug_line    0x00000000      0x305 Core\Src\adc.o
 .debug_line    0x00000305      0x27d Core\Src\crc.o
 .debug_line    0x00000582      0x3f3 Core\Src\digiTOS-Lib\digiTOS-ADC.o
 .debug_line    0x00000975      0x1d6 Core\Src\digiTOS-Lib\digiTOS-Configuration.o
 .debug_line    0x00000b4b      0x4af Core\Src\digiTOS-Lib\digiTOS-Core.o
 .debug_line    0x00000ffa      0x511 Core\Src\digiTOS-Lib\digiTOS-Generator.o
 .debug_line    0x0000150b      0x33e Core\Src\digiTOS-Lib\digiTOS-Sinus.o
 .debug_line    0x00001849      0x2d8 Core\Src\digiTOS-Lib\stm32f0xx_hal_buttons.o
 .debug_line    0x00001b21      0x207 Core\Src\dma.o
 .debug_line    0x00001d28      0x250 Core\Src\gpio.o
 .debug_line    0x00001f78      0x23a Core\Src\iwdg.o
 .debug_line    0x000021b2      0x51d Core\Src\main.o
 .debug_line    0x000026cf      0x1d7 Core\Src\stm32f0xx_hal_msp.o
 .debug_line    0x000028a6      0x52e Core\Src\stm32f0xx_it.o
 .debug_line    0x00002dd4      0x20e Core\Src\system_stm32f0xx.o
 .debug_line    0x00002fe2      0x41b Core\Src\tim.o
 .debug_line    0x000033fd      0x305 Core\Src\usart.o
 .debug_line    0x00003702      0x3ec Drivers\STM32F0xx_HAL_Driver\Src\stm32f0xx_hal.o
 .debug_line    0x00003aee      0x99d Drivers\STM32F0xx_HAL_Driver\Src\stm32f0xx_hal_adc.o
 .debug_line    0x0000448b      0x419 Drivers\STM32F0xx_HAL_Driver\Src\stm32f0xx_hal_cortex.o
 .debug_line    0x000048a4      0x418 Drivers\STM32F0xx_HAL_Driver\Src\stm32f0xx_hal_crc.o
 .debug_line    0x00004cbc      0x2b4 Drivers\STM32F0xx_HAL_Driver\Src\stm32f0xx_hal_crc_ex.o
 .debug_line    0x00004f70      0x5d7 Drivers\STM32F0xx_HAL_Driver\Src\stm32f0xx_hal_dma.o
 .debug_line    0x00005547      0x477 Drivers\STM32F0xx_HAL_Driver\Src\stm32f0xx_hal_flash.o
 .debug_line    0x000059be      0x4cc Drivers\STM32F0xx_HAL_Driver\Src\stm32f0xx_hal_flash_ex.o
 .debug_line    0x00005e8a      0x4c4 Drivers\STM32F0xx_HAL_Driver\Src\stm32f0xx_hal_gpio.o
 .debug_line    0x0000634e      0x37d Drivers\STM32F0xx_HAL_Driver\Src\stm32f0xx_hal_i2c_ex.o
 .debug_line    0x000066cb      0x2c9 Drivers\STM32F0xx_HAL_Driver\Src\stm32f0xx_hal_iwdg.o
 .debug_line    0x00006994      0x6e5 Drivers\STM32F0xx_HAL_Driver\Src\stm32f0xx_hal_rcc.o
 .debug_line    0x00007079      0x3b7 Drivers\STM32F0xx_HAL_Driver\Src\stm32f0xx_hal_rcc_ex.o
 .debug_line    0x00007430     0x21f9 Drivers\STM32F0xx_HAL_Driver\Src\stm32f0xx_hal_tim.o
 .debug_line    0x00009629      0xd03 Drivers\STM32F0xx_HAL_Driver\Src\stm32f0xx_hal_tim_ex.o
 .debug_line    0x0000a32c      0xe49 Drivers\STM32F0xx_HAL_Driver\Src\stm32f0xx_hal_uart.o
 .debug_line    0x0000b175       0x83 startup\startup_stm32f030x6.o

.debug_str      0x00000000     0x4d7b
 .debug_str     0x00000000      0xa89 Core\Src\adc.o
                                0xb67 (size before relaxing)
 .debug_str     0x00000a89      0x1b3 Core\Src\crc.o
                                0x8c0 (size before relaxing)
 .debug_str     0x00000c3c      0x6a9 Core\Src\digiTOS-Lib\digiTOS-ADC.o
                               0x107f (size before relaxing)
 .debug_str     0x000012e5       0x84 Core\Src\digiTOS-Lib\digiTOS-Configuration.o
                                0x7f8 (size before relaxing)
 .debug_str     0x00001369      0x153 Core\Src\digiTOS-Lib\digiTOS-Core.o
                               0x1000 (size before relaxing)
 .debug_str     0x000014bc      0x332 Core\Src\digiTOS-Lib\digiTOS-Generator.o
                               0x1305 (size before relaxing)
 .debug_str     0x000017ee       0x63 Core\Src\digiTOS-Lib\digiTOS-Sinus.o
                                0xecd (size before relaxing)
 .debug_str     0x00001851       0xb7 Core\Src\digiTOS-Lib\stm32f0xx_hal_buttons.o
                                0x838 (size before relaxing)
 .debug_str     0x00001908      0x192 Core\Src\dma.o
                                0x7f8 (size before relaxing)
 .debug_str     0x00001a9a       0x4f Core\Src\gpio.o
                                0x767 (size before relaxing)
 .debug_str     0x00001ae9       0x2e Core\Src\iwdg.o
                                0x6d0 (size before relaxing)
 .debug_str     0x00001b17      0x2d2 Core\Src\main.o
                               0x18cb (size before relaxing)
 .debug_str     0x00001de9       0x2c Core\Src\stm32f0xx_hal_msp.o
                                0x692 (size before relaxing)
 .debug_str     0x00001e15      0x1bb Core\Src\stm32f0xx_it.o
                               0x13fd (size before relaxing)
 .debug_str     0x00001fd0       0x5f Core\Src\system_stm32f0xx.o
                                0x6be (size before relaxing)
 .debug_str     0x0000202f      0x2be Core\Src\tim.o
                                0xfa0 (size before relaxing)
 .debug_str     0x000022ed       0x51 Core\Src\usart.o
                                0xde6 (size before relaxing)
 .debug_str     0x0000233e      0x1dc Drivers\STM32F0xx_HAL_Driver\Src\stm32f0xx_hal.o
                                0xa31 (size before relaxing)
 .debug_str     0x0000251a      0x2ca Drivers\STM32F0xx_HAL_Driver\Src\stm32f0xx_hal_adc.o
                                0xd47 (size before relaxing)
 .debug_str     0x000027e4      0x199 Drivers\STM32F0xx_HAL_Driver\Src\stm32f0xx_hal_cortex.o
                                0xa47 (size before relaxing)
 .debug_str     0x0000297d       0xad Drivers\STM32F0xx_HAL_Driver\Src\stm32f0xx_hal_crc.o
                                0x908 (size before relaxing)
 .debug_str     0x00002a2a       0x99 Drivers\STM32F0xx_HAL_Driver\Src\stm32f0xx_hal_crc_ex.o
                                0x8ba (size before relaxing)
 .debug_str     0x00002ac3      0x204 Drivers\STM32F0xx_HAL_Driver\Src\stm32f0xx_hal_dma.o
                                0xab0 (size before relaxing)
 .debug_str     0x00002cc7      0x27b Drivers\STM32F0xx_HAL_Driver\Src\stm32f0xx_hal_flash.o
                                0x9a3 (size before relaxing)
 .debug_str     0x00002f42      0x28b Drivers\STM32F0xx_HAL_Driver\Src\stm32f0xx_hal_flash_ex.o
                                0xa90 (size before relaxing)
 .debug_str     0x000031cd       0xba Drivers\STM32F0xx_HAL_Driver\Src\stm32f0xx_hal_gpio.o
                                0x8a1 (size before relaxing)
 .debug_str     0x00003287      0x314 Drivers\STM32F0xx_HAL_Driver\Src\stm32f0xx_hal_i2c_ex.o
                                0xc3b (size before relaxing)
 .debug_str     0x0000359b       0x39 Drivers\STM32F0xx_HAL_Driver\Src\stm32f0xx_hal_iwdg.o
                                0x728 (size before relaxing)
 .debug_str     0x000035d4      0x1a7 Drivers\STM32F0xx_HAL_Driver\Src\stm32f0xx_hal_rcc.o
                                0xa81 (size before relaxing)
 .debug_str     0x0000377b       0x97 Drivers\STM32F0xx_HAL_Driver\Src\stm32f0xx_hal_rcc_ex.o
                                0x841 (size before relaxing)
 .debug_str     0x00003812      0xbec Drivers\STM32F0xx_HAL_Driver\Src\stm32f0xx_hal_tim.o
                               0x181c (size before relaxing)
 .debug_str     0x000043fe      0x3f7 Drivers\STM32F0xx_HAL_Driver\Src\stm32f0xx_hal_tim_ex.o
                               0x108e (size before relaxing)
 .debug_str     0x000047f5      0x586 Drivers\STM32F0xx_HAL_Driver\Src\stm32f0xx_hal_uart.o
                               0x11ef (size before relaxing)

.comment        0x00000000       0x7c
 .comment       0x00000000       0x7c Core\Src\adc.o
                                 0x7d (size before relaxing)
 .comment       0x0000007c       0x7d Core\Src\crc.o
 .comment       0x0000007c       0x7d Core\Src\digiTOS-Lib\digiTOS-ADC.o
 .comment       0x0000007c       0x7d Core\Src\digiTOS-Lib\digiTOS-Configuration.o
 .comment       0x0000007c       0x7d Core\Src\digiTOS-Lib\digiTOS-Core.o
 .comment       0x0000007c       0x7d Core\Src\digiTOS-Lib\digiTOS-Generator.o
 .comment       0x0000007c       0x7d Core\Src\digiTOS-Lib\digiTOS-Sinus.o
 .comment       0x0000007c       0x7d Core\Src\digiTOS-Lib\stm32f0xx_hal_buttons.o
 .comment       0x0000007c       0x7d Core\Src\dma.o
 .comment       0x0000007c       0x7d Core\Src\gpio.o
 .comment       0x0000007c       0x7d Core\Src\iwdg.o
 .comment       0x0000007c       0x7d Core\Src\main.o
 .comment       0x0000007c       0x7d Core\Src\stm32f0xx_hal_msp.o
 .comment       0x0000007c       0x7d Core\Src\stm32f0xx_it.o
 .comment       0x0000007c       0x7d Core\Src\system_stm32f0xx.o
 .comment       0x0000007c       0x7d Core\Src\tim.o
 .comment       0x0000007c       0x7d Core\Src\usart.o
 .comment       0x0000007c       0x7d Drivers\STM32F0xx_HAL_Driver\Src\stm32f0xx_hal.o
 .comment       0x0000007c       0x7d Drivers\STM32F0xx_HAL_Driver\Src\stm32f0xx_hal_adc.o
 .comment       0x0000007c       0x7d Drivers\STM32F0xx_HAL_Driver\Src\stm32f0xx_hal_cortex.o
 .comment       0x0000007c       0x7d Drivers\STM32F0xx_HAL_Driver\Src\stm32f0xx_hal_crc.o
 .comment       0x0000007c       0x7d Drivers\STM32F0xx_HAL_Driver\Src\stm32f0xx_hal_crc_ex.o
 .comment       0x0000007c       0x7d Drivers\STM32F0xx_HAL_Driver\Src\stm32f0xx_hal_dma.o
 .comment       0x0000007c       0x7d Drivers\STM32F0xx_HAL_Driver\Src\stm32f0xx_hal_flash.o
 .comment       0x0000007c       0x7d Drivers\STM32F0xx_HAL_Driver\Src\stm32f0xx_hal_flash_ex.o
 .comment       0x0000007c       0x7d Drivers\STM32F0xx_HAL_Driver\Src\stm32f0xx_hal_gpio.o
 .comment       0x0000007c       0x7d Drivers\STM32F0xx_HAL_Driver\Src\stm32f0xx_hal_i2c_ex.o
 .comment       0x0000007c       0x7d Drivers\STM32F0xx_HAL_Driver\Src\stm32f0xx_hal_iwdg.o
 .comment       0x0000007c       0x7d Drivers\STM32F0xx_HAL_Driver\Src\stm32f0xx_hal_rcc.o
 .comment       0x0000007c       0x7d Drivers\STM32F0xx_HAL_Driver\Src\stm32f0xx_hal_rcc_ex.o
 .comment       0x0000007c       0x7d Drivers\STM32F0xx_HAL_Driver\Src\stm32f0xx_hal_tim.o
 .comment       0x0000007c       0x7d Drivers\STM32F0xx_HAL_Driver\Src\stm32f0xx_hal_tim_ex.o
 .comment       0x0000007c       0x7d Drivers\STM32F0xx_HAL_Driver\Src\stm32f0xx_hal_uart.o

.debug_frame    0x00000000     0x2f70
 .debug_frame   0x00000000       0x64 Core\Src\adc.o
 .debug_frame   0x00000064       0x4c Core\Src\crc.o
 .debug_frame   0x000000b0       0xc0 Core\Src\digiTOS-Lib\digiTOS-ADC.o
 .debug_frame   0x00000170      0x168 Core\Src\digiTOS-Lib\digiTOS-Core.o
 .debug_frame   0x000002d8      0x178 Core\Src\digiTOS-Lib\digiTOS-Generator.o
 .debug_frame   0x00000450       0x64 Core\Src\digiTOS-Lib\digiTOS-Sinus.o
 .debug_frame   0x000004b4       0x84 Core\Src\digiTOS-Lib\stm32f0xx_hal_buttons.o
 .debug_frame   0x00000538       0x2c Core\Src\dma.o
 .debug_frame   0x00000564       0x30 Core\Src\gpio.o
 .debug_frame   0x00000594       0x28 Core\Src\iwdg.o
 .debug_frame   0x000005bc       0x6c Core\Src\main.o
 .debug_frame   0x00000628       0x24 Core\Src\stm32f0xx_hal_msp.o
 .debug_frame   0x0000064c      0x168 Core\Src\stm32f0xx_it.o
 .debug_frame   0x000007b4       0x3c Core\Src\system_stm32f0xx.o
 .debug_frame   0x000007f0       0xcc Core\Src\tim.o
 .debug_frame   0x000008bc       0x5c Core\Src\usart.o
 .debug_frame   0x00000918      0x178 Drivers\STM32F0xx_HAL_Driver\Src\stm32f0xx_hal.o
 .debug_frame   0x00000a90      0x2e0 Drivers\STM32F0xx_HAL_Driver\Src\stm32f0xx_hal_adc.o
 .debug_frame   0x00000d70      0x114 Drivers\STM32F0xx_HAL_Driver\Src\stm32f0xx_hal_cortex.o
 .debug_frame   0x00000e84       0xec Drivers\STM32F0xx_HAL_Driver\Src\stm32f0xx_hal_crc.o
 .debug_frame   0x00000f70       0x58 Drivers\STM32F0xx_HAL_Driver\Src\stm32f0xx_hal_crc_ex.o
 .debug_frame   0x00000fc8      0x154 Drivers\STM32F0xx_HAL_Driver\Src\stm32f0xx_hal_dma.o
 .debug_frame   0x0000111c      0x134 Drivers\STM32F0xx_HAL_Driver\Src\stm32f0xx_hal_flash.o
 .debug_frame   0x00001250       0xe8 Drivers\STM32F0xx_HAL_Driver\Src\stm32f0xx_hal_flash_ex.o
 .debug_frame   0x00001338       0xf0 Drivers\STM32F0xx_HAL_Driver\Src\stm32f0xx_hal_gpio.o
 .debug_frame   0x00001428       0x88 Drivers\STM32F0xx_HAL_Driver\Src\stm32f0xx_hal_i2c_ex.o
 .debug_frame   0x000014b0       0x3c Drivers\STM32F0xx_HAL_Driver\Src\stm32f0xx_hal_iwdg.o
 .debug_frame   0x000014ec      0x140 Drivers\STM32F0xx_HAL_Driver\Src\stm32f0xx_hal_rcc.o
 .debug_frame   0x0000162c       0x58 Drivers\STM32F0xx_HAL_Driver\Src\stm32f0xx_hal_rcc_ex.o
 .debug_frame   0x00001684      0xa68 Drivers\STM32F0xx_HAL_Driver\Src\stm32f0xx_hal_tim.o
 .debug_frame   0x000020ec      0x3e0 Drivers\STM32F0xx_HAL_Driver\Src\stm32f0xx_hal_tim_ex.o
 .debug_frame   0x000024cc      0x52c Drivers\STM32F0xx_HAL_Driver\Src\stm32f0xx_hal_uart.o
 .debug_frame   0x000029f8       0x2c c:/truestudio for stm32 9.2.0/armtools/bin/../lib/gcc/arm-atollic-eabi/6.3.1/../../../../arm-atollic-eabi/lib/armv6-m\libc_nano.a(lib_a-init.o)
 .debug_frame   0x00002a24       0x28 c:/truestudio for stm32 9.2.0/armtools/bin/../lib/gcc/arm-atollic-eabi/6.3.1/../../../../arm-atollic-eabi/lib/armv6-m\libc_nano.a(lib_a-memcpy-stub.o)
 .debug_frame   0x00002a4c       0x20 c:/truestudio for stm32 9.2.0/armtools/bin/../lib/gcc/arm-atollic-eabi/6.3.1/../../../../arm-atollic-eabi/lib/armv6-m\libc_nano.a(lib_a-memset.o)
 .debug_frame   0x00002a6c       0x50 c:/truestudio for stm32 9.2.0/armtools/bin/../lib/gcc/arm-atollic-eabi/6.3.1/../../../../arm-atollic-eabi/lib/armv6-m\libc_nano.a(lib_a-sprintf.o)