Archive member included to satisfy reference by file (symbol)

c:/program files (x86)/atollic/truestudio for stm32 9.1.0/armtools/bin/../lib/gcc/arm-atollic-eabi/6.3.1/../../../../arm-atollic-eabi/lib/armv6-m\libc_nano.a(lib_a-init.o)
                              startup\startup_stm32f030x6.o (__libc_init_array)
c:/program files (x86)/atollic/truestudio for stm32 9.1.0/armtools/bin/../lib/gcc/arm-atollic-eabi/6.3.1/../../../../arm-atollic-eabi/lib/armv6-m\libc_nano.a(lib_a-memcpy-stub.o)
                              Drivers\STM32F0xx_HAL_Driver\Src\stm32f0xx_hal_rcc.o (memcpy)
c:/program files (x86)/atollic/truestudio for stm32 9.1.0/armtools/bin/../lib/gcc/arm-atollic-eabi/6.3.1/../../../../arm-atollic-eabi/lib/armv6-m\libc_nano.a(lib_a-memset.o)
                              Core\Src\adc.o (memset)
c:/program files (x86)/atollic/truestudio for stm32 9.1.0/armtools/bin/../lib/gcc/arm-atollic-eabi/6.3.1/../../../../arm-atollic-eabi/lib/armv6-m\libc_nano.a(lib_a-sprintf.o)
                              Core\Src\digiTOS-Lib\digiTOS-Core.o (sprintf)
c:/program files (x86)/atollic/truestudio for stm32 9.1.0/armtools/bin/../lib/gcc/arm-atollic-eabi/6.3.1/../../../../arm-atollic-eabi/lib/armv6-m\libc_nano.a(lib_a-strcat.o)
                              Core\Src\digiTOS-Lib\digiTOS-Core.o (strcat)
c:/program files (x86)/atollic/truestudio for stm32 9.1.0/armtools/bin/../lib/gcc/arm-atollic-eabi/6.3.1/../../../../arm-atollic-eabi/lib/armv6-m\libc_nano.a(lib_a-strcpy.o)
                              Core\Src\digiTOS-Lib\digiTOS-Core.o (strcpy)
c:/program files (x86)/atollic/truestudio for stm32 9.1.0/armtools/bin/../lib/gcc/arm-atollic-eabi/6.3.1/../../../../arm-atollic-eabi/lib/armv6-m\libc_nano.a(lib_a-impure.o)
                              c:/program files (x86)/atollic/truestudio for stm32 9.1.0/armtools/bin/../lib/gcc/arm-atollic-eabi/6.3.1/../../../../arm-atollic-eabi/lib/armv6-m\libc_nano.a(lib_a-sprintf.o) (_impure_ptr)
c:/program files (x86)/atollic/truestudio for stm32 9.1.0/armtools/bin/../lib/gcc/arm-atollic-eabi/6.3.1/../../../../arm-atollic-eabi/lib/armv6-m\libc_nano.a(lib_a-nano-svfprintf.o)
                              c:/program files (x86)/atollic/truestudio for stm32 9.1.0/armtools/bin/../lib/gcc/arm-atollic-eabi/6.3.1/../../../../arm-atollic-eabi/lib/armv6-m\libc_nano.a(lib_a-sprintf.o) (_svfprintf_r)
c:/program files (x86)/atollic/truestudio for stm32 9.1.0/armtools/bin/../lib/gcc/arm-atollic-eabi/6.3.1/../../../../arm-atollic-eabi/lib/armv6-m\libc_nano.a(lib_a-nano-vfprintf_i.o)
                              c:/program files (x86)/atollic/truestudio for stm32 9.1.0/armtools/bin/../lib/gcc/arm-atollic-eabi/6.3.1/../../../../arm-atollic-eabi/lib/armv6-m\libc_nano.a(lib_a-nano-svfprintf.o) (_printf_i)
c:/program files (x86)/atollic/truestudio for stm32 9.1.0/armtools/bin/../lib/gcc/arm-atollic-eabi/6.3.1/../../../../arm-atollic-eabi/lib/armv6-m\libc_nano.a(lib_a-memchr-stub.o)
                              c:/program files (x86)/atollic/truestudio for stm32 9.1.0/armtools/bin/../lib/gcc/arm-atollic-eabi/6.3.1/../../../../arm-atollic-eabi/lib/armv6-m\libc_nano.a(lib_a-nano-svfprintf.o) (memchr)
c:/program files (x86)/atollic/truestudio for stm32 9.1.0/armtools/bin/../lib/gcc/arm-atollic-eabi/6.3.1/../../../../arm-atollic-eabi/lib/armv6-m\libc_nano.a(lib_a-memmove.o)
                              c:/program files (x86)/atollic/truestudio for stm32 9.1.0/armtools/bin/../lib/gcc/arm-atollic-eabi/6.3.1/../../../../arm-atollic-eabi/lib/armv6-m\libc_nano.a(lib_a-nano-svfprintf.o) (memmove)
c:/program files (x86)/atollic/truestudio for stm32 9.1.0/armtools/bin/../lib/gcc/arm-atollic-eabi/6.3.1/../../../../arm-atollic-eabi/lib/armv6-m\libc_nano.a(lib_a-nano-freer.o)
                              c:/program files (x86)/atollic/truestudio for stm32 9.1.0/armtools/bin/../lib/gcc/arm-atollic-eabi/6.3.1/../../../../arm-atollic-eabi/lib/armv6-m\libc_nano.a(lib_a-nano-svfprintf.o) (_free_r)
c:/program files (x86)/atollic/truestudio for stm32 9.1.0/armtools/bin/../lib/gcc/arm-atollic-eabi/6.3.1/../../../../arm-atollic-eabi/lib/armv6-m\libc_nano.a(lib_a-nano-mallocr.o)
                              c:/program files (x86)/atollic/truestudio for stm32 9.1.0/armtools/bin/../lib/gcc/arm-atollic-eabi/6.3.1/../../../../arm-atollic-eabi/lib/armv6-m\libc_nano.a(lib_a-nano-svfprintf.o) (_malloc_r)
c:/program files (x86)/atollic/truestudio for stm32 9.1.0/armtools/bin/../lib/gcc/arm-atollic-eabi/6.3.1/../../../../arm-atollic-eabi/lib/armv6-m\libc_nano.a(lib_a-nano-reallocr.o)
                              c:/program files (x86)/atollic/truestudio for stm32 9.1.0/armtools/bin/../lib/gcc/arm-atollic-eabi/6.3.1/../../../../arm-atollic-eabi/lib/armv6-m\libc_nano.a(lib_a-nano-svfprintf.o) (_realloc_r)
c:/program files (x86)/atollic/truestudio for stm32 9.1.0/armtools/bin/../lib/gcc/arm-atollic-eabi/6.3.1/../../../../arm-atollic-eabi/lib/armv6-m\libc_nano.a(lib_a-sbrkr.o)
[...]
Memory Configuration

Name             Origin             Length             Attributes
RAM              0x20000000         0x00001000         xrw
FLASH            0x08000000         0x00008000         xr
*default*        0x00000000         0xffffffff

Linker script and memory map

LOAD c:/program files (x86)/atollic/truestudio for stm32 9.1.0/armtools/bin/../lib/gcc/arm-atollic-eabi/6.3.1/armv6-m/crti.o
LOAD c:/program files (x86)/atollic/truestudio for stm32 9.1.0/armtools/bin/../lib/gcc/arm-atollic-eabi/6.3.1/armv6-m/crtbegin.o
LOAD Core\Src\adc.o
LOAD Core\Src\crc.o
LOAD Core\Src\digiTOS-Lib\digiTOS-ADC.o
LOAD Core\Src\digiTOS-Lib\digiTOS-Configuration.o
LOAD Core\Src\digiTOS-Lib\digiTOS-Core.o
LOAD Core\Src\digiTOS-Lib\digiTOS-Generator.o
LOAD Core\Src\digiTOS-Lib\digiTOS-Sinus.o
LOAD Core\Src\digiTOS-Lib\eeprom.o
LOAD Core\Src\digiTOS-Lib\stm32f0xx_hal_buttons.o
LOAD Core\Src\dma.o
LOAD Core\Src\gpio.o
LOAD Core\Src\iwdg.o
LOAD Core\Src\main.o
LOAD Core\Src\stm32f0xx_hal_msp.o
LOAD Core\Src\stm32f0xx_it.o
LOAD Core\Src\system_stm32f0xx.o
LOAD Core\Src\tim.o
LOAD Core\Src\usart.o
LOAD Drivers\STM32F0xx_HAL_Driver\Src\stm32f0xx_hal.o
LOAD Drivers\STM32F0xx_HAL_Driver\Src\stm32f0xx_hal_adc.o
LOAD Drivers\STM32F0xx_HAL_Driver\Src\stm32f0xx_hal_adc_ex.o
LOAD Drivers\STM32F0xx_HAL_Driver\Src\stm32f0xx_hal_cortex.o
LOAD Drivers\STM32F0xx_HAL_Driver\Src\stm32f0xx_hal_crc.o
LOAD Drivers\STM32F0xx_HAL_Driver\Src\stm32f0xx_hal_crc_ex.o
LOAD Drivers\STM32F0xx_HAL_Driver\Src\stm32f0xx_hal_dma.o
LOAD Drivers\STM32F0xx_HAL_Driver\Src\stm32f0xx_hal_flash.o
LOAD Drivers\STM32F0xx_HAL_Driver\Src\stm32f0xx_hal_flash_ex.o
LOAD Drivers\STM32F0xx_HAL_Driver\Src\stm32f0xx_hal_gpio.o
LOAD Drivers\STM32F0xx_HAL_Driver\Src\stm32f0xx_hal_i2c.o
LOAD Drivers\STM32F0xx_HAL_Driver\Src\stm32f0xx_hal_i2c_ex.o
LOAD Drivers\STM32F0xx_HAL_Driver\Src\stm32f0xx_hal_iwdg.o
LOAD Drivers\STM32F0xx_HAL_Driver\Src\stm32f0xx_hal_pwr.o
LOAD Drivers\STM32F0xx_HAL_Driver\Src\stm32f0xx_hal_pwr_ex.o
LOAD Drivers\STM32F0xx_HAL_Driver\Src\stm32f0xx_hal_rcc.o
LOAD Drivers\STM32F0xx_HAL_Driver\Src\stm32f0xx_hal_rcc_ex.o
LOAD Drivers\STM32F0xx_HAL_Driver\Src\stm32f0xx_hal_tim.o
LOAD Drivers\STM32F0xx_HAL_Driver\Src\stm32f0xx_hal_tim_ex.o
LOAD Drivers\STM32F0xx_HAL_Driver\Src\stm32f0xx_hal_uart.o
LOAD Drivers\STM32F0xx_HAL_Driver\Src\stm32f0xx_hal_uart_ex.o
LOAD startup\startup_stm32f030x6.o
                0x00000080                malloc_getpagesize_P = 0x80
START GROUP
LOAD c:/program files (x86)/atollic/truestudio for stm32 9.1.0/armtools/bin/../lib/gcc/arm-atollic-eabi/6.3.1/../../../../arm-atollic-eabi/lib/armv6-m\libc_nano.a
LOAD c:/program files (x86)/atollic/truestudio for stm32 9.1.0/armtools/bin/../lib/gcc/arm-atollic-eabi/6.3.1/../../../../arm-atollic-eabi/lib/armv6-m\libm.a
END GROUP
START GROUP
LOAD c:/program files (x86)/atollic/truestudio for stm32 9.1.0/armtools/bin/../lib/gcc/arm-atollic-eabi/6.3.1/armv6-m\libgcc.a
LOAD c:/program files (x86)/atollic/truestudio for stm32 9.1.0/armtools/bin/../lib/gcc/arm-atollic-eabi/6.3.1/../../../../arm-atollic-eabi/lib/armv6-m\libc_nano.a
END GROUP
START GROUP
LOAD c:/program files (x86)/atollic/truestudio for stm32 9.1.0/armtools/bin/../lib/gcc/arm-atollic-eabi/6.3.1/armv6-m\libgcc.a
LOAD c:/program files (x86)/atollic/truestudio for stm32 9.1.0/armtools/bin/../lib/gcc/arm-atollic-eabi/6.3.1/../../../../arm-atollic-eabi/lib/armv6-m\libc_nano.a
LOAD c:/program files (x86)/atollic/truestudio for stm32 9.1.0/armtools/bin/../lib/gcc/arm-atollic-eabi/6.3.1/../../../../arm-atollic-eabi/lib/armv6-m\libnosys.a
END GROUP
START GROUP
LOAD c:/program files (x86)/atollic/truestudio for stm32 9.1.0/armtools/bin/../lib/gcc/arm-atollic-eabi/6.3.1/armv6-m\libgcc.a
LOAD c:/program files (x86)/atollic/truestudio for stm32 9.1.0/armtools/bin/../lib/gcc/arm-atollic-eabi/6.3.1/../../../../arm-atollic-eabi/lib/armv6-m\libc_nano.a
LOAD c:/program files (x86)/atollic/truestudio for stm32 9.1.0/armtools/bin/../lib/gcc/arm-atollic-eabi/6.3.1/../../../../arm-atollic-eabi/lib/armv6-m\libnosys.a
END GROUP
LOAD c:/program files (x86)/atollic/truestudio for stm32 9.1.0/armtools/bin/../lib/gcc/arm-atollic-eabi/6.3.1/armv6-m/crtend.o
LOAD c:/program files (x86)/atollic/truestudio for stm32 9.1.0/armtools/bin/../lib/gcc/arm-atollic-eabi/6.3.1/armv6-m/crtn.o
                0x20001000                _estack = 0x20001000
                0x00000200                _Min_Heap_Size = 0x200
                0x00000400                _Min_Stack_Size = 0x400

.isr_vector     0x08000000       0xc0
                0x08000000                . = ALIGN (0x4)
 *(.isr_vector)
 .isr_vector    0x08000000       0xc0 startup\startup_stm32f030x6.o
                0x08000000                g_pfnVectors
                0x080000c0                . = ALIGN (0x4)

.text           0x080000c0     0x6b08
                0x080000c0                . = ALIGN (0x4)
 *(.text)
 .text          0x080000c0       0x48 c:/program files (x86)/atollic/truestudio for stm32 9.1.0/armtools/bin/../lib/gcc/arm-atollic-eabi/6.3.1/armv6-m/crtbegin.o
 .text          0x08000108       0x14 c:/program files (x86)/atollic/truestudio for stm32 9.1.0/armtools/bin/../lib/gcc/arm-atollic-eabi/6.3.1/armv6-m\libgcc.a(_thumb1_case_uqi.o)
                0x08000108                __gnu_thumb1_case_uqi
 .text          0x0800011c      0x114 c:/program files (x86)/atollic/truestudio for stm32 9.1.0/armtools/bin/../lib/gcc/arm-atollic-eabi/6.3.1/armv6-m\libgcc.a(_udivsi3.o)
                0x0800011c                __aeabi_uidiv
                0x0800011c                __udivsi3
                0x08000228                __aeabi_uidivmod
 .text          0x08000230        0x4 c:/program files (x86)/atollic/truestudio for stm32 9.1.0/armtools/bin/../lib/gcc/arm-atollic-eabi/6.3.1/armv6-m\libgcc.a(_dvmd_tls.o)
                0x08000230                __aeabi_idiv0
                0x08000230                __aeabi_ldiv0
 .text          0x08000234       0x18 c:/program files (x86)/atollic/truestudio for stm32 9.1.0/armtools/bin/../lib/gcc/arm-atollic-eabi/6.3.1/armv6-m\libgcc.a(_lshrdi3.o)
                0x08000234                __lshrdi3
                0x08000234                __aeabi_llsr
 .text          0x0800024c       0x7c c:/program files (x86)/atollic/truestudio for stm32 9.1.0/armtools/bin/../lib/gcc/arm-atollic-eabi/6.3.1/armv6-m\libgcc.a(_arm_cmpdf2.o)
                0x0800024c                __aeabi_cdrcmple
                0x0800025c                __aeabi_cdcmple
                0x0800025c                __aeabi_cdcmpeq
                0x0800026c                __aeabi_dcmpeq
                0x08000278                __aeabi_dcmplt
                0x0800028c                __aeabi_dcmple
                0x080002a0                __aeabi_dcmpgt
                0x080002b4                __aeabi_dcmpge
 .text          0x080002c8       0x74 c:/program files (x86)/atollic/truestudio for stm32 9.1.0/armtools/bin/../lib/gcc/arm-atollic-eabi/6.3.1/armv6-m\libgcc.a(_arm_cmpsf2.o)
                0x080002c8                __aeabi_cfrcmple
                0x080002d0                __aeabi_cfcmpeq
                0x080002d0                __aeabi_cfcmple
                0x080002e0                __aeabi_fcmpeq
                0x080002ec                __aeabi_fcmplt
                0x08000300                __aeabi_fcmple
                0x08000314                __aeabi_fcmpgt
                0x08000328                __aeabi_fcmpge
 .text          0x0800033c       0x40 c:/program files (x86)/atollic/truestudio for stm32 9.1.0/armtools/bin/../lib/gcc/arm-atollic-eabi/6.3.1/armv6-m\libgcc.a(_aeabi_uldivmod.o)
                0x0800033c                __aeabi_uldivmod
 .text          0x0800037c       0x30 c:/program files (x86)/atollic/truestudio for stm32 9.1.0/armtools/bin/../lib/gcc/arm-atollic-eabi/6.3.1/armv6-m\libgcc.a(_fixunssfsi.o)
                0x0800037c                __fixunssfsi
                0x0800037c                __aeabi_f2uiz
 .text          0x080003ac      0x180 c:/program files (x86)/atollic/truestudio for stm32 9.1.0/armtools/bin/../lib/gcc/arm-atollic-eabi/6.3.1/armv6-m\libgcc.a(_udivmoddi4.o)
                0x080003ac                __udivmoddi4
 .text          0x0800052c      0x324 c:/program files (x86)/atollic/truestudio for stm32 9.1.0/armtools/bin/../lib/gcc/arm-atollic-eabi/6.3.1/armv6-m\libgcc.a(addsf3.o)
                0x0800052c                __aeabi_fadd
 .text          0x08000850      0x290 c:/program files (x86)/atollic/truestudio for stm32 9.1.0/armtools/bin/../lib/gcc/arm-atollic-eabi/6.3.1/armv6-m\libgcc.a(divsf3.o)
                0x08000850                __aeabi_fdiv
 .text          0x08000ae0       0x4c c:/program files (x86)/atollic/truestudio for stm32 9.1.0/armtools/bin/../lib/gcc/arm-atollic-eabi/6.3.1/armv6-m\libgcc.a(eqsf2.o)
                0x08000ae0                __eqsf2
                0x08000ae0                __nesf2
 .text          0x08000b2c       0x80 c:/program files (x86)/atollic/truestudio for stm32 9.1.0/armtools/bin/../lib/gcc/arm-atollic-eabi/6.3.1/armv6-m\libgcc.a(gesf2.o)
                0x08000b2c                __gesf2
                0x08000b2c                __gtsf2
 .text          0x08000bac       0x84 c:/program files (x86)/atollic/truestudio for stm32 9.1.0/armtools/bin/../lib/gcc/arm-atollic-eabi/6.3.1/armv6-m\libgcc.a(lesf2.o)
                0x08000bac                __ltsf2
                0x08000bac                __lesf2
 .text          0x08000c30      0x240 c:/program files (x86)/atollic/truestudio for stm32 9.1.0/armtools/bin/../lib/gcc/arm-atollic-eabi/6.3.1/armv6-m\libgcc.a(mulsf3.o)
                0x08000c30                __aeabi_fmul
 .text          0x08000e70      0x338 c:/program files (x86)/atollic/truestudio for stm32 9.1.0/armtools/bin/../lib/gcc/arm-atollic-eabi/6.3.1/armv6-m\libgcc.a(subsf3.o)
                0x08000e70                __aeabi_fsub
 .text          0x080011a8       0x40 c:/program files (x86)/atollic/truestudio for stm32 9.1.0/armtools/bin/../lib/gcc/arm-atollic-eabi/6.3.1/armv6-m\libgcc.a(fixsfsi.o)
                0x080011a8                __aeabi_f2iz
 .text          0x080011e8       0xa0 c:/program files (x86)/atollic/truestudio for stm32 9.1.0/armtools/bin/../lib/gcc/arm-atollic-eabi/6.3.1/armv6-m\libgcc.a(floatsisf.o)
                0x080011e8                __aeabi_i2f
 .text          0x08001288       0x8c c:/program files (x86)/atollic/truestudio for stm32 9.1.0/armtools/bin/../lib/gcc/arm-atollic-eabi/6.3.1/armv6-m\libgcc.a(floatunsisf.o)
                0x08001288                __aeabi_ui2f
 .text          0x08001314      0x620 c:/program files (x86)/atollic/truestudio for stm32 9.1.0/armtools/bin/../lib/gcc/arm-atollic-eabi/6.3.1/armv6-m\libgcc.a(adddf3.o)
                0x08001314                __aeabi_dadd
 .text          0x08001934       0x74 c:/program files (x86)/atollic/truestudio for stm32 9.1.0/armtools/bin/../lib/gcc/arm-atollic-eabi/6.3.1/armv6-m\libgcc.a(eqdf2.o)
                0x08001934                __nedf2
                0x08001934                __eqdf2
 .text          0x080019a8       0xc8 c:/program files (x86)/atollic/truestudio for stm32 9.1.0/armtools/bin/../lib/gcc/arm-atollic-eabi/6.3.1/armv6-m\libgcc.a(gedf2.o)
                0x080019a8                __gedf2
                0x080019a8                __gtdf2
 .text          0x08001a70       0xc4 c:/program files (x86)/atollic/truestudio for stm32 9.1.0/armtools/bin/../lib/gcc/arm-atollic-eabi/6.3.1/armv6-m\libgcc.a(ledf2.o)
                0x08001a70                __ledf2
                0x08001a70                __ltdf2
 .text          0x08001b34       0xa4 c:/program files (x86)/atollic/truestudio for stm32 9.1.0/armtools/bin/../lib/gcc/arm-atollic-eabi/6.3.1/armv6-m\libgcc.a(extendsfdf2.o)
                0x08001b34                __aeabi_f2d
 .text          0x08001bd8      0x114 c:/program files (x86)/atollic/truestudio for stm32 9.1.0/armtools/bin/../lib/gcc/arm-atollic-eabi/6.3.1/armv6-m\libgcc.a(truncdfsf2.o)
                0x08001bd8                __aeabi_d2f
 .text          0x08001cec       0x3c c:/program files (x86)/atollic/truestudio for stm32 9.1.0/armtools/bin/../lib/gcc/arm-atollic-eabi/6.3.1/armv6-m\libgcc.a(_clzsi2.o)
                0x08001cec                __clzsi2
 .text          0x08001d28       0x18 c:/program files (x86)/atollic/truestudio for stm32 9.1.0/armtools/bin/../lib/gcc/arm-atollic-eabi/6.3.1/armv6-m\libgcc.a(_clzdi2.o)
                0x08001d28                __clzdi2
 *(.text*)
 .text.MX_ADC_Init
                0x08001d40       0x98 Core\Src\adc.o
                0x08001d40                MX_ADC_Init
 .text.HAL_ADC_MspInit
                0x08001dd8       0xa8 Core\Src\adc.o
                0x08001dd8                HAL_ADC_MspInit
 .text.MX_CRC_Init
                0x08001e80       0x3c Core\Src\crc.o
                0x08001e80                MX_CRC_Init
 .text.HAL_CRC_MspInit
                0x08001ebc       0x28 Core\Src\crc.o
                0x08001ebc                HAL_CRC_MspInit
 .text.StartADC
                0x08001ee4       0x18 Core\Src\digiTOS-Lib\digiTOS-ADC.o
                0x08001ee4                StartADC
 .text.ResetV_data
                0x08001efc       0x5c Core\Src\digiTOS-Lib\digiTOS-ADC.o
                0x08001efc                ResetV_data
 .text.CalcNewAmp
                0x08001f58       0x6c Core\Src\digiTOS-Lib\digiTOS-ADC.o
                0x08001f58                CalcNewAmp
 .text.CalcNewAmpByStep
                0x08001fc4       0x50 Core\Src\digiTOS-Lib\digiTOS-ADC.o
                0x08001fc4                CalcNewAmpByStep
 .text.asqrt    0x08002014       0x34 Core\Src\digiTOS-Lib\digiTOS-ADC.o
                0x08002014                asqrt
 .text.CalcAc_I_ByWave
                0x08002048       0x48 Core\Src\digiTOS-Lib\digiTOS-ADC.o
                0x08002048                CalcAc_I_ByWave
 .text.CalcAc_V_ByWave
                0x08002090       0x48 Core\Src\digiTOS-Lib\digiTOS-ADC.o
                0x08002090                CalcAc_V_ByWave
 .text.UpdateAmplitudeByV
                0x080020d8       0xe0 Core\Src\digiTOS-Lib\digiTOS-ADC.o
                0x080020d8                UpdateAmplitudeByV
 .text.CheckV_Feedback
                0x080021b8       0xd8 Core\Src\digiTOS-Lib\digiTOS-ADC.o
                0x080021b8                CheckV_Feedback
 .text.TM_CRC_Calculate32
                0x08002290       0x1c Core\Src\digiTOS-Lib\digiTOS-Core.o
                0x08002290                TM_CRC_Calculate32
 .text.ClearUART_Buff
                0x080022ac       0x14 Core\Src\digiTOS-Lib\digiTOS-Core.o
                0x080022ac                ClearUART_Buff
 .text.WaitForUART_TX
                0x080022c0       0x10 Core\Src\digiTOS-Lib\digiTOS-Core.o
                0x080022c0                WaitForUART_TX
 .text.SerialPrintln
                0x080022d0       0x30 Core\Src\digiTOS-Lib\digiTOS-Core.o
                0x080022d0                SerialPrintln
 .text.HAL_UART_TxCpltCallback
                0x08002300       0x20 Core\Src\digiTOS-Lib\digiTOS-Core.o
                0x08002300                HAL_UART_TxCpltCallback
 .text.ResetWDG
                0x08002320       0x10 Core\Src\digiTOS-Lib\digiTOS-Core.o
                0x08002320                ResetWDG
 .text.PrintCurrentState
                0x08002330        0xc Core\Src\digiTOS-Lib\digiTOS-Core.o
                0x08002330                PrintCurrentState
 .text.CALC_RATIO
                0x0800233c       0x38 Core\Src\digiTOS-Lib\digiTOS-Core.o
                0x0800233c                CALC_RATIO
 .text.USE_DEF_CALIB
                0x08002374       0x18 Core\Src\digiTOS-Lib\digiTOS-Core.o
                0x08002374                USE_DEF_CALIB
 .text.USE_NEW_CALIB
                0x0800238c       0x1c Core\Src\digiTOS-Lib\digiTOS-Core.o
                0x0800238c                USE_NEW_CALIB
 .text.StoreEEPROM
                0x080023a8       0x48 Core\Src\digiTOS-Lib\digiTOS-Core.o
                0x080023a8                StoreEEPROM
 .text.CalibSave
                0x080023f0       0x34 Core\Src\digiTOS-Lib\digiTOS-Core.o
                0x080023f0                CalibSave
 .text.CalibCmdCheck
                0x08002424       0xa4 Core\Src\digiTOS-Lib\digiTOS-Core.o
                0x08002424                CalibCmdCheck
 .text.Set50HzDeadTimeNS
                0x080024c8       0x4c Core\Src\digiTOS-Lib\digiTOS-Generator.o
                0x080024c8                Set50HzDeadTimeNS
 .text.SetNormalSignal
                0x08002514       0x1c Core\Src\digiTOS-Lib\digiTOS-Generator.o
                0x08002514                SetNormalSignal
 .text.Idle_SET
                0x08002530       0x1c Core\Src\digiTOS-Lib\digiTOS-Generator.o
                0x08002530                Idle_SET
 .text.PWM_50Hz_Init
                0x0800254c       0x54 Core\Src\digiTOS-Lib\digiTOS-Generator.o
                0x0800254c                PWM_50Hz_Init
 .text.PWM_50Hz_START
                0x080025a0       0x34 Core\Src\digiTOS-Lib\digiTOS-Generator.o
                0x080025a0                PWM_50Hz_START
 .text.PWM_50Hz_STOP
                0x080025d4       0x54 Core\Src\digiTOS-Lib\digiTOS-Generator.o
                0x080025d4                PWM_50Hz_STOP
 .text.PWM_50Hz_OUTEN
                0x08002628       0x14 Core\Src\digiTOS-Lib\digiTOS-Generator.o
                0x08002628                PWM_50Hz_OUTEN
 .text.PWM_50Hz_OUTDIS
                0x0800263c       0x20 Core\Src\digiTOS-Lib\digiTOS-Generator.o
                0x0800263c                PWM_50Hz_OUTDIS
 .text.PWM_50Hz_ON
                0x0800265c        0x8 Core\Src\digiTOS-Lib\digiTOS-Generator.o
                0x0800265c                PWM_50Hz_ON
 .text.PWM_50Hz_OFF
                0x08002664        0xc Core\Src\digiTOS-Lib\digiTOS-Generator.o
                0x08002664                PWM_50Hz_OFF
 .text.PWM_Sinus_START
                0x08002670       0x3c Core\Src\digiTOS-Lib\digiTOS-Generator.o
                0x08002670                PWM_Sinus_START
 .text.PWM_Sinus_STOP
                0x080026ac       0x28 Core\Src\digiTOS-Lib\digiTOS-Generator.o
                0x080026ac                PWM_Sinus_STOP
 .text.PWM_Sinus_OUTEN
                0x080026d4       0x14 Core\Src\digiTOS-Lib\digiTOS-Generator.o
                0x080026d4                PWM_Sinus_OUTEN
 .text.PWM_Sinus_OUTDIS
                0x080026e8       0x20 Core\Src\digiTOS-Lib\digiTOS-Generator.o
                0x080026e8                PWM_Sinus_OUTDIS
 .text.PWM_Sinus_ON
                0x08002708        0xc Core\Src\digiTOS-Lib\digiTOS-Generator.o
                0x08002708                PWM_Sinus_ON
 .text.PWM_Sinus_OFF
                0x08002714        0xc Core\Src\digiTOS-Lib\digiTOS-Generator.o
                0x08002714                PWM_Sinus_OFF
 .text.PWM_Sinus_Init
                0x08002720       0x74 Core\Src\digiTOS-Lib\digiTOS-Generator.o
                0x08002720                PWM_Sinus_Init
 .text.SetSoftstart
                0x08002794       0x28 Core\Src\digiTOS-Lib\digiTOS-Sinus.o
                0x08002794                SetSoftstart
 .text.ResetAmplitude
                0x080027bc        0x8 Core\Src\digiTOS-Lib\digiTOS-Sinus.o
                0x080027bc                ResetAmplitude
 .text.GetApmlitude
                0x080027c4       0x48 Core\Src\digiTOS-Lib\digiTOS-Sinus.o
                0x080027c4                GetApmlitude
 .text.GetSinus
                0x0800280c       0x60 Core\Src\digiTOS-Lib\digiTOS-Sinus.o
                0x0800280c                GetSinus
 .text.EE_Format
                0x0800286c       0x3c Core\Src\digiTOS-Lib\eeprom.o
                0x0800286c                EE_Format
 .text.EE_Reads
                0x080028a8       0x28 Core\Src\digiTOS-Lib\eeprom.o
                0x080028a8                EE_Reads
 .text.EE_Write
                0x080028d0       0x8c Core\Src\digiTOS-Lib\eeprom.o
                0x080028d0                EE_Write
 .text.buttonInit
                0x0800295c       0x20 Core\Src\digiTOS-Lib\stm32f0xx_hal_buttons.o
                0x0800295c                buttonInit
 .text._button_state
                0x0800297c       0x18 Core\Src\digiTOS-Lib\stm32f0xx_hal_buttons.o
                0x0800297c                _button_state
 .text.buttonUpdate
                0x08002994       0x82 Core\Src\digiTOS-Lib\stm32f0xx_hal_buttons.o
                0x08002994                buttonUpdate
 *fill*         0x08002a16        0x2 
 .text.MX_DMA_Init
                0x08002a18       0x2c Core\Src\dma.o
                0x08002a18                MX_DMA_Init
 .text.MX_GPIO_Init
                0x08002a44       0xc4 Core\Src\gpio.o
                0x08002a44                MX_GPIO_Init
 .text.MX_IWDG_Init
                0x08002b08       0x2c Core\Src\iwdg.o
                0x08002b08                MX_IWDG_Init
 .text.SystemClock_Config
                0x08002b34       0x6a Core\Src\main.o
                0x08002b34                SystemClock_Config
 *fill*         0x08002b9e        0x2 
 .text.startup.main
                0x08002ba0      0x3c8 Core\Src\main.o
                0x08002ba0                main
 .text.Error_Handler
                0x08002f68        0x2 Core\Src\main.o
                0x08002f68                Error_Handler
 .text.assert_failed
                0x08002f6a        0x2 Core\Src\main.o
                0x08002f6a                assert_failed
 .text.HAL_MspInit
                0x08002f6c       0x30 Core\Src\stm32f0xx_hal_msp.o
                0x08002f6c                HAL_MspInit
 .text.NMI_Handler
                0x08002f9c        0x2 Core\Src\stm32f0xx_it.o
                0x08002f9c                NMI_Handler
 .text.HardFault_Handler
                0x08002f9e        0x2 Core\Src\stm32f0xx_it.o
                0x08002f9e                HardFault_Handler
 .text.SVC_Handler
                0x08002fa0        0x2 Core\Src\stm32f0xx_it.o
                0x08002fa0                SVC_Handler
 .text.PendSV_Handler
                0x08002fa2        0x2 Core\Src\stm32f0xx_it.o
                0x08002fa2                PendSV_Handler
 .text.SysTick_Handler
                0x08002fa4        0x8 Core\Src\stm32f0xx_it.o
                0x08002fa4                SysTick_Handler
 .text.FLASH_IRQHandler
                0x08002fac        0x8 Core\Src\stm32f0xx_it.o
                0x08002fac                FLASH_IRQHandler
 .text.RCC_IRQHandler
                0x08002fb4        0x2 Core\Src\stm32f0xx_it.o
                0x08002fb4                RCC_IRQHandler
 *fill*         0x08002fb6        0x2 
 .text.DMA1_Channel2_3_IRQHandler
                0x08002fb8       0x18 Core\Src\stm32f0xx_it.o
                0x08002fb8                DMA1_Channel2_3_IRQHandler
 .text.DMA1_Channel4_5_IRQHandler
                0x08002fd0       0x10 Core\Src\stm32f0xx_it.o
                0x08002fd0                DMA1_Channel4_5_IRQHandler
 .text.ADC1_IRQHandler
                0x08002fe0       0x10 Core\Src\stm32f0xx_it.o
                0x08002fe0                ADC1_IRQHandler
 .text.TIM1_BRK_UP_TRG_COM_IRQHandler
                0x08002ff0       0x34 Core\Src\stm32f0xx_it.o
                0x08002ff0                TIM1_BRK_UP_TRG_COM_IRQHandler
 .text.TIM3_IRQHandler
                0x08003024       0xd4 Core\Src\stm32f0xx_it.o
                0x08003024                TIM3_IRQHandler
 .text.TIM14_IRQHandler
                0x080030f8       0xd8 Core\Src\stm32f0xx_it.o
                0x080030f8                TIM14_IRQHandler
 .text.TIM16_IRQHandler
                0x080031d0      0x118 Core\Src\stm32f0xx_it.o
                0x080031d0                TIM16_IRQHandler
 .text.USART1_IRQHandler
                0x080032e8       0x10 Core\Src\stm32f0xx_it.o
                0x080032e8                USART1_IRQHandler
 .text.SystemInit
                0x080032f8       0x60 Core\Src\system_stm32f0xx.o
                0x080032f8                SystemInit
 .text.MX_TIM14_Init
                0x08003358       0x34 Core\Src\tim.o
                0x08003358                MX_TIM14_Init
 .text.MX_TIM16_Init
                0x0800338c       0x38 Core\Src\tim.o
                0x0800338c                MX_TIM16_Init
 .text.HAL_TIM_Base_MspInit
                0x080033c4       0xbc Core\Src\tim.o
                0x080033c4                HAL_TIM_Base_MspInit
 .text.HAL_TIM_MspPostInit
                0x08003480       0xc0 Core\Src\tim.o
                0x08003480                HAL_TIM_MspPostInit
 .text.MX_TIM1_Init
                0x08003540       0xf0 Core\Src\tim.o
                0x08003540                MX_TIM1_Init
 .text.MX_TIM3_Init
                0x08003630       0xc4 Core\Src\tim.o
                0x08003630                MX_TIM3_Init
 .text.MX_USART1_UART_Init
                0x080036f4       0x38 Core\Src\usart.o
                0x080036f4                MX_USART1_UART_Init
 .text.HAL_UART_MspInit
                0x0800372c       0xec Core\Src\usart.o
                0x0800372c                HAL_UART_MspInit
 .text.HAL_InitTick
                0x08003818       0x24 Drivers\STM32F0xx_HAL_Driver\Src\stm32f0xx_hal.o
                0x08003818                HAL_InitTick
 .text.HAL_Init
                0x0800383c       0x20 Drivers\STM32F0xx_HAL_Driver\Src\stm32f0xx_hal.o
                0x0800383c                HAL_Init
 .text.HAL_IncTick
                0x0800385c       0x10 Drivers\STM32F0xx_HAL_Driver\Src\stm32f0xx_hal.o
                0x0800385c                HAL_IncTick
 .text.HAL_GetTick
                0x0800386c        0xc Drivers\STM32F0xx_HAL_Driver\Src\stm32f0xx_hal.o
                0x0800386c                HAL_GetTick
 .text.HAL_Delay
                0x08003878       0x20 Drivers\STM32F0xx_HAL_Driver\Src\stm32f0xx_hal.o
                0x08003878                HAL_Delay
 .text.ADC_Enable
                0x08003898       0x98 Drivers\STM32F0xx_HAL_Driver\Src\stm32f0xx_hal_adc.o
 .text.HAL_ADC_Init
                0x08003930      0x268 Drivers\STM32F0xx_HAL_Driver\Src\stm32f0xx_hal_adc.o
                0x08003930                HAL_ADC_Init
 .text.HAL_ADC_Start_DMA
                0x08003b98       0xb0 Drivers\STM32F0xx_HAL_Driver\Src\stm32f0xx_hal_adc.o
                0x08003b98                HAL_ADC_Start_DMA
 .text.HAL_ADC_ConvCpltCallback
                0x08003c48        0x2 Drivers\STM32F0xx_HAL_Driver\Src\stm32f0xx_hal_adc.o
                0x08003c48                HAL_ADC_ConvCpltCallback
 *fill*         0x08003c4a        0x2 
 .text.ADC_DMAConvCplt
                0x08003c4c       0x70 Drivers\STM32F0xx_HAL_Driver\Src\stm32f0xx_hal_adc.o
 .text.HAL_ADC_ConvHalfCpltCallback
                0x08003cbc        0x2 Drivers\STM32F0xx_HAL_Driver\Src\stm32f0xx_hal_adc.o
                0x08003cbc                HAL_ADC_ConvHalfCpltCallback
 .text.ADC_DMAHalfConvCplt
                0x08003cbe        0xa Drivers\STM32F0xx_HAL_Driver\Src\stm32f0xx_hal_adc.o
 .text.HAL_ADC_LevelOutOfWindowCallback
                0x08003cc8        0x2 Drivers\STM32F0xx_HAL_Driver\Src\stm32f0xx_hal_adc.o
                0x08003cc8                HAL_ADC_LevelOutOfWindowCallback
 .text.HAL_ADC_ErrorCallback
                0x08003cca        0x2 Drivers\STM32F0xx_HAL_Driver\Src\stm32f0xx_hal_adc.o
                0x08003cca                HAL_ADC_ErrorCallback
 .text.ADC_DMAError
                0x08003ccc       0x1a Drivers\STM32F0xx_HAL_Driver\Src\stm32f0xx_hal_adc.o
 *fill*         0x08003ce6        0x2 
 .text.HAL_ADC_IRQHandler
                0x08003ce8      0x120 Drivers\STM32F0xx_HAL_Driver\Src\stm32f0xx_hal_adc.o
                0x08003ce8                HAL_ADC_IRQHandler
 .text.HAL_ADC_ConfigChannel
                0x08003e08      0x15c Drivers\STM32F0xx_HAL_Driver\Src\stm32f0xx_hal_adc.o
                0x08003e08                HAL_ADC_ConfigChannel
 .text.HAL_NVIC_SetPriority
                0x08003f64       0x74 Drivers\STM32F0xx_HAL_Driver\Src\stm32f0xx_hal_cortex.o
                0x08003f64                HAL_NVIC_SetPriority
 .text.HAL_NVIC_EnableIRQ
                0x08003fd8       0x24 Drivers\STM32F0xx_HAL_Driver\Src\stm32f0xx_hal_cortex.o
                0x08003fd8                HAL_NVIC_EnableIRQ
 .text.HAL_SYSTICK_Config
                0x08003ffc       0x34 Drivers\STM32F0xx_HAL_Driver\Src\stm32f0xx_hal_cortex.o
                0x08003ffc                HAL_SYSTICK_Config
 .text.HAL_CRC_Init
                0x08004030       0xb4 Drivers\STM32F0xx_HAL_Driver\Src\stm32f0xx_hal_crc.o
                0x08004030                HAL_CRC_Init
 .text.HAL_CRCEx_Init
                0x080040e4        0x4 Drivers\STM32F0xx_HAL_Driver\Src\stm32f0xx_hal_crc_ex.o
                0x080040e4                HAL_CRCEx_Init
 .text.HAL_DMA_Init
                0x080040e8      0x144 Drivers\STM32F0xx_HAL_Driver\Src\stm32f0xx_hal_dma.o
                0x080040e8                HAL_DMA_Init
 .text.HAL_DMA_Start_IT
                0x0800422c       0x98 Drivers\STM32F0xx_HAL_Driver\Src\stm32f0xx_hal_dma.o
                0x0800422c                HAL_DMA_Start_IT
 .text.HAL_DMA_Abort_IT
                0x080042c4       0x46 Drivers\STM32F0xx_HAL_Driver\Src\stm32f0xx_hal_dma.o
                0x080042c4                HAL_DMA_Abort_IT
 .text.HAL_DMA_IRQHandler
                0x0800430a       0x92 Drivers\STM32F0xx_HAL_Driver\Src\stm32f0xx_hal_dma.o
                0x0800430a                HAL_DMA_IRQHandler
 .text.FLASH_SetErrorCode
                0x0800439c       0x3c Drivers\STM32F0xx_HAL_Driver\Src\stm32f0xx_hal_flash.o
 .text.HAL_FLASH_EndOfOperationCallback
                0x080043d8        0x2 Drivers\STM32F0xx_HAL_Driver\Src\stm32f0xx_hal_flash.o
                0x080043d8                HAL_FLASH_EndOfOperationCallback
 .text.HAL_FLASH_OperationErrorCallback
                0x080043da        0x2 Drivers\STM32F0xx_HAL_Driver\Src\stm32f0xx_hal_flash.o
                0x080043da                HAL_FLASH_OperationErrorCallback
 .text.HAL_FLASH_IRQHandler
                0x080043dc      0x11c Drivers\STM32F0xx_HAL_Driver\Src\stm32f0xx_hal_flash.o
                0x080043dc                HAL_FLASH_IRQHandler
 .text.HAL_FLASH_Unlock
                0x080044f8       0x24 Drivers\STM32F0xx_HAL_Driver\Src\stm32f0xx_hal_flash.o
                0x080044f8                HAL_FLASH_Unlock
 .text.HAL_FLASH_Lock
                0x0800451c       0x14 Drivers\STM32F0xx_HAL_Driver\Src\stm32f0xx_hal_flash.o
                0x0800451c                HAL_FLASH_Lock
 .text.FLASH_WaitForLastOperation
                0x08004530       0x54 Drivers\STM32F0xx_HAL_Driver\Src\stm32f0xx_hal_flash.o
                0x08004530                FLASH_WaitForLastOperation
 .text.HAL_FLASH_Program
                0x08004584       0xb0 Drivers\STM32F0xx_HAL_Driver\Src\stm32f0xx_hal_flash.o
                0x08004584                HAL_FLASH_Program
 .text.FLASH_MassErase
                0x08004634       0x24 Drivers\STM32F0xx_HAL_Driver\Src\stm32f0xx_hal_flash_ex.o
 .text.FLASH_PageErase
                0x08004658       0x24 Drivers\STM32F0xx_HAL_Driver\Src\stm32f0xx_hal_flash_ex.o
                0x08004658                FLASH_PageErase
 .text.HAL_FLASHEx_Erase
                0x0800467c       0xdc Drivers\STM32F0xx_HAL_Driver\Src\stm32f0xx_hal_flash_ex.o
                0x0800467c                HAL_FLASHEx_Erase
 .text.HAL_GPIO_Init
                0x08004758      0x230 Drivers\STM32F0xx_HAL_Driver\Src\stm32f0xx_hal_gpio.o
                0x08004758                HAL_GPIO_Init
 .text.HAL_GPIO_ReadPin
                0x08004988       0x24 Drivers\STM32F0xx_HAL_Driver\Src\stm32f0xx_hal_gpio.o
                0x08004988                HAL_GPIO_ReadPin
 .text.HAL_GPIO_WritePin
                0x080049ac       0x34 Drivers\STM32F0xx_HAL_Driver\Src\stm32f0xx_hal_gpio.o
                0x080049ac                HAL_GPIO_WritePin
 .text.HAL_GPIO_TogglePin
                0x080049e0       0x20 Drivers\STM32F0xx_HAL_Driver\Src\stm32f0xx_hal_gpio.o
                0x080049e0                HAL_GPIO_TogglePin
 .text.HAL_I2CEx_EnableFastModePlus
                0x08004a00       0x5c Drivers\STM32F0xx_HAL_Driver\Src\stm32f0xx_hal_i2c_ex.o
                0x08004a00                HAL_I2CEx_EnableFastModePlus
 .text.HAL_IWDG_Init
                0x08004a5c       0xa0 Drivers\STM32F0xx_HAL_Driver\Src\stm32f0xx_hal_iwdg.o
                0x08004a5c                HAL_IWDG_Init
 .text.HAL_RCC_OscConfig
                0x08004afc      0x4f0 Drivers\STM32F0xx_HAL_Driver\Src\stm32f0xx_hal_rcc.o
                0x08004afc                HAL_RCC_OscConfig
 .text.HAL_RCC_GetSysClockFreq
                0x08004fec       0x64 Drivers\STM32F0xx_HAL_Driver\Src\stm32f0xx_hal_rcc.o
                0x08004fec                HAL_RCC_GetSysClockFreq
 .text.HAL_RCC_ClockConfig
                0x08005050      0x1e4 Drivers\STM32F0xx_HAL_Driver\Src\stm32f0xx_hal_rcc.o
                0x08005050                HAL_RCC_ClockConfig
 .text.HAL_RCC_GetHCLKFreq
                0x08005234        0xc Drivers\STM32F0xx_HAL_Driver\Src\stm32f0xx_hal_rcc.o
                0x08005234                HAL_RCC_GetHCLKFreq
 .text.HAL_RCC_GetPCLK1Freq
                0x08005240       0x20 Drivers\STM32F0xx_HAL_Driver\Src\stm32f0xx_hal_rcc.o
                0x08005240                HAL_RCC_GetPCLK1Freq
 .text.HAL_RCCEx_PeriphCLKConfig
                0x08005260      0x154 Drivers\STM32F0xx_HAL_Driver\Src\stm32f0xx_hal_rcc_ex.o
                0x08005260                HAL_RCCEx_PeriphCLKConfig
 .text.TIM_OC1_SetConfig
                0x080053b4       0xc8 Drivers\STM32F0xx_HAL_Driver\Src\stm32f0xx_hal_tim.o
 .text.TIM_OC3_SetConfig
                0x0800547c       0xd0 Drivers\STM32F0xx_HAL_Driver\Src\stm32f0xx_hal_tim.o
 .text.TIM_OC4_SetConfig
                0x0800554c       0x8c Drivers\STM32F0xx_HAL_Driver\Src\stm32f0xx_hal_tim.o
 .text.HAL_TIM_Base_Start
                0x080055d8       0x60 Drivers\STM32F0xx_HAL_Driver\Src\stm32f0xx_hal_tim.o
                0x080055d8                HAL_TIM_Base_Start
 .text.HAL_TIM_Base_Start_IT
                0x08005638       0x5c Drivers\STM32F0xx_HAL_Driver\Src\stm32f0xx_hal_tim.o
                0x08005638                HAL_TIM_Base_Start_IT
 .text.HAL_TIM_OC_MspInit
                0x08005694        0x2 Drivers\STM32F0xx_HAL_Driver\Src\stm32f0xx_hal_tim.o
                0x08005694                HAL_TIM_OC_MspInit
 .text.HAL_TIM_PWM_MspInit
                0x08005696        0x2 Drivers\STM32F0xx_HAL_Driver\Src\stm32f0xx_hal_tim.o
                0x08005696                HAL_TIM_PWM_MspInit
 .text.TIM_Base_SetConfig
                0x08005698       0x80 Drivers\STM32F0xx_HAL_Driver\Src\stm32f0xx_hal_tim.o
                0x08005698                TIM_Base_SetConfig
 .text.HAL_TIM_Base_Init
                0x08005718       0xc4 Drivers\STM32F0xx_HAL_Driver\Src\stm32f0xx_hal_tim.o
                0x08005718                HAL_TIM_Base_Init
 .text.HAL_TIM_OC_Init
                0x080057dc       0xcc Drivers\STM32F0xx_HAL_Driver\Src\stm32f0xx_hal_tim.o
                0x080057dc                HAL_TIM_OC_Init
 .text.HAL_TIM_PWM_Init
                0x080058a8       0xd0 Drivers\STM32F0xx_HAL_Driver\Src\stm32f0xx_hal_tim.o
                0x080058a8                HAL_TIM_PWM_Init
 .text.TIM_OC2_SetConfig
                0x08005978       0xc8 Drivers\STM32F0xx_HAL_Driver\Src\stm32f0xx_hal_tim.o
                0x08005978                TIM_OC2_SetConfig
 .text.HAL_TIM_OC_ConfigChannel
                0x08005a40      0x150 Drivers\STM32F0xx_HAL_Driver\Src\stm32f0xx_hal_tim.o
                0x08005a40                HAL_TIM_OC_ConfigChannel
 .text.HAL_TIM_PWM_ConfigChannel
                0x08005b90      0x1c4 Drivers\STM32F0xx_HAL_Driver\Src\stm32f0xx_hal_tim.o
                0x08005b90                HAL_TIM_PWM_ConfigChannel
 .text.TIM_ETR_SetConfig
                0x08005d54       0x18 Drivers\STM32F0xx_HAL_Driver\Src\stm32f0xx_hal_tim.o
                0x08005d54                TIM_ETR_SetConfig
 .text.HAL_TIM_ConfigClockSource
                0x08005d6c      0x408 Drivers\STM32F0xx_HAL_Driver\Src\stm32f0xx_hal_tim.o
                0x08005d6c                HAL_TIM_ConfigClockSource
 .text.HAL_TIMEx_MasterConfigSynchronization
                0x08006174       0x98 Drivers\STM32F0xx_HAL_Driver\Src\stm32f0xx_hal_tim_ex.o
                0x08006174                HAL_TIMEx_MasterConfigSynchronization
 .text.HAL_TIMEx_ConfigBreakDeadTime
                0x0800620c      0x130 Drivers\STM32F0xx_HAL_Driver\Src\stm32f0xx_hal_tim_ex.o
                0x0800620c                HAL_TIMEx_ConfigBreakDeadTime
 .text.UART_EndRxTransfer
                0x0800633c       0x20 Drivers\STM32F0xx_HAL_Driver\Src\stm32f0xx_hal_uart.o
 .text.HAL_UART_Transmit_DMA
                0x0800635c       0x8c Drivers\STM32F0xx_HAL_Driver\Src\stm32f0xx_hal_uart.o
                0x0800635c                HAL_UART_Transmit_DMA
 .text.UART_DMATransmitCplt
                0x080063e8       0x30 Drivers\STM32F0xx_HAL_Driver\Src\stm32f0xx_hal_uart.o
 .text.HAL_UART_TxHalfCpltCallback
                0x08006418        0x2 Drivers\STM32F0xx_HAL_Driver\Src\stm32f0xx_hal_uart.o
                0x08006418                HAL_UART_TxHalfCpltCallback
 .text.UART_DMATxHalfCplt
                0x0800641a        0xa Drivers\STM32F0xx_HAL_Driver\Src\stm32f0xx_hal_uart.o
 .text.HAL_UART_RxCpltCallback
                0x08006424        0x2 Drivers\STM32F0xx_HAL_Driver\Src\stm32f0xx_hal_uart.o
                0x08006424                HAL_UART_RxCpltCallback
 .text.HAL_UART_ErrorCallback
                0x08006426        0x2 Drivers\STM32F0xx_HAL_Driver\Src\stm32f0xx_hal_uart.o
                0x08006426                HAL_UART_ErrorCallback
 .text.UART_DMAError
                0x08006428       0x5a Drivers\STM32F0xx_HAL_Driver\Src\stm32f0xx_hal_uart.o
 .text.UART_DMAAbortOnError
                0x08006482       0x16 Drivers\STM32F0xx_HAL_Driver\Src\stm32f0xx_hal_uart.o
 .text.UART_SetConfig
                0x08006498      0x1d8 Drivers\STM32F0xx_HAL_Driver\Src\stm32f0xx_hal_uart.o
                0x08006498                UART_SetConfig
 .text.UART_AdvFeatureConfig
                0x08006670      0x1b8 Drivers\STM32F0xx_HAL_Driver\Src\stm32f0xx_hal_uart.o
                0x08006670                UART_AdvFeatureConfig
 .text.HAL_UART_Init
                0x08006828       0xa4 Drivers\STM32F0xx_HAL_Driver\Src\stm32f0xx_hal_uart.o
                0x08006828                HAL_UART_Init
 .text.UART_Transmit_IT
                0x080068cc       0x64 Drivers\STM32F0xx_HAL_Driver\Src\stm32f0xx_hal_uart.o
                0x080068cc                UART_Transmit_IT
 .text.UART_EndTransmit_IT
                0x08006930       0x1c Drivers\STM32F0xx_HAL_Driver\Src\stm32f0xx_hal_uart.o
                0x08006930                UART_EndTransmit_IT
 .text.UART_Receive_IT
                0x0800694c       0x7c Drivers\STM32F0xx_HAL_Driver\Src\stm32f0xx_hal_uart.o
                0x0800694c                UART_Receive_IT
 .text.HAL_UART_IRQHandler
                0x080069c8      0x118 Drivers\STM32F0xx_HAL_Driver\Src\stm32f0xx_hal_uart.o
                0x080069c8                HAL_UART_IRQHandler
 .text.Reset_Handler
                0x08006ae0       0x50 startup\startup_stm32f030x6.o
                0x08006ae0                Reset_Handler
 .text.Default_Handler
                0x08006b30        0x2 startup\startup_stm32f030x6.o
                0x08006b30                TIM1_CC_IRQHandler
                0x08006b30                I2C1_IRQHandler
                0x08006b30                SPI1_IRQHandler
                0x08006b30                EXTI2_3_IRQHandler
                0x08006b30                TIM17_IRQHandler
                0x08006b30                RTC_IRQHandler
                0x08006b30                EXTI4_15_IRQHandler
                0x08006b30                DMA1_Channel1_IRQHandler
                0x08006b30                Default_Handler
                0x08006b30                EXTI0_1_IRQHandler
                0x08006b30                WWDG_IRQHandler
 *fill*         0x08006b32        0x2 
 .text.__libc_init_array
                0x08006b34       0x48 c:/program files (x86)/atollic/truestudio for stm32 9.1.0/armtools/bin/../lib/gcc/arm-atollic-eabi/6.3.1/../../../../arm-atollic-eabi/lib/armv6-m\libc_nano.a(lib_a-init.o)
                0x08006b34                __libc_init_array
 .text.memcpy   0x08006b7c       0x12 c:/program files (x86)/atollic/truestudio for stm32 9.1.0/armtools/bin/../lib/gcc/arm-atollic-eabi/6.3.1/../../../../arm-atollic-eabi/lib/armv6-m\libc_nano.a(lib_a-memcpy-stub.o)
                0x08006b7c                memcpy
 .text.memset   0x08006b8e       0x10 c:/program files (x86)/atollic/truestudio for stm32 9.1.0/armtools/bin/../lib/gcc/arm-atollic-eabi/6.3.1/../../../../arm-atollic-eabi/lib/armv6-m\libc_nano.a(lib_a-memset.o)
                0x08006b8e                memset
 .text.strcpy   0x08006b9e       0x10 c:/program files (x86)/atollic/truestudio for stm32 9.1.0/armtools/bin/../lib/gcc/arm-atollic-eabi/6.3.1/../../../../arm-atollic-eabi/lib/armv6-m\libc_nano.a(lib_a-strcpy.o)
                0x08006b9e                strcpy
 *(.glue_7)
 .glue_7        0x08006bae        0x0 linker stubs
 *(.glue_7t)
 .glue_7t       0x08006bae        0x0 linker stubs
 *(.eh_frame)
 *fill*         0x08006bae        0x2 
 .eh_frame      0x08006bb0        0x0 c:/program files (x86)/atollic/truestudio for stm32 9.1.0/armtools/bin/../lib/gcc/arm-atollic-eabi/6.3.1/armv6-m/crtbegin.o
 *(.init)
 .init          0x08006bb0        0x4 c:/program files (x86)/atollic/truestudio for stm32 9.1.0/armtools/bin/../lib/gcc/arm-atollic-eabi/6.3.1/armv6-m/crti.o
                0x08006bb0                _init
 .init          0x08006bb4        0x8 c:/program files (x86)/atollic/truestudio for stm32 9.1.0/armtools/bin/../lib/gcc/arm-atollic-eabi/6.3.1/armv6-m/crtn.o
 *(.fini)
 .fini          0x08006bbc        0x4 c:/program files (x86)/atollic/truestudio for stm32 9.1.0/armtools/bin/../lib/gcc/arm-atollic-eabi/6.3.1/armv6-m/crti.o
                0x08006bbc                _fini
 .fini          0x08006bc0        0x8 c:/program files (x86)/atollic/truestudio for stm32 9.1.0/armtools/bin/../lib/gcc/arm-atollic-eabi/6.3.1/armv6-m/crtn.o
                0x08006bc8                . = ALIGN (0x4)
                0x08006bc8                _etext = .

.vfp11_veneer   0x08006bc8        0x0
 .vfp11_veneer  0x08006bc8        0x0 linker stubs

.v4_bx          0x08006bc8        0x0
 .v4_bx         0x08006bc8        0x0 linker stubs

.iplt           0x08006bc8        0x0
 .iplt          0x08006bc8        0x0 c:/program files (x86)/atollic/truestudio for stm32 9.1.0/armtools/bin/../lib/gcc/arm-atollic-eabi/6.3.1/armv6-m/crtbegin.o

.rodata         0x08006bc8      0x490
                0x08006bc8                . = ALIGN (0x4)
 *(.rodata)
 .rodata        0x08006bc8       0x20 Drivers\STM32F0xx_HAL_Driver\Src\stm32f0xx_hal_rcc.o
 .rodata        0x08006be8       0x80 c:/program files (x86)/atollic/truestudio for stm32 9.1.0/armtools/bin/../lib/gcc/arm-atollic-eabi/6.3.1/armv6-m\libgcc.a(divsf3.o)
 .rodata        0x08006c68       0x40 c:/program files (x86)/atollic/truestudio for stm32 9.1.0/armtools/bin/../lib/gcc/arm-atollic-eabi/6.3.1/armv6-m\libgcc.a(mulsf3.o)
 *(.rodata*)
 .rodata.CalibSave.str1.1
                0x08006ca8        0xe Core\Src\digiTOS-Lib\digiTOS-Core.o
 .rodata.main.str1.1
                0x08006cb6       0x5d Core\Src\main.o
 .rodata.AHBPrescTable
                0x08006d13       0x10 Core\Src\system_stm32f0xx.o
                0x08006d13                AHBPrescTable
 .rodata.APBPrescTable
                0x08006d23        0x8 Core\Src\system_stm32f0xx.o
                0x08006d23                APBPrescTable
 .rodata.ADC_ConversionStop.str1.1
                0x08006d2b       0x38 Drivers\STM32F0xx_HAL_Driver\Src\stm32f0xx_hal_adc.o
 .rodata.HAL_NVIC_SetPriority.str1.1
                0x08006d63       0x3b Drivers\STM32F0xx_HAL_Driver\Src\stm32f0xx_hal_cortex.o
 .rodata.HAL_CRC_Init.str1.1
                0x08006d9e       0x38 Drivers\STM32F0xx_HAL_Driver\Src\stm32f0xx_hal_crc.o
 .rodata.HAL_DMA_Init.str1.1
                0x08006dd6       0x38 Drivers\STM32F0xx_HAL_Driver\Src\stm32f0xx_hal_dma.o
 .rodata.HAL_FLASH_Program_IT.str1.1
                0x08006e0e       0x3a Drivers\STM32F0xx_HAL_Driver\Src\stm32f0xx_hal_flash.o
 .rodata.FLASH_OB_RDP_LevelConfig.str1.1
                0x08006e48       0x3d Drivers\STM32F0xx_HAL_Driver\Src\stm32f0xx_hal_flash_ex.o
 .rodata.HAL_GPIO_Init.str1.1
                0x08006e85       0x39 Drivers\STM32F0xx_HAL_Driver\Src\stm32f0xx_hal_gpio.o
 .rodata.HAL_I2CEx_ConfigAnalogFilter.str1.1
                0x08006ebe       0x3b Drivers\STM32F0xx_HAL_Driver\Src\stm32f0xx_hal_i2c_ex.o
 .rodata.HAL_IWDG_Init.str1.1
                0x08006ef9       0x39 Drivers\STM32F0xx_HAL_Driver\Src\stm32f0xx_hal_iwdg.o
 .rodata.HAL_RCC_OscConfig.str1.1
                0x08006f32       0x38 Drivers\STM32F0xx_HAL_Driver\Src\stm32f0xx_hal_rcc.o
 .rodata.HAL_RCCEx_PeriphCLKConfig.str1.1
                0x08006f6a       0x3b Drivers\STM32F0xx_HAL_Driver\Src\stm32f0xx_hal_rcc_ex.o
 .rodata.TIM_OC1_SetConfig.str1.1
                0x08006fa5       0x38 Drivers\STM32F0xx_HAL_Driver\Src\stm32f0xx_hal_tim.o
 .rodata.HAL_TIMEx_HallSensor_Init.str1.1
                0x08006fdd       0x3b Drivers\STM32F0xx_HAL_Driver\Src\stm32f0xx_hal_tim_ex.o
 .rodata.CSWTCH.50
                0x08007018        0x4 Drivers\STM32F0xx_HAL_Driver\Src\stm32f0xx_hal_uart.o
 .rodata.HAL_UART_DeInit.str1.1
                0x0800701c       0x39 Drivers\STM32F0xx_HAL_Driver\Src\stm32f0xx_hal_uart.o
                0x08007058                . = ALIGN (0x4)
 *fill*         0x08007055        0x3 

.ARM.extab
 *(.ARM.extab* .gnu.linkonce.armextab.*)

.ARM            0x08007058        0x8
                0x08007058                __exidx_start = .
 *(.ARM.exidx*)
 .ARM.exidx     0x08007058        0x8 c:/program files (x86)/atollic/truestudio for stm32 9.1.0/armtools/bin/../lib/gcc/arm-atollic-eabi/6.3.1/armv6-m\libgcc.a(_udivmoddi4.o)
                0x08007060                __exidx_end = .

.rel.dyn        0x08007060        0x0
 .rel.iplt      0x08007060        0x0 c:/program files (x86)/atollic/truestudio for stm32 9.1.0/armtools/bin/../lib/gcc/arm-atollic-eabi/6.3.1/armv6-m/crtbegin.o

.preinit_array  0x08007060        0x0
                0x08007060                PROVIDE (__preinit_array_start, .)
 *(.preinit_array*)
                0x08007060                PROVIDE (__preinit_array_end, .)

.init_array     0x08007060        0x4
                0x08007060                PROVIDE (__init_array_start, .)
 *(SORT(.init_array.*))
 *(.init_array*)
 .init_array    0x08007060        0x4 c:/program files (x86)/atollic/truestudio for stm32 9.1.0/armtools/bin/../lib/gcc/arm-atollic-eabi/6.3.1/armv6-m/crtbegin.o
                0x08007064                PROVIDE (__init_array_end, .)

.fini_array     0x08007064        0x4
                [!provide]                PROVIDE (__fini_array_start, .)
 *(SORT(.fini_array.*))
 *(.fini_array*)
 .fini_array    0x08007064        0x4 c:/program files (x86)/atollic/truestudio for stm32 9.1.0/armtools/bin/../lib/gcc/arm-atollic-eabi/6.3.1/armv6-m/crtbegin.o
                [!provide]                PROVIDE (__fini_array_end, .)
                0x08007068                _sidata = LOADADDR (.data)

.data           0x20000000      0x24c load address 0x08007068
                0x20000000                . = ALIGN (0x4)
                0x20000000                _sdata = .
 *(.data)
 *(.data*)
 .data.I_Out_Cnt
                0x20000000        0x4 Core\Src\digiTOS-Lib\digiTOS-Configuration.o
                0x20000000                I_Out_Cnt
 .data.I_RATIO  0x20000004        0x4 Core\Src\digiTOS-Lib\digiTOS-Configuration.o
                0x20000004                I_RATIO
 .data.Sin_Amp_ind
                0x20000008       0x10 Core\Src\digiTOS-Lib\digiTOS-Configuration.o
                0x20000008                Sin_Amp_ind
 .data.Sine_Amplitude_1
                0x20000018        0x4 Core\Src\digiTOS-Lib\digiTOS-Configuration.o
                0x20000018                Sine_Amplitude_1
 .data.Sine_Amplitude_2
                0x2000001c        0x4 Core\Src\digiTOS-Lib\digiTOS-Configuration.o
                0x2000001c                Sine_Amplitude_2
 .data.Sine_Amplitude_3
                0x20000020        0x4 Core\Src\digiTOS-Lib\digiTOS-Configuration.o
                0x20000020                Sine_Amplitude_3
 .data.Sine_Amplitude_4
                0x20000024        0x4 Core\Src\digiTOS-Lib\digiTOS-Configuration.o
                0x20000024                Sine_Amplitude_4
 .data.V_1      0x20000028        0x4 Core\Src\digiTOS-Lib\digiTOS-Configuration.o
                0x20000028                V_1
 .data.V_2      0x2000002c        0x4 Core\Src\digiTOS-Lib\digiTOS-Configuration.o
                0x2000002c                V_2
 .data.V_3      0x20000030        0x4 Core\Src\digiTOS-Lib\digiTOS-Configuration.o
                0x20000030                V_3
 .data.V_4      0x20000034        0x4 Core\Src\digiTOS-Lib\digiTOS-Configuration.o
                0x20000034                V_4
 .data.V_Cnt    0x20000038       0x10 Core\Src\digiTOS-Lib\digiTOS-Configuration.o
                0x20000038                V_Cnt
 .data.V_Out_Cnt
                0x20000048        0x4 Core\Src\digiTOS-Lib\digiTOS-Configuration.o
                0x20000048                V_Out_Cnt
 .data.V_RATIO  0x2000004c        0x4 Core\Src\digiTOS-Lib\digiTOS-Configuration.o
                0x2000004c                V_RATIO
 .data.amp1_target
                0x20000050        0x4 Core\Src\digiTOS-Lib\digiTOS-Configuration.o
                0x20000050                amp1_target
 .data.amp2_target
                0x20000054        0x4 Core\Src\digiTOS-Lib\digiTOS-Configuration.o
                0x20000054                amp2_target
 .data.amp3_target
                0x20000058        0x4 Core\Src\digiTOS-Lib\digiTOS-Configuration.o
                0x20000058                amp3_target
 .data.amp4_target
                0x2000005c        0x4 Core\Src\digiTOS-Lib\digiTOS-Configuration.o
                0x2000005c                amp4_target
 .data.sin_data
                0x20000060      0x1e0 Core\Src\digiTOS-Lib\digiTOS-Configuration.o
                0x20000060                sin_data
 .data.EEPROMStoredCnt
                0x20000240        0x2 Core\Src\digiTOS-Lib\digiTOS-Core.o
                0x20000240                EEPROMStoredCnt
 *fill*         0x20000242        0x2 
 .data.huart1_finished_tx
                0x20000244        0x4 Core\Src\digiTOS-Lib\digiTOS-Core.o
                0x20000244                huart1_finished_tx
 .data.SystemCoreClock
                0x20000248        0x4 Core\Src\system_stm32f0xx.o
                0x20000248                SystemCoreClock
                0x2000024c                . = ALIGN (0x4)
                0x2000024c                _edata = .

.igot.plt       0x2000024c        0x0 load address 0x080072b4
 .igot.plt      0x2000024c        0x0 c:/program files (x86)/atollic/truestudio for stm32 9.1.0/armtools/bin/../lib/gcc/arm-atollic-eabi/6.3.1/armv6-m/crtbegin.o
                0x2000024c                . = ALIGN (0x4)

.bss            0x20000250      0x4a8 load address 0x080072b4
                0x20000250                _sbss = .
                0x20000250                __bss_start__ = _sbss
 *(.bss)
 .bss           0x20000250       0x1c c:/program files (x86)/atollic/truestudio for stm32 9.1.0/armtools/bin/../lib/gcc/arm-atollic-eabi/6.3.1/armv6-m/crtbegin.o
 *(.bss*)
 .bss.I_Out     0x2000026c        0x4 Core\Src\digiTOS-Lib\digiTOS-Configuration.o
                0x2000026c                I_Out
 .bss.I_Out_RawData
                0x20000270        0x8 Core\Src\digiTOS-Lib\digiTOS-Configuration.o
                0x20000270                I_Out_RawData
 .bss.V_Out     0x20000278        0x4 Core\Src\digiTOS-Lib\digiTOS-Configuration.o
                0x20000278                V_Out
 *fill*         0x2000027c        0x4 
 .bss.V_Out_RawData
                0x20000280        0x8 Core\Src\digiTOS-Lib\digiTOS-Configuration.o
                0x20000280                V_Out_RawData
 .bss.sinStatus
                0x20000288        0x1 Core\Src\digiTOS-Lib\digiTOS-Configuration.o
                0x20000288                sinStatus
 *fill*         0x20000289        0x1 
 .bss.sin_step  0x2000028a        0x2 Core\Src\digiTOS-Lib\digiTOS-Configuration.o
                0x2000028a                sin_step
 .bss.BoardStatus
                0x2000028c        0x1 Core\Src\digiTOS-Lib\digiTOS-Core.o
                0x2000028c                BoardStatus
 *fill*         0x2000028d        0x3 
 .bss.CalibMode
                0x20000290        0x4 Core\Src\digiTOS-Lib\digiTOS-Core.o
                0x20000290                CalibMode
 .bss.DevMode1  0x20000294        0x4 Core\Src\digiTOS-Lib\digiTOS-Core.o
                0x20000294                DevMode1
 .bss.EEPROM_CRC
                0x20000298        0x4 Core\Src\digiTOS-Lib\digiTOS-Core.o
                0x20000298                EEPROM_CRC
 .bss.EEPROM_DATA
                0x2000029c        0x8 Core\Src\digiTOS-Lib\digiTOS-Core.o
                0x2000029c                EEPROM_DATA
 .bss.EEPROM_FLAG
                0x200002a4        0x4 Core\Src\digiTOS-Lib\digiTOS-Core.o
                0x200002a4                EEPROM_FLAG
 .bss.FaultWaitCnt
                0x200002a8        0x4 Core\Src\digiTOS-Lib\digiTOS-Core.o
                0x200002a8                FaultWaitCnt
 .bss.Re_Update
                0x200002ac        0x4 Core\Src\digiTOS-Lib\digiTOS-Core.o
                0x200002ac                Re_Update
 .bss.RstCnt    0x200002b0        0x4 Core\Src\digiTOS-Lib\digiTOS-Core.o
                0x200002b0                RstCnt
 .bss.SinWave   0x200002b4        0x1 Core\Src\digiTOS-Lib\digiTOS-Core.o
                0x200002b4                SinWave
 *(COMMON)
 *fill*         0x200002b5        0x3 
 COMMON         0x200002b8       0x90 Core\Src\adc.o
                0x200002b8                hdma_adc
                0x200002fc                hadc
 COMMON         0x20000348       0x24 Core\Src\crc.o
                0x20000348                hcrc
 COMMON         0x2000036c       0x12 Core\Src\digiTOS-Lib\digiTOS-Configuration.o
                0x2000036c                ADC_Cnt
                0x20000378                ADC_Data
 *fill*         0x2000037e        0x2 
 COMMON         0x20000380      0x120 Core\Src\digiTOS-Lib\digiTOS-Core.o
                0x20000380                CALIB_V
                0x2000039c                CALIB_I
                0x200003b8                uart_buff
                0x2000041c                DevModeKey
                0x20000438                crc_buff
                0x2000044c                CALIB_MODE
                0x20000468                FaultFlag
                0x20000484                DevModeKey2
 COMMON         0x200004a0       0x28 Core\Src\digiTOS-Lib\eeprom.o
                0x200004a0                EEPROMPageBackup
 COMMON         0x200004c8       0x10 Core\Src\iwdg.o
                0x200004c8                hiwdg
 COMMON         0x200004d8      0x100 Core\Src\tim.o
                0x200004d8                htim3
                0x20000518                htim1
                0x20000558                htim14
                0x20000598                htim16
 COMMON         0x200005d8       0xf8 Core\Src\usart.o
                0x200005d8                hdma_usart1_tx
                0x2000061c                hdma_usart1_rx
                0x20000660                huart1
 COMMON         0x200006d0        0x4 Drivers\STM32F0xx_HAL_Driver\Src\stm32f0xx_hal.o
                0x200006d0                uwTick
 *fill*         0x200006d4        0x4 
 COMMON         0x200006d8       0x20 Drivers\STM32F0xx_HAL_Driver\Src\stm32f0xx_hal_flash.o
                0x200006d8                pFlash
                0x200006f8                . = ALIGN (0x4)
                0x200006f8                _ebss = .
                0x200006f8                __bss_end__ = _ebss

._user_heap_stack
                0x200006f8      0x600 load address 0x080072b4
                0x200006f8                . = ALIGN (0x4)
                0x200006f8                PROVIDE (end, .)
                [!provide]                PROVIDE (_end, .)
                0x200008f8                . = (. + _Min_Heap_Size)
 *fill*         0x200006f8      0x200 
                0x20000cf8                . = (. + _Min_Stack_Size)
 *fill*         0x200008f8      0x400 
                0x20000cf8                . = ALIGN (0x4)

/DISCARD/
 libc.a(*)
 libm.a(*)
 libgcc.a(*)

.ARM.attributes
                0x00000000       0x28
 *(.ARM.attributes)
 .ARM.attributes
                0x00000000       0x1e c:/program files (x86)/atollic/truestudio for stm32 9.1.0/armtools/bin/../lib/gcc/arm-atollic-eabi/6.3.1/armv6-m/crti.o
 .ARM.attributes
                0x0000001e       0x2c c:/program files (x86)/atollic/truestudio for stm32 9.1.0/armtools/bin/../lib/gcc/arm-atollic-eabi/6.3.1/armv6-m/crtbegin.o
 .ARM.attributes
                0x0000004a       0x31 Core\Src\adc.o
 .ARM.attributes
                0x0000007b       0x31 Core\Src\crc.o
 .ARM.attributes
                0x000000ac       0x31 Core\Src\digiTOS-Lib\digiTOS-ADC.o
 .ARM.attributes
                0x000000dd       0x31 Core\Src\digiTOS-Lib\digiTOS-Configuration.o
 .ARM.attributes
                0x0000010e       0x31 Core\Src\digiTOS-Lib\digiTOS-Core.o
 .ARM.attributes
                0x0000013f       0x31 Core\Src\digiTOS-Lib\digiTOS-Generator.o
 .ARM.attributes
                0x00000170       0x31 Core\Src\digiTOS-Lib\digiTOS-Sinus.o
 .ARM.attributes
                0x000001a1       0x31 Core\Src\digiTOS-Lib\eeprom.o
 .ARM.attributes
                0x000001d2       0x31 Core\Src\digiTOS-Lib\stm32f0xx_hal_buttons.o
 .ARM.attributes
                0x00000203       0x31 Core\Src\dma.o
 .ARM.attributes
                0x00000234       0x31 Core\Src\gpio.o
 .ARM.attributes
                0x00000265       0x31 Core\Src\iwdg.o
 .ARM.attributes
                0x00000296       0x31 Core\Src\main.o
 .ARM.attributes
                0x000002c7       0x31 Core\Src\stm32f0xx_hal_msp.o
 .ARM.attributes
                0x000002f8       0x31 Core\Src\stm32f0xx_it.o
 .ARM.attributes
                0x00000329       0x31 Core\Src\system_stm32f0xx.o
 .ARM.attributes
                0x0000035a       0x31 Core\Src\tim.o
 .ARM.attributes
                0x0000038b       0x31 Core\Src\usart.o
 .ARM.attributes
                0x000003bc       0x31 Drivers\STM32F0xx_HAL_Driver\Src\stm32f0xx_hal.o
 .ARM.attributes
                0x000003ed       0x31 Drivers\STM32F0xx_HAL_Driver\Src\stm32f0xx_hal_adc.o
 .ARM.attributes
                0x0000041e       0x31 Drivers\STM32F0xx_HAL_Driver\Src\stm32f0xx_hal_cortex.o
 .ARM.attributes
                0x0000044f       0x31 Drivers\STM32F0xx_HAL_Driver\Src\stm32f0xx_hal_crc.o
 .ARM.attributes
                0x00000480       0x31 Drivers\STM32F0xx_HAL_Driver\Src\stm32f0xx_hal_crc_ex.o
 .ARM.attributes
                0x000004b1       0x31 Drivers\STM32F0xx_HAL_Driver\Src\stm32f0xx_hal_dma.o
 .ARM.attributes
                0x000004e2       0x31 Drivers\STM32F0xx_HAL_Driver\Src\stm32f0xx_hal_flash.o
 .ARM.attributes
                0x00000513       0x31 Drivers\STM32F0xx_HAL_Driver\Src\stm32f0xx_hal_flash_ex.o
 .ARM.attributes
                0x00000544       0x31 Drivers\STM32F0xx_HAL_Driver\Src\stm32f0xx_hal_gpio.o
 .ARM.attributes
                0x00000575       0x31 Drivers\STM32F0xx_HAL_Driver\Src\stm32f0xx_hal_i2c_ex.o
 .ARM.attributes
                0x000005a6       0x31 Drivers\STM32F0xx_HAL_Driver\Src\stm32f0xx_hal_iwdg.o
 .ARM.attributes
                0x000005d7       0x31 Drivers\STM32F0xx_HAL_Driver\Src\stm32f0xx_hal_rcc.o
 .ARM.attributes
                0x00000608       0x31 Drivers\STM32F0xx_HAL_Driver\Src\stm32f0xx_hal_rcc_ex.o
 .ARM.attributes
                0x00000639       0x31 Drivers\STM32F0xx_HAL_Driver\Src\stm32f0xx_hal_tim.o
 .ARM.attributes
                0x0000066a       0x31 Drivers\STM32F0xx_HAL_Driver\Src\stm32f0xx_hal_tim_ex.o
 .ARM.attributes
                0x0000069b       0x31 Drivers\STM32F0xx_HAL_Driver\Src\stm32f0xx_hal_uart.o
 .ARM.attributes
                0x000006cc       0x21 startup\startup_stm32f030x6.o
 .ARM.attributes
                0x000006ed       0x2c c:/program files (x86)/atollic/truestudio for stm32 9.1.0/armtools/bin/../lib/gcc/arm-atollic-eabi/6.3.1/../../../../arm-atollic-eabi/lib/armv6-m\libc_nano.a(lib_a-init.o)
 .ARM.attributes
                0x00000719       0x2c c:/program files (x86)/atollic/truestudio for stm32 9.1.0/armtools/bin/../lib/gcc/arm-atollic-eabi/6.3.1/../../../../arm-atollic-eabi/lib/armv6-m\libc_nano.a(lib_a-memcpy-stub.o)
 .ARM.attributes
                0x00000745       0x2c c:/program files (x86)/atollic/truestudio for stm32 9.1.0/armtools/bin/../lib/gcc/arm-atollic-eabi/6.3.1/../../../../arm-atollic-eabi/lib/armv6-m\libc_nano.a(lib_a-memset.o)
 .ARM.attributes
                0x00000771       0x2c c:/program files (x86)/atollic/truestudio for stm32 9.1.0/armtools/bin/../lib/gcc/arm-atollic-eabi/6.3.1/../../../../arm-atollic-eabi/lib/armv6-m\libc_nano.a(lib_a-strcpy.o)
 .ARM.attributes
                0x0000079d       0x1e c:/program files (x86)/atollic/truestudio for stm32 9.1.0/armtools/bin/../lib/gcc/arm-atollic-eabi/6.3.1/armv6-m\libgcc.a(_thumb1_case_uqi.o)
 .ARM.attributes
                0x000007bb       0x1e c:/program files (x86)/atollic/truestudio for stm32 9.1.0/armtools/bin/../lib/gcc/arm-atollic-eabi/6.3.1/armv6-m\libgcc.a(_udivsi3.o)
 .ARM.attributes
                0x000007d9       0x1e c:/program files (x86)/atollic/truestudio for stm32 9.1.0/armtools/bin/../lib/gcc/arm-atollic-eabi/6.3.1/armv6-m\libgcc.a(_dvmd_tls.o)
 .ARM.attributes
                0x000007f7       0x1e c:/program files (x86)/atollic/truestudio for stm32 9.1.0/armtools/bin/../lib/gcc/arm-atollic-eabi/6.3.1/armv6-m\libgcc.a(_lshrdi3.o)
 .ARM.attributes
                0x00000815       0x1e c:/program files (x86)/atollic/truestudio for stm32 9.1.0/armtools/bin/../lib/gcc/arm-atollic-eabi/6.3.1/armv6-m\libgcc.a(_arm_cmpdf2.o)
 .ARM.attributes
                0x00000833       0x1e c:/program files (x86)/atollic/truestudio for stm32 9.1.0/armtools/bin/../lib/gcc/arm-atollic-eabi/6.3.1/armv6-m\libgcc.a(_arm_cmpsf2.o)
 .ARM.attributes
                0x00000851       0x1e c:/program files (x86)/atollic/truestudio for stm32 9.1.0/armtools/bin/../lib/gcc/arm-atollic-eabi/6.3.1/armv6-m\libgcc.a(_aeabi_uldivmod.o)
 .ARM.attributes
                0x0000086f       0x2c c:/program files (x86)/atollic/truestudio for stm32 9.1.0/armtools/bin/../lib/gcc/arm-atollic-eabi/6.3.1/armv6-m\libgcc.a(_fixunssfsi.o)
 .ARM.attributes
                0x0000089b       0x2c c:/program files (x86)/atollic/truestudio for stm32 9.1.0/armtools/bin/../lib/gcc/arm-atollic-eabi/6.3.1/armv6-m\libgcc.a(_udivmoddi4.o)
 .ARM.attributes
                0x000008c7       0x2c c:/program files (x86)/atollic/truestudio for stm32 9.1.0/armtools/bin/../lib/gcc/arm-atollic-eabi/6.3.1/armv6-m\libgcc.a(addsf3.o)
 .ARM.attributes
                0x000008f3       0x2c c:/program files (x86)/atollic/truestudio for stm32 9.1.0/armtools/bin/../lib/gcc/arm-atollic-eabi/6.3.1/armv6-m\libgcc.a(divsf3.o)
 .ARM.attributes
                0x0000091f       0x2c c:/program files (x86)/atollic/truestudio for stm32 9.1.0/armtools/bin/../lib/gcc/arm-atollic-eabi/6.3.1/armv6-m\libgcc.a(eqsf2.o)
 .ARM.attributes
                0x0000094b       0x2c c:/program files (x86)/atollic/truestudio for stm32 9.1.0/armtools/bin/../lib/gcc/arm-atollic-eabi/6.3.1/armv6-m\libgcc.a(gesf2.o)
 .ARM.attributes
                0x00000977       0x2c c:/program files (x86)/atollic/truestudio for stm32 9.1.0/armtools/bin/../lib/gcc/arm-atollic-eabi/6.3.1/armv6-m\libgcc.a(lesf2.o)
 .ARM.attributes
                0x000009a3       0x2c c:/program files (x86)/atollic/truestudio for stm32 9.1.0/armtools/bin/../lib/gcc/arm-atollic-eabi/6.3.1/armv6-m\libgcc.a(mulsf3.o)
 .ARM.attributes
                0x000009cf       0x2c c:/program files (x86)/atollic/truestudio for stm32 9.1.0/armtools/bin/../lib/gcc/arm-atollic-eabi/6.3.1/armv6-m\libgcc.a(subsf3.o)
 .ARM.attributes
                0x000009fb       0x2c c:/program files (x86)/atollic/truestudio for stm32 9.1.0/armtools/bin/../lib/gcc/arm-atollic-eabi/6.3.1/armv6-m\libgcc.a(fixsfsi.o)
 .ARM.attributes
                0x00000a27       0x2c c:/program files (x86)/atollic/truestudio for stm32 9.1.0/armtools/bin/../lib/gcc/arm-atollic-eabi/6.3.1/armv6-m\libgcc.a(floatsisf.o)
 .ARM.attributes
                0x00000a53       0x2c c:/program files (x86)/atollic/truestudio for stm32 9.1.0/armtools/bin/../lib/gcc/arm-atollic-eabi/6.3.1/armv6-m\libgcc.a(floatunsisf.o)
 .ARM.attributes
                0x00000a7f       0x2c c:/program files (x86)/atollic/truestudio for stm32 9.1.0/armtools/bin/../lib/gcc/arm-atollic-eabi/6.3.1/armv6-m\libgcc.a(adddf3.o)
 .ARM.attributes
                0x00000aab       0x2c c:/program files (x86)/atollic/truestudio for stm32 9.1.0/armtools/bin/../lib/gcc/arm-atollic-eabi/6.3.1/armv6-m\libgcc.a(eqdf2.o)
 .ARM.attributes
                0x00000ad7       0x2c c:/program files (x86)/atollic/truestudio for stm32 9.1.0/armtools/bin/../lib/gcc/arm-atollic-eabi/6.3.1/armv6-m\libgcc.a(gedf2.o)
 .ARM.attributes
                0x00000b03       0x2c c:/program files (x86)/atollic/truestudio for stm32 9.1.0/armtools/bin/../lib/gcc/arm-atollic-eabi/6.3.1/armv6-m\libgcc.a(ledf2.o)
 .ARM.attributes
                0x00000b2f       0x2c c:/program files (x86)/atollic/truestudio for stm32 9.1.0/armtools/bin/../lib/gcc/arm-atollic-eabi/6.3.1/armv6-m\libgcc.a(extendsfdf2.o)
 .ARM.attributes
                0x00000b5b       0x2c c:/program files (x86)/atollic/truestudio for stm32 9.1.0/armtools/bin/../lib/gcc/arm-atollic-eabi/6.3.1/armv6-m\libgcc.a(truncdfsf2.o)
 .ARM.attributes
                0x00000b87       0x1e c:/program files (x86)/atollic/truestudio for stm32 9.1.0/armtools/bin/../lib/gcc/arm-atollic-eabi/6.3.1/armv6-m\libgcc.a(_clzsi2.o)
 .ARM.attributes
                0x00000ba5       0x1e c:/program files (x86)/atollic/truestudio for stm32 9.1.0/armtools/bin/../lib/gcc/arm-atollic-eabi/6.3.1/armv6-m\libgcc.a(_clzdi2.o)
 .ARM.attributes
                0x00000bc3       0x1e c:/program files (x86)/atollic/truestudio for stm32 9.1.0/armtools/bin/../lib/gcc/arm-atollic-eabi/6.3.1/armv6-m/crtn.o
OUTPUT(digiTOS-COMOD-SinBoard-CODE.elf elf32-littlearm)

.debug_info     0x00000000    0x2b5cc
 .debug_info    0x00000000     0x11f0 Core\Src\adc.o
 .debug_info    0x000011f0      0xc97 Core\Src\crc.o
 .debug_info    0x00001e87     0x186c Core\Src\digiTOS-Lib\digiTOS-ADC.o
 .debug_info    0x000036f3      0xc83 Core\Src\digiTOS-Lib\digiTOS-Configuration.o
 .debug_info    0x00004376     0x1dee Core\Src\digiTOS-Lib\digiTOS-Core.o
 .debug_info    0x00006164     0x1a80 Core\Src\digiTOS-Lib\digiTOS-Generator.o
 .debug_info    0x00007be4     0x1672 Core\Src\digiTOS-Lib\digiTOS-Sinus.o
 .debug_info    0x00009256      0xc7d Core\Src\digiTOS-Lib\eeprom.o
 .debug_info    0x00009ed3      0xcbb Core\Src\digiTOS-Lib\stm32f0xx_hal_buttons.o
 .debug_info    0x0000ab8e      0xaeb Core\Src\dma.o
 .debug_info    0x0000b679      0xc5f Core\Src\gpio.o
 .debug_info    0x0000c2d8      0xa54 Core\Src\iwdg.o
 .debug_info    0x0000cd2c     0x25fe Core\Src\main.o
 .debug_info    0x0000f32a      0xa16 Core\Src\stm32f0xx_hal_msp.o
 .debug_info    0x0000fd40     0x1c54 Core\Src\stm32f0xx_it.o
 .debug_info    0x00011994      0xa67 Core\Src\system_stm32f0xx.o
 .debug_info    0x000123fb     0x182d Core\Src\tim.o
 .debug_info    0x00013c28     0x1355 Core\Src\usart.o
 .debug_info    0x00014f7d      0xe2b Drivers\STM32F0xx_HAL_Driver\Src\stm32f0xx_hal.o
 .debug_info    0x00015da8     0x1b1e Drivers\STM32F0xx_HAL_Driver\Src\stm32f0xx_hal_adc.o
 .debug_info    0x000178c6     0x10b2 Drivers\STM32F0xx_HAL_Driver\Src\stm32f0xx_hal_cortex.o
 .debug_info    0x00018978      0xea9 Drivers\STM32F0xx_HAL_Driver\Src\stm32f0xx_hal_crc.o
 .debug_info    0x00019821      0xbc4 Drivers\STM32F0xx_HAL_Driver\Src\stm32f0xx_hal_crc_ex.o
 .debug_info    0x0001a3e5     0x1169 Drivers\STM32F0xx_HAL_Driver\Src\stm32f0xx_hal_dma.o
 .debug_info    0x0001b54e      0xeda Drivers\STM32F0xx_HAL_Driver\Src\stm32f0xx_hal_flash.o
 .debug_info    0x0001c428     0x1345 Drivers\STM32F0xx_HAL_Driver\Src\stm32f0xx_hal_flash_ex.o
 .debug_info    0x0001d76d     0x100d Drivers\STM32F0xx_HAL_Driver\Src\stm32f0xx_hal_gpio.o
 .debug_info    0x0001e77a     0x10df Drivers\STM32F0xx_HAL_Driver\Src\stm32f0xx_hal_i2c_ex.o
 .debug_info    0x0001f859      0xb19 Drivers\STM32F0xx_HAL_Driver\Src\stm32f0xx_hal_iwdg.o
 .debug_info    0x00020372     0x145c Drivers\STM32F0xx_HAL_Driver\Src\stm32f0xx_hal_rcc.o
 .debug_info    0x000217ce      0xc8b Drivers\STM32F0xx_HAL_Driver\Src\stm32f0xx_hal_rcc_ex.o
 .debug_info    0x00022459     0x4d0f Drivers\STM32F0xx_HAL_Driver\Src\stm32f0xx_hal_tim.o
 .debug_info    0x00027168     0x20b0 Drivers\STM32F0xx_HAL_Driver\Src\stm32f0xx_hal_tim_ex.o
 .debug_info    0x00029218     0x2326 Drivers\STM32F0xx_HAL_Driver\Src\stm32f0xx_hal_uart.o
 .debug_info    0x0002b53e       0x8e startup\startup_stm32f030x6.o

.debug_abbrev   0x00000000     0x568f
 .debug_abbrev  0x00000000      0x226 Core\Src\adc.o
 .debug_abbrev  0x00000226      0x228 Core\Src\crc.o
 .debug_abbrev  0x0000044e      0x345 Core\Src\digiTOS-Lib\digiTOS-ADC.o
 .debug_abbrev  0x00000793      0x190 Core\Src\digiTOS-Lib\digiTOS-Configuration.o
 .debug_abbrev  0x00000923      0x369 Core\Src\digiTOS-Lib\digiTOS-Core.o
 .debug_abbrev  0x00000c8c      0x221 Core\Src\digiTOS-Lib\digiTOS-Generator.o
 .debug_abbrev  0x00000ead      0x258 Core\Src\digiTOS-Lib\digiTOS-Sinus.o
 .debug_abbrev  0x00001105      0x235 Core\Src\digiTOS-Lib\eeprom.o
 .debug_abbrev  0x0000133a      0x283 Core\Src\digiTOS-Lib\stm32f0xx_hal_buttons.o
 .debug_abbrev  0x000015bd      0x1f5 Core\Src\dma.o
 .debug_abbrev  0x000017b2      0x20a Core\Src\gpio.o
 .debug_abbrev  0x000019bc      0x1e1 Core\Src\iwdg.o
 .debug_abbrev  0x00001b9d      0x2de Core\Src\main.o
 .debug_abbrev  0x00001e7b      0x1a4 Core\Src\stm32f0xx_hal_msp.o
 .debug_abbrev  0x0000201f      0x288 Core\Src\stm32f0xx_it.o
 .debug_abbrev  0x000022a7      0x1ca Core\Src\system_stm32f0xx.o
 .debug_abbrev  0x00002471      0x281 Core\Src\tim.o
 .debug_abbrev  0x000026f2      0x23a Core\Src\usart.o
 .debug_abbrev  0x0000292c      0x2d1 Drivers\STM32F0xx_HAL_Driver\Src\stm32f0xx_hal.o
 .debug_abbrev  0x00002bfd      0x33d Drivers\STM32F0xx_HAL_Driver\Src\stm32f0xx_hal_adc.o
 .debug_abbrev  0x00002f3a      0x356 Drivers\STM32F0xx_HAL_Driver\Src\stm32f0xx_hal_cortex.o
 .debug_abbrev  0x00003290      0x2a7 Drivers\STM32F0xx_HAL_Driver\Src\stm32f0xx_hal_crc.o
 .debug_abbrev  0x00003537      0x1cb Drivers\STM32F0xx_HAL_Driver\Src\stm32f0xx_hal_crc_ex.o
 .debug_abbrev  0x00003702      0x2c1 Drivers\STM32F0xx_HAL_Driver\Src\stm32f0xx_hal_dma.o
 .debug_abbrev  0x000039c3      0x35d Drivers\STM32F0xx_HAL_Driver\Src\stm32f0xx_hal_flash.o
 .debug_abbrev  0x00003d20      0x33e Drivers\STM32F0xx_HAL_Driver\Src\stm32f0xx_hal_flash_ex.o
 .debug_abbrev  0x0000405e      0x29f Drivers\STM32F0xx_HAL_Driver\Src\stm32f0xx_hal_gpio.o
 .debug_abbrev  0x000042fd      0x235 Drivers\STM32F0xx_HAL_Driver\Src\stm32f0xx_hal_i2c_ex.o
 .debug_abbrev  0x00004532      0x1fd Drivers\STM32F0xx_HAL_Driver\Src\stm32f0xx_hal_iwdg.o
 .debug_abbrev  0x0000472f      0x2db Drivers\STM32F0xx_HAL_Driver\Src\stm32f0xx_hal_rcc.o
 .debug_abbrev  0x00004a0a      0x28e Drivers\STM32F0xx_HAL_Driver\Src\stm32f0xx_hal_rcc_ex.o
 .debug_abbrev  0x00004c98      0x380 Drivers\STM32F0xx_HAL_Driver\Src\stm32f0xx_hal_tim.o
 .debug_abbrev  0x00005018      0x2ed Drivers\STM32F0xx_HAL_Driver\Src\stm32f0xx_hal_tim_ex.o
 .debug_abbrev  0x00005305      0x378 Drivers\STM32F0xx_HAL_Driver\Src\stm32f0xx_hal_uart.o
 .debug_abbrev  0x0000567d       0x12 startup\startup_stm32f030x6.o

.debug_loc      0x00000000     0x9d9b
 .debug_loc     0x00000000       0x58 Core\Src\adc.o
 .debug_loc     0x00000058       0x21 Core\Src\crc.o
 .debug_loc     0x00000079      0x30c Core\Src\digiTOS-Lib\digiTOS-ADC.o
 .debug_loc     0x00000385      0x438 Core\Src\digiTOS-Lib\digiTOS-Core.o
 .debug_loc     0x000007bd       0x68 Core\Src\digiTOS-Lib\digiTOS-Sinus.o
 .debug_loc     0x00000825      0x21e Core\Src\digiTOS-Lib\eeprom.o
 .debug_loc     0x00000a43      0x14d Core\Src\digiTOS-Lib\stm32f0xx_hal_buttons.o
 .debug_loc     0x00000b90      0x127 Core\Src\system_stm32f0xx.o
 .debug_loc     0x00000cb7      0x10f Core\Src\tim.o
 .debug_loc     0x00000dc6       0x58 Core\Src\usart.o
 .debug_loc     0x00000e1e       0x7c Drivers\STM32F0xx_HAL_Driver\Src\stm32f0xx_hal.o
 .debug_loc     0x00000e9a      0xa82 Drivers\STM32F0xx_HAL_Driver\Src\stm32f0xx_hal_adc.o
 .debug_loc     0x0000191c      0x380 Drivers\STM32F0xx_HAL_Driver\Src\stm32f0xx_hal_cortex.o
 .debug_loc     0x00001c9c      0x433 Drivers\STM32F0xx_HAL_Driver\Src\stm32f0xx_hal_crc.o
 .debug_loc     0x000020cf       0xd1 Drivers\STM32F0xx_HAL_Driver\Src\stm32f0xx_hal_crc_ex.o
 .debug_loc     0x000021a0      0x7c3 Drivers\STM32F0xx_HAL_Driver\Src\stm32f0xx_hal_dma.o
 .debug_loc     0x00002963      0x2b2 Drivers\STM32F0xx_HAL_Driver\Src\stm32f0xx_hal_flash.o
 .debug_loc     0x00002c15      0x4f7 Drivers\STM32F0xx_HAL_Driver\Src\stm32f0xx_hal_flash_ex.o
 .debug_loc     0x0000310c      0x499 Drivers\STM32F0xx_HAL_Driver\Src\stm32f0xx_hal_gpio.o
 .debug_loc     0x000035a5      0x16c Drivers\STM32F0xx_HAL_Driver\Src\stm32f0xx_hal_i2c_ex.o
 .debug_loc     0x00003711       0x76 Drivers\STM32F0xx_HAL_Driver\Src\stm32f0xx_hal_iwdg.o
 .debug_loc     0x00003787      0x4b4 Drivers\STM32F0xx_HAL_Driver\Src\stm32f0xx_hal_rcc.o
 .debug_loc     0x00003c3b      0x1e6 Drivers\STM32F0xx_HAL_Driver\Src\stm32f0xx_hal_rcc_ex.o
 .debug_loc     0x00003e21     0x38df Drivers\STM32F0xx_HAL_Driver\Src\stm32f0xx_hal_tim.o
 .debug_loc     0x00007700     0x1265 Drivers\STM32F0xx_HAL_Driver\Src\stm32f0xx_hal_tim_ex.o
 .debug_loc     0x00008965     0x1436 Drivers\STM32F0xx_HAL_Driver\Src\stm32f0xx_hal_uart.o

.debug_aranges  0x00000000      0xfa0
 .debug_aranges
                0x00000000       0x30 Core\Src\adc.o
 .debug_aranges
                0x00000030       0x30 Core\Src\crc.o
 .debug_aranges
                0x00000060       0x70 Core\Src\digiTOS-Lib\digiTOS-ADC.o
 .debug_aranges
                0x000000d0       0x18 Core\Src\digiTOS-Lib\digiTOS-Configuration.o
 .debug_aranges
                0x000000e8       0xc8 Core\Src\digiTOS-Lib\digiTOS-Core.o
 .debug_aranges
                0x000001b0       0xb0 Core\Src\digiTOS-Lib\digiTOS-Generator.o
 .debug_aranges
                0x00000260       0x40 Core\Src\digiTOS-Lib\digiTOS-Sinus.o
 .debug_aranges
                0x000002a0       0x40 Core\Src\digiTOS-Lib\eeprom.o
 .debug_aranges
                0x000002e0       0x40 Core\Src\digiTOS-Lib\stm32f0xx_hal_buttons.o
 .debug_aranges
                0x00000320       0x20 Core\Src\dma.o
 .debug_aranges
                0x00000340       0x20 Core\Src\gpio.o
 .debug_aranges
                0x00000360       0x20 Core\Src\iwdg.o
 .debug_aranges
                0x00000380       0x38 Core\Src\main.o
 .debug_aranges
                0x000003b8       0x20 Core\Src\stm32f0xx_hal_msp.o
 .debug_aranges
                0x000003d8       0x78 Core\Src\stm32f0xx_it.o
 .debug_aranges
                0x00000450       0x28 Core\Src\system_stm32f0xx.o
 .debug_aranges
                0x00000478       0x50 Core\Src\tim.o
 .debug_aranges
                0x000004c8       0x30 Core\Src\usart.o
 .debug_aranges
                0x000004f8       0xb0 Drivers\STM32F0xx_HAL_Driver\Src\stm32f0xx_hal.o
 .debug_aranges
                0x000005a8       0xd0 Drivers\STM32F0xx_HAL_Driver\Src\stm32f0xx_hal_adc.o
 .debug_aranges
                0x00000678       0x78 Drivers\STM32F0xx_HAL_Driver\Src\stm32f0xx_hal_cortex.o
 .debug_aranges
                0x000006f0       0x58 Drivers\STM32F0xx_HAL_Driver\Src\stm32f0xx_hal_crc.o
 .debug_aranges
                0x00000748       0x30 Drivers\STM32F0xx_HAL_Driver\Src\stm32f0xx_hal_crc_ex.o
 .debug_aranges
                0x00000778       0x78 Drivers\STM32F0xx_HAL_Driver\Src\stm32f0xx_hal_dma.o
 .debug_aranges
                0x000007f0       0x78 Drivers\STM32F0xx_HAL_Driver\Src\stm32f0xx_hal_flash.o
 .debug_aranges
                0x00000868       0x60 Drivers\STM32F0xx_HAL_Driver\Src\stm32f0xx_hal_flash_ex.o
 .debug_aranges
                0x000008c8       0x58 Drivers\STM32F0xx_HAL_Driver\Src\stm32f0xx_hal_gpio.o
 .debug_aranges
                0x00000920       0x38 Drivers\STM32F0xx_HAL_Driver\Src\stm32f0xx_hal_i2c_ex.o
 .debug_aranges
                0x00000958       0x28 Drivers\STM32F0xx_HAL_Driver\Src\stm32f0xx_hal_iwdg.o
 .debug_aranges
                0x00000980       0x80 Drivers\STM32F0xx_HAL_Driver\Src\stm32f0xx_hal_rcc.o
 .debug_aranges
                0x00000a00       0x30 Drivers\STM32F0xx_HAL_Driver\Src\stm32f0xx_hal_rcc_ex.o
 .debug_aranges
                0x00000a30      0x298 Drivers\STM32F0xx_HAL_Driver\Src\stm32f0xx_hal_tim.o
 .debug_aranges
                0x00000cc8      0x128 Drivers\STM32F0xx_HAL_Driver\Src\stm32f0xx_hal_tim_ex.o
 .debug_aranges
                0x00000df0      0x188 Drivers\STM32F0xx_HAL_Driver\Src\stm32f0xx_hal_uart.o
 .debug_aranges
                0x00000f78       0x28 startup\startup_stm32f030x6.o

.debug_ranges   0x00000000     0x1588
 .debug_ranges  0x00000000       0x68 Core\Src\adc.o
 .debug_ranges  0x00000068       0x20 Core\Src\crc.o
 .debug_ranges  0x00000088       0x78 Core\Src\digiTOS-Lib\digiTOS-ADC.o
 .debug_ranges  0x00000100       0xb8 Core\Src\digiTOS-Lib\digiTOS-Core.o
 .debug_ranges  0x000001b8       0xa0 Core\Src\digiTOS-Lib\digiTOS-Generator.o
 .debug_ranges  0x00000258       0x30 Core\Src\digiTOS-Lib\digiTOS-Sinus.o
 .debug_ranges  0x00000288       0x80 Core\Src\digiTOS-Lib\eeprom.o
 .debug_ranges  0x00000308       0x30 Core\Src\digiTOS-Lib\stm32f0xx_hal_buttons.o
 .debug_ranges  0x00000338       0x38 Core\Src\dma.o
 .debug_ranges  0x00000370       0xa8 Core\Src\gpio.o
 .debug_ranges  0x00000418       0x10 Core\Src\iwdg.o
 .debug_ranges  0x00000428       0x50 Core\Src\main.o
 .debug_ranges  0x00000478       0x58 Core\Src\stm32f0xx_hal_msp.o
 .debug_ranges  0x000004d0       0x68 Core\Src\stm32f0xx_it.o
 .debug_ranges  0x00000538       0x18 Core\Src\system_stm32f0xx.o
 .debug_ranges  0x00000550      0x138 Core\Src\tim.o
 .debug_ranges  0x00000688       0x70 Core\Src\usart.o
 .debug_ranges  0x000006f8       0xa0 Drivers\STM32F0xx_HAL_Driver\Src\stm32f0xx_hal.o
 .debug_ranges  0x00000798       0xc0 Drivers\STM32F0xx_HAL_Driver\Src\stm32f0xx_hal_adc.o
 .debug_ranges  0x00000858      0x118 Drivers\STM32F0xx_HAL_Driver\Src\stm32f0xx_hal_cortex.o
 .debug_ranges  0x00000970       0x48 Drivers\STM32F0xx_HAL_Driver\Src\stm32f0xx_hal_crc.o
 .debug_ranges  0x000009b8       0x20 Drivers\STM32F0xx_HAL_Driver\Src\stm32f0xx_hal_crc_ex.o
 .debug_ranges  0x000009d8       0xe8 Drivers\STM32F0xx_HAL_Driver\Src\stm32f0xx_hal_dma.o
 .debug_ranges  0x00000ac0       0xb0 Drivers\STM32F0xx_HAL_Driver\Src\stm32f0xx_hal_flash.o
 .debug_ranges  0x00000b70      0x100 Drivers\STM32F0xx_HAL_Driver\Src\stm32f0xx_hal_flash_ex.o
 .debug_ranges  0x00000c70       0x70 Drivers\STM32F0xx_HAL_Driver\Src\stm32f0xx_hal_gpio.o
 .debug_ranges  0x00000ce0       0x60 Drivers\STM32F0xx_HAL_Driver\Src\stm32f0xx_hal_i2c_ex.o
 .debug_ranges  0x00000d40       0x18 Drivers\STM32F0xx_HAL_Driver\Src\stm32f0xx_hal_iwdg.o
 .debug_ranges  0x00000d58       0xa0 Drivers\STM32F0xx_HAL_Driver\Src\stm32f0xx_hal_rcc.o
 .debug_ranges  0x00000df8       0x40 Drivers\STM32F0xx_HAL_Driver\Src\stm32f0xx_hal_rcc_ex.o
 .debug_ranges  0x00000e38      0x428 Drivers\STM32F0xx_HAL_Driver\Src\stm32f0xx_hal_tim.o
 .debug_ranges  0x00001260      0x118 Drivers\STM32F0xx_HAL_Driver\Src\stm32f0xx_hal_tim_ex.o
 .debug_ranges  0x00001378      0x1f0 Drivers\STM32F0xx_HAL_Driver\Src\stm32f0xx_hal_uart.o
 .debug_ranges  0x00001568       0x20 startup\startup_stm32f030x6.o

.debug_line     0x00000000     0xc1db
 .debug_line    0x00000000      0x359 Core\Src\adc.o
 .debug_line    0x00000359      0x2d1 Core\Src\crc.o
 .debug_line    0x0000062a      0x4c5 Core\Src\digiTOS-Lib\digiTOS-ADC.o
 .debug_line    0x00000aef      0x22a Core\Src\digiTOS-Lib\digiTOS-Configuration.o
 .debug_line    0x00000d19      0x5e1 Core\Src\digiTOS-Lib\digiTOS-Core.o
 .debug_line    0x000012fa      0x566 Core\Src\digiTOS-Lib\digiTOS-Generator.o
 .debug_line    0x00001860      0x3c4 Core\Src\digiTOS-Lib\digiTOS-Sinus.o
 .debug_line    0x00001c24      0x343 Core\Src\digiTOS-Lib\eeprom.o
 .debug_line    0x00001f67      0x32c Core\Src\digiTOS-Lib\stm32f0xx_hal_buttons.o
 .debug_line    0x00002293      0x25b Core\Src\dma.o
 .debug_line    0x000024ee      0x2a4 Core\Src\gpio.o
 .debug_line    0x00002792      0x28e Core\Src\iwdg.o
 .debug_line    0x00002a20      0x5c2 Core\Src\main.o
 .debug_line    0x00002fe2      0x22b Core\Src\stm32f0xx_hal_msp.o
 .debug_line    0x0000320d      0x56e Core\Src\stm32f0xx_it.o
 .debug_line    0x0000377b      0x262 Core\Src\system_stm32f0xx.o
 .debug_line    0x000039dd      0x46f Core\Src\tim.o
 .debug_line    0x00003e4c      0x359 Core\Src\usart.o
 .debug_line    0x000041a5      0x440 Drivers\STM32F0xx_HAL_Driver\Src\stm32f0xx_hal.o
 .debug_line    0x000045e5      0x9f1 Drivers\STM32F0xx_HAL_Driver\Src\stm32f0xx_hal_adc.o
 .debug_line    0x00004fd6      0x46d Drivers\STM32F0xx_HAL_Driver\Src\stm32f0xx_hal_cortex.o
 .debug_line    0x00005443      0x46c Drivers\STM32F0xx_HAL_Driver\Src\stm32f0xx_hal_crc.o
 .debug_line    0x000058af      0x308 Drivers\STM32F0xx_HAL_Driver\Src\stm32f0xx_hal_crc_ex.o
 .debug_line    0x00005bb7      0x62b Drivers\STM32F0xx_HAL_Driver\Src\stm32f0xx_hal_dma.o
 .debug_line    0x000061e2      0x4cb Drivers\STM32F0xx_HAL_Driver\Src\stm32f0xx_hal_flash.o
 .debug_line    0x000066ad      0x520 Drivers\STM32F0xx_HAL_Driver\Src\stm32f0xx_hal_flash_ex.o
 .debug_line    0x00006bcd      0x518 Drivers\STM32F0xx_HAL_Driver\Src\stm32f0xx_hal_gpio.o
 .debug_line    0x000070e5      0x3d1 Drivers\STM32F0xx_HAL_Driver\Src\stm32f0xx_hal_i2c_ex.o
 .debug_line    0x000074b6      0x31d Drivers\STM32F0xx_HAL_Driver\Src\stm32f0xx_hal_iwdg.o
 .debug_line    0x000077d3      0x739 Drivers\STM32F0xx_HAL_Driver\Src\stm32f0xx_hal_rcc.o
 .debug_line    0x00007f0c      0x40b Drivers\STM32F0xx_HAL_Driver\Src\stm32f0xx_hal_rcc_ex.o
 .debug_line    0x00008317     0x224d Drivers\STM32F0xx_HAL_Driver\Src\stm32f0xx_hal_tim.o
 .debug_line    0x0000a564      0xd57 Drivers\STM32F0xx_HAL_Driver\Src\stm32f0xx_hal_tim_ex.o
 .debug_line    0x0000b2bb      0xe9d Drivers\STM32F0xx_HAL_Driver\Src\stm32f0xx_hal_uart.o
 .debug_line    0x0000c158       0x83 startup\startup_stm32f030x6.o

.debug_str      0x00000000     0x4ee7
 .debug_str     0x00000000      0xa76 Core\Src\adc.o
                                0xb54 (size before relaxing)
 .debug_str     0x00000a76      0x1b3 Core\Src\crc.o
                                0x8ad (size before relaxing)
 .debug_str     0x00000c29      0x71b Core\Src\digiTOS-Lib\digiTOS-ADC.o
                               0x10e7 (size before relaxing)
 .debug_str     0x00001344       0x84 Core\Src\digiTOS-Lib\digiTOS-Configuration.o
                                0x7aa (size before relaxing)
 .debug_str     0x000013c8      0x1f8 Core\Src\digiTOS-Lib\digiTOS-Core.o
                               0x1224 (size before relaxing)
 .debug_str     0x000015c0      0x332 Core\Src\digiTOS-Lib\digiTOS-Generator.o
                               0x1337 (size before relaxing)
 .debug_str     0x000018f2       0x70 Core\Src\digiTOS-Lib\digiTOS-Sinus.o
                               0x1063 (size before relaxing)
 .debug_str     0x00001962      0x110 Core\Src\digiTOS-Lib\eeprom.o
                                0x77c (size before relaxing)
 .debug_str     0x00001a72       0xaa Core\Src\digiTOS-Lib\stm32f0xx_hal_buttons.o
                                0x825 (size before relaxing)
 .debug_str     0x00001b1c      0x192 Core\Src\dma.o
                                0x7e5 (size before relaxing)
 .debug_str     0x00001cae       0x4f Core\Src\gpio.o
                                0x754 (size before relaxing)
 .debug_str     0x00001cfd       0x2e Core\Src\iwdg.o
                                0x6bd (size before relaxing)
 .debug_str     0x00001d2b      0x2cb Core\Src\main.o
                               0x18d8 (size before relaxing)
 .debug_str     0x00001ff6       0x2c Core\Src\stm32f0xx_hal_msp.o
                                0x67f (size before relaxing)
 .debug_str     0x00002022      0x18a Core\Src\stm32f0xx_it.o
                               0x13f9 (size before relaxing)
 .debug_str     0x000021ac       0x5f Core\Src\system_stm32f0xx.o
                                0x6ab (size before relaxing)
 .debug_str     0x0000220b      0x2be Core\Src\tim.o
                                0xf8d (size before relaxing)
 .debug_str     0x000024c9       0x51 Core\Src\usart.o
                                0xdd3 (size before relaxing)
 .debug_str     0x0000251a      0x1d6 Drivers\STM32F0xx_HAL_Driver\Src\stm32f0xx_hal.o
                                0xa1e (size before relaxing)
 .debug_str     0x000026f0      0x2ca Drivers\STM32F0xx_HAL_Driver\Src\stm32f0xx_hal_adc.o
                                0xd34 (size before relaxing)
 .debug_str     0x000029ba      0x18f Drivers\STM32F0xx_HAL_Driver\Src\stm32f0xx_hal_cortex.o
                                0xa34 (size before relaxing)
 .debug_str     0x00002b49       0xad Drivers\STM32F0xx_HAL_Driver\Src\stm32f0xx_hal_crc.o
                                0x8f5 (size before relaxing)
 .debug_str     0x00002bf6       0x99 Drivers\STM32F0xx_HAL_Driver\Src\stm32f0xx_hal_crc_ex.o
                                0x8a7 (size before relaxing)
 .debug_str     0x00002c8f      0x204 Drivers\STM32F0xx_HAL_Driver\Src\stm32f0xx_hal_dma.o
                                0xa9d (size before relaxing)
 .debug_str     0x00002e93      0x23e Drivers\STM32F0xx_HAL_Driver\Src\stm32f0xx_hal_flash.o
                                0x990 (size before relaxing)
 .debug_str     0x000030d1      0x244 Drivers\STM32F0xx_HAL_Driver\Src\stm32f0xx_hal_flash_ex.o
                                0xa7d (size before relaxing)
 .debug_str     0x00003315       0xba Drivers\STM32F0xx_HAL_Driver\Src\stm32f0xx_hal_gpio.o
                                0x88e (size before relaxing)
 .debug_str     0x000033cf      0x314 Drivers\STM32F0xx_HAL_Driver\Src\stm32f0xx_hal_i2c_ex.o
                                0xc28 (size before relaxing)
 .debug_str     0x000036e3       0x4a Drivers\STM32F0xx_HAL_Driver\Src\stm32f0xx_hal_iwdg.o
                                0x715 (size before relaxing)
 .debug_str     0x0000372d      0x1a7 Drivers\STM32F0xx_HAL_Driver\Src\stm32f0xx_hal_rcc.o
                                0xa6e (size before relaxing)
 .debug_str     0x000038d4       0x97 Drivers\STM32F0xx_HAL_Driver\Src\stm32f0xx_hal_rcc_ex.o
                                0x82e (size before relaxing)
 .debug_str     0x0000396b      0xbff Drivers\STM32F0xx_HAL_Driver\Src\stm32f0xx_hal_tim.o
                               0x1809 (size before relaxing)
 .debug_str     0x0000456a      0x3f7 Drivers\STM32F0xx_HAL_Driver\Src\stm32f0xx_hal_tim_ex.o
                               0x107b (size before relaxing)
 .debug_str     0x00004961      0x586 Drivers\STM32F0xx_HAL_Driver\Src\stm32f0xx_hal_uart.o
                               0x11dc (size before relaxing)

.comment        0x00000000       0x7c
 .comment       0x00000000       0x7c Core\Src\adc.o
                                 0x7d (size before relaxing)
 .comment       0x0000007c       0x7d Core\Src\crc.o
 .comment       0x0000007c       0x7d Core\Src\digiTOS-Lib\digiTOS-ADC.o
 .comment       0x0000007c       0x7d Core\Src\digiTOS-Lib\digiTOS-Configuration.o
 .comment       0x0000007c       0x7d Core\Src\digiTOS-Lib\digiTOS-Core.o
 .comment       0x0000007c       0x7d Core\Src\digiTOS-Lib\digiTOS-Generator.o
 .comment       0x0000007c       0x7d Core\Src\digiTOS-Lib\digiTOS-Sinus.o
 .comment       0x0000007c       0x7d Core\Src\digiTOS-Lib\eeprom.o
 .comment       0x0000007c       0x7d Core\Src\digiTOS-Lib\stm32f0xx_hal_buttons.o
 .comment       0x0000007c       0x7d Core\Src\dma.o
 .comment       0x0000007c       0x7d Core\Src\gpio.o
 .comment       0x0000007c       0x7d Core\Src\iwdg.o
 .comment       0x0000007c       0x7d Core\Src\main.o
 .comment       0x0000007c       0x7d Core\Src\stm32f0xx_hal_msp.o
 .comment       0x0000007c       0x7d Core\Src\stm32f0xx_it.o
 .comment       0x0000007c       0x7d Core\Src\system_stm32f0xx.o
 .comment       0x0000007c       0x7d Core\Src\tim.o
 .comment       0x0000007c       0x7d Core\Src\usart.o
 .comment       0x0000007c       0x7d Drivers\STM32F0xx_HAL_Driver\Src\stm32f0xx_hal.o
 .comment       0x0000007c       0x7d Drivers\STM32F0xx_HAL_Driver\Src\stm32f0xx_hal_adc.o
 .comment       0x0000007c       0x7d Drivers\STM32F0xx_HAL_Driver\Src\stm32f0xx_hal_cortex.o
 .comment       0x0000007c       0x7d Drivers\STM32F0xx_HAL_Driver\Src\stm32f0xx_hal_crc.o
 .comment       0x0000007c       0x7d Drivers\STM32F0xx_HAL_Driver\Src\stm32f0xx_hal_crc_ex.o
 .comment       0x0000007c       0x7d Drivers\STM32F0xx_HAL_Driver\Src\stm32f0xx_hal_dma.o
 .comment       0x0000007c       0x7d Drivers\STM32F0xx_HAL_Driver\Src\stm32f0xx_hal_flash.o
 .comment       0x0000007c       0x7d Drivers\STM32F0xx_HAL_Driver\Src\stm32f0xx_hal_flash_ex.o
 .comment       0x0000007c       0x7d Drivers\STM32F0xx_HAL_Driver\Src\stm32f0xx_hal_gpio.o
 .comment       0x0000007c       0x7d Drivers\STM32F0xx_HAL_Driver\Src\stm32f0xx_hal_i2c_ex.o
 .comment       0x0000007c       0x7d Drivers\STM32F0xx_HAL_Driver\Src\stm32f0xx_hal_iwdg.o
 .comment       0x0000007c       0x7d Drivers\STM32F0xx_HAL_Driver\Src\stm32f0xx_hal_rcc.o
 .comment       0x0000007c       0x7d Drivers\STM32F0xx_HAL_Driver\Src\stm32f0xx_hal_rcc_ex.o
 .comment       0x0000007c       0x7d Drivers\STM32F0xx_HAL_Driver\Src\stm32f0xx_hal_tim.o
 .comment       0x0000007c       0x7d Drivers\STM32F0xx_HAL_Driver\Src\stm32f0xx_hal_tim_ex.o
 .comment       0x0000007c       0x7d Drivers\STM32F0xx_HAL_Driver\Src\stm32f0xx_hal_uart.o

.debug_frame    0x00000000     0x2fe4
 .debug_frame   0x00000000       0x64 Core\Src\adc.o
 .debug_frame   0x00000064       0x4c Core\Src\crc.o
 .debug_frame   0x000000b0      0x120 Core\Src\digiTOS-Lib\digiTOS-ADC.o
 .debug_frame   0x000001d0      0x218 Core\Src\digiTOS-Lib\digiTOS-Core.o
 .debug_frame   0x000003e8      0x178 Core\Src\digiTOS-Lib\digiTOS-Generator.o
 .debug_frame   0x00000560       0x7c Core\Src\digiTOS-Lib\digiTOS-Sinus.o
 .debug_frame   0x000005dc       0x98 Core\Src\digiTOS-Lib\eeprom.o
 .debug_frame   0x00000674       0x84 Core\Src\digiTOS-Lib\stm32f0xx_hal_buttons.o
 .debug_frame   0x000006f8       0x2c Core\Src\dma.o
 .debug_frame   0x00000724       0x30 Core\Src\gpio.o
 .debug_frame   0x00000754       0x28 Core\Src\iwdg.o
 .debug_frame   0x0000077c       0x6c Core\Src\main.o
 .debug_frame   0x000007e8       0x24 Core\Src\stm32f0xx_hal_msp.o
 .debug_frame   0x0000080c      0x158 Core\Src\stm32f0xx_it.o
 .debug_frame   0x00000964       0x3c Core\Src\system_stm32f0xx.o
 .debug_frame   0x000009a0       0xcc Core\Src\tim.o
 .debug_frame   0x00000a6c       0x5c Core\Src\usart.o
 .debug_frame   0x00000ac8      0x178 Drivers\STM32F0xx_HAL_Driver\Src\stm32f0xx_hal.o
 .debug_frame   0x00000c40      0x2e0 Drivers\STM32F0xx_HAL_Driver\Src\stm32f0xx_hal_adc.o
 .debug_frame   0x00000f20      0x114 Drivers\STM32F0xx_HAL_Driver\Src\stm32f0xx_hal_cortex.o
 .debug_frame   0x00001034       0xec Drivers\STM32F0xx_HAL_Driver\Src\stm32f0xx_hal_crc.o
 .debug_frame   0x00001120       0x58 Drivers\STM32F0xx_HAL_Driver\Src\stm32f0xx_hal_crc_ex.o
 .debug_frame   0x00001178      0x154 Drivers\STM32F0xx_HAL_Driver\Src\stm32f0xx_hal_dma.o
 .debug_frame   0x000012cc      0x134 Drivers\STM32F0xx_HAL_Driver\Src\stm32f0xx_hal_flash.o
 .debug_frame   0x00001400       0xe8 Drivers\STM32F0xx_HAL_Driver\Src\stm32f0xx_hal_flash_ex.o
 .debug_frame   0x000014e8       0xf0 Drivers\STM32F0xx_HAL_Driver\Src\stm32f0xx_hal_gpio.o
 .debug_frame   0x000015d8       0x88 Drivers\STM32F0xx_HAL_Driver\Src\stm32f0xx_hal_i2c_ex.o
 .debug_frame   0x00001660       0x3c Drivers\STM32F0xx_HAL_Driver\Src\stm32f0xx_hal_iwdg.o
 .debug_frame   0x0000169c      0x140 Drivers\STM32F0xx_HAL_Driver\Src\stm32f0xx_hal_rcc.o
 .debug_frame   0x000017dc       0x58 Drivers\STM32F0xx_HAL_Driver\Src\stm32f0xx_hal_rcc_ex.o
 .debug_frame   0x00001834      0xa68 Drivers\STM32F0xx_HAL_Driver\Src\stm32f0xx_hal_tim.o
 .debug_frame   0x0000229c      0x3e0 Drivers\STM32F0xx_HAL_Driver\Src\stm32f0xx_hal_tim_ex.o
 .debug_frame   0x0000267c      0x52c Drivers\STM32F0xx_HAL_Driver\Src\stm32f0xx_hal_uart.o