Archive member included to satisfy reference by file (symbol)

c:/truestudio for stm32 9.2.0/armtools/bin/../lib/gcc/arm-atollic-eabi/6.3.1/../../../../arm-atollic-eabi/lib/armv6-m\libc_nano.a(lib_a-init.o)
                              startup\startup_stm32f030x6.o (__libc_init_array)
c:/truestudio for stm32 9.2.0/armtools/bin/../lib/gcc/arm-atollic-eabi/6.3.1/../../../../arm-atollic-eabi/lib/armv6-m\libc_nano.a(lib_a-memcpy-stub.o)
                              Drivers\STM32F0xx_HAL_Driver\Src\stm32f0xx_hal_rcc.o (memcpy)
c:/truestudio for stm32 9.2.0/armtools/bin/../lib/gcc/arm-atollic-eabi/6.3.1/../../../../arm-atollic-eabi/lib/armv6-m\libc_nano.a(lib_a-memset.o)
                              Core\Src\adc.o (memset)
c:/truestudio for stm32 9.2.0/armtools/bin/../lib/gcc/arm-atollic-eabi/6.3.1/../../../../arm-atollic-eabi/lib/armv6-m\libc_nano.a(lib_a-sprintf.o)
                              Core\Src\digiTOS-Lib\digiTOS-Core.o (sprintf)
c:/truestudio for stm32 9.2.0/armtools/bin/../lib/gcc/arm-atollic-eabi/6.3.1/../../../../arm-atollic-eabi/lib/armv6-m\libc_nano.a(lib_a-strcat.o)
                              Core\Src\digiTOS-Lib\digiTOS-Core.o (strcat)
c:/truestudio for stm32 9.2.0/armtools/bin/../lib/gcc/arm-atollic-eabi/6.3.1/../../../../arm-atollic-eabi/lib/armv6-m\libc_nano.a(lib_a-strcpy.o)
                              Core\Src\main.o (strcpy)
c:/truestudio for stm32 9.2.0/armtools/bin/../lib/gcc/arm-atollic-eabi/6.3.1/../../../../arm-atollic-eabi/lib/armv6-m\libc_nano.a(lib_a-impure.o)
                              c:/truestudio for stm32 9.2.0/armtools/bin/../lib/gcc/arm-atollic-eabi/6.3.1/../../../../arm-atollic-eabi/lib/armv6-m\libc_nano.a(lib_a-sprintf.o) (_impure_ptr)
c:/truestudio for stm32 9.2.0/armtools/bin/../lib/gcc/arm-atollic-eabi/6.3.1/../../../../arm-atollic-eabi/lib/armv6-m\libc_nano.a(lib_a-nano-svfprintf.o)
                              c:/truestudio for stm32 9.2.0/armtools/bin/../lib/gcc/arm-atollic-eabi/6.3.1/../../../../arm-atollic-eabi/lib/armv6-m\libc_nano.a(lib_a-sprintf.o) (_svfprintf_r)
c:/truestudio for stm32 9.2.0/armtools/bin/../lib/gcc/arm-atollic-eabi/6.3.1/../../../../arm-atollic-eabi/lib/armv6-m\libc_nano.a(lib_a-nano-vfprintf_i.o)
                              c:/truestudio for stm32 9.2.0/armtools/bin/../lib/gcc/arm-atollic-eabi/6.3.1/../../../../arm-atollic-eabi/lib/armv6-m\libc_nano.a(lib_a-nano-svfprintf.o) (_printf_i)
c:/truestudio for stm32 9.2.0/armtools/bin/../lib/gcc/arm-atollic-eabi/6.3.1/../../../../arm-atollic-eabi/lib/armv6-m\libc_nano.a(lib_a-memchr-stub.o)
                              c:/truestudio for stm32 9.2.0/armtools/bin/../lib/gcc/arm-atollic-eabi/6.3.1/../../../../arm-atollic-eabi/lib/armv6-m\libc_nano.a(lib_a-nano-svfprintf.o) (memchr)
c:/truestudio for stm32 9.2.0/armtools/bin/../lib/gcc/arm-atollic-eabi/6.3.1/../../../../arm-atollic-eabi/lib/armv6-m\libc_nano.a(lib_a-memmove.o)
                              c:/truestudio for stm32 9.2.0/armtools/bin/../lib/gcc/arm-atollic-eabi/6.3.1/../../../../arm-atollic-eabi/lib/armv6-m\libc_nano.a(lib_a-nano-svfprintf.o) (memmove)
c:/truestudio for stm32 9.2.0/armtools/bin/../lib/gcc/arm-atollic-eabi/6.3.1/../../../../arm-atollic-eabi/lib/armv6-m\libc_nano.a(lib_a-nano-freer.o)
                              c:/truestudio for stm32 9.2.0/armtools/bin/../lib/gcc/arm-atollic-eabi/6.3.1/../../../../arm-atollic-eabi/lib/armv6-m\libc_nano.a(lib_a-nano-svfprintf.o) (_free_r)
c:/truestudio for stm32 9.2.0/armtools/bin/../lib/gcc/arm-atollic-eabi/6.3.1/../../../../arm-atollic-eabi/lib/armv6-m\libc_nano.a(lib_a-nano-mallocr.o)
                              c:/truestudio for stm32 9.2.0/armtools/bin/../lib/gcc/arm-atollic-eabi/6.3.1/../../../../arm-atollic-eabi/lib/armv6-m\libc_nano.a(lib_a-nano-svfprintf.o) (_malloc_r)
c:/truestudio for stm32 9.2.0/armtools/bin/../lib/gcc/arm-atollic-eabi/6.3.1/../../../../arm-atollic-eabi/lib/armv6-m\libc_nano.a(lib_a-nano-reallocr.o)
                              c:/truestudio for stm32 9.2.0/armtools/bin/../lib/gcc/arm-atollic-eabi/6.3.1/../../../../arm-atollic-eabi/lib/armv6-m\libc_nano.a(lib_a-nano-svfprintf.o) (_realloc_r)
c:/truestudio for stm32 9.2.0/armtools/bin/../lib/gcc/arm-atollic-eabi/6.3.1/../../../../arm-atollic-eabi/lib/armv6-m\libc_nano.a(lib_a-sbrkr.o)
                              c:/truestudio for stm32 9.2.0/armtools/bin/../lib/gcc/arm-atollic-eabi/6.3.1/../../../../arm-atollic-eabi/lib/armv6-m\libc_nano.a(lib_a-nano-mallocr.o) (_sbrk_r)
c:/truestudio for stm32 9.2.0/armtools/bin/../lib/gcc/arm-atollic-eabi/6.3.1/../../../../arm-atollic-eabi/lib/armv6-m\libc_nano.a(lib_a-mlock.o)
                              c:/truestudio for stm32 9.2.0/armtools/bin/../lib/gcc/arm-atollic-eabi/6.3.1/../../../../arm-atollic-eabi/lib/armv6-m\libc_nano.a(lib_a-nano-freer.o) (__malloc_lock)
c:/truestudio for stm32 9.2.0/armtools/bin/../lib/gcc/arm-atollic-eabi/6.3.1/../../../../arm-atollic-eabi/lib/armv6-m\libc_nano.a(lib_a-nano-msizer.o)
[...]
Memory Configuration

Name             Origin             Length             Attributes
RAM              0x20000000         0x00001000         xrw
FLASH            0x08000000         0x00008000         xr
*default*        0x00000000         0xffffffff

Linker script and memory map

LOAD c:/truestudio for stm32 9.2.0/armtools/bin/../lib/gcc/arm-atollic-eabi/6.3.1/armv6-m/crti.o
LOAD c:/truestudio for stm32 9.2.0/armtools/bin/../lib/gcc/arm-atollic-eabi/6.3.1/armv6-m/crtbegin.o
LOAD Core\Src\adc.o
LOAD Core\Src\crc.o
LOAD Core\Src\digiTOS-Lib\digiTOS-ADC.o
LOAD Core\Src\digiTOS-Lib\digiTOS-Configuration.o
LOAD Core\Src\digiTOS-Lib\digiTOS-Core.o
LOAD Core\Src\digiTOS-Lib\digiTOS-Generator.o
LOAD Core\Src\digiTOS-Lib\digiTOS-Sinus.o
LOAD Core\Src\digiTOS-Lib\stm32f0xx_hal_buttons.o
LOAD Core\Src\dma.o
LOAD Core\Src\gpio.o
LOAD Core\Src\iwdg.o
LOAD Core\Src\main.o
LOAD Core\Src\stm32f0xx_hal_msp.o
LOAD Core\Src\stm32f0xx_it.o
LOAD Core\Src\system_stm32f0xx.o
LOAD Core\Src\tim.o
LOAD Core\Src\usart.o
LOAD Drivers\STM32F0xx_HAL_Driver\Src\stm32f0xx_hal.o
LOAD Drivers\STM32F0xx_HAL_Driver\Src\stm32f0xx_hal_adc.o
LOAD Drivers\STM32F0xx_HAL_Driver\Src\stm32f0xx_hal_adc_ex.o
LOAD Drivers\STM32F0xx_HAL_Driver\Src\stm32f0xx_hal_cortex.o
LOAD Drivers\STM32F0xx_HAL_Driver\Src\stm32f0xx_hal_crc.o
LOAD Drivers\STM32F0xx_HAL_Driver\Src\stm32f0xx_hal_crc_ex.o
LOAD Drivers\STM32F0xx_HAL_Driver\Src\stm32f0xx_hal_dma.o
LOAD Drivers\STM32F0xx_HAL_Driver\Src\stm32f0xx_hal_flash.o
LOAD Drivers\STM32F0xx_HAL_Driver\Src\stm32f0xx_hal_flash_ex.o
LOAD Drivers\STM32F0xx_HAL_Driver\Src\stm32f0xx_hal_gpio.o
LOAD Drivers\STM32F0xx_HAL_Driver\Src\stm32f0xx_hal_i2c.o
LOAD Drivers\STM32F0xx_HAL_Driver\Src\stm32f0xx_hal_i2c_ex.o
LOAD Drivers\STM32F0xx_HAL_Driver\Src\stm32f0xx_hal_iwdg.o
LOAD Drivers\STM32F0xx_HAL_Driver\Src\stm32f0xx_hal_pwr.o
LOAD Drivers\STM32F0xx_HAL_Driver\Src\stm32f0xx_hal_pwr_ex.o
LOAD Drivers\STM32F0xx_HAL_Driver\Src\stm32f0xx_hal_rcc.o
LOAD Drivers\STM32F0xx_HAL_Driver\Src\stm32f0xx_hal_rcc_ex.o
LOAD Drivers\STM32F0xx_HAL_Driver\Src\stm32f0xx_hal_tim.o
LOAD Drivers\STM32F0xx_HAL_Driver\Src\stm32f0xx_hal_tim_ex.o
LOAD Drivers\STM32F0xx_HAL_Driver\Src\stm32f0xx_hal_uart.o
LOAD Drivers\STM32F0xx_HAL_Driver\Src\stm32f0xx_hal_uart_ex.o
LOAD startup\startup_stm32f030x6.o
                0x00000080                malloc_getpagesize_P = 0x80
START GROUP
LOAD c:/truestudio for stm32 9.2.0/armtools/bin/../lib/gcc/arm-atollic-eabi/6.3.1/../../../../arm-atollic-eabi/lib/armv6-m\libc_nano.a
LOAD c:/truestudio for stm32 9.2.0/armtools/bin/../lib/gcc/arm-atollic-eabi/6.3.1/../../../../arm-atollic-eabi/lib/armv6-m\libm.a
END GROUP
START GROUP
LOAD c:/truestudio for stm32 9.2.0/armtools/bin/../lib/gcc/arm-atollic-eabi/6.3.1/armv6-m\libgcc.a
LOAD c:/truestudio for stm32 9.2.0/armtools/bin/../lib/gcc/arm-atollic-eabi/6.3.1/../../../../arm-atollic-eabi/lib/armv6-m\libc_nano.a
END GROUP
START GROUP
LOAD c:/truestudio for stm32 9.2.0/armtools/bin/../lib/gcc/arm-atollic-eabi/6.3.1/armv6-m\libgcc.a
LOAD c:/truestudio for stm32 9.2.0/armtools/bin/../lib/gcc/arm-atollic-eabi/6.3.1/../../../../arm-atollic-eabi/lib/armv6-m\libc_nano.a
LOAD c:/truestudio for stm32 9.2.0/armtools/bin/../lib/gcc/arm-atollic-eabi/6.3.1/../../../../arm-atollic-eabi/lib/armv6-m\libnosys.a
END GROUP
START GROUP
LOAD c:/truestudio for stm32 9.2.0/armtools/bin/../lib/gcc/arm-atollic-eabi/6.3.1/armv6-m\libgcc.a
LOAD c:/truestudio for stm32 9.2.0/armtools/bin/../lib/gcc/arm-atollic-eabi/6.3.1/../../../../arm-atollic-eabi/lib/armv6-m\libc_nano.a
LOAD c:/truestudio for stm32 9.2.0/armtools/bin/../lib/gcc/arm-atollic-eabi/6.3.1/../../../../arm-atollic-eabi/lib/armv6-m\libnosys.a
END GROUP
LOAD c:/truestudio for stm32 9.2.0/armtools/bin/../lib/gcc/arm-atollic-eabi/6.3.1/armv6-m/crtend.o
LOAD c:/truestudio for stm32 9.2.0/armtools/bin/../lib/gcc/arm-atollic-eabi/6.3.1/armv6-m/crtn.o
                0x20001000                _estack = 0x20001000
                0x00000200                _Min_Heap_Size = 0x200
                0x00000400                _Min_Stack_Size = 0x400

.isr_vector     0x08000000       0xc0
                0x08000000                . = ALIGN (0x4)
 *(.isr_vector)
 .isr_vector    0x08000000       0xc0 startup\startup_stm32f030x6.o
                0x08000000                g_pfnVectors
                0x080000c0                . = ALIGN (0x4)

.text           0x080000c0     0x6088
                0x080000c0                . = ALIGN (0x4)
 *(.text)
 .text          0x080000c0       0x48 c:/truestudio for stm32 9.2.0/armtools/bin/../lib/gcc/arm-atollic-eabi/6.3.1/armv6-m/crtbegin.o
 .text          0x08000108       0x14 c:/truestudio for stm32 9.2.0/armtools/bin/../lib/gcc/arm-atollic-eabi/6.3.1/armv6-m\libgcc.a(_thumb1_case_uqi.o)
                0x08000108                __gnu_thumb1_case_uqi
 .text          0x0800011c      0x114 c:/truestudio for stm32 9.2.0/armtools/bin/../lib/gcc/arm-atollic-eabi/6.3.1/armv6-m\libgcc.a(_udivsi3.o)
                0x0800011c                __aeabi_uidiv
                0x0800011c                __udivsi3
                0x08000228                __aeabi_uidivmod
 .text          0x08000230        0x4 c:/truestudio for stm32 9.2.0/armtools/bin/../lib/gcc/arm-atollic-eabi/6.3.1/armv6-m\libgcc.a(_dvmd_tls.o)
                0x08000230                __aeabi_idiv0
                0x08000230                __aeabi_ldiv0
 .text          0x08000234       0x74 c:/truestudio for stm32 9.2.0/armtools/bin/../lib/gcc/arm-atollic-eabi/6.3.1/armv6-m\libgcc.a(_arm_cmpsf2.o)
                0x08000234                __aeabi_cfrcmple
                0x0800023c                __aeabi_cfcmpeq
                0x0800023c                __aeabi_cfcmple
                0x0800024c                __aeabi_fcmpeq
                0x08000258                __aeabi_fcmplt
                0x0800026c                __aeabi_fcmple
                0x08000280                __aeabi_fcmpgt
                0x08000294                __aeabi_fcmpge
 .text          0x080002a8       0x30 c:/truestudio for stm32 9.2.0/armtools/bin/../lib/gcc/arm-atollic-eabi/6.3.1/armv6-m\libgcc.a(_fixunssfsi.o)
                0x080002a8                __fixunssfsi
                0x080002a8                __aeabi_f2uiz
 .text          0x080002d8      0x324 c:/truestudio for stm32 9.2.0/armtools/bin/../lib/gcc/arm-atollic-eabi/6.3.1/armv6-m\libgcc.a(addsf3.o)
                0x080002d8                __aeabi_fadd
 .text          0x080005fc       0x4c c:/truestudio for stm32 9.2.0/armtools/bin/../lib/gcc/arm-atollic-eabi/6.3.1/armv6-m\libgcc.a(eqsf2.o)
                0x080005fc                __eqsf2
                0x080005fc                __nesf2
 .text          0x08000648       0x80 c:/truestudio for stm32 9.2.0/armtools/bin/../lib/gcc/arm-atollic-eabi/6.3.1/armv6-m\libgcc.a(gesf2.o)
                0x08000648                __gesf2
                0x08000648                __gtsf2
 .text          0x080006c8       0x84 c:/truestudio for stm32 9.2.0/armtools/bin/../lib/gcc/arm-atollic-eabi/6.3.1/armv6-m\libgcc.a(lesf2.o)
                0x080006c8                __ltsf2
                0x080006c8                __lesf2
 .text          0x0800074c      0x240 c:/truestudio for stm32 9.2.0/armtools/bin/../lib/gcc/arm-atollic-eabi/6.3.1/armv6-m\libgcc.a(mulsf3.o)
                0x0800074c                __aeabi_fmul
 .text          0x0800098c      0x338 c:/truestudio for stm32 9.2.0/armtools/bin/../lib/gcc/arm-atollic-eabi/6.3.1/armv6-m\libgcc.a(subsf3.o)
                0x0800098c                __aeabi_fsub
 .text          0x08000cc4       0x40 c:/truestudio for stm32 9.2.0/armtools/bin/../lib/gcc/arm-atollic-eabi/6.3.1/armv6-m\libgcc.a(fixsfsi.o)
                0x08000cc4                __aeabi_f2iz
 .text          0x08000d04       0xa0 c:/truestudio for stm32 9.2.0/armtools/bin/../lib/gcc/arm-atollic-eabi/6.3.1/armv6-m\libgcc.a(floatsisf.o)
                0x08000d04                __aeabi_i2f
 .text          0x08000da4       0x8c c:/truestudio for stm32 9.2.0/armtools/bin/../lib/gcc/arm-atollic-eabi/6.3.1/armv6-m\libgcc.a(floatunsisf.o)
                0x08000da4                __aeabi_ui2f
 .text          0x08000e30       0x3c c:/truestudio for stm32 9.2.0/armtools/bin/../lib/gcc/arm-atollic-eabi/6.3.1/armv6-m\libgcc.a(_clzsi2.o)
                0x08000e30                __clzsi2
 *(.text*)
 .text.MX_ADC_Init
                0x08000e6c       0x98 Core\Src\adc.o
                0x08000e6c                MX_ADC_Init
 .text.HAL_ADC_MspInit
                0x08000f04       0xa8 Core\Src\adc.o
                0x08000f04                HAL_ADC_MspInit
 .text.MX_CRC_Init
                0x08000fac       0x3c Core\Src\crc.o
                0x08000fac                MX_CRC_Init
 .text.HAL_CRC_MspInit
                0x08000fe8       0x28 Core\Src\crc.o
                0x08000fe8                HAL_CRC_MspInit
 .text.StartADC
                0x08001010       0x18 Core\Src\digiTOS-Lib\digiTOS-ADC.o
                0x08001010                StartADC
 .text.ResetV_data
                0x08001028       0x34 Core\Src\digiTOS-Lib\digiTOS-ADC.o
                0x08001028                ResetV_data
 .text.CalcNewAmp
                0x0800105c       0x6c Core\Src\digiTOS-Lib\digiTOS-ADC.o
                0x0800105c                CalcNewAmp
 .text.CalcNewAmpByStep
                0x080010c8       0x50 Core\Src\digiTOS-Lib\digiTOS-ADC.o
                0x080010c8                CalcNewAmpByStep
 .text.UpdateAmplitudeByV
                0x08001118       0xd8 Core\Src\digiTOS-Lib\digiTOS-ADC.o
                0x08001118                UpdateAmplitudeByV
 .text.CheckV_Feedback
                0x080011f0       0x88 Core\Src\digiTOS-Lib\digiTOS-ADC.o
                0x080011f0                CheckV_Feedback
 .text.TM_CRC_Calculate8
                0x08001278       0x3c Core\Src\digiTOS-Lib\digiTOS-Core.o
                0x08001278                TM_CRC_Calculate8
 .text.AddUART_CRC
                0x080012b4       0x3c Core\Src\digiTOS-Lib\digiTOS-Core.o
                0x080012b4                AddUART_CRC
 .text.ClearUART_Buff
                0x080012f0       0x14 Core\Src\digiTOS-Lib\digiTOS-Core.o
                0x080012f0                ClearUART_Buff
 .text.Get_ChipID
                0x08001304       0x38 Core\Src\digiTOS-Lib\digiTOS-Core.o
                0x08001304                Get_ChipID
 .text.Get_FlashSize
                0x0800133c       0x28 Core\Src\digiTOS-Lib\digiTOS-Core.o
                0x0800133c                Get_FlashSize
 .text.Get_Version
                0x08001364       0x2c Core\Src\digiTOS-Lib\digiTOS-Core.o
                0x08001364                Get_Version
 .text.WaitForUART_TX
                0x08001390       0x10 Core\Src\digiTOS-Lib\digiTOS-Core.o
                0x08001390                WaitForUART_TX
 .text.SerialPrintln
                0x080013a0       0x30 Core\Src\digiTOS-Lib\digiTOS-Core.o
                0x080013a0                SerialPrintln
 .text.HAL_UART_TxCpltCallback
                0x080013d0       0x20 Core\Src\digiTOS-Lib\digiTOS-Core.o
                0x080013d0                HAL_UART_TxCpltCallback
 .text.ResetWDG
                0x080013f0       0x10 Core\Src\digiTOS-Lib\digiTOS-Core.o
                0x080013f0                ResetWDG
 .text.PrintCurrentState
                0x08001400       0xc8 Core\Src\digiTOS-Lib\digiTOS-Core.o
                0x08001400                PrintCurrentState
 .text.Set50HzDeadTimeNS
                0x080014c8       0x4c Core\Src\digiTOS-Lib\digiTOS-Generator.o
                0x080014c8                Set50HzDeadTimeNS
 .text.SetNormalSignal
                0x08001514       0x1c Core\Src\digiTOS-Lib\digiTOS-Generator.o
                0x08001514                SetNormalSignal
 .text.Idle_SET
                0x08001530       0x1c Core\Src\digiTOS-Lib\digiTOS-Generator.o
                0x08001530                Idle_SET
 .text.PWM_50Hz_Init
                0x0800154c       0x50 Core\Src\digiTOS-Lib\digiTOS-Generator.o
                0x0800154c                PWM_50Hz_Init
 .text.PWM_50Hz_START
                0x0800159c       0x3c Core\Src\digiTOS-Lib\digiTOS-Generator.o
                0x0800159c                PWM_50Hz_START
 .text.PWM_50Hz_STOP
                0x080015d8       0x54 Core\Src\digiTOS-Lib\digiTOS-Generator.o
                0x080015d8                PWM_50Hz_STOP
 .text.PWM_50Hz_OUTEN
                0x0800162c       0x14 Core\Src\digiTOS-Lib\digiTOS-Generator.o
                0x0800162c                PWM_50Hz_OUTEN
 .text.PWM_50Hz_OUTDIS
                0x08001640       0x20 Core\Src\digiTOS-Lib\digiTOS-Generator.o
                0x08001640                PWM_50Hz_OUTDIS
 .text.PWM_50Hz_ON
                0x08001660        0xc Core\Src\digiTOS-Lib\digiTOS-Generator.o
                0x08001660                PWM_50Hz_ON
 .text.PWM_50Hz_OFF
                0x0800166c        0xc Core\Src\digiTOS-Lib\digiTOS-Generator.o
                0x0800166c                PWM_50Hz_OFF
 .text.PWM_Sinus_START
                0x08001678       0x2c Core\Src\digiTOS-Lib\digiTOS-Generator.o
                0x08001678                PWM_Sinus_START
 .text.PWM_Sinus_STOP
                0x080016a4       0x28 Core\Src\digiTOS-Lib\digiTOS-Generator.o
                0x080016a4                PWM_Sinus_STOP
 .text.PWM_Sinus_OUTEN
                0x080016cc       0x14 Core\Src\digiTOS-Lib\digiTOS-Generator.o
                0x080016cc                PWM_Sinus_OUTEN
 .text.PWM_Sinus_OUTDIS
                0x080016e0       0x20 Core\Src\digiTOS-Lib\digiTOS-Generator.o
                0x080016e0                PWM_Sinus_OUTDIS
 .text.PWM_Sinus_ON
                0x08001700        0xc Core\Src\digiTOS-Lib\digiTOS-Generator.o
                0x08001700                PWM_Sinus_ON
 .text.PWM_Sinus_OFF
                0x0800170c        0xc Core\Src\digiTOS-Lib\digiTOS-Generator.o
                0x0800170c                PWM_Sinus_OFF
 .text.PWM_Sinus_Init
                0x08001718       0x70 Core\Src\digiTOS-Lib\digiTOS-Generator.o
                0x08001718                PWM_Sinus_Init
 .text.ResetAmplitude
                0x08001788       0x28 Core\Src\digiTOS-Lib\digiTOS-Sinus.o
                0x08001788                ResetAmplitude
 .text.GetApmlitude
                0x080017b0       0x48 Core\Src\digiTOS-Lib\digiTOS-Sinus.o
                0x080017b0                GetApmlitude
 .text.GetSinus
                0x080017f8       0x60 Core\Src\digiTOS-Lib\digiTOS-Sinus.o
                0x080017f8                GetSinus
 .text.buttonInit
                0x08001858       0x20 Core\Src\digiTOS-Lib\stm32f0xx_hal_buttons.o
                0x08001858                buttonInit
 .text._button_state
                0x08001878       0x18 Core\Src\digiTOS-Lib\stm32f0xx_hal_buttons.o
                0x08001878                _button_state
 .text.buttonUpdate
                0x08001890       0x82 Core\Src\digiTOS-Lib\stm32f0xx_hal_buttons.o
                0x08001890                buttonUpdate
 *fill*         0x08001912        0x2 
 .text.MX_DMA_Init
                0x08001914       0x2c Core\Src\dma.o
                0x08001914                MX_DMA_Init
 .text.MX_GPIO_Init
                0x08001940       0xc4 Core\Src\gpio.o
                0x08001940                MX_GPIO_Init
 .text.MX_IWDG_Init
                0x08001a04       0x2c Core\Src\iwdg.o
                0x08001a04                MX_IWDG_Init
 .text.SystemClock_Config
                0x08001a30       0x6a Core\Src\main.o
                0x08001a30                SystemClock_Config
 *fill*         0x08001a9a        0x2 
 .text.startup.main
                0x08001a9c      0x2b4 Core\Src\main.o
                0x08001a9c                main
 .text.Error_Handler
                0x08001d50        0x2 Core\Src\main.o
                0x08001d50                Error_Handler
 .text.assert_failed
                0x08001d52        0x2 Core\Src\main.o
                0x08001d52                assert_failed
 .text.HAL_MspInit
                0x08001d54       0x30 Core\Src\stm32f0xx_hal_msp.o
                0x08001d54                HAL_MspInit
 .text.NMI_Handler
                0x08001d84        0x2 Core\Src\stm32f0xx_it.o
                0x08001d84                NMI_Handler
 .text.HardFault_Handler
                0x08001d86        0x2 Core\Src\stm32f0xx_it.o
                0x08001d86                HardFault_Handler
 .text.SVC_Handler
                0x08001d88        0x2 Core\Src\stm32f0xx_it.o
                0x08001d88                SVC_Handler
 .text.PendSV_Handler
                0x08001d8a        0x2 Core\Src\stm32f0xx_it.o
                0x08001d8a                PendSV_Handler
 .text.SysTick_Handler
                0x08001d8c        0x8 Core\Src\stm32f0xx_it.o
                0x08001d8c                SysTick_Handler
 .text.FLASH_IRQHandler
                0x08001d94        0x8 Core\Src\stm32f0xx_it.o
                0x08001d94                FLASH_IRQHandler
 .text.RCC_IRQHandler
                0x08001d9c        0x2 Core\Src\stm32f0xx_it.o
                0x08001d9c                RCC_IRQHandler
 *fill*         0x08001d9e        0x2 
 .text.DMA1_Channel2_3_IRQHandler
                0x08001da0       0x18 Core\Src\stm32f0xx_it.o
                0x08001da0                DMA1_Channel2_3_IRQHandler
 .text.DMA1_Channel4_5_IRQHandler
                0x08001db8       0x10 Core\Src\stm32f0xx_it.o
                0x08001db8                DMA1_Channel4_5_IRQHandler
 .text.ADC1_IRQHandler
                0x08001dc8       0x10 Core\Src\stm32f0xx_it.o
                0x08001dc8                ADC1_IRQHandler
 .text.TIM1_BRK_UP_TRG_COM_IRQHandler
                0x08001dd8       0x50 Core\Src\stm32f0xx_it.o
                0x08001dd8                TIM1_BRK_UP_TRG_COM_IRQHandler
 .text.TIM3_IRQHandler
                0x08001e28       0xb4 Core\Src\stm32f0xx_it.o
                0x08001e28                TIM3_IRQHandler
 .text.TIM14_IRQHandler
                0x08001edc       0xec Core\Src\stm32f0xx_it.o
                0x08001edc                TIM14_IRQHandler
 .text.TIM16_IRQHandler
                0x08001fc8      0x108 Core\Src\stm32f0xx_it.o
                0x08001fc8                TIM16_IRQHandler
 .text.USART1_IRQHandler
                0x080020d0       0x10 Core\Src\stm32f0xx_it.o
                0x080020d0                USART1_IRQHandler
 .text.SystemInit
                0x080020e0       0x60 Core\Src\system_stm32f0xx.o
                0x080020e0                SystemInit
 .text.MX_TIM14_Init
                0x08002140       0x34 Core\Src\tim.o
                0x08002140                MX_TIM14_Init
 .text.MX_TIM16_Init
                0x08002174       0x38 Core\Src\tim.o
                0x08002174                MX_TIM16_Init
 .text.HAL_TIM_Base_MspInit
                0x080021ac       0xbc Core\Src\tim.o
                0x080021ac                HAL_TIM_Base_MspInit
 .text.HAL_TIM_MspPostInit
                0x08002268       0xc0 Core\Src\tim.o
                0x08002268                HAL_TIM_MspPostInit
 .text.MX_TIM1_Init
                0x08002328       0xf0 Core\Src\tim.o
                0x08002328                MX_TIM1_Init
 .text.MX_TIM3_Init
                0x08002418       0xc4 Core\Src\tim.o
                0x08002418                MX_TIM3_Init
 .text.MX_USART1_UART_Init
                0x080024dc       0x38 Core\Src\usart.o
                0x080024dc                MX_USART1_UART_Init
 .text.HAL_UART_MspInit
                0x08002514       0xec Core\Src\usart.o
                0x08002514                HAL_UART_MspInit
 .text.HAL_InitTick
                0x08002600       0x24 Drivers\STM32F0xx_HAL_Driver\Src\stm32f0xx_hal.o
                0x08002600                HAL_InitTick
 .text.HAL_Init
                0x08002624       0x20 Drivers\STM32F0xx_HAL_Driver\Src\stm32f0xx_hal.o
                0x08002624                HAL_Init
 .text.HAL_IncTick
                0x08002644       0x10 Drivers\STM32F0xx_HAL_Driver\Src\stm32f0xx_hal.o
                0x08002644                HAL_IncTick
 .text.HAL_GetTick
                0x08002654        0xc Drivers\STM32F0xx_HAL_Driver\Src\stm32f0xx_hal.o
                0x08002654                HAL_GetTick
 .text.HAL_Delay
                0x08002660       0x20 Drivers\STM32F0xx_HAL_Driver\Src\stm32f0xx_hal.o
                0x08002660                HAL_Delay
 .text.ADC_Enable
                0x08002680       0x98 Drivers\STM32F0xx_HAL_Driver\Src\stm32f0xx_hal_adc.o
 .text.HAL_ADC_Init
                0x08002718      0x268 Drivers\STM32F0xx_HAL_Driver\Src\stm32f0xx_hal_adc.o
                0x08002718                HAL_ADC_Init
 .text.HAL_ADC_Start_DMA
                0x08002980       0xb0 Drivers\STM32F0xx_HAL_Driver\Src\stm32f0xx_hal_adc.o
                0x08002980                HAL_ADC_Start_DMA
 .text.HAL_ADC_ConvCpltCallback
                0x08002a30        0x2 Drivers\STM32F0xx_HAL_Driver\Src\stm32f0xx_hal_adc.o
                0x08002a30                HAL_ADC_ConvCpltCallback
 *fill*         0x08002a32        0x2 
 .text.ADC_DMAConvCplt
                0x08002a34       0x70 Drivers\STM32F0xx_HAL_Driver\Src\stm32f0xx_hal_adc.o
 .text.HAL_ADC_ConvHalfCpltCallback
                0x08002aa4        0x2 Drivers\STM32F0xx_HAL_Driver\Src\stm32f0xx_hal_adc.o
                0x08002aa4                HAL_ADC_ConvHalfCpltCallback
 .text.ADC_DMAHalfConvCplt
                0x08002aa6        0xa Drivers\STM32F0xx_HAL_Driver\Src\stm32f0xx_hal_adc.o
 .text.HAL_ADC_LevelOutOfWindowCallback
                0x08002ab0        0x2 Drivers\STM32F0xx_HAL_Driver\Src\stm32f0xx_hal_adc.o
                0x08002ab0                HAL_ADC_LevelOutOfWindowCallback
 .text.HAL_ADC_ErrorCallback
                0x08002ab2        0x2 Drivers\STM32F0xx_HAL_Driver\Src\stm32f0xx_hal_adc.o
                0x08002ab2                HAL_ADC_ErrorCallback
 .text.ADC_DMAError
                0x08002ab4       0x1a Drivers\STM32F0xx_HAL_Driver\Src\stm32f0xx_hal_adc.o
 *fill*         0x08002ace        0x2 
 .text.HAL_ADC_IRQHandler
                0x08002ad0      0x120 Drivers\STM32F0xx_HAL_Driver\Src\stm32f0xx_hal_adc.o
                0x08002ad0                HAL_ADC_IRQHandler
 .text.HAL_ADC_ConfigChannel
                0x08002bf0      0x15c Drivers\STM32F0xx_HAL_Driver\Src\stm32f0xx_hal_adc.o
                0x08002bf0                HAL_ADC_ConfigChannel
 .text.HAL_NVIC_SetPriority
                0x08002d4c       0x74 Drivers\STM32F0xx_HAL_Driver\Src\stm32f0xx_hal_cortex.o
                0x08002d4c                HAL_NVIC_SetPriority
 .text.HAL_NVIC_EnableIRQ
                0x08002dc0       0x24 Drivers\STM32F0xx_HAL_Driver\Src\stm32f0xx_hal_cortex.o
                0x08002dc0                HAL_NVIC_EnableIRQ
 .text.HAL_SYSTICK_Config
                0x08002de4       0x34 Drivers\STM32F0xx_HAL_Driver\Src\stm32f0xx_hal_cortex.o
                0x08002de4                HAL_SYSTICK_Config
 .text.HAL_CRC_Init
                0x08002e18       0xb4 Drivers\STM32F0xx_HAL_Driver\Src\stm32f0xx_hal_crc.o
                0x08002e18                HAL_CRC_Init
 .text.HAL_CRCEx_Init
                0x08002ecc        0x4 Drivers\STM32F0xx_HAL_Driver\Src\stm32f0xx_hal_crc_ex.o
                0x08002ecc                HAL_CRCEx_Init
 .text.HAL_DMA_Init
                0x08002ed0      0x144 Drivers\STM32F0xx_HAL_Driver\Src\stm32f0xx_hal_dma.o
                0x08002ed0                HAL_DMA_Init
 .text.HAL_DMA_Start_IT
                0x08003014       0x98 Drivers\STM32F0xx_HAL_Driver\Src\stm32f0xx_hal_dma.o
                0x08003014                HAL_DMA_Start_IT
 .text.HAL_DMA_Abort_IT
                0x080030ac       0x46 Drivers\STM32F0xx_HAL_Driver\Src\stm32f0xx_hal_dma.o
                0x080030ac                HAL_DMA_Abort_IT
 .text.HAL_DMA_IRQHandler
                0x080030f2       0x92 Drivers\STM32F0xx_HAL_Driver\Src\stm32f0xx_hal_dma.o
                0x080030f2                HAL_DMA_IRQHandler
 .text.FLASH_SetErrorCode
                0x08003184       0x3c Drivers\STM32F0xx_HAL_Driver\Src\stm32f0xx_hal_flash.o
 .text.HAL_FLASH_EndOfOperationCallback
                0x080031c0        0x2 Drivers\STM32F0xx_HAL_Driver\Src\stm32f0xx_hal_flash.o
                0x080031c0                HAL_FLASH_EndOfOperationCallback
 .text.HAL_FLASH_OperationErrorCallback
                0x080031c2        0x2 Drivers\STM32F0xx_HAL_Driver\Src\stm32f0xx_hal_flash.o
                0x080031c2                HAL_FLASH_OperationErrorCallback
 .text.HAL_FLASH_IRQHandler
                0x080031c4      0x11c Drivers\STM32F0xx_HAL_Driver\Src\stm32f0xx_hal_flash.o
                0x080031c4                HAL_FLASH_IRQHandler
 .text.FLASH_PageErase
                0x080032e0       0x24 Drivers\STM32F0xx_HAL_Driver\Src\stm32f0xx_hal_flash_ex.o
                0x080032e0                FLASH_PageErase
 .text.HAL_GPIO_Init
                0x08003304      0x230 Drivers\STM32F0xx_HAL_Driver\Src\stm32f0xx_hal_gpio.o
                0x08003304                HAL_GPIO_Init
 .text.HAL_GPIO_ReadPin
                0x08003534       0x24 Drivers\STM32F0xx_HAL_Driver\Src\stm32f0xx_hal_gpio.o
                0x08003534                HAL_GPIO_ReadPin
 .text.HAL_GPIO_WritePin
                0x08003558       0x34 Drivers\STM32F0xx_HAL_Driver\Src\stm32f0xx_hal_gpio.o
                0x08003558                HAL_GPIO_WritePin
 .text.HAL_GPIO_TogglePin
                0x0800358c       0x20 Drivers\STM32F0xx_HAL_Driver\Src\stm32f0xx_hal_gpio.o
                0x0800358c                HAL_GPIO_TogglePin
 .text.HAL_I2CEx_EnableFastModePlus
                0x080035ac       0x5c Drivers\STM32F0xx_HAL_Driver\Src\stm32f0xx_hal_i2c_ex.o
                0x080035ac                HAL_I2CEx_EnableFastModePlus
 .text.HAL_IWDG_Init
                0x08003608       0xa0 Drivers\STM32F0xx_HAL_Driver\Src\stm32f0xx_hal_iwdg.o
                0x08003608                HAL_IWDG_Init
 .text.HAL_IWDG_Refresh
                0x080036a8       0x10 Drivers\STM32F0xx_HAL_Driver\Src\stm32f0xx_hal_iwdg.o
                0x080036a8                HAL_IWDG_Refresh
 .text.HAL_RCC_OscConfig
                0x080036b8      0x4f0 Drivers\STM32F0xx_HAL_Driver\Src\stm32f0xx_hal_rcc.o
                0x080036b8                HAL_RCC_OscConfig
 .text.HAL_RCC_GetSysClockFreq
                0x08003ba8       0x64 Drivers\STM32F0xx_HAL_Driver\Src\stm32f0xx_hal_rcc.o
                0x08003ba8                HAL_RCC_GetSysClockFreq
 .text.HAL_RCC_ClockConfig
                0x08003c0c      0x1e4 Drivers\STM32F0xx_HAL_Driver\Src\stm32f0xx_hal_rcc.o
                0x08003c0c                HAL_RCC_ClockConfig
 .text.HAL_RCC_GetHCLKFreq
                0x08003df0        0xc Drivers\STM32F0xx_HAL_Driver\Src\stm32f0xx_hal_rcc.o
                0x08003df0                HAL_RCC_GetHCLKFreq
 .text.HAL_RCC_GetPCLK1Freq
                0x08003dfc       0x20 Drivers\STM32F0xx_HAL_Driver\Src\stm32f0xx_hal_rcc.o
                0x08003dfc                HAL_RCC_GetPCLK1Freq
 .text.HAL_RCCEx_PeriphCLKConfig
                0x08003e1c      0x154 Drivers\STM32F0xx_HAL_Driver\Src\stm32f0xx_hal_rcc_ex.o
                0x08003e1c                HAL_RCCEx_PeriphCLKConfig
 .text.TIM_OC1_SetConfig
                0x08003f70       0xc8 Drivers\STM32F0xx_HAL_Driver\Src\stm32f0xx_hal_tim.o
 .text.TIM_OC3_SetConfig
                0x08004038       0xd0 Drivers\STM32F0xx_HAL_Driver\Src\stm32f0xx_hal_tim.o
 .text.TIM_OC4_SetConfig
                0x08004108       0x8c Drivers\STM32F0xx_HAL_Driver\Src\stm32f0xx_hal_tim.o
 .text.HAL_TIM_Base_Start
                0x08004194       0x60 Drivers\STM32F0xx_HAL_Driver\Src\stm32f0xx_hal_tim.o
                0x08004194                HAL_TIM_Base_Start
 .text.HAL_TIM_Base_Start_IT
                0x080041f4       0x5c Drivers\STM32F0xx_HAL_Driver\Src\stm32f0xx_hal_tim.o
                0x080041f4                HAL_TIM_Base_Start_IT
 .text.HAL_TIM_OC_MspInit
                0x08004250        0x2 Drivers\STM32F0xx_HAL_Driver\Src\stm32f0xx_hal_tim.o
                0x08004250                HAL_TIM_OC_MspInit
 .text.HAL_TIM_PWM_MspInit
                0x08004252        0x2 Drivers\STM32F0xx_HAL_Driver\Src\stm32f0xx_hal_tim.o
                0x08004252                HAL_TIM_PWM_MspInit
 .text.HAL_TIM_PeriodElapsedCallback
                0x08004254        0x2 Drivers\STM32F0xx_HAL_Driver\Src\stm32f0xx_hal_tim.o
                0x08004254                HAL_TIM_PeriodElapsedCallback
 .text.HAL_TIM_OC_DelayElapsedCallback
                0x08004256        0x2 Drivers\STM32F0xx_HAL_Driver\Src\stm32f0xx_hal_tim.o
                0x08004256                HAL_TIM_OC_DelayElapsedCallback
 .text.HAL_TIM_IC_CaptureCallback
                0x08004258        0x2 Drivers\STM32F0xx_HAL_Driver\Src\stm32f0xx_hal_tim.o
                0x08004258                HAL_TIM_IC_CaptureCallback
 .text.HAL_TIM_PWM_PulseFinishedCallback
                0x0800425a        0x2 Drivers\STM32F0xx_HAL_Driver\Src\stm32f0xx_hal_tim.o
                0x0800425a                HAL_TIM_PWM_PulseFinishedCallback
 .text.HAL_TIM_TriggerCallback
                0x0800425c        0x2 Drivers\STM32F0xx_HAL_Driver\Src\stm32f0xx_hal_tim.o
                0x0800425c                HAL_TIM_TriggerCallback
 .text.HAL_TIM_IRQHandler
                0x0800425e      0x148 Drivers\STM32F0xx_HAL_Driver\Src\stm32f0xx_hal_tim.o
                0x0800425e                HAL_TIM_IRQHandler
 *fill*         0x080043a6        0x2 
 .text.TIM_Base_SetConfig
                0x080043a8       0x80 Drivers\STM32F0xx_HAL_Driver\Src\stm32f0xx_hal_tim.o
                0x080043a8                TIM_Base_SetConfig
 .text.HAL_TIM_Base_Init
                0x08004428       0xc4 Drivers\STM32F0xx_HAL_Driver\Src\stm32f0xx_hal_tim.o
                0x08004428                HAL_TIM_Base_Init
 .text.HAL_TIM_OC_Init
                0x080044ec       0xcc Drivers\STM32F0xx_HAL_Driver\Src\stm32f0xx_hal_tim.o
                0x080044ec                HAL_TIM_OC_Init
 .text.HAL_TIM_PWM_Init
                0x080045b8       0xd0 Drivers\STM32F0xx_HAL_Driver\Src\stm32f0xx_hal_tim.o
                0x080045b8                HAL_TIM_PWM_Init
 .text.TIM_OC2_SetConfig
                0x08004688       0xc8 Drivers\STM32F0xx_HAL_Driver\Src\stm32f0xx_hal_tim.o
                0x08004688                TIM_OC2_SetConfig
 .text.HAL_TIM_OC_ConfigChannel
                0x08004750      0x150 Drivers\STM32F0xx_HAL_Driver\Src\stm32f0xx_hal_tim.o
                0x08004750                HAL_TIM_OC_ConfigChannel
 .text.HAL_TIM_PWM_ConfigChannel
                0x080048a0      0x1c4 Drivers\STM32F0xx_HAL_Driver\Src\stm32f0xx_hal_tim.o
                0x080048a0                HAL_TIM_PWM_ConfigChannel
 .text.TIM_ETR_SetConfig
                0x08004a64       0x18 Drivers\STM32F0xx_HAL_Driver\Src\stm32f0xx_hal_tim.o
                0x08004a64                TIM_ETR_SetConfig
 .text.HAL_TIM_ConfigClockSource
                0x08004a7c      0x408 Drivers\STM32F0xx_HAL_Driver\Src\stm32f0xx_hal_tim.o
                0x08004a7c                HAL_TIM_ConfigClockSource
 .text.HAL_TIMEx_MasterConfigSynchronization
                0x08004e84       0x98 Drivers\STM32F0xx_HAL_Driver\Src\stm32f0xx_hal_tim_ex.o
                0x08004e84                HAL_TIMEx_MasterConfigSynchronization
 .text.HAL_TIMEx_ConfigBreakDeadTime
                0x08004f1c      0x130 Drivers\STM32F0xx_HAL_Driver\Src\stm32f0xx_hal_tim_ex.o
                0x08004f1c                HAL_TIMEx_ConfigBreakDeadTime
 .text.HAL_TIMEx_CommutationCallback
                0x0800504c        0x2 Drivers\STM32F0xx_HAL_Driver\Src\stm32f0xx_hal_tim_ex.o
                0x0800504c                HAL_TIMEx_CommutationCallback
 .text.HAL_TIMEx_BreakCallback
                0x0800504e        0x2 Drivers\STM32F0xx_HAL_Driver\Src\stm32f0xx_hal_tim_ex.o
                0x0800504e                HAL_TIMEx_BreakCallback
 .text.UART_EndRxTransfer
                0x08005050       0x20 Drivers\STM32F0xx_HAL_Driver\Src\stm32f0xx_hal_uart.o
 .text.HAL_UART_Transmit_DMA
                0x08005070       0x8c Drivers\STM32F0xx_HAL_Driver\Src\stm32f0xx_hal_uart.o
                0x08005070                HAL_UART_Transmit_DMA
 .text.UART_DMATransmitCplt
                0x080050fc       0x30 Drivers\STM32F0xx_HAL_Driver\Src\stm32f0xx_hal_uart.o
 .text.HAL_UART_TxHalfCpltCallback
                0x0800512c        0x2 Drivers\STM32F0xx_HAL_Driver\Src\stm32f0xx_hal_uart.o
                0x0800512c                HAL_UART_TxHalfCpltCallback
 .text.UART_DMATxHalfCplt
                0x0800512e        0xa Drivers\STM32F0xx_HAL_Driver\Src\stm32f0xx_hal_uart.o
 .text.HAL_UART_RxCpltCallback
                0x08005138        0x2 Drivers\STM32F0xx_HAL_Driver\Src\stm32f0xx_hal_uart.o
                0x08005138                HAL_UART_RxCpltCallback
 .text.HAL_UART_ErrorCallback
                0x0800513a        0x2 Drivers\STM32F0xx_HAL_Driver\Src\stm32f0xx_hal_uart.o
                0x0800513a                HAL_UART_ErrorCallback
 .text.UART_DMAError
                0x0800513c       0x5a Drivers\STM32F0xx_HAL_Driver\Src\stm32f0xx_hal_uart.o
 .text.UART_DMAAbortOnError
                0x08005196       0x16 Drivers\STM32F0xx_HAL_Driver\Src\stm32f0xx_hal_uart.o
 .text.UART_SetConfig
                0x080051ac      0x1d8 Drivers\STM32F0xx_HAL_Driver\Src\stm32f0xx_hal_uart.o
                0x080051ac                UART_SetConfig
 .text.UART_AdvFeatureConfig
                0x08005384      0x1b8 Drivers\STM32F0xx_HAL_Driver\Src\stm32f0xx_hal_uart.o
                0x08005384                UART_AdvFeatureConfig
 .text.HAL_UART_Init
                0x0800553c       0xa4 Drivers\STM32F0xx_HAL_Driver\Src\stm32f0xx_hal_uart.o
                0x0800553c                HAL_UART_Init
 .text.UART_Transmit_IT
                0x080055e0       0x64 Drivers\STM32F0xx_HAL_Driver\Src\stm32f0xx_hal_uart.o
                0x080055e0                UART_Transmit_IT
 .text.UART_EndTransmit_IT
                0x08005644       0x1c Drivers\STM32F0xx_HAL_Driver\Src\stm32f0xx_hal_uart.o
                0x08005644                UART_EndTransmit_IT
 .text.UART_Receive_IT
                0x08005660       0x7c Drivers\STM32F0xx_HAL_Driver\Src\stm32f0xx_hal_uart.o
                0x08005660                UART_Receive_IT
 .text.HAL_UART_IRQHandler
                0x080056dc      0x118 Drivers\STM32F0xx_HAL_Driver\Src\stm32f0xx_hal_uart.o
                0x080056dc                HAL_UART_IRQHandler
 .text.Reset_Handler
                0x080057f4       0x50 startup\startup_stm32f030x6.o
                0x080057f4                Reset_Handler
 .text.Default_Handler
                0x08005844        0x2 startup\startup_stm32f030x6.o
                0x08005844                TIM1_CC_IRQHandler
                0x08005844                I2C1_IRQHandler
                0x08005844                SPI1_IRQHandler
                0x08005844                EXTI2_3_IRQHandler
                0x08005844                TIM17_IRQHandler
                0x08005844                RTC_IRQHandler
                0x08005844                EXTI4_15_IRQHandler
                0x08005844                DMA1_Channel1_IRQHandler
                0x08005844                Default_Handler
                0x08005844                EXTI0_1_IRQHandler
                0x08005844                WWDG_IRQHandler
 *fill*         0x08005846        0x2 
 .text.__libc_init_array
                0x08005848       0x48 c:/truestudio for stm32 9.2.0/armtools/bin/../lib/gcc/arm-atollic-eabi/6.3.1/../../../../arm-atollic-eabi/lib/armv6-m\libc_nano.a(lib_a-init.o)
                0x08005848                __libc_init_array
 .text.memcpy   0x08005890       0x12 c:/truestudio for stm32 9.2.0/armtools/bin/../lib/gcc/arm-atollic-eabi/6.3.1/../../../../arm-atollic-eabi/lib/armv6-m\libc_nano.a(lib_a-memcpy-stub.o)
                0x08005890                memcpy
 .text.memset   0x080058a2       0x10 c:/truestudio for stm32 9.2.0/armtools/bin/../lib/gcc/arm-atollic-eabi/6.3.1/../../../../arm-atollic-eabi/lib/armv6-m\libc_nano.a(lib_a-memset.o)
                0x080058a2                memset
 *fill*         0x080058b2        0x2 
 .text.sprintf  0x080058b4       0x44 c:/truestudio for stm32 9.2.0/armtools/bin/../lib/gcc/arm-atollic-eabi/6.3.1/../../../../arm-atollic-eabi/lib/armv6-m\libc_nano.a(lib_a-sprintf.o)
                0x080058b4                siprintf
                0x080058b4                sprintf
 .text.strcat   0x080058f8       0x1a c:/truestudio for stm32 9.2.0/armtools/bin/../lib/gcc/arm-atollic-eabi/6.3.1/../../../../arm-atollic-eabi/lib/armv6-m\libc_nano.a(lib_a-strcat.o)
                0x080058f8                strcat
 .text.strcpy   0x08005912       0x10 c:/truestudio for stm32 9.2.0/armtools/bin/../lib/gcc/arm-atollic-eabi/6.3.1/../../../../arm-atollic-eabi/lib/armv6-m\libc_nano.a(lib_a-strcpy.o)
                0x08005912                strcpy
 *fill*         0x08005922        0x2 
 .text.__ssputs_r
                0x08005924       0xc4 c:/truestudio for stm32 9.2.0/armtools/bin/../lib/gcc/arm-atollic-eabi/6.3.1/../../../../arm-atollic-eabi/lib/armv6-m\libc_nano.a(lib_a-nano-svfprintf.o)
                0x08005924                __ssputs_r
 .text._svfprintf_r
                0x080059e8      0x208 c:/truestudio for stm32 9.2.0/armtools/bin/../lib/gcc/arm-atollic-eabi/6.3.1/../../../../arm-atollic-eabi/lib/armv6-m\libc_nano.a(lib_a-nano-svfprintf.o)
                0x080059e8                _svfiprintf_r
                0x080059e8                _svfprintf_r
 .text._printf_common
                0x08005bf0       0xda c:/truestudio for stm32 9.2.0/armtools/bin/../lib/gcc/arm-atollic-eabi/6.3.1/../../../../arm-atollic-eabi/lib/armv6-m\libc_nano.a(lib_a-nano-vfprintf_i.o)
                0x08005bf0                _printf_common
 *fill*         0x08005cca        0x2 
 .text._printf_i
                0x08005ccc      0x234 c:/truestudio for stm32 9.2.0/armtools/bin/../lib/gcc/arm-atollic-eabi/6.3.1/../../../../arm-atollic-eabi/lib/armv6-m\libc_nano.a(lib_a-nano-vfprintf_i.o)
                0x08005ccc                _printf_i
 .text.memchr   0x08005f00       0x16 c:/truestudio for stm32 9.2.0/armtools/bin/../lib/gcc/arm-atollic-eabi/6.3.1/../../../../arm-atollic-eabi/lib/armv6-m\libc_nano.a(lib_a-memchr-stub.o)
                0x08005f00                memchr
 .text.memmove  0x08005f16       0x24 c:/truestudio for stm32 9.2.0/armtools/bin/../lib/gcc/arm-atollic-eabi/6.3.1/../../../../arm-atollic-eabi/lib/armv6-m\libc_nano.a(lib_a-memmove.o)
                0x08005f16                memmove
 *fill*         0x08005f3a        0x2 
 .text._free_r  0x08005f3c       0x94 c:/truestudio for stm32 9.2.0/armtools/bin/../lib/gcc/arm-atollic-eabi/6.3.1/../../../../arm-atollic-eabi/lib/armv6-m\libc_nano.a(lib_a-nano-freer.o)
                0x08005f3c                _free_r
 .text._malloc_r
                0x08005fd0       0xbc c:/truestudio for stm32 9.2.0/armtools/bin/../lib/gcc/arm-atollic-eabi/6.3.1/../../../../arm-atollic-eabi/lib/armv6-m\libc_nano.a(lib_a-nano-mallocr.o)
                0x08005fd0                _malloc_r
 .text._realloc_r
                0x0800608c       0x4c c:/truestudio for stm32 9.2.0/armtools/bin/../lib/gcc/arm-atollic-eabi/6.3.1/../../../../arm-atollic-eabi/lib/armv6-m\libc_nano.a(lib_a-nano-reallocr.o)
                0x0800608c                _realloc_r
 .text._sbrk_r  0x080060d8       0x24 c:/truestudio for stm32 9.2.0/armtools/bin/../lib/gcc/arm-atollic-eabi/6.3.1/../../../../arm-atollic-eabi/lib/armv6-m\libc_nano.a(lib_a-sbrkr.o)
                0x080060d8                _sbrk_r
 .text.__malloc_lock
                0x080060fc        0x2 c:/truestudio for stm32 9.2.0/armtools/bin/../lib/gcc/arm-atollic-eabi/6.3.1/../../../../arm-atollic-eabi/lib/armv6-m\libc_nano.a(lib_a-mlock.o)
                0x080060fc                __malloc_lock
 .text.__malloc_unlock
                0x080060fe        0x2 c:/truestudio for stm32 9.2.0/armtools/bin/../lib/gcc/arm-atollic-eabi/6.3.1/../../../../arm-atollic-eabi/lib/armv6-m\libc_nano.a(lib_a-mlock.o)
                0x080060fe                __malloc_unlock
 .text._malloc_usable_size_r
                0x08006100       0x10 c:/truestudio for stm32 9.2.0/armtools/bin/../lib/gcc/arm-atollic-eabi/6.3.1/../../../../arm-atollic-eabi/lib/armv6-m\libc_nano.a(lib_a-nano-msizer.o)
                0x08006100                _malloc_usable_size_r
 .text._sbrk    0x08006110       0x20 c:/truestudio for stm32 9.2.0/armtools/bin/../lib/gcc/arm-atollic-eabi/6.3.1/../../../../arm-atollic-eabi/lib/armv6-m\libnosys.a(sbrk.o)
                0x08006110                _sbrk
 *(.glue_7)
 .glue_7        0x08006130        0x0 linker stubs
 *(.glue_7t)
 .glue_7t       0x08006130        0x0 linker stubs
 *(.eh_frame)
 .eh_frame      0x08006130        0x0 c:/truestudio for stm32 9.2.0/armtools/bin/../lib/gcc/arm-atollic-eabi/6.3.1/armv6-m/crtbegin.o
 *(.init)
 .init          0x08006130        0x4 c:/truestudio for stm32 9.2.0/armtools/bin/../lib/gcc/arm-atollic-eabi/6.3.1/armv6-m/crti.o
                0x08006130                _init
 .init          0x08006134        0x8 c:/truestudio for stm32 9.2.0/armtools/bin/../lib/gcc/arm-atollic-eabi/6.3.1/armv6-m/crtn.o
 *(.fini)
 .fini          0x0800613c        0x4 c:/truestudio for stm32 9.2.0/armtools/bin/../lib/gcc/arm-atollic-eabi/6.3.1/armv6-m/crti.o
                0x0800613c                _fini
 .fini          0x08006140        0x8 c:/truestudio for stm32 9.2.0/armtools/bin/../lib/gcc/arm-atollic-eabi/6.3.1/armv6-m/crtn.o
                0x08006148                . = ALIGN (0x4)
                0x08006148                _etext = .

.vfp11_veneer   0x08006148        0x0
 .vfp11_veneer  0x08006148        0x0 linker stubs

.v4_bx          0x08006148        0x0
 .v4_bx         0x08006148        0x0 linker stubs

.iplt           0x08006148        0x0
 .iplt          0x08006148        0x0 c:/truestudio for stm32 9.2.0/armtools/bin/../lib/gcc/arm-atollic-eabi/6.3.1/armv6-m/crtbegin.o

.rodata         0x08006148      0x44c
                0x08006148                . = ALIGN (0x4)
 *(.rodata)
 .rodata        0x08006148       0x20 Drivers\STM32F0xx_HAL_Driver\Src\stm32f0xx_hal_rcc.o
 .rodata        0x08006168       0x40 c:/truestudio for stm32 9.2.0/armtools/bin/../lib/gcc/arm-atollic-eabi/6.3.1/armv6-m\libgcc.a(mulsf3.o)
 *(.rodata*)
 .rodata.AddUART_CRC.str1.1
                0x080061a8        0xd Core\Src\digiTOS-Lib\digiTOS-Core.o
 .rodata.Get_ChipID.str1.1
                0x080061b5       0x13 Core\Src\digiTOS-Lib\digiTOS-Core.o
 .rodata.Get_FlashSize.str1.1
                0x080061c8       0x11 Core\Src\digiTOS-Lib\digiTOS-Core.o
 .rodata.Get_Version.str1.1
                0x080061d9       0x16 Core\Src\digiTOS-Lib\digiTOS-Core.o
 .rodata.PrintCurrentState.str1.1
                0x080061ef       0x5e Core\Src\digiTOS-Lib\digiTOS-Core.o
 .rodata.main.str1.1
                0x0800624d       0x48 Core\Src\main.o
 .rodata.AHBPrescTable
                0x08006295       0x10 Core\Src\system_stm32f0xx.o
                0x08006295                AHBPrescTable
 .rodata.APBPrescTable
                0x080062a5        0x8 Core\Src\system_stm32f0xx.o
                0x080062a5                APBPrescTable
 .rodata.ADC_ConversionStop.str1.1
                0x080062ad       0x38 Drivers\STM32F0xx_HAL_Driver\Src\stm32f0xx_hal_adc.o
 .rodata.HAL_NVIC_SetPriority.str1.1
                0x080062e5       0x3b Drivers\STM32F0xx_HAL_Driver\Src\stm32f0xx_hal_cortex.o
 .rodata.HAL_CRC_Init.str1.1
                0x08006320       0x38 Drivers\STM32F0xx_HAL_Driver\Src\stm32f0xx_hal_crc.o
 .rodata.HAL_DMA_Init.str1.1
                0x08006358       0x38 Drivers\STM32F0xx_HAL_Driver\Src\stm32f0xx_hal_dma.o
 .rodata.HAL_GPIO_Init.str1.1
                0x08006390       0x39 Drivers\STM32F0xx_HAL_Driver\Src\stm32f0xx_hal_gpio.o
 .rodata.HAL_I2CEx_ConfigAnalogFilter.str1.1
                0x080063c9       0x3b Drivers\STM32F0xx_HAL_Driver\Src\stm32f0xx_hal_i2c_ex.o
 .rodata.HAL_IWDG_Init.str1.1
                0x08006404       0x39 Drivers\STM32F0xx_HAL_Driver\Src\stm32f0xx_hal_iwdg.o
 .rodata.HAL_RCC_OscConfig.str1.1
                0x0800643d       0x38 Drivers\STM32F0xx_HAL_Driver\Src\stm32f0xx_hal_rcc.o
 .rodata.HAL_RCCEx_PeriphCLKConfig.str1.1
                0x08006475       0x3b Drivers\STM32F0xx_HAL_Driver\Src\stm32f0xx_hal_rcc_ex.o
 .rodata.TIM_OC1_SetConfig.str1.1
                0x080064b0       0x38 Drivers\STM32F0xx_HAL_Driver\Src\stm32f0xx_hal_tim.o
 .rodata.HAL_TIMEx_HallSensor_Init.str1.1
                0x080064e8       0x3b Drivers\STM32F0xx_HAL_Driver\Src\stm32f0xx_hal_tim_ex.o
 .rodata.CSWTCH.50
                0x08006523        0x4 Drivers\STM32F0xx_HAL_Driver\Src\stm32f0xx_hal_uart.o
 .rodata.HAL_UART_DeInit.str1.1
                0x08006527       0x39 Drivers\STM32F0xx_HAL_Driver\Src\stm32f0xx_hal_uart.o
 .rodata._svfprintf_r.str1.1
                0x08006560       0x11 c:/truestudio for stm32 9.2.0/armtools/bin/../lib/gcc/arm-atollic-eabi/6.3.1/../../../../arm-atollic-eabi/lib/armv6-m\libc_nano.a(lib_a-nano-svfprintf.o)
 .rodata._printf_i.str1.1
                0x08006571       0x22 c:/truestudio for stm32 9.2.0/armtools/bin/../lib/gcc/arm-atollic-eabi/6.3.1/../../../../arm-atollic-eabi/lib/armv6-m\libc_nano.a(lib_a-nano-vfprintf_i.o)
                0x08006594                . = ALIGN (0x4)
 *fill*         0x08006593        0x1 

.rel.dyn        0x08006594        0x0
 .rel.iplt      0x08006594        0x0 c:/truestudio for stm32 9.2.0/armtools/bin/../lib/gcc/arm-atollic-eabi/6.3.1/armv6-m/crtbegin.o

.ARM.extab
 *(.ARM.extab* .gnu.linkonce.armextab.*)

.ARM            0x08006594        0x0
                0x08006594                __exidx_start = .
 *(.ARM.exidx*)
                0x08006594                __exidx_end = .

.preinit_array  0x08006594        0x0
                0x08006594                PROVIDE (__preinit_array_start, .)
 *(.preinit_array*)
                0x08006594                PROVIDE (__preinit_array_end, .)

.init_array     0x08006594        0x4
                0x08006594                PROVIDE (__init_array_start, .)
 *(SORT(.init_array.*))
 *(.init_array*)
 .init_array    0x08006594        0x4 c:/truestudio for stm32 9.2.0/armtools/bin/../lib/gcc/arm-atollic-eabi/6.3.1/armv6-m/crtbegin.o
                0x08006598                PROVIDE (__init_array_end, .)

.fini_array     0x08006598        0x4
                [!provide]                PROVIDE (__fini_array_start, .)
 *(SORT(.fini_array.*))
 *(.fini_array*)
 .fini_array    0x08006598        0x4 c:/truestudio for stm32 9.2.0/armtools/bin/../lib/gcc/arm-atollic-eabi/6.3.1/armv6-m/crtbegin.o
                [!provide]                PROVIDE (__fini_array_end, .)
                0x0800659c                _sidata = LOADADDR (.data)

.data           0x20000000      0x29c load address 0x0800659c
                0x20000000                . = ALIGN (0x4)
                0x20000000                _sdata = .
 *(.data)
 *(.data*)
 .data.Sin_Amp_ind
                0x20000000       0x10 Core\Src\digiTOS-Lib\digiTOS-Configuration.o
                0x20000000                Sin_Amp_ind
 .data.Sine_Amplitude_1
                0x20000010        0x4 Core\Src\digiTOS-Lib\digiTOS-Configuration.o
                0x20000010                Sine_Amplitude_1
 .data.Sine_Amplitude_2
                0x20000014        0x4 Core\Src\digiTOS-Lib\digiTOS-Configuration.o
                0x20000014                Sine_Amplitude_2
 .data.Sine_Amplitude_3
                0x20000018        0x4 Core\Src\digiTOS-Lib\digiTOS-Configuration.o
                0x20000018                Sine_Amplitude_3
 .data.Sine_Amplitude_4
                0x2000001c        0x4 Core\Src\digiTOS-Lib\digiTOS-Configuration.o
                0x2000001c                Sine_Amplitude_4
 .data.V_1      0x20000020        0x4 Core\Src\digiTOS-Lib\digiTOS-Configuration.o
                0x20000020                V_1
 .data.V_2      0x20000024        0x4 Core\Src\digiTOS-Lib\digiTOS-Configuration.o
                0x20000024                V_2
 .data.V_3      0x20000028        0x4 Core\Src\digiTOS-Lib\digiTOS-Configuration.o
                0x20000028                V_3
 .data.V_4      0x2000002c        0x4 Core\Src\digiTOS-Lib\digiTOS-Configuration.o
                0x2000002c                V_4
 .data.V_Cnt    0x20000030       0x10 Core\Src\digiTOS-Lib\digiTOS-Configuration.o
                0x20000030                V_Cnt
 .data.amp1_target
                0x20000040        0x4 Core\Src\digiTOS-Lib\digiTOS-Configuration.o
                0x20000040                amp1_target
 .data.amp2_target
                0x20000044        0x4 Core\Src\digiTOS-Lib\digiTOS-Configuration.o
                0x20000044                amp2_target
 .data.amp3_target
                0x20000048        0x4 Core\Src\digiTOS-Lib\digiTOS-Configuration.o
                0x20000048                amp3_target
 .data.amp4_target
                0x2000004c        0x4 Core\Src\digiTOS-Lib\digiTOS-Configuration.o
                0x2000004c                amp4_target
 .data.sin_data
                0x20000050      0x1e0 Core\Src\digiTOS-Lib\digiTOS-Configuration.o
                0x20000050                sin_data
 .data.huart1_finished_tx
                0x20000230        0x4 Core\Src\digiTOS-Lib\digiTOS-Core.o
                0x20000230                huart1_finished_tx
 .data.SystemCoreClock
                0x20000234        0x4 Core\Src\system_stm32f0xx.o
                0x20000234                SystemCoreClock
 .data._impure_ptr
                0x20000238        0x4 c:/truestudio for stm32 9.2.0/armtools/bin/../lib/gcc/arm-atollic-eabi/6.3.1/../../../../arm-atollic-eabi/lib/armv6-m\libc_nano.a(lib_a-impure.o)
                0x20000238                _impure_ptr
 .data.impure_data
                0x2000023c       0x60 c:/truestudio for stm32 9.2.0/armtools/bin/../lib/gcc/arm-atollic-eabi/6.3.1/../../../../arm-atollic-eabi/lib/armv6-m\libc_nano.a(lib_a-impure.o)
                0x2000029c                . = ALIGN (0x4)
                0x2000029c                _edata = .

.igot.plt       0x2000029c        0x0 load address 0x08006838
 .igot.plt      0x2000029c        0x0 c:/truestudio for stm32 9.2.0/armtools/bin/../lib/gcc/arm-atollic-eabi/6.3.1/armv6-m/crtbegin.o
                0x2000029c                . = ALIGN (0x4)

.bss            0x200002a0      0x404 load address 0x08006838
                0x200002a0                _sbss = .
                0x200002a0                __bss_start__ = _sbss
 *(.bss)
 .bss           0x200002a0       0x1c c:/truestudio for stm32 9.2.0/armtools/bin/../lib/gcc/arm-atollic-eabi/6.3.1/armv6-m/crtbegin.o
 *(.bss*)
 .bss.sinStatus
                0x200002bc        0x1 Core\Src\digiTOS-Lib\digiTOS-Configuration.o
                0x200002bc                sinStatus
 *fill*         0x200002bd        0x1 
 .bss.sin_step  0x200002be        0x2 Core\Src\digiTOS-Lib\digiTOS-Configuration.o
                0x200002be                sin_step
 .bss.BoardStatus
                0x200002c0        0x1 Core\Src\digiTOS-Lib\digiTOS-Core.o
                0x200002c0                BoardStatus
 *fill*         0x200002c1        0x3 
 .bss.DevMode1  0x200002c4        0x4 Core\Src\digiTOS-Lib\digiTOS-Core.o
                0x200002c4                DevMode1
 .bss.FaultWaitCnt
                0x200002c8        0x4 Core\Src\digiTOS-Lib\digiTOS-Core.o
                0x200002c8                FaultWaitCnt
 .bss.RstCnt    0x200002cc        0x4 Core\Src\digiTOS-Lib\digiTOS-Core.o
                0x200002cc                RstCnt
 .bss.SinWave   0x200002d0        0x1 Core\Src\digiTOS-Lib\digiTOS-Core.o
                0x200002d0                SinWave
 *fill*         0x200002d1        0x3 
 .bss.__malloc_free_list
                0x200002d4        0x4 c:/truestudio for stm32 9.2.0/armtools/bin/../lib/gcc/arm-atollic-eabi/6.3.1/../../../../arm-atollic-eabi/lib/armv6-m\libc_nano.a(lib_a-nano-mallocr.o)
                0x200002d4                __malloc_free_list
 .bss.__malloc_sbrk_start
                0x200002d8        0x4 c:/truestudio for stm32 9.2.0/armtools/bin/../lib/gcc/arm-atollic-eabi/6.3.1/../../../../arm-atollic-eabi/lib/armv6-m\libc_nano.a(lib_a-nano-mallocr.o)
                0x200002d8                __malloc_sbrk_start
 .bss.heap_end.4116
                0x200002dc        0x4 c:/truestudio for stm32 9.2.0/armtools/bin/../lib/gcc/arm-atollic-eabi/6.3.1/../../../../arm-atollic-eabi/lib/armv6-m\libnosys.a(sbrk.o)
 *(COMMON)
 COMMON         0x200002e0       0x90 Core\Src\adc.o
                0x200002e0                hdma_adc
                0x20000324                hadc
 COMMON         0x20000370       0x24 Core\Src\crc.o
                0x20000370                hcrc
 COMMON         0x20000394       0x12 Core\Src\digiTOS-Lib\digiTOS-Configuration.o
                0x20000394                ADC_Cnt
                0x200003a0                ADC_Data
 *fill*         0x200003a6        0x2 
 COMMON         0x200003a8       0xcc Core\Src\digiTOS-Lib\digiTOS-Core.o
                0x200003a8                uart_buff
                0x2000040c                DevModeKey
                0x20000428                crc_buff
                0x2000043c                FaultFlag
                0x20000458                DevModeKey2
 COMMON         0x20000474       0x10 Core\Src\iwdg.o
                0x20000474                hiwdg
 COMMON         0x20000484      0x100 Core\Src\tim.o
                0x20000484                htim3
                0x200004c4                htim1
                0x20000504                htim14
                0x20000544                htim16
 COMMON         0x20000584       0xf8 Core\Src\usart.o
                0x20000584                hdma_usart1_tx
                0x200005c8                hdma_usart1_rx
                0x2000060c                huart1
 COMMON         0x2000067c        0x4 Drivers\STM32F0xx_HAL_Driver\Src\stm32f0xx_hal.o
                0x2000067c                uwTick
 COMMON         0x20000680       0x20 Drivers\STM32F0xx_HAL_Driver\Src\stm32f0xx_hal_flash.o
                0x20000680                pFlash
 COMMON         0x200006a0        0x4 c:/truestudio for stm32 9.2.0/armtools/bin/../lib/gcc/arm-atollic-eabi/6.3.1/../../../../arm-atollic-eabi/lib/armv6-m\libc_nano.a(lib_a-reent.o)
                0x200006a0                errno
                0x200006a4                . = ALIGN (0x4)
                0x200006a4                _ebss = .
                0x200006a4                __bss_end__ = _ebss

._user_heap_stack
                0x200006a4      0x600 load address 0x08006838
                0x200006a4                . = ALIGN (0x4)
                0x200006a4                PROVIDE (end, .)
                [!provide]                PROVIDE (_end, .)
                0x200008a4                . = (. + _Min_Heap_Size)
 *fill*         0x200006a4      0x200 
                0x20000ca4                . = (. + _Min_Stack_Size)
 *fill*         0x200008a4      0x400 
                0x20000ca4                . = ALIGN (0x4)

/DISCARD/
 libc.a(*)
 libm.a(*)
 libgcc.a(*)

.ARM.attributes
                0x00000000       0x28
 *(.ARM.attributes)
 .ARM.attributes
                0x00000000       0x1e c:/truestudio for stm32 9.2.0/armtools/bin/../lib/gcc/arm-atollic-eabi/6.3.1/armv6-m/crti.o
 .ARM.attributes
                0x0000001e       0x2c c:/truestudio for stm32 9.2.0/armtools/bin/../lib/gcc/arm-atollic-eabi/6.3.1/armv6-m/crtbegin.o
 .ARM.attributes
                0x0000004a       0x31 Core\Src\adc.o
 .ARM.attributes
                0x0000007b       0x31 Core\Src\crc.o
 .ARM.attributes
                0x000000ac       0x31 Core\Src\digiTOS-Lib\digiTOS-ADC.o
 .ARM.attributes
                0x000000dd       0x31 Core\Src\digiTOS-Lib\digiTOS-Configuration.o
 .ARM.attributes
                0x0000010e       0x31 Core\Src\digiTOS-Lib\digiTOS-Core.o
 .ARM.attributes
                0x0000013f       0x31 Core\Src\digiTOS-Lib\digiTOS-Generator.o
 .ARM.attributes
                0x00000170       0x31 Core\Src\digiTOS-Lib\digiTOS-Sinus.o
 .ARM.attributes
                0x000001a1       0x31 Core\Src\digiTOS-Lib\stm32f0xx_hal_buttons.o
 .ARM.attributes
                0x000001d2       0x31 Core\Src\dma.o
 .ARM.attributes
                0x00000203       0x31 Core\Src\gpio.o
 .ARM.attributes
                0x00000234       0x31 Core\Src\iwdg.o
 .ARM.attributes
                0x00000265       0x31 Core\Src\main.o
 .ARM.attributes
                0x00000296       0x31 Core\Src\stm32f0xx_hal_msp.o
 .ARM.attributes
                0x000002c7       0x31 Core\Src\stm32f0xx_it.o
 .ARM.attributes
                0x000002f8       0x31 Core\Src\system_stm32f0xx.o
 .ARM.attributes
                0x00000329       0x31 Core\Src\tim.o
 .ARM.attributes
                0x0000035a       0x31 Core\Src\usart.o
 .ARM.attributes
                0x0000038b       0x31 Drivers\STM32F0xx_HAL_Driver\Src\stm32f0xx_hal.o
 .ARM.attributes
                0x000003bc       0x31 Drivers\STM32F0xx_HAL_Driver\Src\stm32f0xx_hal_adc.o
 .ARM.attributes
                0x000003ed       0x31 Drivers\STM32F0xx_HAL_Driver\Src\stm32f0xx_hal_cortex.o
 .ARM.attributes
                0x0000041e       0x31 Drivers\STM32F0xx_HAL_Driver\Src\stm32f0xx_hal_crc.o
 .ARM.attributes
                0x0000044f       0x31 Drivers\STM32F0xx_HAL_Driver\Src\stm32f0xx_hal_crc_ex.o
 .ARM.attributes
                0x00000480       0x31 Drivers\STM32F0xx_HAL_Driver\Src\stm32f0xx_hal_dma.o
 .ARM.attributes
                0x000004b1       0x31 Drivers\STM32F0xx_HAL_Driver\Src\stm32f0xx_hal_flash.o
 .ARM.attributes
                0x000004e2       0x31 Drivers\STM32F0xx_HAL_Driver\Src\stm32f0xx_hal_flash_ex.o
 .ARM.attributes
                0x00000513       0x31 Drivers\STM32F0xx_HAL_Driver\Src\stm32f0xx_hal_gpio.o
 .ARM.attributes
                0x00000544       0x31 Drivers\STM32F0xx_HAL_Driver\Src\stm32f0xx_hal_i2c_ex.o
 .ARM.attributes
                0x00000575       0x31 Drivers\STM32F0xx_HAL_Driver\Src\stm32f0xx_hal_iwdg.o
 .ARM.attributes
                0x000005a6       0x31 Drivers\STM32F0xx_HAL_Driver\Src\stm32f0xx_hal_rcc.o
 .ARM.attributes
                0x000005d7       0x31 Drivers\STM32F0xx_HAL_Driver\Src\stm32f0xx_hal_rcc_ex.o
 .ARM.attributes
                0x00000608       0x31 Drivers\STM32F0xx_HAL_Driver\Src\stm32f0xx_hal_tim.o
 .ARM.attributes
                0x00000639       0x31 Drivers\STM32F0xx_HAL_Driver\Src\stm32f0xx_hal_tim_ex.o
 .ARM.attributes
                0x0000066a       0x31 Drivers\STM32F0xx_HAL_Driver\Src\stm32f0xx_hal_uart.o
 .ARM.attributes
                0x0000069b       0x21 startup\startup_stm32f030x6.o
 .ARM.attributes
                0x000006bc       0x2c c:/truestudio for stm32 9.2.0/armtools/bin/../lib/gcc/arm-atollic-eabi/6.3.1/../../../../arm-atollic-eabi/lib/armv6-m\libc_nano.a(lib_a-init.o)
 .ARM.attributes
                0x000006e8       0x2c c:/truestudio for stm32 9.2.0/armtools/bin/../lib/gcc/arm-atollic-eabi/6.3.1/../../../../arm-atollic-eabi/lib/armv6-m\libc_nano.a(lib_a-memcpy-stub.o)
 .ARM.attributes
                0x00000714       0x2c c:/truestudio for stm32 9.2.0/armtools/bin/../lib/gcc/arm-atollic-eabi/6.3.1/../../../../arm-atollic-eabi/lib/armv6-m\libc_nano.a(lib_a-memset.o)
 .ARM.attributes
                0x00000740       0x2c c:/truestudio for stm32 9.2.0/armtools/bin/../lib/gcc/arm-atollic-eabi/6.3.1/../../../../arm-atollic-eabi/lib/armv6-m\libc_nano.a(lib_a-sprintf.o)
 .ARM.attributes
                0x0000076c       0x2c c:/truestudio for stm32 9.2.0/armtools/bin/../lib/gcc/arm-atollic-eabi/6.3.1/../../../../arm-atollic-eabi/lib/armv6-m\libc_nano.a(lib_a-strcat.o)
 .ARM.attributes
                0x00000798       0x2c c:/truestudio for stm32 9.2.0/armtools/bin/../lib/gcc/arm-atollic-eabi/6.3.1/../../../../arm-atollic-eabi/lib/armv6-m\libc_nano.a(lib_a-strcpy.o)
 .ARM.attributes
                0x000007c4       0x2c c:/truestudio for stm32 9.2.0/armtools/bin/../lib/gcc/arm-atollic-eabi/6.3.1/../../../../arm-atollic-eabi/lib/armv6-m\libc_nano.a(lib_a-impure.o)
 .ARM.attributes
                0x000007f0       0x2c c:/truestudio for stm32 9.2.0/armtools/bin/../lib/gcc/arm-atollic-eabi/6.3.1/../../../../arm-atollic-eabi/lib/armv6-m\libc_nano.a(lib_a-nano-svfprintf.o)
 .ARM.attributes
                0x0000081c       0x2c c:/truestudio for stm32 9.2.0/armtools/bin/../lib/gcc/arm-atollic-eabi/6.3.1/../../../../arm-atollic-eabi/lib/armv6-m\libc_nano.a(lib_a-nano-vfprintf_i.o)
 .ARM.attributes
                0x00000848       0x2c c:/truestudio for stm32 9.2.0/armtools/bin/../lib/gcc/arm-atollic-eabi/6.3.1/../../../../arm-atollic-eabi/lib/armv6-m\libc_nano.a(lib_a-memchr-stub.o)
 .ARM.attributes
                0x00000874       0x2c c:/truestudio for stm32 9.2.0/armtools/bin/../lib/gcc/arm-atollic-eabi/6.3.1/../../../../arm-atollic-eabi/lib/armv6-m\libc_nano.a(lib_a-memmove.o)
 .ARM.attributes
                0x000008a0       0x2c c:/truestudio for stm32 9.2.0/armtools/bin/../lib/gcc/arm-atollic-eabi/6.3.1/../../../../arm-atollic-eabi/lib/armv6-m\libc_nano.a(lib_a-nano-freer.o)
 .ARM.attributes
                0x000008cc       0x2c c:/truestudio for stm32 9.2.0/armtools/bin/../lib/gcc/arm-atollic-eabi/6.3.1/../../../../arm-atollic-eabi/lib/armv6-m\libc_nano.a(lib_a-nano-mallocr.o)
 .ARM.attributes
                0x000008f8       0x2c c:/truestudio for stm32 9.2.0/armtools/bin/../lib/gcc/arm-atollic-eabi/6.3.1/../../../../arm-atollic-eabi/lib/armv6-m\libc_nano.a(lib_a-nano-reallocr.o)
 .ARM.attributes
                0x00000924       0x2c c:/truestudio for stm32 9.2.0/armtools/bin/../lib/gcc/arm-atollic-eabi/6.3.1/../../../../arm-atollic-eabi/lib/armv6-m\libc_nano.a(lib_a-sbrkr.o)
 .ARM.attributes
                0x00000950       0x2c c:/truestudio for stm32 9.2.0/armtools/bin/../lib/gcc/arm-atollic-eabi/6.3.1/../../../../arm-atollic-eabi/lib/armv6-m\libc_nano.a(lib_a-mlock.o)
 .ARM.attributes
                0x0000097c       0x2c c:/truestudio for stm32 9.2.0/armtools/bin/../lib/gcc/arm-atollic-eabi/6.3.1/../../../../arm-atollic-eabi/lib/armv6-m\libc_nano.a(lib_a-nano-msizer.o)
 .ARM.attributes
                0x000009a8       0x2c c:/truestudio for stm32 9.2.0/armtools/bin/../lib/gcc/arm-atollic-eabi/6.3.1/../../../../arm-atollic-eabi/lib/armv6-m\libc_nano.a(lib_a-reent.o)
 .ARM.attributes
                0x000009d4       0x1e c:/truestudio for stm32 9.2.0/armtools/bin/../lib/gcc/arm-atollic-eabi/6.3.1/armv6-m\libgcc.a(_thumb1_case_uqi.o)
 .ARM.attributes
                0x000009f2       0x1e c:/truestudio for stm32 9.2.0/armtools/bin/../lib/gcc/arm-atollic-eabi/6.3.1/armv6-m\libgcc.a(_udivsi3.o)
 .ARM.attributes
                0x00000a10       0x1e c:/truestudio for stm32 9.2.0/armtools/bin/../lib/gcc/arm-atollic-eabi/6.3.1/armv6-m\libgcc.a(_dvmd_tls.o)
 .ARM.attributes
                0x00000a2e       0x1e c:/truestudio for stm32 9.2.0/armtools/bin/../lib/gcc/arm-atollic-eabi/6.3.1/armv6-m\libgcc.a(_arm_cmpsf2.o)
 .ARM.attributes
                0x00000a4c       0x2c c:/truestudio for stm32 9.2.0/armtools/bin/../lib/gcc/arm-atollic-eabi/6.3.1/armv6-m\libgcc.a(_fixunssfsi.o)
 .ARM.attributes
                0x00000a78       0x2c c:/truestudio for stm32 9.2.0/armtools/bin/../lib/gcc/arm-atollic-eabi/6.3.1/armv6-m\libgcc.a(addsf3.o)
 .ARM.attributes
                0x00000aa4       0x2c c:/truestudio for stm32 9.2.0/armtools/bin/../lib/gcc/arm-atollic-eabi/6.3.1/armv6-m\libgcc.a(eqsf2.o)
 .ARM.attributes
                0x00000ad0       0x2c c:/truestudio for stm32 9.2.0/armtools/bin/../lib/gcc/arm-atollic-eabi/6.3.1/armv6-m\libgcc.a(gesf2.o)
 .ARM.attributes
                0x00000afc       0x2c c:/truestudio for stm32 9.2.0/armtools/bin/../lib/gcc/arm-atollic-eabi/6.3.1/armv6-m\libgcc.a(lesf2.o)
 .ARM.attributes
                0x00000b28       0x2c c:/truestudio for stm32 9.2.0/armtools/bin/../lib/gcc/arm-atollic-eabi/6.3.1/armv6-m\libgcc.a(mulsf3.o)
 .ARM.attributes
                0x00000b54       0x2c c:/truestudio for stm32 9.2.0/armtools/bin/../lib/gcc/arm-atollic-eabi/6.3.1/armv6-m\libgcc.a(subsf3.o)
 .ARM.attributes
                0x00000b80       0x2c c:/truestudio for stm32 9.2.0/armtools/bin/../lib/gcc/arm-atollic-eabi/6.3.1/armv6-m\libgcc.a(fixsfsi.o)
 .ARM.attributes
                0x00000bac       0x2c c:/truestudio for stm32 9.2.0/armtools/bin/../lib/gcc/arm-atollic-eabi/6.3.1/armv6-m\libgcc.a(floatsisf.o)
 .ARM.attributes
                0x00000bd8       0x2c c:/truestudio for stm32 9.2.0/armtools/bin/../lib/gcc/arm-atollic-eabi/6.3.1/armv6-m\libgcc.a(floatunsisf.o)
 .ARM.attributes
                0x00000c04       0x1e c:/truestudio for stm32 9.2.0/armtools/bin/../lib/gcc/arm-atollic-eabi/6.3.1/armv6-m\libgcc.a(_clzsi2.o)
 .ARM.attributes
                0x00000c22       0x2c c:/truestudio for stm32 9.2.0/armtools/bin/../lib/gcc/arm-atollic-eabi/6.3.1/../../../../arm-atollic-eabi/lib/armv6-m\libnosys.a(sbrk.o)
 .ARM.attributes
                0x00000c4e       0x1e c:/truestudio for stm32 9.2.0/armtools/bin/../lib/gcc/arm-atollic-eabi/6.3.1/armv6-m/crtn.o
OUTPUT(digiTOS-COMOD-SinBoard-CODE.elf elf32-littlearm)

.debug_info     0x00000000    0x29ac1
 .debug_info    0x00000000     0x11f0 Core\Src\adc.o
 .debug_info    0x000011f0      0xc97 Core\Src\crc.o
 .debug_info    0x00001e87     0x1693 Core\Src\digiTOS-Lib\digiTOS-ADC.o
 .debug_info    0x0000351a      0xb9c Core\Src\digiTOS-Lib\digiTOS-Configuration.o
 .debug_info    0x000040b6     0x1851 Core\Src\digiTOS-Lib\digiTOS-Core.o
 .debug_info    0x00005907     0x1977 Core\Src\digiTOS-Lib\digiTOS-Generator.o
 .debug_info    0x0000727e     0x135a Core\Src\digiTOS-Lib\digiTOS-Sinus.o
 .debug_info    0x000085d8      0xcbb Core\Src\digiTOS-Lib\stm32f0xx_hal_buttons.o
 .debug_info    0x00009293      0xaeb Core\Src\dma.o
 .debug_info    0x00009d7e      0xc5f Core\Src\gpio.o
 .debug_info    0x0000a9dd      0xa54 Core\Src\iwdg.o
 .debug_info    0x0000b431     0x247e Core\Src\main.o
 .debug_info    0x0000d8af      0xa16 Core\Src\stm32f0xx_hal_msp.o
 .debug_info    0x0000e2c5     0x1bbf Core\Src\stm32f0xx_it.o
 .debug_info    0x0000fe84      0xa67 Core\Src\system_stm32f0xx.o
 .debug_info    0x000108eb     0x182d Core\Src\tim.o
 .debug_info    0x00012118     0x1347 Core\Src\usart.o
 .debug_info    0x0001345f      0xe2b Drivers\STM32F0xx_HAL_Driver\Src\stm32f0xx_hal.o
 .debug_info    0x0001428a     0x1b1e Drivers\STM32F0xx_HAL_Driver\Src\stm32f0xx_hal_adc.o
 .debug_info    0x00015da8     0x10b2 Drivers\STM32F0xx_HAL_Driver\Src\stm32f0xx_hal_cortex.o
 .debug_info    0x00016e5a      0xea9 Drivers\STM32F0xx_HAL_Driver\Src\stm32f0xx_hal_crc.o
 .debug_info    0x00017d03      0xbc4 Drivers\STM32F0xx_HAL_Driver\Src\stm32f0xx_hal_crc_ex.o
 .debug_info    0x000188c7     0x1169 Drivers\STM32F0xx_HAL_Driver\Src\stm32f0xx_hal_dma.o
 .debug_info    0x00019a30      0xeda Drivers\STM32F0xx_HAL_Driver\Src\stm32f0xx_hal_flash.o
 .debug_info    0x0001a90a     0x1345 Drivers\STM32F0xx_HAL_Driver\Src\stm32f0xx_hal_flash_ex.o
 .debug_info    0x0001bc4f     0x100d Drivers\STM32F0xx_HAL_Driver\Src\stm32f0xx_hal_gpio.o
 .debug_info    0x0001cc5c     0x10df Drivers\STM32F0xx_HAL_Driver\Src\stm32f0xx_hal_i2c_ex.o
 .debug_info    0x0001dd3b      0xb19 Drivers\STM32F0xx_HAL_Driver\Src\stm32f0xx_hal_iwdg.o
 .debug_info    0x0001e854     0x145c Drivers\STM32F0xx_HAL_Driver\Src\stm32f0xx_hal_rcc.o
 .debug_info    0x0001fcb0      0xc8b Drivers\STM32F0xx_HAL_Driver\Src\stm32f0xx_hal_rcc_ex.o
 .debug_info    0x0002093b     0x4d0f Drivers\STM32F0xx_HAL_Driver\Src\stm32f0xx_hal_tim.o
 .debug_info    0x0002564a     0x20b0 Drivers\STM32F0xx_HAL_Driver\Src\stm32f0xx_hal_tim_ex.o
 .debug_info    0x000276fa     0x2326 Drivers\STM32F0xx_HAL_Driver\Src\stm32f0xx_hal_uart.o
 .debug_info    0x00029a20       0xa1 startup\startup_stm32f030x6.o

.debug_abbrev   0x00000000     0x5334
 .debug_abbrev  0x00000000      0x226 Core\Src\adc.o
 .debug_abbrev  0x00000226      0x228 Core\Src\crc.o
 .debug_abbrev  0x0000044e      0x2d6 Core\Src\digiTOS-Lib\digiTOS-ADC.o
 .debug_abbrev  0x00000724      0x190 Core\Src\digiTOS-Lib\digiTOS-Configuration.o
 .debug_abbrev  0x000008b4      0x2d1 Core\Src\digiTOS-Lib\digiTOS-Core.o
 .debug_abbrev  0x00000b85      0x209 Core\Src\digiTOS-Lib\digiTOS-Generator.o
 .debug_abbrev  0x00000d8e      0x240 Core\Src\digiTOS-Lib\digiTOS-Sinus.o
 .debug_abbrev  0x00000fce      0x283 Core\Src\digiTOS-Lib\stm32f0xx_hal_buttons.o
 .debug_abbrev  0x00001251      0x1f5 Core\Src\dma.o
 .debug_abbrev  0x00001446      0x20a Core\Src\gpio.o
 .debug_abbrev  0x00001650      0x1e1 Core\Src\iwdg.o
 .debug_abbrev  0x00001831      0x2de Core\Src\main.o
 .debug_abbrev  0x00001b0f      0x1a4 Core\Src\stm32f0xx_hal_msp.o
 .debug_abbrev  0x00001cb3      0x288 Core\Src\stm32f0xx_it.o
 .debug_abbrev  0x00001f3b      0x1ca Core\Src\system_stm32f0xx.o
 .debug_abbrev  0x00002105      0x281 Core\Src\tim.o
 .debug_abbrev  0x00002386      0x24b Core\Src\usart.o
 .debug_abbrev  0x000025d1      0x2d1 Drivers\STM32F0xx_HAL_Driver\Src\stm32f0xx_hal.o
 .debug_abbrev  0x000028a2      0x33d Drivers\STM32F0xx_HAL_Driver\Src\stm32f0xx_hal_adc.o
 .debug_abbrev  0x00002bdf      0x356 Drivers\STM32F0xx_HAL_Driver\Src\stm32f0xx_hal_cortex.o
 .debug_abbrev  0x00002f35      0x2a7 Drivers\STM32F0xx_HAL_Driver\Src\stm32f0xx_hal_crc.o
 .debug_abbrev  0x000031dc      0x1cb Drivers\STM32F0xx_HAL_Driver\Src\stm32f0xx_hal_crc_ex.o
 .debug_abbrev  0x000033a7      0x2c1 Drivers\STM32F0xx_HAL_Driver\Src\stm32f0xx_hal_dma.o
 .debug_abbrev  0x00003668      0x35d Drivers\STM32F0xx_HAL_Driver\Src\stm32f0xx_hal_flash.o
 .debug_abbrev  0x000039c5      0x33e Drivers\STM32F0xx_HAL_Driver\Src\stm32f0xx_hal_flash_ex.o
 .debug_abbrev  0x00003d03      0x29f Drivers\STM32F0xx_HAL_Driver\Src\stm32f0xx_hal_gpio.o
 .debug_abbrev  0x00003fa2      0x235 Drivers\STM32F0xx_HAL_Driver\Src\stm32f0xx_hal_i2c_ex.o
 .debug_abbrev  0x000041d7      0x1fd Drivers\STM32F0xx_HAL_Driver\Src\stm32f0xx_hal_iwdg.o
 .debug_abbrev  0x000043d4      0x2db Drivers\STM32F0xx_HAL_Driver\Src\stm32f0xx_hal_rcc.o
 .debug_abbrev  0x000046af      0x28e Drivers\STM32F0xx_HAL_Driver\Src\stm32f0xx_hal_rcc_ex.o
 .debug_abbrev  0x0000493d      0x380 Drivers\STM32F0xx_HAL_Driver\Src\stm32f0xx_hal_tim.o
 .debug_abbrev  0x00004cbd      0x2ed Drivers\STM32F0xx_HAL_Driver\Src\stm32f0xx_hal_tim_ex.o
 .debug_abbrev  0x00004faa      0x378 Drivers\STM32F0xx_HAL_Driver\Src\stm32f0xx_hal_uart.o
 .debug_abbrev  0x00005322       0x12 startup\startup_stm32f030x6.o

.debug_loc      0x00000000     0x99f3
 .debug_loc     0x00000000       0x58 Core\Src\adc.o
 .debug_loc     0x00000058       0x21 Core\Src\crc.o
 .debug_loc     0x00000079      0x247 Core\Src\digiTOS-Lib\digiTOS-ADC.o
 .debug_loc     0x000002c0      0x373 Core\Src\digiTOS-Lib\digiTOS-Core.o
 .debug_loc     0x00000633       0x68 Core\Src\digiTOS-Lib\digiTOS-Sinus.o
 .debug_loc     0x0000069b      0x14d Core\Src\digiTOS-Lib\stm32f0xx_hal_buttons.o
 .debug_loc     0x000007e8      0x127 Core\Src\system_stm32f0xx.o
 .debug_loc     0x0000090f      0x10f Core\Src\tim.o
 .debug_loc     0x00000a1e       0x58 Core\Src\usart.o
 .debug_loc     0x00000a76       0x7c Drivers\STM32F0xx_HAL_Driver\Src\stm32f0xx_hal.o
 .debug_loc     0x00000af2      0xa82 Drivers\STM32F0xx_HAL_Driver\Src\stm32f0xx_hal_adc.o
 .debug_loc     0x00001574      0x380 Drivers\STM32F0xx_HAL_Driver\Src\stm32f0xx_hal_cortex.o
 .debug_loc     0x000018f4      0x433 Drivers\STM32F0xx_HAL_Driver\Src\stm32f0xx_hal_crc.o
 .debug_loc     0x00001d27       0xd1 Drivers\STM32F0xx_HAL_Driver\Src\stm32f0xx_hal_crc_ex.o
 .debug_loc     0x00001df8      0x7c3 Drivers\STM32F0xx_HAL_Driver\Src\stm32f0xx_hal_dma.o
 .debug_loc     0x000025bb      0x2b2 Drivers\STM32F0xx_HAL_Driver\Src\stm32f0xx_hal_flash.o
 .debug_loc     0x0000286d      0x4f7 Drivers\STM32F0xx_HAL_Driver\Src\stm32f0xx_hal_flash_ex.o
 .debug_loc     0x00002d64      0x499 Drivers\STM32F0xx_HAL_Driver\Src\stm32f0xx_hal_gpio.o
 .debug_loc     0x000031fd      0x16c Drivers\STM32F0xx_HAL_Driver\Src\stm32f0xx_hal_i2c_ex.o
 .debug_loc     0x00003369       0x76 Drivers\STM32F0xx_HAL_Driver\Src\stm32f0xx_hal_iwdg.o
 .debug_loc     0x000033df      0x4b4 Drivers\STM32F0xx_HAL_Driver\Src\stm32f0xx_hal_rcc.o
 .debug_loc     0x00003893      0x1e6 Drivers\STM32F0xx_HAL_Driver\Src\stm32f0xx_hal_rcc_ex.o
 .debug_loc     0x00003a79     0x38df Drivers\STM32F0xx_HAL_Driver\Src\stm32f0xx_hal_tim.o
 .debug_loc     0x00007358     0x1265 Drivers\STM32F0xx_HAL_Driver\Src\stm32f0xx_hal_tim_ex.o
 .debug_loc     0x000085bd     0x1436 Drivers\STM32F0xx_HAL_Driver\Src\stm32f0xx_hal_uart.o

.debug_aranges  0x00000000      0xef8
 .debug_aranges
                0x00000000       0x30 Core\Src\adc.o
 .debug_aranges
                0x00000030       0x30 Core\Src\crc.o
 .debug_aranges
                0x00000060       0x50 Core\Src\digiTOS-Lib\digiTOS-ADC.o
 .debug_aranges
                0x000000b0       0x18 Core\Src\digiTOS-Lib\digiTOS-Configuration.o
 .debug_aranges
                0x000000c8       0x88 Core\Src\digiTOS-Lib\digiTOS-Core.o
 .debug_aranges
                0x00000150       0xb0 Core\Src\digiTOS-Lib\digiTOS-Generator.o
 .debug_aranges
                0x00000200       0x38 Core\Src\digiTOS-Lib\digiTOS-Sinus.o
 .debug_aranges
                0x00000238       0x40 Core\Src\digiTOS-Lib\stm32f0xx_hal_buttons.o
 .debug_aranges
                0x00000278       0x20 Core\Src\dma.o
 .debug_aranges
                0x00000298       0x20 Core\Src\gpio.o
 .debug_aranges
                0x000002b8       0x20 Core\Src\iwdg.o
 .debug_aranges
                0x000002d8       0x38 Core\Src\main.o
 .debug_aranges
                0x00000310       0x20 Core\Src\stm32f0xx_hal_msp.o
 .debug_aranges
                0x00000330       0x78 Core\Src\stm32f0xx_it.o
 .debug_aranges
                0x000003a8       0x28 Core\Src\system_stm32f0xx.o
 .debug_aranges
                0x000003d0       0x50 Core\Src\tim.o
 .debug_aranges
                0x00000420       0x30 Core\Src\usart.o
 .debug_aranges
                0x00000450       0xb0 Drivers\STM32F0xx_HAL_Driver\Src\stm32f0xx_hal.o
 .debug_aranges
                0x00000500       0xd0 Drivers\STM32F0xx_HAL_Driver\Src\stm32f0xx_hal_adc.o
 .debug_aranges
                0x000005d0       0x78 Drivers\STM32F0xx_HAL_Driver\Src\stm32f0xx_hal_cortex.o
 .debug_aranges
                0x00000648       0x58 Drivers\STM32F0xx_HAL_Driver\Src\stm32f0xx_hal_crc.o
 .debug_aranges
                0x000006a0       0x30 Drivers\STM32F0xx_HAL_Driver\Src\stm32f0xx_hal_crc_ex.o
 .debug_aranges
                0x000006d0       0x78 Drivers\STM32F0xx_HAL_Driver\Src\stm32f0xx_hal_dma.o
 .debug_aranges
                0x00000748       0x78 Drivers\STM32F0xx_HAL_Driver\Src\stm32f0xx_hal_flash.o
 .debug_aranges
                0x000007c0       0x60 Drivers\STM32F0xx_HAL_Driver\Src\stm32f0xx_hal_flash_ex.o
 .debug_aranges
                0x00000820       0x58 Drivers\STM32F0xx_HAL_Driver\Src\stm32f0xx_hal_gpio.o
 .debug_aranges
                0x00000878       0x38 Drivers\STM32F0xx_HAL_Driver\Src\stm32f0xx_hal_i2c_ex.o
 .debug_aranges
                0x000008b0       0x28 Drivers\STM32F0xx_HAL_Driver\Src\stm32f0xx_hal_iwdg.o
 .debug_aranges
                0x000008d8       0x80 Drivers\STM32F0xx_HAL_Driver\Src\stm32f0xx_hal_rcc.o
 .debug_aranges
                0x00000958       0x30 Drivers\STM32F0xx_HAL_Driver\Src\stm32f0xx_hal_rcc_ex.o
 .debug_aranges
                0x00000988      0x298 Drivers\STM32F0xx_HAL_Driver\Src\stm32f0xx_hal_tim.o
 .debug_aranges
                0x00000c20      0x128 Drivers\STM32F0xx_HAL_Driver\Src\stm32f0xx_hal_tim_ex.o
 .debug_aranges
                0x00000d48      0x188 Drivers\STM32F0xx_HAL_Driver\Src\stm32f0xx_hal_uart.o
 .debug_aranges
                0x00000ed0       0x28 startup\startup_stm32f030x6.o

.debug_ranges   0x00000000     0x1498
 .debug_ranges  0x00000000       0x68 Core\Src\adc.o
 .debug_ranges  0x00000068       0x20 Core\Src\crc.o
 .debug_ranges  0x00000088       0x58 Core\Src\digiTOS-Lib\digiTOS-ADC.o
 .debug_ranges  0x000000e0       0x78 Core\Src\digiTOS-Lib\digiTOS-Core.o
 .debug_ranges  0x00000158       0xa0 Core\Src\digiTOS-Lib\digiTOS-Generator.o
 .debug_ranges  0x000001f8       0x28 Core\Src\digiTOS-Lib\digiTOS-Sinus.o
 .debug_ranges  0x00000220       0x30 Core\Src\digiTOS-Lib\stm32f0xx_hal_buttons.o
 .debug_ranges  0x00000250       0x38 Core\Src\dma.o
 .debug_ranges  0x00000288       0xa8 Core\Src\gpio.o
 .debug_ranges  0x00000330       0x10 Core\Src\iwdg.o
 .debug_ranges  0x00000340       0x48 Core\Src\main.o
 .debug_ranges  0x00000388       0x58 Core\Src\stm32f0xx_hal_msp.o
 .debug_ranges  0x000003e0       0x68 Core\Src\stm32f0xx_it.o
 .debug_ranges  0x00000448       0x18 Core\Src\system_stm32f0xx.o
 .debug_ranges  0x00000460      0x138 Core\Src\tim.o
 .debug_ranges  0x00000598       0x70 Core\Src\usart.o
 .debug_ranges  0x00000608       0xa0 Drivers\STM32F0xx_HAL_Driver\Src\stm32f0xx_hal.o
 .debug_ranges  0x000006a8       0xc0 Drivers\STM32F0xx_HAL_Driver\Src\stm32f0xx_hal_adc.o
 .debug_ranges  0x00000768      0x118 Drivers\STM32F0xx_HAL_Driver\Src\stm32f0xx_hal_cortex.o
 .debug_ranges  0x00000880       0x48 Drivers\STM32F0xx_HAL_Driver\Src\stm32f0xx_hal_crc.o
 .debug_ranges  0x000008c8       0x20 Drivers\STM32F0xx_HAL_Driver\Src\stm32f0xx_hal_crc_ex.o
 .debug_ranges  0x000008e8       0xe8 Drivers\STM32F0xx_HAL_Driver\Src\stm32f0xx_hal_dma.o
 .debug_ranges  0x000009d0       0xb0 Drivers\STM32F0xx_HAL_Driver\Src\stm32f0xx_hal_flash.o
 .debug_ranges  0x00000a80      0x100 Drivers\STM32F0xx_HAL_Driver\Src\stm32f0xx_hal_flash_ex.o
 .debug_ranges  0x00000b80       0x70 Drivers\STM32F0xx_HAL_Driver\Src\stm32f0xx_hal_gpio.o
 .debug_ranges  0x00000bf0       0x60 Drivers\STM32F0xx_HAL_Driver\Src\stm32f0xx_hal_i2c_ex.o
 .debug_ranges  0x00000c50       0x18 Drivers\STM32F0xx_HAL_Driver\Src\stm32f0xx_hal_iwdg.o
 .debug_ranges  0x00000c68       0xa0 Drivers\STM32F0xx_HAL_Driver\Src\stm32f0xx_hal_rcc.o
 .debug_ranges  0x00000d08       0x40 Drivers\STM32F0xx_HAL_Driver\Src\stm32f0xx_hal_rcc_ex.o
 .debug_ranges  0x00000d48      0x428 Drivers\STM32F0xx_HAL_Driver\Src\stm32f0xx_hal_tim.o
 .debug_ranges  0x00001170      0x118 Drivers\STM32F0xx_HAL_Driver\Src\stm32f0xx_hal_tim_ex.o
 .debug_ranges  0x00001288      0x1f0 Drivers\STM32F0xx_HAL_Driver\Src\stm32f0xx_hal_uart.o
 .debug_ranges  0x00001478       0x20 startup\startup_stm32f030x6.o

.debug_line     0x00000000     0xb1a6
 .debug_line    0x00000000      0x305 Core\Src\adc.o
 .debug_line    0x00000305      0x27d Core\Src\crc.o
 .debug_line    0x00000582      0x3d9 Core\Src\digiTOS-Lib\digiTOS-ADC.o
 .debug_line    0x0000095b      0x1d6 Core\Src\digiTOS-Lib\digiTOS-Configuration.o
 .debug_line    0x00000b31      0x4a5 Core\Src\digiTOS-Lib\digiTOS-Core.o
 .debug_line    0x00000fd6      0x511 Core\Src\digiTOS-Lib\digiTOS-Generator.o
 .debug_line    0x000014e7      0x33b Core\Src\digiTOS-Lib\digiTOS-Sinus.o
 .debug_line    0x00001822      0x2d8 Core\Src\digiTOS-Lib\stm32f0xx_hal_buttons.o
 .debug_line    0x00001afa      0x207 Core\Src\dma.o
 .debug_line    0x00001d01      0x250 Core\Src\gpio.o
 .debug_line    0x00001f51      0x23a Core\Src\iwdg.o
 .debug_line    0x0000218b      0x51d Core\Src\main.o
 .debug_line    0x000026a8      0x1d7 Core\Src\stm32f0xx_hal_msp.o
 .debug_line    0x0000287f      0x503 Core\Src\stm32f0xx_it.o
 .debug_line    0x00002d82      0x20e Core\Src\system_stm32f0xx.o
 .debug_line    0x00002f90      0x41b Core\Src\tim.o
 .debug_line    0x000033ab      0x305 Core\Src\usart.o
 .debug_line    0x000036b0      0x3ec Drivers\STM32F0xx_HAL_Driver\Src\stm32f0xx_hal.o
 .debug_line    0x00003a9c      0x99d Drivers\STM32F0xx_HAL_Driver\Src\stm32f0xx_hal_adc.o
 .debug_line    0x00004439      0x419 Drivers\STM32F0xx_HAL_Driver\Src\stm32f0xx_hal_cortex.o
 .debug_line    0x00004852      0x418 Drivers\STM32F0xx_HAL_Driver\Src\stm32f0xx_hal_crc.o
 .debug_line    0x00004c6a      0x2b4 Drivers\STM32F0xx_HAL_Driver\Src\stm32f0xx_hal_crc_ex.o
 .debug_line    0x00004f1e      0x5d7 Drivers\STM32F0xx_HAL_Driver\Src\stm32f0xx_hal_dma.o
 .debug_line    0x000054f5      0x477 Drivers\STM32F0xx_HAL_Driver\Src\stm32f0xx_hal_flash.o
 .debug_line    0x0000596c      0x4cc Drivers\STM32F0xx_HAL_Driver\Src\stm32f0xx_hal_flash_ex.o
 .debug_line    0x00005e38      0x4c4 Drivers\STM32F0xx_HAL_Driver\Src\stm32f0xx_hal_gpio.o
 .debug_line    0x000062fc      0x37d Drivers\STM32F0xx_HAL_Driver\Src\stm32f0xx_hal_i2c_ex.o
 .debug_line    0x00006679      0x2c9 Drivers\STM32F0xx_HAL_Driver\Src\stm32f0xx_hal_iwdg.o
 .debug_line    0x00006942      0x6e5 Drivers\STM32F0xx_HAL_Driver\Src\stm32f0xx_hal_rcc.o
 .debug_line    0x00007027      0x3b7 Drivers\STM32F0xx_HAL_Driver\Src\stm32f0xx_hal_rcc_ex.o
 .debug_line    0x000073de     0x21f9 Drivers\STM32F0xx_HAL_Driver\Src\stm32f0xx_hal_tim.o
 .debug_line    0x000095d7      0xd03 Drivers\STM32F0xx_HAL_Driver\Src\stm32f0xx_hal_tim_ex.o
 .debug_line    0x0000a2da      0xe49 Drivers\STM32F0xx_HAL_Driver\Src\stm32f0xx_hal_uart.o
 .debug_line    0x0000b123       0x83 startup\startup_stm32f030x6.o

.debug_str      0x00000000     0x4cd7
 .debug_str     0x00000000      0xa89 Core\Src\adc.o
                                0xb67 (size before relaxing)
 .debug_str     0x00000a89      0x1b3 Core\Src\crc.o
                                0x8c0 (size before relaxing)
 .debug_str     0x00000c3c      0x605 Core\Src\digiTOS-Lib\digiTOS-ADC.o
                                0xfd3 (size before relaxing)
 .debug_str     0x00001241       0x84 Core\Src\digiTOS-Lib\digiTOS-Configuration.o
                                0x75d (size before relaxing)
 .debug_str     0x000012c5      0x153 Core\Src\digiTOS-Lib\digiTOS-Core.o
                                0xf65 (size before relaxing)
 .debug_str     0x00001418      0x332 Core\Src\digiTOS-Lib\digiTOS-Generator.o
                               0x126a (size before relaxing)
 .debug_str     0x0000174a       0x63 Core\Src\digiTOS-Lib\digiTOS-Sinus.o
                                0xe32 (size before relaxing)
 .debug_str     0x000017ad       0xb7 Core\Src\digiTOS-Lib\stm32f0xx_hal_buttons.o
                                0x838 (size before relaxing)
 .debug_str     0x00001864      0x192 Core\Src\dma.o
                                0x7f8 (size before relaxing)
 .debug_str     0x000019f6       0x4f Core\Src\gpio.o
                                0x767 (size before relaxing)
 .debug_str     0x00001a45       0x2e Core\Src\iwdg.o
                                0x6d0 (size before relaxing)
 .debug_str     0x00001a73      0x2d2 Core\Src\main.o
                               0x1830 (size before relaxing)
 .debug_str     0x00001d45       0x2c Core\Src\stm32f0xx_hal_msp.o
                                0x692 (size before relaxing)
 .debug_str     0x00001d71      0x1bb Core\Src\stm32f0xx_it.o
                               0x1362 (size before relaxing)
 .debug_str     0x00001f2c       0x5f Core\Src\system_stm32f0xx.o
                                0x6be (size before relaxing)
 .debug_str     0x00001f8b      0x2be Core\Src\tim.o
                                0xfa0 (size before relaxing)
 .debug_str     0x00002249       0x51 Core\Src\usart.o
                                0xde6 (size before relaxing)
 .debug_str     0x0000229a      0x1dc Drivers\STM32F0xx_HAL_Driver\Src\stm32f0xx_hal.o
                                0xa31 (size before relaxing)
 .debug_str     0x00002476      0x2ca Drivers\STM32F0xx_HAL_Driver\Src\stm32f0xx_hal_adc.o
                                0xd47 (size before relaxing)
 .debug_str     0x00002740      0x199 Drivers\STM32F0xx_HAL_Driver\Src\stm32f0xx_hal_cortex.o
                                0xa47 (size before relaxing)
 .debug_str     0x000028d9       0xad Drivers\STM32F0xx_HAL_Driver\Src\stm32f0xx_hal_crc.o
                                0x908 (size before relaxing)
 .debug_str     0x00002986       0x99 Drivers\STM32F0xx_HAL_Driver\Src\stm32f0xx_hal_crc_ex.o
                                0x8ba (size before relaxing)
 .debug_str     0x00002a1f      0x204 Drivers\STM32F0xx_HAL_Driver\Src\stm32f0xx_hal_dma.o
                                0xab0 (size before relaxing)
 .debug_str     0x00002c23      0x27b Drivers\STM32F0xx_HAL_Driver\Src\stm32f0xx_hal_flash.o
                                0x9a3 (size before relaxing)
 .debug_str     0x00002e9e      0x28b Drivers\STM32F0xx_HAL_Driver\Src\stm32f0xx_hal_flash_ex.o
                                0xa90 (size before relaxing)
 .debug_str     0x00003129       0xba Drivers\STM32F0xx_HAL_Driver\Src\stm32f0xx_hal_gpio.o
                                0x8a1 (size before relaxing)
 .debug_str     0x000031e3      0x314 Drivers\STM32F0xx_HAL_Driver\Src\stm32f0xx_hal_i2c_ex.o
                                0xc3b (size before relaxing)
 .debug_str     0x000034f7       0x39 Drivers\STM32F0xx_HAL_Driver\Src\stm32f0xx_hal_iwdg.o
                                0x728 (size before relaxing)
 .debug_str     0x00003530      0x1a7 Drivers\STM32F0xx_HAL_Driver\Src\stm32f0xx_hal_rcc.o
                                0xa81 (size before relaxing)
 .debug_str     0x000036d7       0x97 Drivers\STM32F0xx_HAL_Driver\Src\stm32f0xx_hal_rcc_ex.o
                                0x841 (size before relaxing)
 .debug_str     0x0000376e      0xbec Drivers\STM32F0xx_HAL_Driver\Src\stm32f0xx_hal_tim.o
                               0x181c (size before relaxing)
 .debug_str     0x0000435a      0x3f7 Drivers\STM32F0xx_HAL_Driver\Src\stm32f0xx_hal_tim_ex.o
                               0x108e (size before relaxing)
 .debug_str     0x00004751      0x586 Drivers\STM32F0xx_HAL_Driver\Src\stm32f0xx_hal_uart.o
                               0x11ef (size before relaxing)

.comment        0x00000000       0x7c
 .comment       0x00000000       0x7c Core\Src\adc.o
                                 0x7d (size before relaxing)
 .comment       0x0000007c       0x7d Core\Src\crc.o
 .comment       0x0000007c       0x7d Core\Src\digiTOS-Lib\digiTOS-ADC.o
 .comment       0x0000007c       0x7d Core\Src\digiTOS-Lib\digiTOS-Configuration.o
 .comment       0x0000007c       0x7d Core\Src\digiTOS-Lib\digiTOS-Core.o
 .comment       0x0000007c       0x7d Core\Src\digiTOS-Lib\digiTOS-Generator.o
 .comment       0x0000007c       0x7d Core\Src\digiTOS-Lib\digiTOS-Sinus.o
 .comment       0x0000007c       0x7d Core\Src\digiTOS-Lib\stm32f0xx_hal_buttons.o
 .comment       0x0000007c       0x7d Core\Src\dma.o
 .comment       0x0000007c       0x7d Core\Src\gpio.o
 .comment       0x0000007c       0x7d Core\Src\iwdg.o
 .comment       0x0000007c       0x7d Core\Src\main.o
 .comment       0x0000007c       0x7d Core\Src\stm32f0xx_hal_msp.o
 .comment       0x0000007c       0x7d Core\Src\stm32f0xx_it.o
 .comment       0x0000007c       0x7d Core\Src\system_stm32f0xx.o
 .comment       0x0000007c       0x7d Core\Src\tim.o
 .comment       0x0000007c       0x7d Core\Src\usart.o
 .comment       0x0000007c       0x7d Drivers\STM32F0xx_HAL_Driver\Src\stm32f0xx_hal.o
 .comment       0x0000007c       0x7d Drivers\STM32F0xx_HAL_Driver\Src\stm32f0xx_hal_adc.o
 .comment       0x0000007c       0x7d Drivers\STM32F0xx_HAL_Driver\Src\stm32f0xx_hal_cortex.o
 .comment       0x0000007c       0x7d Drivers\STM32F0xx_HAL_Driver\Src\stm32f0xx_hal_crc.o
 .comment       0x0000007c       0x7d Drivers\STM32F0xx_HAL_Driver\Src\stm32f0xx_hal_crc_ex.o
 .comment       0x0000007c       0x7d Drivers\STM32F0xx_HAL_Driver\Src\stm32f0xx_hal_dma.o
 .comment       0x0000007c       0x7d Drivers\STM32F0xx_HAL_Driver\Src\stm32f0xx_hal_flash.o
 .comment       0x0000007c       0x7d Drivers\STM32F0xx_HAL_Driver\Src\stm32f0xx_hal_flash_ex.o
 .comment       0x0000007c       0x7d Drivers\STM32F0xx_HAL_Driver\Src\stm32f0xx_hal_gpio.o
 .comment       0x0000007c       0x7d Drivers\STM32F0xx_HAL_Driver\Src\stm32f0xx_hal_i2c_ex.o
 .comment       0x0000007c       0x7d Drivers\STM32F0xx_HAL_Driver\Src\stm32f0xx_hal_iwdg.o
 .comment       0x0000007c       0x7d Drivers\STM32F0xx_HAL_Driver\Src\stm32f0xx_hal_rcc.o
 .comment       0x0000007c       0x7d Drivers\STM32F0xx_HAL_Driver\Src\stm32f0xx_hal_rcc_ex.o
 .comment       0x0000007c       0x7d Drivers\STM32F0xx_HAL_Driver\Src\stm32f0xx_hal_tim.o
 .comment       0x0000007c       0x7d Drivers\STM32F0xx_HAL_Driver\Src\stm32f0xx_hal_tim_ex.o
 .comment       0x0000007c       0x7d Drivers\STM32F0xx_HAL_Driver\Src\stm32f0xx_hal_uart.o

.debug_frame    0x00000000     0x2f6c
 .debug_frame   0x00000000       0x64 Core\Src\adc.o
 .debug_frame   0x00000064       0x4c Core\Src\crc.o
 .debug_frame   0x000000b0       0xc0 Core\Src\digiTOS-Lib\digiTOS-ADC.o
 .debug_frame   0x00000170      0x168 Core\Src\digiTOS-Lib\digiTOS-Core.o
 .debug_frame   0x000002d8      0x178 Core\Src\digiTOS-Lib\digiTOS-Generator.o
 .debug_frame   0x00000450       0x64 Core\Src\digiTOS-Lib\digiTOS-Sinus.o
 .debug_frame   0x000004b4       0x84 Core\Src\digiTOS-Lib\stm32f0xx_hal_buttons.o
 .debug_frame   0x00000538       0x2c Core\Src\dma.o
 .debug_frame   0x00000564       0x30 Core\Src\gpio.o
 .debug_frame   0x00000594       0x28 Core\Src\iwdg.o
 .debug_frame   0x000005bc       0x6c Core\Src\main.o
 .debug_frame   0x00000628       0x24 Core\Src\stm32f0xx_hal_msp.o
 .debug_frame   0x0000064c      0x164 Core\Src\stm32f0xx_it.o
 .debug_frame   0x000007b0       0x3c Core\Src\system_stm32f0xx.o
 .debug_frame   0x000007ec       0xcc Core\Src\tim.o
 .debug_frame   0x000008b8       0x5c Core\Src\usart.o
 .debug_frame   0x00000914      0x178 Drivers\STM32F0xx_HAL_Driver\Src\stm32f0xx_hal.o
 .debug_frame   0x00000a8c      0x2e0 Drivers\STM32F0xx_HAL_Driver\Src\stm32f0xx_hal_adc.o
 .debug_frame   0x00000d6c      0x114 Drivers\STM32F0xx_HAL_Driver\Src\stm32f0xx_hal_cortex.o
 .debug_frame   0x00000e80       0xec Drivers\STM32F0xx_HAL_Driver\Src\stm32f0xx_hal_crc.o
 .debug_frame   0x00000f6c       0x58 Drivers\STM32F0xx_HAL_Driver\Src\stm32f0xx_hal_crc_ex.o
 .debug_frame   0x00000fc4      0x154 Drivers\STM32F0xx_HAL_Driver\Src\stm32f0xx_hal_dma.o
 .debug_frame   0x00001118      0x134 Drivers\STM32F0xx_HAL_Driver\Src\stm32f0xx_hal_flash.o
 .debug_frame   0x0000124c       0xe8 Drivers\STM32F0xx_HAL_Driver\Src\stm32f0xx_hal_flash_ex.o
 .debug_frame   0x00001334       0xf0 Drivers\STM32F0xx_HAL_Driver\Src\stm32f0xx_hal_gpio.o
 .debug_frame   0x00001424       0x88 Drivers\STM32F0xx_HAL_Driver\Src\stm32f0xx_hal_i2c_ex.o
 .debug_frame   0x000014ac       0x3c Drivers\STM32F0xx_HAL_Driver\Src\stm32f0xx_hal_iwdg.o
 .debug_frame   0x000014e8      0x140 Drivers\STM32F0xx_HAL_Driver\Src\stm32f0xx_hal_rcc.o
 .debug_frame   0x00001628       0x58 Drivers\STM32F0xx_HAL_Driver\Src\stm32f0xx_hal_rcc_ex.o
 .debug_frame   0x00001680      0xa68 Drivers\STM32F0xx_HAL_Driver\Src\stm32f0xx_hal_tim.o
 .debug_frame   0x000020e8      0x3e0 Drivers\STM32F0xx_HAL_Driver\Src\stm32f0xx_hal_tim_ex.o
 .debug_frame   0x000024c8      0x52c Drivers\STM32F0xx_HAL_Driver\Src\stm32f0xx_hal_uart.o
 .debug_frame   0x000029f4       0x2c c:/truestudio for stm32 9.2.0/armtools/bin/../lib/gcc/arm-atollic-eabi/6.3.1/../../../../arm-atollic-eabi/lib/armv6-m\libc_nano.a(lib_a-init.o)
 .debug_frame   0x00002a20       0x28 c:/truestudio for stm32 9.2.0/armtools/bin/../lib/gcc/arm-atollic-eabi/6.3.1/../../../../arm-atollic-eabi/lib/armv6-m\libc_nano.a(lib_a-memcpy-stub.o)
 .debug_frame   0x00002a48       0x20 c:/truestudio for stm32 9.2.0/armtools/bin/../lib/gcc/arm-atollic-eabi/6.3.1/../../../../arm-atollic-eabi/lib/armv6-m\libc_nano.a(lib_a-memset.o)
 .debug_frame   0x00002a68       0x50 c:/truestudio for stm32 9.2.0/armtools/bin/../lib/gcc/arm-atollic-eabi/6.3.1/../../../../arm-atollic-eabi/lib/armv6-m\libc_nano.a(lib_a-sprintf.o)
 .debug_frame   0x00002ab8       0x28 c:/truestudio for stm32 9.2.0/armtools/bin/../lib/gcc/arm-atollic-eabi/6.3.1/../../../../arm-atollic-eabi/lib/armv6-m\libc_nano.a(lib_a-strcat.o)
 .debug_frame   0x00002ae0       0x20 c:/truestudio for stm32 9.2.0/armtools/bin/../lib/gcc/arm-atollic-eabi/6.3.1/../../../../arm-atollic-eabi/lib/armv6-m\libc_nano.a(lib_a-strcpy.o)
 .debug_frame   0x00002b00       0x74 c:/truestudio for stm32 9.2.0/armtools/bin/../lib/gcc/arm-atollic-eabi/6.3.1/../../../../arm-atollic-eabi/lib/armv6-m\libc_nano.a(lib_a-nano-svfprintf.o)
 .debug_frame   0x00002b74       0x54 c:/truestudio for stm32 9.2.0/armtools/bin/../lib/gcc/arm-atollic-eabi/6.3.1/../../../../arm-atollic-eabi/lib/armv6-m\libc_nano.a(lib_a-nano-vfprintf_i.o)
 .debug_frame   0x00002bc8       0x20 c:/truestudio for stm32 9.2.0/armtools/bin/../lib/gcc/arm-atollic-eabi/6.3.1/../../../../arm-atollic-eabi/lib/armv6-m\libc_nano.a(lib_a-memchr-stub.o)
 .debug_frame   0x00002be8       0x28 c:/truestudio for stm32 9.2.0/armtools/bin/../lib/gcc/arm-atollic-eabi/6.3.1/../../../../arm-atollic-eabi/lib/armv6-m\libc_nano.a(lib_a-memmove.o)
 .debug_frame   0x00002c10       0x2c c:/truestudio for stm32 9.2.0/armtools/bin/../lib/gcc/arm-atollic-eabi/6.3.1/../../../../arm-atollic-eabi/lib/armv6-m\libc_nano.a(lib_a-nano-freer.o)
 .debug_frame   0x00002c3c       0x2c c:/truestudio for stm32 9.2.0/armtools/bin/../lib/gcc/arm-atollic-eabi/6.3.1/../../../../arm-atollic-eabi/lib/armv6-m\libc_nano.a(lib_a-nano-mallocr.o)