Archive member included to satisfy reference by file (symbol)

c:/truestudio for stm32 9.2.0/armtools/bin/../lib/gcc/arm-atollic-eabi/6.3.1/../../../../arm-atollic-eabi/lib/armv7-m\libc_nano.a(lib_a-init.o)
                              startup\startup_stm32f103xb.o (__libc_init_array)
c:/truestudio for stm32 9.2.0/armtools/bin/../lib/gcc/arm-atollic-eabi/6.3.1/../../../../arm-atollic-eabi/lib/armv7-m\libc_nano.a(lib_a-memset.o)
                              Core\Src\adc.o (memset)
c:/truestudio for stm32 9.2.0/armtools/bin/../lib/gcc/arm-atollic-eabi/6.3.1/../../../../arm-atollic-eabi/lib/armv7-m\libc_nano.a(lib_a-sprintf.o)
                              Core\Src\digiTOS-Lib\digiTOS-Core.o (sprintf)
c:/truestudio for stm32 9.2.0/armtools/bin/../lib/gcc/arm-atollic-eabi/6.3.1/../../../../arm-atollic-eabi/lib/armv7-m\libc_nano.a(lib_a-strcat.o)
                              Core\Src\digiTOS-Lib\digiTOS-Core.o (strcat)
c:/truestudio for stm32 9.2.0/armtools/bin/../lib/gcc/arm-atollic-eabi/6.3.1/../../../../arm-atollic-eabi/lib/armv7-m\libc_nano.a(lib_a-strcpy.o)
                              Core\Src\digiTOS-Lib\digiTOS-Core.o (strcpy)
c:/truestudio for stm32 9.2.0/armtools/bin/../lib/gcc/arm-atollic-eabi/6.3.1/../../../../arm-atollic-eabi/lib/armv7-m\libc_nano.a(lib_a-impure.o)
                              c:/truestudio for stm32 9.2.0/armtools/bin/../lib/gcc/arm-atollic-eabi/6.3.1/../../../../arm-atollic-eabi/lib/armv7-m\libc_nano.a(lib_a-sprintf.o) (_impure_ptr)
c:/truestudio for stm32 9.2.0/armtools/bin/../lib/gcc/arm-atollic-eabi/6.3.1/../../../../arm-atollic-eabi/lib/armv7-m\libc_nano.a(lib_a-nano-svfprintf.o)
                              c:/truestudio for stm32 9.2.0/armtools/bin/../lib/gcc/arm-atollic-eabi/6.3.1/../../../../arm-atollic-eabi/lib/armv7-m\libc_nano.a(lib_a-sprintf.o) (_svfprintf_r)
c:/truestudio for stm32 9.2.0/armtools/bin/../lib/gcc/arm-atollic-eabi/6.3.1/../../../../arm-atollic-eabi/lib/armv7-m\libc_nano.a(lib_a-nano-vfprintf_i.o)
                              c:/truestudio for stm32 9.2.0/armtools/bin/../lib/gcc/arm-atollic-eabi/6.3.1/../../../../arm-atollic-eabi/lib/armv7-m\libc_nano.a(lib_a-nano-svfprintf.o) (_printf_i)
c:/truestudio for stm32 9.2.0/armtools/bin/../lib/gcc/arm-atollic-eabi/6.3.1/../../../../arm-atollic-eabi/lib/armv7-m\libc_nano.a(lib_a-memchr-stub.o)
                              c:/truestudio for stm32 9.2.0/armtools/bin/../lib/gcc/arm-atollic-eabi/6.3.1/../../../../arm-atollic-eabi/lib/armv7-m\libc_nano.a(lib_a-nano-svfprintf.o) (memchr)
c:/truestudio for stm32 9.2.0/armtools/bin/../lib/gcc/arm-atollic-eabi/6.3.1/../../../../arm-atollic-eabi/lib/armv7-m\libc_nano.a(lib_a-memcpy-stub.o)
                              c:/truestudio for stm32 9.2.0/armtools/bin/../lib/gcc/arm-atollic-eabi/6.3.1/../../../../arm-atollic-eabi/lib/armv7-m\libc_nano.a(lib_a-nano-svfprintf.o) (memcpy)
c:/truestudio for stm32 9.2.0/armtools/bin/../lib/gcc/arm-atollic-eabi/6.3.1/../../../../arm-atollic-eabi/lib/armv7-m\libc_nano.a(lib_a-memmove.o)
                              c:/truestudio for stm32 9.2.0/armtools/bin/../lib/gcc/arm-atollic-eabi/6.3.1/../../../../arm-atollic-eabi/lib/armv7-m\libc_nano.a(lib_a-nano-svfprintf.o) (memmove)
c:/truestudio for stm32 9.2.0/armtools/bin/../lib/gcc/arm-atollic-eabi/6.3.1/../../../../arm-atollic-eabi/lib/armv7-m\libc_nano.a(lib_a-nano-freer.o)
                              c:/truestudio for stm32 9.2.0/armtools/bin/../lib/gcc/arm-atollic-eabi/6.3.1/../../../../arm-atollic-eabi/lib/armv7-m\libc_nano.a(lib_a-nano-svfprintf.o) (_free_r)
c:/truestudio for stm32 9.2.0/armtools/bin/../lib/gcc/arm-atollic-eabi/6.3.1/../../../../arm-atollic-eabi/lib/armv7-m\libc_nano.a(lib_a-nano-mallocr.o)
                              c:/truestudio for stm32 9.2.0/armtools/bin/../lib/gcc/arm-atollic-eabi/6.3.1/../../../../arm-atollic-eabi/lib/armv7-m\libc_nano.a(lib_a-nano-svfprintf.o) (_malloc_r)
c:/truestudio for stm32 9.2.0/armtools/bin/../lib/gcc/arm-atollic-eabi/6.3.1/../../../../arm-atollic-eabi/lib/armv7-m\libc_nano.a(lib_a-nano-reallocr.o)
                              c:/truestudio for stm32 9.2.0/armtools/bin/../lib/gcc/arm-atollic-eabi/6.3.1/../../../../arm-atollic-eabi/lib/armv7-m\libc_nano.a(lib_a-nano-svfprintf.o) (_realloc_r)
c:/truestudio for stm32 9.2.0/armtools/bin/../lib/gcc/arm-atollic-eabi/6.3.1/../../../../arm-atollic-eabi/lib/armv7-m\libc_nano.a(lib_a-sbrkr.o)
                              c:/truestudio for stm32 9.2.0/armtools/bin/../lib/gcc/arm-atollic-eabi/6.3.1/../../../../arm-atollic-eabi/lib/armv7-m\libc_nano.a(lib_a-nano-mallocr.o) (_sbrk_r)
c:/truestudio for stm32 9.2.0/armtools/bin/../lib/gcc/arm-atollic-eabi/6.3.1/../../../../arm-atollic-eabi/lib/armv7-m\libc_nano.a(lib_a-mlock.o)
                              c:/truestudio for stm32 9.2.0/armtools/bin/../lib/gcc/arm-atollic-eabi/6.3.1/../../../../arm-atollic-eabi/lib/armv7-m\libc_nano.a(lib_a-nano-freer.o) (__malloc_lock)
[...]
Memory Configuration

Name             Origin             Length             Attributes
RAM              0x20000000         0x00005000         xrw
FLASH            0x08000000         0x00010000         xr
*default*        0x00000000         0xffffffff

Linker script and memory map

LOAD c:/truestudio for stm32 9.2.0/armtools/bin/../lib/gcc/arm-atollic-eabi/6.3.1/armv7-m/crti.o
LOAD c:/truestudio for stm32 9.2.0/armtools/bin/../lib/gcc/arm-atollic-eabi/6.3.1/armv7-m/crtbegin.o
LOAD Core\Src\adc.o
LOAD Core\Src\crc.o
LOAD Core\Src\digiTOS-Lib\digiTOS-ADC.o
LOAD Core\Src\digiTOS-Lib\digiTOS-Configuration.o
LOAD Core\Src\digiTOS-Lib\digiTOS-Core.o
LOAD Core\Src\digiTOS-Lib\digiTOS-Generator.o
LOAD Core\Src\digiTOS-Lib\digiTOS-IWDG.o
LOAD Core\Src\digiTOS-Lib\digiTOS-Sinus.o
LOAD Core\Src\digiTOS-Lib\eeprom.o
LOAD Core\Src\digiTOS-Lib\stm32f0xx_hal_buttons.o
LOAD Core\Src\dma.o
LOAD Core\Src\gpio.o
LOAD Core\Src\iwdg.o
LOAD Core\Src\main.o
LOAD Core\Src\stm32f1xx_hal_msp.o
LOAD Core\Src\stm32f1xx_it.o
LOAD Core\Src\system_stm32f1xx.o
LOAD Core\Src\tim.o
LOAD Core\Src\usart.o
LOAD Drivers\STM32F1xx_HAL_Driver\Src\stm32f1xx_hal.o
LOAD Drivers\STM32F1xx_HAL_Driver\Src\stm32f1xx_hal_adc.o
LOAD Drivers\STM32F1xx_HAL_Driver\Src\stm32f1xx_hal_adc_ex.o
LOAD Drivers\STM32F1xx_HAL_Driver\Src\stm32f1xx_hal_cortex.o
LOAD Drivers\STM32F1xx_HAL_Driver\Src\stm32f1xx_hal_crc.o
LOAD Drivers\STM32F1xx_HAL_Driver\Src\stm32f1xx_hal_dma.o
LOAD Drivers\STM32F1xx_HAL_Driver\Src\stm32f1xx_hal_flash.o
LOAD Drivers\STM32F1xx_HAL_Driver\Src\stm32f1xx_hal_flash_ex.o
LOAD Drivers\STM32F1xx_HAL_Driver\Src\stm32f1xx_hal_gpio.o
LOAD Drivers\STM32F1xx_HAL_Driver\Src\stm32f1xx_hal_gpio_ex.o
LOAD Drivers\STM32F1xx_HAL_Driver\Src\stm32f1xx_hal_iwdg.o
LOAD Drivers\STM32F1xx_HAL_Driver\Src\stm32f1xx_hal_pwr.o
LOAD Drivers\STM32F1xx_HAL_Driver\Src\stm32f1xx_hal_rcc.o
LOAD Drivers\STM32F1xx_HAL_Driver\Src\stm32f1xx_hal_rcc_ex.o
LOAD Drivers\STM32F1xx_HAL_Driver\Src\stm32f1xx_hal_tim.o
LOAD Drivers\STM32F1xx_HAL_Driver\Src\stm32f1xx_hal_tim_ex.o
LOAD Drivers\STM32F1xx_HAL_Driver\Src\stm32f1xx_hal_uart.o
LOAD startup\startup_stm32f103xb.o
                0x00000080                malloc_getpagesize_P = 0x80
START GROUP
LOAD c:/truestudio for stm32 9.2.0/armtools/bin/../lib/gcc/arm-atollic-eabi/6.3.1/../../../../arm-atollic-eabi/lib/armv7-m\libc_nano.a
LOAD c:/truestudio for stm32 9.2.0/armtools/bin/../lib/gcc/arm-atollic-eabi/6.3.1/../../../../arm-atollic-eabi/lib/armv7-m\libm.a
END GROUP
START GROUP
LOAD c:/truestudio for stm32 9.2.0/armtools/bin/../lib/gcc/arm-atollic-eabi/6.3.1/armv7-m\libgcc.a
LOAD c:/truestudio for stm32 9.2.0/armtools/bin/../lib/gcc/arm-atollic-eabi/6.3.1/../../../../arm-atollic-eabi/lib/armv7-m\libc_nano.a
END GROUP
START GROUP
LOAD c:/truestudio for stm32 9.2.0/armtools/bin/../lib/gcc/arm-atollic-eabi/6.3.1/armv7-m\libgcc.a
LOAD c:/truestudio for stm32 9.2.0/armtools/bin/../lib/gcc/arm-atollic-eabi/6.3.1/../../../../arm-atollic-eabi/lib/armv7-m\libc_nano.a
LOAD c:/truestudio for stm32 9.2.0/armtools/bin/../lib/gcc/arm-atollic-eabi/6.3.1/../../../../arm-atollic-eabi/lib/armv7-m\libnosys.a
END GROUP
START GROUP
LOAD c:/truestudio for stm32 9.2.0/armtools/bin/../lib/gcc/arm-atollic-eabi/6.3.1/armv7-m\libgcc.a
LOAD c:/truestudio for stm32 9.2.0/armtools/bin/../lib/gcc/arm-atollic-eabi/6.3.1/../../../../arm-atollic-eabi/lib/armv7-m\libc_nano.a
LOAD c:/truestudio for stm32 9.2.0/armtools/bin/../lib/gcc/arm-atollic-eabi/6.3.1/../../../../arm-atollic-eabi/lib/armv7-m\libnosys.a
END GROUP
LOAD c:/truestudio for stm32 9.2.0/armtools/bin/../lib/gcc/arm-atollic-eabi/6.3.1/armv7-m/crtend.o
LOAD c:/truestudio for stm32 9.2.0/armtools/bin/../lib/gcc/arm-atollic-eabi/6.3.1/armv7-m/crtn.o
                0x20005000                _estack = 0x20005000
                0x00000200                _Min_Heap_Size = 0x200
                0x00000400                _Min_Stack_Size = 0x400

.isr_vector     0x08000000      0x10c
                0x08000000                . = ALIGN (0x4)
 *(.isr_vector)
 .isr_vector    0x08000000      0x10c startup\startup_stm32f103xb.o
                0x08000000                g_pfnVectors
                0x0800010c                . = ALIGN (0x4)

.text           0x0800010c     0x63d0
                0x0800010c                . = ALIGN (0x4)
 *(.text)
 .text          0x0800010c       0x40 c:/truestudio for stm32 9.2.0/armtools/bin/../lib/gcc/arm-atollic-eabi/6.3.1/armv7-m/crtbegin.o
 .text          0x0800014c       0x18 c:/truestudio for stm32 9.2.0/armtools/bin/../lib/gcc/arm-atollic-eabi/6.3.1/armv7-m\libgcc.a(_lshrdi3.o)
                0x0800014c                __lshrdi3
                0x0800014c                __aeabi_llsr
 .text          0x08000164      0x21c c:/truestudio for stm32 9.2.0/armtools/bin/../lib/gcc/arm-atollic-eabi/6.3.1/armv7-m\libgcc.a(_arm_addsubsf3.o)
                0x08000164                __aeabi_frsub
                0x0800016c                __subsf3
                0x0800016c                __aeabi_fsub
                0x08000170                __aeabi_fadd
                0x08000170                __addsf3
                0x080002d0                __aeabi_ui2f
                0x080002d0                __floatunsisf
                0x080002d8                __aeabi_i2f
                0x080002d8                __floatsisf
                0x080002f4                __aeabi_ul2f
                0x080002f4                __floatundisf
                0x08000304                __aeabi_l2f
                0x08000304                __floatdisf
 .text          0x08000380      0x2a0 c:/truestudio for stm32 9.2.0/armtools/bin/../lib/gcc/arm-atollic-eabi/6.3.1/armv7-m\libgcc.a(_arm_muldivsf3.o)
                0x08000380                __mulsf3
                0x08000380                __aeabi_fmul
                0x080004e8                __aeabi_fdiv
                0x080004e8                __divsf3
 .text          0x08000620       0xec c:/truestudio for stm32 9.2.0/armtools/bin/../lib/gcc/arm-atollic-eabi/6.3.1/armv7-m\libgcc.a(_arm_cmpsf2.o)
                0x08000620                __gesf2
                0x08000620                __gtsf2
                0x08000628                __lesf2
                0x08000628                __ltsf2
                0x08000630                __nesf2
                0x08000630                __eqsf2
                0x08000630                __cmpsf2
                0x08000690                __aeabi_cfrcmple
                0x08000698                __aeabi_cfcmpeq
                0x08000698                __aeabi_cfcmple
                0x080006a8                __aeabi_fcmpeq
                0x080006bc                __aeabi_fcmplt
                0x080006d0                __aeabi_fcmple
                0x080006e4                __aeabi_fcmpge
                0x080006f8                __aeabi_fcmpgt
 .text          0x0800070c       0x40 c:/truestudio for stm32 9.2.0/armtools/bin/../lib/gcc/arm-atollic-eabi/6.3.1/armv7-m\libgcc.a(_arm_fixunssfsi.o)
                0x0800070c                __fixunssfsi
                0x0800070c                __aeabi_f2uiz
 *(.text*)
 .text.MX_ADC1_Init
                0x0800074c       0x74 Core\Src\adc.o
                0x0800074c                MX_ADC1_Init
 .text.HAL_ADC_MspInit
                0x080007c0       0xac Core\Src\adc.o
                0x080007c0                HAL_ADC_MspInit
 .text.MX_CRC_Init
                0x0800086c       0x20 Core\Src\crc.o
                0x0800086c                MX_CRC_Init
 .text.HAL_CRC_MspInit
                0x0800088c       0x28 Core\Src\crc.o
                0x0800088c                HAL_CRC_MspInit
 .text.StartADC
                0x080008b4       0x14 Core\Src\digiTOS-Lib\digiTOS-ADC.o
                0x080008b4                StartADC
 .text.ResetV_data
                0x080008c8       0xe8 Core\Src\digiTOS-Lib\digiTOS-ADC.o
                0x080008c8                ResetV_data
 .text.CalcNewAmp
                0x080009b0       0x64 Core\Src\digiTOS-Lib\digiTOS-ADC.o
                0x080009b0                CalcNewAmp
 .text.CalcNewAmpByStep
                0x08000a14       0x4c Core\Src\digiTOS-Lib\digiTOS-ADC.o
                0x08000a14                CalcNewAmpByStep
 .text.asqrt    0x08000a60       0x2e Core\Src\digiTOS-Lib\digiTOS-ADC.o
                0x08000a60                asqrt
 *fill*         0x08000a8e        0x2 
 .text.CalcAc_I_ByWave
                0x08000a90       0x44 Core\Src\digiTOS-Lib\digiTOS-ADC.o
                0x08000a90                CalcAc_I_ByWave
 .text.CalcAc_V_ByWave
                0x08000ad4       0x44 Core\Src\digiTOS-Lib\digiTOS-ADC.o
                0x08000ad4                CalcAc_V_ByWave
 .text.CalcDC_Average
                0x08000b18       0x20 Core\Src\digiTOS-Lib\digiTOS-ADC.o
                0x08000b18                CalcDC_Average
 .text.ReadTempValue
                0x08000b38       0xe8 Core\Src\digiTOS-Lib\digiTOS-ADC.o
                0x08000b38                ReadTempValue
 .text.UpdateAmplitudeByV
                0x08000c20      0x220 Core\Src\digiTOS-Lib\digiTOS-ADC.o
                0x08000c20                UpdateAmplitudeByV
 .text.CheckV_Feedback
                0x08000e40      0x104 Core\Src\digiTOS-Lib\digiTOS-ADC.o
                0x08000e40                CheckV_Feedback
 .text.TM_CRC_Calculate8
                0x08000f44       0x3c Core\Src\digiTOS-Lib\digiTOS-Core.o
                0x08000f44                TM_CRC_Calculate8
 .text.TM_CRC_Calculate32
                0x08000f80       0x24 Core\Src\digiTOS-Lib\digiTOS-Core.o
                0x08000f80                TM_CRC_Calculate32
 .text.AddUART_CRC
                0x08000fa4       0x3c Core\Src\digiTOS-Lib\digiTOS-Core.o
                0x08000fa4                AddUART_CRC
 .text.ClearUART_Buff
                0x08000fe0       0x10 Core\Src\digiTOS-Lib\digiTOS-Core.o
                0x08000fe0                ClearUART_Buff
 .text.Get_ChipID
                0x08000ff0       0x38 Core\Src\digiTOS-Lib\digiTOS-Core.o
                0x08000ff0                Get_ChipID
 .text.Get_FlashSize
                0x08001028       0x28 Core\Src\digiTOS-Lib\digiTOS-Core.o
                0x08001028                Get_FlashSize
 .text.Get_Version
                0x08001050       0x2c Core\Src\digiTOS-Lib\digiTOS-Core.o
                0x08001050                Get_Version
 .text.WaitForUART_TX
                0x0800107c       0x10 Core\Src\digiTOS-Lib\digiTOS-Core.o
                0x0800107c                WaitForUART_TX
 .text.SerialPrintln
                0x0800108c       0x34 Core\Src\digiTOS-Lib\digiTOS-Core.o
                0x0800108c                SerialPrintln
 .text.HAL_UART_TxCpltCallback
                0x080010c0       0x1c Core\Src\digiTOS-Lib\digiTOS-Core.o
                0x080010c0                HAL_UART_TxCpltCallback
 .text.ResetWDG
                0x080010dc       0x10 Core\Src\digiTOS-Lib\digiTOS-Core.o
                0x080010dc                ResetWDG
 .text.PrintCurrentState
                0x080010ec      0x134 Core\Src\digiTOS-Lib\digiTOS-Core.o
                0x080010ec                PrintCurrentState
 .text.ResetEEPROM
                0x08001220       0x18 Core\Src\digiTOS-Lib\digiTOS-Core.o
                0x08001220                ResetEEPROM
 .text.CALC_RATIO
                0x08001238       0x38 Core\Src\digiTOS-Lib\digiTOS-Core.o
                0x08001238                CALC_RATIO
 .text.USE_DEF_CALIB
                0x08001270       0x14 Core\Src\digiTOS-Lib\digiTOS-Core.o
                0x08001270                USE_DEF_CALIB
 .text.USE_NEW_CALIB
                0x08001284       0x14 Core\Src\digiTOS-Lib\digiTOS-Core.o
                0x08001284                USE_NEW_CALIB
 .text.StoreEEPROM
                0x08001298       0x48 Core\Src\digiTOS-Lib\digiTOS-Core.o
                0x08001298                StoreEEPROM
 .text.InitEEPROM
                0x080012e0       0x58 Core\Src\digiTOS-Lib\digiTOS-Core.o
                0x080012e0                InitEEPROM
 .text.CalibSave
                0x08001338       0x38 Core\Src\digiTOS-Lib\digiTOS-Core.o
                0x08001338                CalibSave
 .text.CalibCmdCheck
                0x08001370       0xa4 Core\Src\digiTOS-Lib\digiTOS-Core.o
                0x08001370                CalibCmdCheck
 .text.Set50HzDeadTimeNS
                0x08001414       0x40 Core\Src\digiTOS-Lib\digiTOS-Generator.o
                0x08001414                Set50HzDeadTimeNS
 .text.SetNormalSignal
                0x08001454       0x18 Core\Src\digiTOS-Lib\digiTOS-Generator.o
                0x08001454                SetNormalSignal
 .text.Idle_SET
                0x0800146c       0x18 Core\Src\digiTOS-Lib\digiTOS-Generator.o
                0x0800146c                Idle_SET
 .text.PWM_50Hz_Init
                0x08001484       0x54 Core\Src\digiTOS-Lib\digiTOS-Generator.o
                0x08001484                PWM_50Hz_Init
 .text.PWM_50Hz_START
                0x080014d8       0x40 Core\Src\digiTOS-Lib\digiTOS-Generator.o
                0x080014d8                PWM_50Hz_START
 .text.PWM_50Hz_STOP
                0x08001518       0x48 Core\Src\digiTOS-Lib\digiTOS-Generator.o
                0x08001518                PWM_50Hz_STOP
 .text.PWM_50Hz_OUTEN
                0x08001560       0x10 Core\Src\digiTOS-Lib\digiTOS-Generator.o
                0x08001560                PWM_50Hz_OUTEN
 .text.PWM_50Hz_OUTDIS
                0x08001570       0x18 Core\Src\digiTOS-Lib\digiTOS-Generator.o
                0x08001570                PWM_50Hz_OUTDIS
 .text.PWM_50Hz_ON
                0x08001588        0xe Core\Src\digiTOS-Lib\digiTOS-Generator.o
                0x08001588                PWM_50Hz_ON
 .text.PWM_50Hz_OFF
                0x08001596        0xe Core\Src\digiTOS-Lib\digiTOS-Generator.o
                0x08001596                PWM_50Hz_OFF
 .text.PWM_Sinus_START
                0x080015a4       0x28 Core\Src\digiTOS-Lib\digiTOS-Generator.o
                0x080015a4                PWM_Sinus_START
 .text.PWM_Sinus_STOP
                0x080015cc       0x2c Core\Src\digiTOS-Lib\digiTOS-Generator.o
                0x080015cc                PWM_Sinus_STOP
 .text.PWM_Sinus_OUTEN
                0x080015f8       0x10 Core\Src\digiTOS-Lib\digiTOS-Generator.o
                0x080015f8                PWM_Sinus_OUTEN
 .text.PWM_Sinus_OUTDIS
                0x08001608       0x18 Core\Src\digiTOS-Lib\digiTOS-Generator.o
                0x08001608                PWM_Sinus_OUTDIS
 .text.PWM_Sinus_ON
                0x08001620        0xe Core\Src\digiTOS-Lib\digiTOS-Generator.o
                0x08001620                PWM_Sinus_ON
 .text.PWM_Sinus_OFF
                0x0800162e        0xe Core\Src\digiTOS-Lib\digiTOS-Generator.o
                0x0800162e                PWM_Sinus_OFF
 .text.PWM_Sinus_Init
                0x0800163c       0x70 Core\Src\digiTOS-Lib\digiTOS-Generator.o
                0x0800163c                PWM_Sinus_Init
 .text.DigiTOS_IWDG_Init
                0x080016ac       0xb4 Core\Src\digiTOS-Lib\digiTOS-IWDG.o
                0x080016ac                DigiTOS_IWDG_Init
 .text.SetSoftstart
                0x08001760       0x28 Core\Src\digiTOS-Lib\digiTOS-Sinus.o
                0x08001760                SetSoftstart
 .text.ResetAmplitude
                0x08001788       0x3c Core\Src\digiTOS-Lib\digiTOS-Sinus.o
                0x08001788                ResetAmplitude
 .text.GetApmlitude
                0x080017c4       0x4c Core\Src\digiTOS-Lib\digiTOS-Sinus.o
                0x080017c4                GetApmlitude
 .text.GetSinus
                0x08001810       0x5c Core\Src\digiTOS-Lib\digiTOS-Sinus.o
                0x08001810                GetSinus
 .text.EE_Format
                0x0800186c       0x3c Core\Src\digiTOS-Lib\eeprom.o
                0x0800186c                EE_Format
 .text.EE_Read  0x080018a8       0x1a Core\Src\digiTOS-Lib\eeprom.o
                0x080018a8                EE_Read
 .text.EE_Reads
                0x080018c2       0x26 Core\Src\digiTOS-Lib\eeprom.o
                0x080018c2                EE_Reads
 .text.EE_Write
                0x080018e8       0x98 Core\Src\digiTOS-Lib\eeprom.o
                0x080018e8                EE_Write
 .text.buttonInit
                0x08001980       0x20 Core\Src\digiTOS-Lib\stm32f0xx_hal_buttons.o
                0x08001980                buttonInit
 .text._button_state
                0x080019a0       0x16 Core\Src\digiTOS-Lib\stm32f0xx_hal_buttons.o
                0x080019a0                _button_state
 .text.buttonUpdate
                0x080019b6       0x82 Core\Src\digiTOS-Lib\stm32f0xx_hal_buttons.o
                0x080019b6                buttonUpdate
 .text.MX_DMA_Init
                0x08001a38       0x40 Core\Src\dma.o
                0x08001a38                MX_DMA_Init
 .text.MX_GPIO_Init
                0x08001a78       0xec Core\Src\gpio.o
                0x08001a78                MX_GPIO_Init
 .text.MX_IWDG_Init
                0x08001b64       0x28 Core\Src\iwdg.o
                0x08001b64                MX_IWDG_Init
 .text.SystemClock_Config
                0x08001b8c       0x74 Core\Src\main.o
                0x08001b8c                SystemClock_Config
 .text.startup.main
                0x08001c00      0x324 Core\Src\main.o
                0x08001c00                main
 .text.Error_Handler
                0x08001f24        0x2 Core\Src\main.o
                0x08001f24                Error_Handler
 .text.assert_failed
                0x08001f26        0x2 Core\Src\main.o
                0x08001f26                assert_failed
 .text.HAL_MspInit
                0x08001f28       0x7c Core\Src\stm32f1xx_hal_msp.o
                0x08001f28                HAL_MspInit
 .text.NMI_Handler
                0x08001fa4        0x2 Core\Src\stm32f1xx_it.o
                0x08001fa4                NMI_Handler
 .text.HardFault_Handler
                0x08001fa6        0x2 Core\Src\stm32f1xx_it.o
                0x08001fa6                HardFault_Handler
 .text.MemManage_Handler
                0x08001fa8        0x2 Core\Src\stm32f1xx_it.o
                0x08001fa8                MemManage_Handler
 .text.BusFault_Handler
                0x08001faa        0x2 Core\Src\stm32f1xx_it.o
                0x08001faa                BusFault_Handler
 .text.UsageFault_Handler
                0x08001fac        0x2 Core\Src\stm32f1xx_it.o
                0x08001fac                UsageFault_Handler
 .text.SVC_Handler
                0x08001fae        0x2 Core\Src\stm32f1xx_it.o
                0x08001fae                SVC_Handler
 .text.DebugMon_Handler
                0x08001fb0        0x2 Core\Src\stm32f1xx_it.o
                0x08001fb0                DebugMon_Handler
 .text.PendSV_Handler
                0x08001fb2        0x2 Core\Src\stm32f1xx_it.o
                0x08001fb2                PendSV_Handler
 .text.SysTick_Handler
                0x08001fb4        0x4 Core\Src\stm32f1xx_it.o
                0x08001fb4                SysTick_Handler
 .text.PVD_IRQHandler
                0x08001fb8        0x4 Core\Src\stm32f1xx_it.o
                0x08001fb8                PVD_IRQHandler
 .text.FLASH_IRQHandler
                0x08001fbc        0x4 Core\Src\stm32f1xx_it.o
                0x08001fbc                FLASH_IRQHandler
 .text.RCC_IRQHandler
                0x08001fc0        0x2 Core\Src\stm32f1xx_it.o
                0x08001fc0                RCC_IRQHandler
 *fill*         0x08001fc2        0x2 
 .text.DMA1_Channel1_IRQHandler
                0x08001fc4        0xc Core\Src\stm32f1xx_it.o
                0x08001fc4                DMA1_Channel1_IRQHandler
 .text.DMA1_Channel4_IRQHandler
                0x08001fd0        0xc Core\Src\stm32f1xx_it.o
                0x08001fd0                DMA1_Channel4_IRQHandler
 .text.ADC1_2_IRQHandler
                0x08001fdc        0xc Core\Src\stm32f1xx_it.o
                0x08001fdc                ADC1_2_IRQHandler
 .text.TIM1_BRK_IRQHandler
                0x08001fe8       0x40 Core\Src\stm32f1xx_it.o
                0x08001fe8                TIM1_BRK_IRQHandler
 .text.TIM1_UP_IRQHandler
                0x08002028       0x94 Core\Src\stm32f1xx_it.o
                0x08002028                TIM1_UP_IRQHandler
 .text.TIM2_IRQHandler
                0x080020bc      0x204 Core\Src\stm32f1xx_it.o
                0x080020bc                TIM2_IRQHandler
 .text.TIM3_IRQHandler
                0x080022c0       0xe4 Core\Src\stm32f1xx_it.o
                0x080022c0                TIM3_IRQHandler
 .text.TIM4_IRQHandler
                0x080023a4      0x134 Core\Src\stm32f1xx_it.o
                0x080023a4                TIM4_IRQHandler
 .text.USART1_IRQHandler
                0x080024d8        0xc Core\Src\stm32f1xx_it.o
                0x080024d8                USART1_IRQHandler
 .text.SystemInit
                0x080024e4       0x4c Core\Src\system_stm32f1xx.o
                0x080024e4                SystemInit
 .text.MX_TIM2_Init
                0x08002530       0x6c Core\Src\tim.o
                0x08002530                MX_TIM2_Init
 .text.MX_TIM4_Init
                0x0800259c       0x68 Core\Src\tim.o
                0x0800259c                MX_TIM4_Init
 .text.HAL_TIM_Base_MspInit
                0x08002604       0xd0 Core\Src\tim.o
                0x08002604                HAL_TIM_Base_MspInit
 .text.HAL_TIM_MspPostInit
                0x080026d4       0xc4 Core\Src\tim.o
                0x080026d4                HAL_TIM_MspPostInit
 .text.MX_TIM1_Init
                0x08002798       0xe0 Core\Src\tim.o
                0x08002798                MX_TIM1_Init
 .text.MX_TIM3_Init
                0x08002878       0xb0 Core\Src\tim.o
                0x08002878                MX_TIM3_Init
 .text.MX_USART1_UART_Init
                0x08002928       0x38 Core\Src\usart.o
                0x08002928                MX_USART1_UART_Init
 .text.HAL_UART_MspInit
                0x08002960       0xcc Core\Src\usart.o
                0x08002960                HAL_UART_MspInit
 .text.HAL_InitTick
                0x08002a2c       0x48 Drivers\STM32F1xx_HAL_Driver\Src\stm32f1xx_hal.o
                0x08002a2c                HAL_InitTick
 .text.HAL_Init
                0x08002a74       0x24 Drivers\STM32F1xx_HAL_Driver\Src\stm32f1xx_hal.o
                0x08002a74                HAL_Init
 .text.HAL_IncTick
                0x08002a98       0x18 Drivers\STM32F1xx_HAL_Driver\Src\stm32f1xx_hal.o
                0x08002a98                HAL_IncTick
 .text.HAL_GetTick
                0x08002ab0        0xc Drivers\STM32F1xx_HAL_Driver\Src\stm32f1xx_hal.o
                0x08002ab0                HAL_GetTick
 .text.HAL_Delay
                0x08002abc       0x24 Drivers\STM32F1xx_HAL_Driver\Src\stm32f1xx_hal.o
                0x08002abc                HAL_Delay
 .text.HAL_ADC_ConvCpltCallback
                0x08002ae0        0x2 Drivers\STM32F1xx_HAL_Driver\Src\stm32f1xx_hal_adc.o
                0x08002ae0                HAL_ADC_ConvCpltCallback
 .text.ADC_DMAConvCplt
                0x08002ae2       0x4e Drivers\STM32F1xx_HAL_Driver\Src\stm32f1xx_hal_adc.o
                0x08002ae2                ADC_DMAConvCplt
 .text.HAL_ADC_ConvHalfCpltCallback
                0x08002b30        0x2 Drivers\STM32F1xx_HAL_Driver\Src\stm32f1xx_hal_adc.o
                0x08002b30                HAL_ADC_ConvHalfCpltCallback
 .text.ADC_DMAHalfConvCplt
                0x08002b32        0xa Drivers\STM32F1xx_HAL_Driver\Src\stm32f1xx_hal_adc.o
                0x08002b32                ADC_DMAHalfConvCplt
 .text.HAL_ADC_LevelOutOfWindowCallback
                0x08002b3c        0x2 Drivers\STM32F1xx_HAL_Driver\Src\stm32f1xx_hal_adc.o
                0x08002b3c                HAL_ADC_LevelOutOfWindowCallback
 *fill*         0x08002b3e        0x2 
 .text.HAL_ADC_IRQHandler
                0x08002b40      0x130 Drivers\STM32F1xx_HAL_Driver\Src\stm32f1xx_hal_adc.o
                0x08002b40                HAL_ADC_IRQHandler
 .text.HAL_ADC_ErrorCallback
                0x08002c70        0x2 Drivers\STM32F1xx_HAL_Driver\Src\stm32f1xx_hal_adc.o
                0x08002c70                HAL_ADC_ErrorCallback
 .text.ADC_DMAError
                0x08002c72       0x1a Drivers\STM32F1xx_HAL_Driver\Src\stm32f1xx_hal_adc.o
                0x08002c72                ADC_DMAError
 .text.HAL_ADC_ConfigChannel
                0x08002c8c      0x15c Drivers\STM32F1xx_HAL_Driver\Src\stm32f1xx_hal_adc.o
                0x08002c8c                HAL_ADC_ConfigChannel
 .text.ADC_Enable
                0x08002de8       0x70 Drivers\STM32F1xx_HAL_Driver\Src\stm32f1xx_hal_adc.o
                0x08002de8                ADC_Enable
 .text.HAL_ADC_Start_DMA
                0x08002e58      0x120 Drivers\STM32F1xx_HAL_Driver\Src\stm32f1xx_hal_adc.o
                0x08002e58                HAL_ADC_Start_DMA
 .text.ADC_ConversionStop_Disable
                0x08002f78       0x44 Drivers\STM32F1xx_HAL_Driver\Src\stm32f1xx_hal_adc.o
                0x08002f78                ADC_ConversionStop_Disable
 .text.HAL_ADC_Init
                0x08002fbc      0x1b8 Drivers\STM32F1xx_HAL_Driver\Src\stm32f1xx_hal_adc.o
                0x08002fbc                HAL_ADC_Init
 .text.HAL_ADCEx_InjectedConvCpltCallback
                0x08003174        0x2 Drivers\STM32F1xx_HAL_Driver\Src\stm32f1xx_hal_adc_ex.o
                0x08003174                HAL_ADCEx_InjectedConvCpltCallback
 *fill*         0x08003176        0x2 
 .text.HAL_NVIC_SetPriorityGrouping
                0x08003178       0x3c Drivers\STM32F1xx_HAL_Driver\Src\stm32f1xx_hal_cortex.o
                0x08003178                HAL_NVIC_SetPriorityGrouping
 .text.HAL_NVIC_SetPriority
                0x080031b4       0x84 Drivers\STM32F1xx_HAL_Driver\Src\stm32f1xx_hal_cortex.o
                0x080031b4                HAL_NVIC_SetPriority
 .text.HAL_NVIC_EnableIRQ
                0x08003238       0x2c Drivers\STM32F1xx_HAL_Driver\Src\stm32f1xx_hal_cortex.o
                0x08003238                HAL_NVIC_EnableIRQ
 .text.HAL_SYSTICK_Config
                0x08003264       0x2c Drivers\STM32F1xx_HAL_Driver\Src\stm32f1xx_hal_cortex.o
                0x08003264                HAL_SYSTICK_Config
 .text.HAL_CRC_Init
                0x08003290       0x3c Drivers\STM32F1xx_HAL_Driver\Src\stm32f1xx_hal_crc.o
                0x08003290                HAL_CRC_Init
 .text.HAL_DMA_Init
                0x080032cc      0x120 Drivers\STM32F1xx_HAL_Driver\Src\stm32f1xx_hal_dma.o
                0x080032cc                HAL_DMA_Init
 .text.HAL_DMA_Start_IT
                0x080033ec       0xa8 Drivers\STM32F1xx_HAL_Driver\Src\stm32f1xx_hal_dma.o
                0x080033ec                HAL_DMA_Start_IT
 .text.HAL_DMA_Abort_IT
                0x08003494       0x90 Drivers\STM32F1xx_HAL_Driver\Src\stm32f1xx_hal_dma.o
                0x08003494                HAL_DMA_Abort_IT
 .text.HAL_DMA_IRQHandler
                0x08003524      0x128 Drivers\STM32F1xx_HAL_Driver\Src\stm32f1xx_hal_dma.o
                0x08003524                HAL_DMA_IRQHandler
 .text.FLASH_SetErrorCode
                0x0800364c       0x50 Drivers\STM32F1xx_HAL_Driver\Src\stm32f1xx_hal_flash.o
 .text.HAL_FLASH_EndOfOperationCallback
                0x0800369c        0x2 Drivers\STM32F1xx_HAL_Driver\Src\stm32f1xx_hal_flash.o
                0x0800369c                HAL_FLASH_EndOfOperationCallback
 .text.HAL_FLASH_OperationErrorCallback
                0x0800369e        0x2 Drivers\STM32F1xx_HAL_Driver\Src\stm32f1xx_hal_flash.o
                0x0800369e                HAL_FLASH_OperationErrorCallback
 .text.HAL_FLASH_IRQHandler
                0x080036a0      0x114 Drivers\STM32F1xx_HAL_Driver\Src\stm32f1xx_hal_flash.o
                0x080036a0                HAL_FLASH_IRQHandler
 .text.HAL_FLASH_Unlock
                0x080037b4       0x24 Drivers\STM32F1xx_HAL_Driver\Src\stm32f1xx_hal_flash.o
                0x080037b4                HAL_FLASH_Unlock
 .text.HAL_FLASH_Lock
                0x080037d8       0x14 Drivers\STM32F1xx_HAL_Driver\Src\stm32f1xx_hal_flash.o
                0x080037d8                HAL_FLASH_Lock
 .text.FLASH_WaitForLastOperation
                0x080037ec       0x54 Drivers\STM32F1xx_HAL_Driver\Src\stm32f1xx_hal_flash.o
                0x080037ec                FLASH_WaitForLastOperation
 .text.HAL_FLASH_Program
                0x08003840       0xe4 Drivers\STM32F1xx_HAL_Driver\Src\stm32f1xx_hal_flash.o
                0x08003840                HAL_FLASH_Program
 .text.FLASH_PageErase
                0x08003924       0x24 Drivers\STM32F1xx_HAL_Driver\Src\stm32f1xx_hal_flash_ex.o
                0x08003924                FLASH_PageErase
 .text.HAL_FLASHEx_Erase
                0x08003948      0x150 Drivers\STM32F1xx_HAL_Driver\Src\stm32f1xx_hal_flash_ex.o
                0x08003948                HAL_FLASHEx_Erase
 .text.HAL_GPIO_Init
                0x08003a98      0x2d8 Drivers\STM32F1xx_HAL_Driver\Src\stm32f1xx_hal_gpio.o
                0x08003a98                HAL_GPIO_Init
 .text.HAL_GPIO_ReadPin
                0x08003d70       0x24 Drivers\STM32F1xx_HAL_Driver\Src\stm32f1xx_hal_gpio.o
                0x08003d70                HAL_GPIO_ReadPin
 .text.HAL_GPIO_WritePin
                0x08003d94       0x34 Drivers\STM32F1xx_HAL_Driver\Src\stm32f1xx_hal_gpio.o
                0x08003d94                HAL_GPIO_WritePin
 .text.HAL_GPIO_TogglePin
                0x08003dc8       0x20 Drivers\STM32F1xx_HAL_Driver\Src\stm32f1xx_hal_gpio.o
                0x08003dc8                HAL_GPIO_TogglePin
 .text.HAL_IWDG_Init
                0x08003de8       0x7c Drivers\STM32F1xx_HAL_Driver\Src\stm32f1xx_hal_iwdg.o
                0x08003de8                HAL_IWDG_Init
 .text.HAL_PWR_PVDCallback
                0x08003e64        0x2 Drivers\STM32F1xx_HAL_Driver\Src\stm32f1xx_hal_pwr.o
                0x08003e64                HAL_PWR_PVDCallback
 *fill*         0x08003e66        0x2 
 .text.HAL_PWR_PVD_IRQHandler
                0x08003e68       0x1c Drivers\STM32F1xx_HAL_Driver\Src\stm32f1xx_hal_pwr.o
                0x08003e68                HAL_PWR_PVD_IRQHandler
 .text.HAL_RCC_OscConfig
                0x08003e84      0x404 Drivers\STM32F1xx_HAL_Driver\Src\stm32f1xx_hal_rcc.o
                0x08003e84                HAL_RCC_OscConfig
 .text.HAL_RCC_GetSysClockFreq
                0x08004288       0x78 Drivers\STM32F1xx_HAL_Driver\Src\stm32f1xx_hal_rcc.o
                0x08004288                HAL_RCC_GetSysClockFreq
 .text.HAL_RCC_ClockConfig
                0x08004300      0x220 Drivers\STM32F1xx_HAL_Driver\Src\stm32f1xx_hal_rcc.o
                0x08004300                HAL_RCC_ClockConfig
 .text.HAL_RCC_GetPCLK1Freq
                0x08004520       0x20 Drivers\STM32F1xx_HAL_Driver\Src\stm32f1xx_hal_rcc.o
                0x08004520                HAL_RCC_GetPCLK1Freq
 .text.HAL_RCC_GetPCLK2Freq
                0x08004540       0x20 Drivers\STM32F1xx_HAL_Driver\Src\stm32f1xx_hal_rcc.o
                0x08004540                HAL_RCC_GetPCLK2Freq
 .text.HAL_RCCEx_PeriphCLKConfig
                0x08004560      0x138 Drivers\STM32F1xx_HAL_Driver\Src\stm32f1xx_hal_rcc_ex.o
                0x08004560                HAL_RCCEx_PeriphCLKConfig
 .text.TIM_OC1_SetConfig
                0x08004698       0x98 Drivers\STM32F1xx_HAL_Driver\Src\stm32f1xx_hal_tim.o
 .text.TIM_OC3_SetConfig
                0x08004730       0x9c Drivers\STM32F1xx_HAL_Driver\Src\stm32f1xx_hal_tim.o
 .text.TIM_OC4_SetConfig
                0x080047cc       0x68 Drivers\STM32F1xx_HAL_Driver\Src\stm32f1xx_hal_tim.o
 .text.HAL_TIM_Base_Start
                0x08004834       0x50 Drivers\STM32F1xx_HAL_Driver\Src\stm32f1xx_hal_tim.o
                0x08004834                HAL_TIM_Base_Start
 .text.HAL_TIM_Base_Start_IT
                0x08004884       0x4c Drivers\STM32F1xx_HAL_Driver\Src\stm32f1xx_hal_tim.o
                0x08004884                HAL_TIM_Base_Start_IT
 .text.HAL_TIM_OC_MspInit
                0x080048d0        0x2 Drivers\STM32F1xx_HAL_Driver\Src\stm32f1xx_hal_tim.o
                0x080048d0                HAL_TIM_OC_MspInit
 .text.HAL_TIM_PWM_MspInit
                0x080048d2        0x2 Drivers\STM32F1xx_HAL_Driver\Src\stm32f1xx_hal_tim.o
                0x080048d2                HAL_TIM_PWM_MspInit
 .text.HAL_TIM_ConfigClockSource
                0x080048d4      0x440 Drivers\STM32F1xx_HAL_Driver\Src\stm32f1xx_hal_tim.o
                0x080048d4                HAL_TIM_ConfigClockSource
 .text.HAL_TIM_PeriodElapsedCallback
                0x08004d14        0x2 Drivers\STM32F1xx_HAL_Driver\Src\stm32f1xx_hal_tim.o
                0x08004d14                HAL_TIM_PeriodElapsedCallback
 .text.HAL_TIM_OC_DelayElapsedCallback
                0x08004d16        0x2 Drivers\STM32F1xx_HAL_Driver\Src\stm32f1xx_hal_tim.o
                0x08004d16                HAL_TIM_OC_DelayElapsedCallback
 .text.HAL_TIM_IC_CaptureCallback
                0x08004d18        0x2 Drivers\STM32F1xx_HAL_Driver\Src\stm32f1xx_hal_tim.o
                0x08004d18                HAL_TIM_IC_CaptureCallback
 .text.HAL_TIM_PWM_PulseFinishedCallback
                0x08004d1a        0x2 Drivers\STM32F1xx_HAL_Driver\Src\stm32f1xx_hal_tim.o
                0x08004d1a                HAL_TIM_PWM_PulseFinishedCallback
 .text.HAL_TIM_TriggerCallback
                0x08004d1c        0x2 Drivers\STM32F1xx_HAL_Driver\Src\stm32f1xx_hal_tim.o
                0x08004d1c                HAL_TIM_TriggerCallback
 .text.HAL_TIM_IRQHandler
                0x08004d1e      0x144 Drivers\STM32F1xx_HAL_Driver\Src\stm32f1xx_hal_tim.o
                0x08004d1e                HAL_TIM_IRQHandler
 *fill*         0x08004e62        0x2 
 .text.TIM_Base_SetConfig
                0x08004e64       0x70 Drivers\STM32F1xx_HAL_Driver\Src\stm32f1xx_hal_tim.o
                0x08004e64                TIM_Base_SetConfig
 .text.HAL_TIM_Base_Init
                0x08004ed4       0xa8 Drivers\STM32F1xx_HAL_Driver\Src\stm32f1xx_hal_tim.o
                0x08004ed4                HAL_TIM_Base_Init
 .text.HAL_TIM_OC_Init
                0x08004f7c       0xb0 Drivers\STM32F1xx_HAL_Driver\Src\stm32f1xx_hal_tim.o
                0x08004f7c                HAL_TIM_OC_Init
 .text.HAL_TIM_PWM_Init
                0x0800502c       0xb0 Drivers\STM32F1xx_HAL_Driver\Src\stm32f1xx_hal_tim.o
                0x0800502c                HAL_TIM_PWM_Init
 .text.TIM_OC2_SetConfig
                0x080050dc       0x9c Drivers\STM32F1xx_HAL_Driver\Src\stm32f1xx_hal_tim.o
                0x080050dc                TIM_OC2_SetConfig
 .text.HAL_TIM_OC_ConfigChannel
                0x08005178      0x154 Drivers\STM32F1xx_HAL_Driver\Src\stm32f1xx_hal_tim.o
                0x08005178                HAL_TIM_OC_ConfigChannel
 .text.HAL_TIM_PWM_ConfigChannel
                0x080052cc      0x1d0 Drivers\STM32F1xx_HAL_Driver\Src\stm32f1xx_hal_tim.o
                0x080052cc                HAL_TIM_PWM_ConfigChannel
 .text.HAL_TIMEx_ConfigBreakDeadTime
                0x0800549c       0xe8 Drivers\STM32F1xx_HAL_Driver\Src\stm32f1xx_hal_tim_ex.o
                0x0800549c                HAL_TIMEx_ConfigBreakDeadTime
 .text.HAL_TIMEx_MasterConfigSynchronization
                0x08005584       0x9c Drivers\STM32F1xx_HAL_Driver\Src\stm32f1xx_hal_tim_ex.o
                0x08005584                HAL_TIMEx_MasterConfigSynchronization
 .text.HAL_TIMEx_CommutationCallback
                0x08005620        0x2 Drivers\STM32F1xx_HAL_Driver\Src\stm32f1xx_hal_tim_ex.o
                0x08005620                HAL_TIMEx_CommutationCallback
 .text.HAL_TIMEx_BreakCallback
                0x08005622        0x2 Drivers\STM32F1xx_HAL_Driver\Src\stm32f1xx_hal_tim_ex.o
                0x08005622                HAL_TIMEx_BreakCallback
 .text.UART_EndRxTransfer
                0x08005624       0x1a Drivers\STM32F1xx_HAL_Driver\Src\stm32f1xx_hal_uart.o
 *fill*         0x0800563e        0x2 
 .text.UART_SetConfig
                0x08005640      0x1a4 Drivers\STM32F1xx_HAL_Driver\Src\stm32f1xx_hal_uart.o
 .text.HAL_UART_Init
                0x080057e4       0xd0 Drivers\STM32F1xx_HAL_Driver\Src\stm32f1xx_hal_uart.o
                0x080057e4                HAL_UART_Init
 .text.HAL_UART_Transmit_DMA
                0x080058b4       0x74 Drivers\STM32F1xx_HAL_Driver\Src\stm32f1xx_hal_uart.o
                0x080058b4                HAL_UART_Transmit_DMA
 .text.UART_DMATransmitCplt
                0x08005928       0x2c Drivers\STM32F1xx_HAL_Driver\Src\stm32f1xx_hal_uart.o
 .text.HAL_UART_TxHalfCpltCallback
                0x08005954        0x2 Drivers\STM32F1xx_HAL_Driver\Src\stm32f1xx_hal_uart.o
                0x08005954                HAL_UART_TxHalfCpltCallback
 .text.UART_DMATxHalfCplt
                0x08005956        0xa Drivers\STM32F1xx_HAL_Driver\Src\stm32f1xx_hal_uart.o
 .text.HAL_UART_RxCpltCallback
                0x08005960        0x2 Drivers\STM32F1xx_HAL_Driver\Src\stm32f1xx_hal_uart.o
                0x08005960                HAL_UART_RxCpltCallback
 .text.UART_Receive_IT
                0x08005962       0x7c Drivers\STM32F1xx_HAL_Driver\Src\stm32f1xx_hal_uart.o
 .text.HAL_UART_ErrorCallback
                0x080059de        0x2 Drivers\STM32F1xx_HAL_Driver\Src\stm32f1xx_hal_uart.o
                0x080059de                HAL_UART_ErrorCallback
 .text.UART_DMAError
                0x080059e0       0x4e Drivers\STM32F1xx_HAL_Driver\Src\stm32f1xx_hal_uart.o
 *fill*         0x08005a2e        0x2 
 .text.HAL_UART_IRQHandler
                0x08005a30      0x140 Drivers\STM32F1xx_HAL_Driver\Src\stm32f1xx_hal_uart.o
                0x08005a30                HAL_UART_IRQHandler
 .text.UART_DMAAbortOnError
                0x08005b70       0x10 Drivers\STM32F1xx_HAL_Driver\Src\stm32f1xx_hal_uart.o
 .text.Reset_Handler
                0x08005b80       0x48 startup\startup_stm32f103xb.o
                0x08005b80                Reset_Handler
 .text.Default_Handler
                0x08005bc8        0x2 startup\startup_stm32f103xb.o
                0x08005bc8                RTC_Alarm_IRQHandler
                0x08005bc8                EXTI2_IRQHandler
                0x08005bc8                TIM1_CC_IRQHandler
                0x08005bc8                EXTI3_IRQHandler
                0x08005bc8                EXTI0_IRQHandler
                0x08005bc8                I2C2_EV_IRQHandler
                0x08005bc8                SPI1_IRQHandler
                0x08005bc8                TAMPER_IRQHandler
                0x08005bc8                USART3_IRQHandler
                0x08005bc8                RTC_IRQHandler
                0x08005bc8                DMA1_Channel7_IRQHandler
                0x08005bc8                CAN1_RX1_IRQHandler
                0x08005bc8                I2C1_EV_IRQHandler
                0x08005bc8                DMA1_Channel6_IRQHandler
                0x08005bc8                TIM1_TRG_COM_IRQHandler
                0x08005bc8                Default_Handler
                0x08005bc8                EXTI15_10_IRQHandler
                0x08005bc8                EXTI9_5_IRQHandler
                0x08005bc8                SPI2_IRQHandler
                0x08005bc8                DMA1_Channel5_IRQHandler
                0x08005bc8                EXTI4_IRQHandler
                0x08005bc8                USB_LP_CAN1_RX0_IRQHandler
                0x08005bc8                USB_HP_CAN1_TX_IRQHandler
                0x08005bc8                DMA1_Channel3_IRQHandler
                0x08005bc8                WWDG_IRQHandler
                0x08005bc8                EXTI1_IRQHandler
                0x08005bc8                USART2_IRQHandler
                0x08005bc8                I2C2_ER_IRQHandler
                0x08005bc8                DMA1_Channel2_IRQHandler
                0x08005bc8                CAN1_SCE_IRQHandler
                0x08005bc8                I2C1_ER_IRQHandler
                0x08005bc8                USBWakeUp_IRQHandler
 *fill*         0x08005bca        0x2 
 .text.__libc_init_array
                0x08005bcc       0x48 c:/truestudio for stm32 9.2.0/armtools/bin/../lib/gcc/arm-atollic-eabi/6.3.1/../../../../arm-atollic-eabi/lib/armv7-m\libc_nano.a(lib_a-init.o)
                0x08005bcc                __libc_init_array
 .text.memset   0x08005c14       0x10 c:/truestudio for stm32 9.2.0/armtools/bin/../lib/gcc/arm-atollic-eabi/6.3.1/../../../../arm-atollic-eabi/lib/armv7-m\libc_nano.a(lib_a-memset.o)
                0x08005c14                memset
 .text.sprintf  0x08005c24       0x48 c:/truestudio for stm32 9.2.0/armtools/bin/../lib/gcc/arm-atollic-eabi/6.3.1/../../../../arm-atollic-eabi/lib/armv7-m\libc_nano.a(lib_a-sprintf.o)
                0x08005c24                siprintf
                0x08005c24                sprintf
 .text.strcat   0x08005c6c       0x1e c:/truestudio for stm32 9.2.0/armtools/bin/../lib/gcc/arm-atollic-eabi/6.3.1/../../../../arm-atollic-eabi/lib/armv7-m\libc_nano.a(lib_a-strcat.o)
                0x08005c6c                strcat
 .text.strcpy   0x08005c8a       0x10 c:/truestudio for stm32 9.2.0/armtools/bin/../lib/gcc/arm-atollic-eabi/6.3.1/../../../../arm-atollic-eabi/lib/armv7-m\libc_nano.a(lib_a-strcpy.o)
                0x08005c8a                strcpy
 .text.__ssputs_r
                0x08005c9a       0xb6 c:/truestudio for stm32 9.2.0/armtools/bin/../lib/gcc/arm-atollic-eabi/6.3.1/../../../../arm-atollic-eabi/lib/armv7-m\libc_nano.a(lib_a-nano-svfprintf.o)
                0x08005c9a                __ssputs_r
 .text._svfprintf_r
                0x08005d50      0x1e8 c:/truestudio for stm32 9.2.0/armtools/bin/../lib/gcc/arm-atollic-eabi/6.3.1/../../../../arm-atollic-eabi/lib/armv7-m\libc_nano.a(lib_a-nano-svfprintf.o)
                0x08005d50                _svfiprintf_r
                0x08005d50                _svfprintf_r
 .text._printf_common
                0x08005f38       0xee c:/truestudio for stm32 9.2.0/armtools/bin/../lib/gcc/arm-atollic-eabi/6.3.1/../../../../arm-atollic-eabi/lib/armv7-m\libc_nano.a(lib_a-nano-vfprintf_i.o)
                0x08005f38                _printf_common
 *fill*         0x08006026        0x2 
 .text._printf_i
                0x08006028      0x240 c:/truestudio for stm32 9.2.0/armtools/bin/../lib/gcc/arm-atollic-eabi/6.3.1/../../../../arm-atollic-eabi/lib/armv7-m\libc_nano.a(lib_a-nano-vfprintf_i.o)
                0x08006028                _printf_i
 .text.memchr   0x08006268       0x1c c:/truestudio for stm32 9.2.0/armtools/bin/../lib/gcc/arm-atollic-eabi/6.3.1/../../../../arm-atollic-eabi/lib/armv7-m\libc_nano.a(lib_a-memchr-stub.o)
                0x08006268                memchr
 .text.memcpy   0x08006284       0x16 c:/truestudio for stm32 9.2.0/armtools/bin/../lib/gcc/arm-atollic-eabi/6.3.1/../../../../arm-atollic-eabi/lib/armv7-m\libc_nano.a(lib_a-memcpy-stub.o)
                0x08006284                memcpy
 .text.memmove  0x0800629a       0x34 c:/truestudio for stm32 9.2.0/armtools/bin/../lib/gcc/arm-atollic-eabi/6.3.1/../../../../arm-atollic-eabi/lib/armv7-m\libc_nano.a(lib_a-memmove.o)
                0x0800629a                memmove
 *fill*         0x080062ce        0x2 
 .text._free_r  0x080062d0       0x98 c:/truestudio for stm32 9.2.0/armtools/bin/../lib/gcc/arm-atollic-eabi/6.3.1/../../../../arm-atollic-eabi/lib/armv7-m\libc_nano.a(lib_a-nano-freer.o)
                0x080062d0                _free_r
 .text._malloc_r
                0x08006368       0xbc c:/truestudio for stm32 9.2.0/armtools/bin/../lib/gcc/arm-atollic-eabi/6.3.1/../../../../arm-atollic-eabi/lib/armv7-m\libc_nano.a(lib_a-nano-mallocr.o)
                0x08006368                _malloc_r
 .text._realloc_r
                0x08006424       0x4c c:/truestudio for stm32 9.2.0/armtools/bin/../lib/gcc/arm-atollic-eabi/6.3.1/../../../../arm-atollic-eabi/lib/armv7-m\libc_nano.a(lib_a-nano-reallocr.o)
                0x08006424                _realloc_r
 .text._sbrk_r  0x08006470       0x20 c:/truestudio for stm32 9.2.0/armtools/bin/../lib/gcc/arm-atollic-eabi/6.3.1/../../../../arm-atollic-eabi/lib/armv7-m\libc_nano.a(lib_a-sbrkr.o)
                0x08006470                _sbrk_r
 .text.__malloc_lock
                0x08006490        0x2 c:/truestudio for stm32 9.2.0/armtools/bin/../lib/gcc/arm-atollic-eabi/6.3.1/../../../../arm-atollic-eabi/lib/armv7-m\libc_nano.a(lib_a-mlock.o)
                0x08006490                __malloc_lock
 .text.__malloc_unlock
                0x08006492        0x2 c:/truestudio for stm32 9.2.0/armtools/bin/../lib/gcc/arm-atollic-eabi/6.3.1/../../../../arm-atollic-eabi/lib/armv7-m\libc_nano.a(lib_a-mlock.o)
                0x08006492                __malloc_unlock
 .text._malloc_usable_size_r
                0x08006494       0x12 c:/truestudio for stm32 9.2.0/armtools/bin/../lib/gcc/arm-atollic-eabi/6.3.1/../../../../arm-atollic-eabi/lib/armv7-m\libc_nano.a(lib_a-nano-msizer.o)
                0x08006494                _malloc_usable_size_r
 *fill*         0x080064a6        0x2 
 .text._sbrk    0x080064a8       0x1c c:/truestudio for stm32 9.2.0/armtools/bin/../lib/gcc/arm-atollic-eabi/6.3.1/../../../../arm-atollic-eabi/lib/armv7-m\libnosys.a(sbrk.o)
                0x080064a8                _sbrk
 *(.glue_7)
 .glue_7        0x080064c4        0x0 linker stubs
 *(.glue_7t)
 .glue_7t       0x080064c4        0x0 linker stubs
 *(.eh_frame)
 .eh_frame      0x080064c4        0x0 c:/truestudio for stm32 9.2.0/armtools/bin/../lib/gcc/arm-atollic-eabi/6.3.1/armv7-m/crtbegin.o
 *(.init)
 .init          0x080064c4        0x4 c:/truestudio for stm32 9.2.0/armtools/bin/../lib/gcc/arm-atollic-eabi/6.3.1/armv7-m/crti.o
                0x080064c4                _init
 .init          0x080064c8        0x8 c:/truestudio for stm32 9.2.0/armtools/bin/../lib/gcc/arm-atollic-eabi/6.3.1/armv7-m/crtn.o
 *(.fini)
 .fini          0x080064d0        0x4 c:/truestudio for stm32 9.2.0/armtools/bin/../lib/gcc/arm-atollic-eabi/6.3.1/armv7-m/crti.o
                0x080064d0                _fini
 .fini          0x080064d4        0x8 c:/truestudio for stm32 9.2.0/armtools/bin/../lib/gcc/arm-atollic-eabi/6.3.1/armv7-m/crtn.o
                0x080064dc                . = ALIGN (0x4)
                0x080064dc                _etext = .

.vfp11_veneer   0x080064dc        0x0
 .vfp11_veneer  0x080064dc        0x0 linker stubs

.v4_bx          0x080064dc        0x0
 .v4_bx         0x080064dc        0x0 linker stubs

.iplt           0x080064dc        0x0
 .iplt          0x080064dc        0x0 c:/truestudio for stm32 9.2.0/armtools/bin/../lib/gcc/arm-atollic-eabi/6.3.1/armv7-m/crtbegin.o

.rodata         0x080064dc      0x484
                0x080064dc                . = ALIGN (0x4)
 *(.rodata)
 .rodata        0x080064dc       0x10 Drivers\STM32F1xx_HAL_Driver\Src\stm32f1xx_hal_rcc.o
 *(.rodata*)
 .rodata.AddUART_CRC.str1.1
                0x080064ec        0xd Core\Src\digiTOS-Lib\digiTOS-Core.o
 .rodata.CalibSave.str1.1
                0x080064f9        0xe Core\Src\digiTOS-Lib\digiTOS-Core.o
 .rodata.Get_ChipID.str1.1
                0x08006507       0x13 Core\Src\digiTOS-Lib\digiTOS-Core.o
 .rodata.Get_FlashSize.str1.1
                0x0800651a       0x11 Core\Src\digiTOS-Lib\digiTOS-Core.o
 .rodata.Get_Version.str1.1
                0x0800652b       0x16 Core\Src\digiTOS-Lib\digiTOS-Core.o
 .rodata.PrintCurrentState.str1.1
                0x08006541       0x74 Core\Src\digiTOS-Lib\digiTOS-Core.o
 .rodata.main.str1.1
                0x080065b5       0x75 Core\Src\main.o
 .rodata.AHBPrescTable
                0x0800662a       0x10 Core\Src\system_stm32f1xx.o
                0x0800662a                AHBPrescTable
 .rodata.APBPrescTable
                0x0800663a        0x8 Core\Src\system_stm32f1xx.o
                0x0800663a                APBPrescTable
 .rodata.HAL_ADC_PollForConversion.str1.1
                0x08006642       0x38 Drivers\STM32F1xx_HAL_Driver\Src\stm32f1xx_hal_adc.o
 .rodata.HAL_NVIC_SetPriorityGrouping.str1.1
                0x0800667a       0x3b Drivers\STM32F1xx_HAL_Driver\Src\stm32f1xx_hal_cortex.o
 .rodata.HAL_CRC_Init.str1.1
                0x080066b5       0x38 Drivers\STM32F1xx_HAL_Driver\Src\stm32f1xx_hal_crc.o
 .rodata.HAL_DMA_Init.str1.1
                0x080066ed       0x38 Drivers\STM32F1xx_HAL_Driver\Src\stm32f1xx_hal_dma.o
 .rodata.HAL_FLASH_Program_IT.str1.1
                0x08006725       0x3a Drivers\STM32F1xx_HAL_Driver\Src\stm32f1xx_hal_flash.o
 .rodata.FLASH_OB_RDP_LevelConfig.str1.1
                0x0800675f       0x3d Drivers\STM32F1xx_HAL_Driver\Src\stm32f1xx_hal_flash_ex.o
 .rodata.HAL_GPIO_Init.str1.1
                0x0800679c       0x39 Drivers\STM32F1xx_HAL_Driver\Src\stm32f1xx_hal_gpio.o
 .rodata.HAL_IWDG_Init.str1.1
                0x080067d5       0x39 Drivers\STM32F1xx_HAL_Driver\Src\stm32f1xx_hal_iwdg.o
 .rodata.HAL_RCC_OscConfig.str1.1
                0x0800680e       0x38 Drivers\STM32F1xx_HAL_Driver\Src\stm32f1xx_hal_rcc.o
 .rodata.HAL_RCCEx_PeriphCLKConfig.str1.1
                0x08006846       0x3b Drivers\STM32F1xx_HAL_Driver\Src\stm32f1xx_hal_rcc_ex.o
 .rodata.TIM_OC1_SetConfig.str1.1
                0x08006881       0x38 Drivers\STM32F1xx_HAL_Driver\Src\stm32f1xx_hal_tim.o
 .rodata.HAL_TIMEx_HallSensor_Init.str1.1
                0x080068b9       0x3b Drivers\STM32F1xx_HAL_Driver\Src\stm32f1xx_hal_tim_ex.o
 .rodata.UART_SetConfig.str1.1
                0x080068f4       0x39 Drivers\STM32F1xx_HAL_Driver\Src\stm32f1xx_hal_uart.o
 .rodata._svfprintf_r.str1.1
                0x0800692d       0x11 c:/truestudio for stm32 9.2.0/armtools/bin/../lib/gcc/arm-atollic-eabi/6.3.1/../../../../arm-atollic-eabi/lib/armv7-m\libc_nano.a(lib_a-nano-svfprintf.o)
 .rodata._printf_i.str1.1
                0x0800693e       0x22 c:/truestudio for stm32 9.2.0/armtools/bin/../lib/gcc/arm-atollic-eabi/6.3.1/../../../../arm-atollic-eabi/lib/armv7-m\libc_nano.a(lib_a-nano-vfprintf_i.o)
                0x08006960                . = ALIGN (0x4)

.rel.dyn        0x08006960        0x0
 .rel.iplt      0x08006960        0x0 c:/truestudio for stm32 9.2.0/armtools/bin/../lib/gcc/arm-atollic-eabi/6.3.1/armv7-m/crtbegin.o

.ARM.extab
 *(.ARM.extab* .gnu.linkonce.armextab.*)

.ARM            0x08006960        0x0
                0x08006960                __exidx_start = .
 *(.ARM.exidx*)
                0x08006960                __exidx_end = .

.preinit_array  0x08006960        0x0
                0x08006960                PROVIDE (__preinit_array_start, .)
 *(.preinit_array*)
                0x08006960                PROVIDE (__preinit_array_end, .)

.init_array     0x08006960        0x4
                0x08006960                PROVIDE (__init_array_start, .)
 *(SORT(.init_array.*))
 *(.init_array*)
 .init_array    0x08006960        0x4 c:/truestudio for stm32 9.2.0/armtools/bin/../lib/gcc/arm-atollic-eabi/6.3.1/armv7-m/crtbegin.o
                0x08006964                PROVIDE (__init_array_end, .)

.fini_array     0x08006964        0x4
                [!provide]                PROVIDE (__fini_array_start, .)
 *(SORT(.fini_array.*))
 *(.fini_array*)
 .fini_array    0x08006964        0x4 c:/truestudio for stm32 9.2.0/armtools/bin/../lib/gcc/arm-atollic-eabi/6.3.1/armv7-m/crtbegin.o
                [!provide]                PROVIDE (__fini_array_end, .)
                0x08006968                _sidata = LOADADDR (.data)

.data           0x20000000      0x3a8 load address 0x08006968
                0x20000000                . = ALIGN (0x4)
                0x20000000                _sdata = .
 *(.data)
 *(.data*)
 .data.I_Out_Cnt
                0x20000000        0x4 Core\Src\digiTOS-Lib\digiTOS-Configuration.o
                0x20000000                I_Out_Cnt
 .data.I_RATIO  0x20000004        0x4 Core\Src\digiTOS-Lib\digiTOS-Configuration.o
                0x20000004                I_RATIO
 .data.Sin_Amp_ind
                0x20000008       0x10 Core\Src\digiTOS-Lib\digiTOS-Configuration.o
                0x20000008                Sin_Amp_ind
 .data.Sine_Amplitude_1
                0x20000018        0x4 Core\Src\digiTOS-Lib\digiTOS-Configuration.o
                0x20000018                Sine_Amplitude_1
 .data.Sine_Amplitude_2
                0x2000001c        0x4 Core\Src\digiTOS-Lib\digiTOS-Configuration.o
                0x2000001c                Sine_Amplitude_2
 .data.Sine_Amplitude_3
                0x20000020        0x4 Core\Src\digiTOS-Lib\digiTOS-Configuration.o
                0x20000020                Sine_Amplitude_3
 .data.Sine_Amplitude_4
                0x20000024        0x4 Core\Src\digiTOS-Lib\digiTOS-Configuration.o
                0x20000024                Sine_Amplitude_4
 .data.V_1      0x20000028        0x4 Core\Src\digiTOS-Lib\digiTOS-Configuration.o
                0x20000028                V_1
 .data.V_2      0x2000002c        0x4 Core\Src\digiTOS-Lib\digiTOS-Configuration.o
                0x2000002c                V_2
 .data.V_3      0x20000030        0x4 Core\Src\digiTOS-Lib\digiTOS-Configuration.o
                0x20000030                V_3
 .data.V_4      0x20000034        0x4 Core\Src\digiTOS-Lib\digiTOS-Configuration.o
                0x20000034                V_4
 .data.V_Cnt    0x20000038       0x10 Core\Src\digiTOS-Lib\digiTOS-Configuration.o
                0x20000038                V_Cnt
 .data.V_Out_Cnt
                0x20000048        0x4 Core\Src\digiTOS-Lib\digiTOS-Configuration.o
                0x20000048                V_Out_Cnt
 .data.V_RATIO  0x2000004c        0x4 Core\Src\digiTOS-Lib\digiTOS-Configuration.o
                0x2000004c                V_RATIO
 .data.amp1_target
                0x20000050        0x4 Core\Src\digiTOS-Lib\digiTOS-Configuration.o
                0x20000050                amp1_target
 .data.amp2_target
                0x20000054        0x4 Core\Src\digiTOS-Lib\digiTOS-Configuration.o
                0x20000054                amp2_target
 .data.amp3_target
                0x20000058        0x4 Core\Src\digiTOS-Lib\digiTOS-Configuration.o
                0x20000058                amp3_target
 .data.amp4_target
                0x2000005c        0x4 Core\Src\digiTOS-Lib\digiTOS-Configuration.o
                0x2000005c                amp4_target
 .data.sin_data
                0x20000060      0x2d0 Core\Src\digiTOS-Lib\digiTOS-Configuration.o
                0x20000060                sin_data
 .data.EEPROMStoredCnt
                0x20000330        0x2 Core\Src\digiTOS-Lib\digiTOS-Core.o
                0x20000330                EEPROMStoredCnt
 *fill*         0x20000332        0x2 
 .data.huart1_finished_tx
                0x20000334        0x4 Core\Src\digiTOS-Lib\digiTOS-Core.o
                0x20000334                huart1_finished_tx
 .data.SystemCoreClock
                0x20000338        0x4 Core\Src\system_stm32f1xx.o
                0x20000338                SystemCoreClock
 .data.uwTickFreq
                0x2000033c        0x1 Drivers\STM32F1xx_HAL_Driver\Src\stm32f1xx_hal.o
                0x2000033c                uwTickFreq
 *fill*         0x2000033d        0x3 
 .data.uwTickPrio
                0x20000340        0x4 Drivers\STM32F1xx_HAL_Driver\Src\stm32f1xx_hal.o
                0x20000340                uwTickPrio
 .data._impure_ptr
                0x20000344        0x4 c:/truestudio for stm32 9.2.0/armtools/bin/../lib/gcc/arm-atollic-eabi/6.3.1/../../../../arm-atollic-eabi/lib/armv7-m\libc_nano.a(lib_a-impure.o)
                0x20000344                _impure_ptr
 .data.impure_data
                0x20000348       0x60 c:/truestudio for stm32 9.2.0/armtools/bin/../lib/gcc/arm-atollic-eabi/6.3.1/../../../../arm-atollic-eabi/lib/armv7-m\libc_nano.a(lib_a-impure.o)
                0x200003a8                . = ALIGN (0x4)
                0x200003a8                _edata = .

.igot.plt       0x200003a8        0x0 load address 0x08006d10
 .igot.plt      0x200003a8        0x0 c:/truestudio for stm32 9.2.0/armtools/bin/../lib/gcc/arm-atollic-eabi/6.3.1/armv7-m/crtbegin.o
                0x200003a8                . = ALIGN (0x4)

.bss            0x200003a8      0x47c load address 0x08006d10
                0x200003a8                _sbss = .
                0x200003a8                __bss_start__ = _sbss
 *(.bss)
 .bss           0x200003a8       0x1c c:/truestudio for stm32 9.2.0/armtools/bin/../lib/gcc/arm-atollic-eabi/6.3.1/armv7-m/crtbegin.o
 *(.bss*)
 .bss.TempBuffer_Flag
                0x200003c4        0x2 Core\Src\digiTOS-Lib\digiTOS-ADC.o
                0x200003c4                TempBuffer_Flag
 *fill*         0x200003c6        0x2 
 .bss.AMP_BLOCKED
                0x200003c8        0x4 Core\Src\digiTOS-Lib\digiTOS-Configuration.o
                0x200003c8                AMP_BLOCKED
 .bss.AMP_PROTECTION_CNT
                0x200003cc        0x4 Core\Src\digiTOS-Lib\digiTOS-Configuration.o
                0x200003cc                AMP_PROTECTION_CNT
 .bss.AMP_PROTECTION_CNT_BEFORESTART
                0x200003d0        0x4 Core\Src\digiTOS-Lib\digiTOS-Configuration.o
                0x200003d0                AMP_PROTECTION_CNT_BEFORESTART
 .bss.DC_BLOCKED
                0x200003d4        0x4 Core\Src\digiTOS-Lib\digiTOS-Configuration.o
                0x200003d4                DC_BLOCKED
 .bss.DC_Data   0x200003d8        0x4 Core\Src\digiTOS-Lib\digiTOS-Configuration.o
                0x200003d8                DC_Data
 .bss.DC_DataAverage
                0x200003dc        0x4 Core\Src\digiTOS-Lib\digiTOS-Configuration.o
                0x200003dc                DC_DataAverage
 .bss.DC_DataCnt
                0x200003e0        0x4 Core\Src\digiTOS-Lib\digiTOS-Configuration.o
                0x200003e0                DC_DataCnt
 .bss.DC_PROTECTION_CNT
                0x200003e4        0x4 Core\Src\digiTOS-Lib\digiTOS-Configuration.o
                0x200003e4                DC_PROTECTION_CNT
 .bss.DC_PROTECTION_CNT_BEFORESTART
                0x200003e8        0x4 Core\Src\digiTOS-Lib\digiTOS-Configuration.o
                0x200003e8                DC_PROTECTION_CNT_BEFORESTART
 .bss.IOUT_BLOCKED
                0x200003ec        0x4 Core\Src\digiTOS-Lib\digiTOS-Configuration.o
                0x200003ec                IOUT_BLOCKED
 .bss.IOUT_PROTECTION_CNT
                0x200003f0        0x4 Core\Src\digiTOS-Lib\digiTOS-Configuration.o
                0x200003f0                IOUT_PROTECTION_CNT
 .bss.IOUT_PROTECTION_CNT_BEFORESTART
                0x200003f4        0x4 Core\Src\digiTOS-Lib\digiTOS-Configuration.o
                0x200003f4                IOUT_PROTECTION_CNT_BEFORESTART
 .bss.I_Out     0x200003f8        0x4 Core\Src\digiTOS-Lib\digiTOS-Configuration.o
                0x200003f8                I_Out
 *fill*         0x200003fc        0x4 
 .bss.I_Out_RawData
                0x20000400        0x8 Core\Src\digiTOS-Lib\digiTOS-Configuration.o
                0x20000400                I_Out_RawData
 .bss.VOUT_BLOCKED
                0x20000408        0x4 Core\Src\digiTOS-Lib\digiTOS-Configuration.o
                0x20000408                VOUT_BLOCKED
 .bss.VOUT_PROTECTION_CNT
                0x2000040c        0x4 Core\Src\digiTOS-Lib\digiTOS-Configuration.o
                0x2000040c                VOUT_PROTECTION_CNT
 .bss.VOUT_PROTECTION_CNT_BEFORESTART
                0x20000410        0x4 Core\Src\digiTOS-Lib\digiTOS-Configuration.o
                0x20000410                VOUT_PROTECTION_CNT_BEFORESTART
 .bss.V_Out     0x20000414        0x4 Core\Src\digiTOS-Lib\digiTOS-Configuration.o
                0x20000414                V_Out
 .bss.V_Out_RawData
                0x20000418        0x8 Core\Src\digiTOS-Lib\digiTOS-Configuration.o
                0x20000418                V_Out_RawData
 .bss.sinStatus
                0x20000420        0x1 Core\Src\digiTOS-Lib\digiTOS-Configuration.o
                0x20000420                sinStatus
 *fill*         0x20000421        0x1 
 .bss.sin_step  0x20000422        0x2 Core\Src\digiTOS-Lib\digiTOS-Configuration.o
                0x20000422                sin_step
 .bss.BoardStatus
                0x20000424        0x1 Core\Src\digiTOS-Lib\digiTOS-Core.o
                0x20000424                BoardStatus
 *fill*         0x20000425        0x3 
 .bss.CalibMode
                0x20000428        0x4 Core\Src\digiTOS-Lib\digiTOS-Core.o
                0x20000428                CalibMode
 .bss.DC_DataCnt_temp
                0x2000042c        0x4 Core\Src\digiTOS-Lib\digiTOS-Core.o
                0x2000042c                DC_DataCnt_temp
 .bss.DC_Data_temp
                0x20000430        0x4 Core\Src\digiTOS-Lib\digiTOS-Core.o
                0x20000430                DC_Data_temp
 .bss.DevMode1  0x20000434        0x4 Core\Src\digiTOS-Lib\digiTOS-Core.o
                0x20000434                DevMode1
 .bss.EEPROM_CRC
                0x20000438        0x4 Core\Src\digiTOS-Lib\digiTOS-Core.o
                0x20000438                EEPROM_CRC
 .bss.EEPROM_DATA
                0x2000043c        0x8 Core\Src\digiTOS-Lib\digiTOS-Core.o
                0x2000043c                EEPROM_DATA
 .bss.EEPROM_FLAG
                0x20000444        0x4 Core\Src\digiTOS-Lib\digiTOS-Core.o
                0x20000444                EEPROM_FLAG
 .bss.FaultWaitCnt
                0x20000448        0x4 Core\Src\digiTOS-Lib\digiTOS-Core.o
                0x20000448                FaultWaitCnt
 .bss.I_Out_Cnt_temp
                0x2000044c        0x4 Core\Src\digiTOS-Lib\digiTOS-Core.o
                0x2000044c                I_Out_Cnt_temp
 .bss.I_Out_RawData_temp
                0x20000450        0x4 Core\Src\digiTOS-Lib\digiTOS-Core.o
                0x20000450                I_Out_RawData_temp
 .bss.RstCnt    0x20000454        0x4 Core\Src\digiTOS-Lib\digiTOS-Core.o
                0x20000454                RstCnt
 .bss.SinWave   0x20000458        0x1 Core\Src\digiTOS-Lib\digiTOS-Core.o
                0x20000458                SinWave
 *fill*         0x20000459        0x1 
 .bss.UpdateAmp_FLAG
                0x2000045a        0x2 Core\Src\digiTOS-Lib\digiTOS-Core.o
                0x2000045a                UpdateAmp_FLAG
 .bss.V_1_temp  0x2000045c        0x4 Core\Src\digiTOS-Lib\digiTOS-Core.o
                0x2000045c                V_1_temp
 .bss.V_2_temp  0x20000460        0x4 Core\Src\digiTOS-Lib\digiTOS-Core.o
                0x20000460                V_2_temp
 .bss.V_3_temp  0x20000464        0x4 Core\Src\digiTOS-Lib\digiTOS-Core.o
                0x20000464                V_3_temp
 .bss.V_4_temp  0x20000468        0x4 Core\Src\digiTOS-Lib\digiTOS-Core.o
                0x20000468                V_4_temp
 .bss.V_Out_Cnt_temp
                0x2000046c        0x4 Core\Src\digiTOS-Lib\digiTOS-Core.o
                0x2000046c                V_Out_Cnt_temp
 .bss.V_Out_RawData_temp
                0x20000470        0x4 Core\Src\digiTOS-Lib\digiTOS-Core.o
                0x20000470                V_Out_RawData_temp
 .bss.Vcnt_1_temp
                0x20000474        0x4 Core\Src\digiTOS-Lib\digiTOS-Core.o
                0x20000474                Vcnt_1_temp
 .bss.Vcnt_2_temp
                0x20000478        0x4 Core\Src\digiTOS-Lib\digiTOS-Core.o
                0x20000478                Vcnt_2_temp
 .bss.Vcnt_3_temp
                0x2000047c        0x4 Core\Src\digiTOS-Lib\digiTOS-Core.o
                0x2000047c                Vcnt_3_temp
 .bss.Vcnt_4_temp
                0x20000480        0x4 Core\Src\digiTOS-Lib\digiTOS-Core.o
                0x20000480                Vcnt_4_temp
 .bss.__malloc_free_list
                0x20000484        0x4 c:/truestudio for stm32 9.2.0/armtools/bin/../lib/gcc/arm-atollic-eabi/6.3.1/../../../../arm-atollic-eabi/lib/armv7-m\libc_nano.a(lib_a-nano-mallocr.o)
                0x20000484                __malloc_free_list
 .bss.__malloc_sbrk_start
                0x20000488        0x4 c:/truestudio for stm32 9.2.0/armtools/bin/../lib/gcc/arm-atollic-eabi/6.3.1/../../../../arm-atollic-eabi/lib/armv7-m\libc_nano.a(lib_a-nano-mallocr.o)
                0x20000488                __malloc_sbrk_start
 .bss.heap_end.4116
                0x2000048c        0x4 c:/truestudio for stm32 9.2.0/armtools/bin/../lib/gcc/arm-atollic-eabi/6.3.1/../../../../arm-atollic-eabi/lib/armv7-m\libnosys.a(sbrk.o)
 *(COMMON)
 COMMON         0x20000490       0x74 Core\Src\adc.o
                0x20000490                hadc1
                0x200004c0                hdma_adc1
 COMMON         0x20000504        0x8 Core\Src\crc.o
                0x20000504                hcrc
 COMMON         0x2000050c       0x12 Core\Src\digiTOS-Lib\digiTOS-Configuration.o
                0x2000050c                ADC_Cnt
                0x20000518                ADC_Data
 *fill*         0x2000051e        0x2 
 COMMON         0x20000520      0x120 Core\Src\digiTOS-Lib\digiTOS-Core.o
                0x20000520                CALIB_V
                0x2000053c                CALIB_I
                0x20000558                uart_buff
                0x200005bc                DevModeKey
                0x200005d8                crc_buff
                0x200005ec                CALIB_MODE
                0x20000608                FaultFlag
                0x20000624                DevModeKey2
 COMMON         0x20000640       0x28 Core\Src\digiTOS-Lib\eeprom.o
                0x20000640                EEPROMPageBackup
 COMMON         0x20000668        0xc Core\Src\iwdg.o
                0x20000668                hiwdg
 COMMON         0x20000674      0x100 Core\Src\tim.o
                0x20000674                htim4
                0x200006b4                htim3
                0x200006f4                htim1
                0x20000734                htim2
 COMMON         0x20000774       0x84 Core\Src\usart.o
                0x20000774                hdma_usart1_tx
                0x200007b8                huart1
 COMMON         0x200007f8        0x4 Drivers\STM32F1xx_HAL_Driver\Src\stm32f1xx_hal.o
                0x200007f8                uwTick
 *fill*         0x200007fc        0x4 
 COMMON         0x20000800       0x20 Drivers\STM32F1xx_HAL_Driver\Src\stm32f1xx_hal_flash.o
                0x20000800                pFlash
 COMMON         0x20000820        0x4 c:/truestudio for stm32 9.2.0/armtools/bin/../lib/gcc/arm-atollic-eabi/6.3.1/../../../../arm-atollic-eabi/lib/armv7-m\libc_nano.a(lib_a-reent.o)
                0x20000820                errno
                0x20000824                . = ALIGN (0x4)
                0x20000824                _ebss = .
                0x20000824                __bss_end__ = _ebss

._user_heap_stack
                0x20000824      0x600 load address 0x08006d10
                0x20000824                . = ALIGN (0x4)
                0x20000824                PROVIDE (end, .)
                [!provide]                PROVIDE (_end, .)
                0x20000a24                . = (. + _Min_Heap_Size)
 *fill*         0x20000824      0x200 
                0x20000e24                . = (. + _Min_Stack_Size)
 *fill*         0x20000a24      0x400 
                0x20000e24                . = ALIGN (0x4)

/DISCARD/
 libc.a(*)
 libm.a(*)
 libgcc.a(*)

.ARM.attributes
                0x00000000       0x29
 *(.ARM.attributes)
 .ARM.attributes
                0x00000000       0x1d c:/truestudio for stm32 9.2.0/armtools/bin/../lib/gcc/arm-atollic-eabi/6.3.1/armv7-m/crti.o
 .ARM.attributes
                0x0000001d       0x2d c:/truestudio for stm32 9.2.0/armtools/bin/../lib/gcc/arm-atollic-eabi/6.3.1/armv7-m/crtbegin.o
 .ARM.attributes
                0x0000004a       0x33 Core\Src\adc.o
 .ARM.attributes
                0x0000007d       0x33 Core\Src\crc.o
 .ARM.attributes
                0x000000b0       0x33 Core\Src\digiTOS-Lib\digiTOS-ADC.o
 .ARM.attributes
                0x000000e3       0x33 Core\Src\digiTOS-Lib\digiTOS-Configuration.o
 .ARM.attributes
                0x00000116       0x33 Core\Src\digiTOS-Lib\digiTOS-Core.o
 .ARM.attributes
                0x00000149       0x33 Core\Src\digiTOS-Lib\digiTOS-Generator.o
 .ARM.attributes
                0x0000017c       0x33 Core\Src\digiTOS-Lib\digiTOS-IWDG.o
 .ARM.attributes
                0x000001af       0x33 Core\Src\digiTOS-Lib\digiTOS-Sinus.o
 .ARM.attributes
                0x000001e2       0x33 Core\Src\digiTOS-Lib\eeprom.o
 .ARM.attributes
                0x00000215       0x33 Core\Src\digiTOS-Lib\stm32f0xx_hal_buttons.o
 .ARM.attributes
                0x00000248       0x33 Core\Src\dma.o
 .ARM.attributes
                0x0000027b       0x33 Core\Src\gpio.o
 .ARM.attributes
                0x000002ae       0x33 Core\Src\iwdg.o
 .ARM.attributes
                0x000002e1       0x33 Core\Src\main.o
 .ARM.attributes
                0x00000314       0x33 Core\Src\stm32f1xx_hal_msp.o
 .ARM.attributes
                0x00000347       0x33 Core\Src\stm32f1xx_it.o
 .ARM.attributes
                0x0000037a       0x33 Core\Src\system_stm32f1xx.o
 .ARM.attributes
                0x000003ad       0x33 Core\Src\tim.o
 .ARM.attributes
                0x000003e0       0x33 Core\Src\usart.o
 .ARM.attributes
                0x00000413       0x33 Drivers\STM32F1xx_HAL_Driver\Src\stm32f1xx_hal.o
 .ARM.attributes
                0x00000446       0x33 Drivers\STM32F1xx_HAL_Driver\Src\stm32f1xx_hal_adc.o
 .ARM.attributes
                0x00000479       0x33 Drivers\STM32F1xx_HAL_Driver\Src\stm32f1xx_hal_adc_ex.o
 .ARM.attributes
                0x000004ac       0x33 Drivers\STM32F1xx_HAL_Driver\Src\stm32f1xx_hal_cortex.o
 .ARM.attributes
                0x000004df       0x33 Drivers\STM32F1xx_HAL_Driver\Src\stm32f1xx_hal_crc.o
 .ARM.attributes
                0x00000512       0x33 Drivers\STM32F1xx_HAL_Driver\Src\stm32f1xx_hal_dma.o
 .ARM.attributes
                0x00000545       0x33 Drivers\STM32F1xx_HAL_Driver\Src\stm32f1xx_hal_flash.o
 .ARM.attributes
                0x00000578       0x33 Drivers\STM32F1xx_HAL_Driver\Src\stm32f1xx_hal_flash_ex.o
 .ARM.attributes
                0x000005ab       0x33 Drivers\STM32F1xx_HAL_Driver\Src\stm32f1xx_hal_gpio.o
 .ARM.attributes
                0x000005de       0x33 Drivers\STM32F1xx_HAL_Driver\Src\stm32f1xx_hal_iwdg.o
 .ARM.attributes
                0x00000611       0x33 Drivers\STM32F1xx_HAL_Driver\Src\stm32f1xx_hal_pwr.o
 .ARM.attributes
                0x00000644       0x33 Drivers\STM32F1xx_HAL_Driver\Src\stm32f1xx_hal_rcc.o
 .ARM.attributes
                0x00000677       0x33 Drivers\STM32F1xx_HAL_Driver\Src\stm32f1xx_hal_rcc_ex.o
 .ARM.attributes
                0x000006aa       0x33 Drivers\STM32F1xx_HAL_Driver\Src\stm32f1xx_hal_tim.o
 .ARM.attributes
                0x000006dd       0x33 Drivers\STM32F1xx_HAL_Driver\Src\stm32f1xx_hal_tim_ex.o
 .ARM.attributes
                0x00000710       0x33 Drivers\STM32F1xx_HAL_Driver\Src\stm32f1xx_hal_uart.o
 .ARM.attributes
                0x00000743       0x21 startup\startup_stm32f103xb.o
 .ARM.attributes
                0x00000764       0x2d c:/truestudio for stm32 9.2.0/armtools/bin/../lib/gcc/arm-atollic-eabi/6.3.1/../../../../arm-atollic-eabi/lib/armv7-m\libc_nano.a(lib_a-init.o)
 .ARM.attributes
                0x00000791       0x2d c:/truestudio for stm32 9.2.0/armtools/bin/../lib/gcc/arm-atollic-eabi/6.3.1/../../../../arm-atollic-eabi/lib/armv7-m\libc_nano.a(lib_a-memset.o)
 .ARM.attributes
                0x000007be       0x2d c:/truestudio for stm32 9.2.0/armtools/bin/../lib/gcc/arm-atollic-eabi/6.3.1/../../../../arm-atollic-eabi/lib/armv7-m\libc_nano.a(lib_a-sprintf.o)
 .ARM.attributes
                0x000007eb       0x2d c:/truestudio for stm32 9.2.0/armtools/bin/../lib/gcc/arm-atollic-eabi/6.3.1/../../../../arm-atollic-eabi/lib/armv7-m\libc_nano.a(lib_a-strcat.o)
 .ARM.attributes
                0x00000818       0x2d c:/truestudio for stm32 9.2.0/armtools/bin/../lib/gcc/arm-atollic-eabi/6.3.1/../../../../arm-atollic-eabi/lib/armv7-m\libc_nano.a(lib_a-strcpy.o)
 .ARM.attributes
                0x00000845       0x2d c:/truestudio for stm32 9.2.0/armtools/bin/../lib/gcc/arm-atollic-eabi/6.3.1/../../../../arm-atollic-eabi/lib/armv7-m\libc_nano.a(lib_a-impure.o)
 .ARM.attributes
                0x00000872       0x2d c:/truestudio for stm32 9.2.0/armtools/bin/../lib/gcc/arm-atollic-eabi/6.3.1/../../../../arm-atollic-eabi/lib/armv7-m\libc_nano.a(lib_a-nano-svfprintf.o)
 .ARM.attributes
                0x0000089f       0x2d c:/truestudio for stm32 9.2.0/armtools/bin/../lib/gcc/arm-atollic-eabi/6.3.1/../../../../arm-atollic-eabi/lib/armv7-m\libc_nano.a(lib_a-nano-vfprintf_i.o)
 .ARM.attributes
                0x000008cc       0x2d c:/truestudio for stm32 9.2.0/armtools/bin/../lib/gcc/arm-atollic-eabi/6.3.1/../../../../arm-atollic-eabi/lib/armv7-m\libc_nano.a(lib_a-memchr-stub.o)
 .ARM.attributes
                0x000008f9       0x2d c:/truestudio for stm32 9.2.0/armtools/bin/../lib/gcc/arm-atollic-eabi/6.3.1/../../../../arm-atollic-eabi/lib/armv7-m\libc_nano.a(lib_a-memcpy-stub.o)
 .ARM.attributes
                0x00000926       0x2d c:/truestudio for stm32 9.2.0/armtools/bin/../lib/gcc/arm-atollic-eabi/6.3.1/../../../../arm-atollic-eabi/lib/armv7-m\libc_nano.a(lib_a-memmove.o)
 .ARM.attributes
                0x00000953       0x2d c:/truestudio for stm32 9.2.0/armtools/bin/../lib/gcc/arm-atollic-eabi/6.3.1/../../../../arm-atollic-eabi/lib/armv7-m\libc_nano.a(lib_a-nano-freer.o)
 .ARM.attributes
                0x00000980       0x2d c:/truestudio for stm32 9.2.0/armtools/bin/../lib/gcc/arm-atollic-eabi/6.3.1/../../../../arm-atollic-eabi/lib/armv7-m\libc_nano.a(lib_a-nano-mallocr.o)
 .ARM.attributes
                0x000009ad       0x2d c:/truestudio for stm32 9.2.0/armtools/bin/../lib/gcc/arm-atollic-eabi/6.3.1/../../../../arm-atollic-eabi/lib/armv7-m\libc_nano.a(lib_a-nano-reallocr.o)
 .ARM.attributes
                0x000009da       0x2d c:/truestudio for stm32 9.2.0/armtools/bin/../lib/gcc/arm-atollic-eabi/6.3.1/../../../../arm-atollic-eabi/lib/armv7-m\libc_nano.a(lib_a-sbrkr.o)
 .ARM.attributes
                0x00000a07       0x2d c:/truestudio for stm32 9.2.0/armtools/bin/../lib/gcc/arm-atollic-eabi/6.3.1/../../../../arm-atollic-eabi/lib/armv7-m\libc_nano.a(lib_a-mlock.o)
 .ARM.attributes
                0x00000a34       0x2d c:/truestudio for stm32 9.2.0/armtools/bin/../lib/gcc/arm-atollic-eabi/6.3.1/../../../../arm-atollic-eabi/lib/armv7-m\libc_nano.a(lib_a-nano-msizer.o)
 .ARM.attributes
                0x00000a61       0x2d c:/truestudio for stm32 9.2.0/armtools/bin/../lib/gcc/arm-atollic-eabi/6.3.1/../../../../arm-atollic-eabi/lib/armv7-m\libc_nano.a(lib_a-reent.o)
 .ARM.attributes
                0x00000a8e       0x1d c:/truestudio for stm32 9.2.0/armtools/bin/../lib/gcc/arm-atollic-eabi/6.3.1/armv7-m\libgcc.a(_lshrdi3.o)
 .ARM.attributes
                0x00000aab       0x1d c:/truestudio for stm32 9.2.0/armtools/bin/../lib/gcc/arm-atollic-eabi/6.3.1/armv7-m\libgcc.a(_arm_addsubsf3.o)
 .ARM.attributes
                0x00000ac8       0x1d c:/truestudio for stm32 9.2.0/armtools/bin/../lib/gcc/arm-atollic-eabi/6.3.1/armv7-m\libgcc.a(_arm_muldivsf3.o)
 .ARM.attributes
                0x00000ae5       0x1d c:/truestudio for stm32 9.2.0/armtools/bin/../lib/gcc/arm-atollic-eabi/6.3.1/armv7-m\libgcc.a(_arm_cmpsf2.o)
 .ARM.attributes
                0x00000b02       0x1d c:/truestudio for stm32 9.2.0/armtools/bin/../lib/gcc/arm-atollic-eabi/6.3.1/armv7-m\libgcc.a(_arm_fixunssfsi.o)
 .ARM.attributes
                0x00000b1f       0x2d c:/truestudio for stm32 9.2.0/armtools/bin/../lib/gcc/arm-atollic-eabi/6.3.1/../../../../arm-atollic-eabi/lib/armv7-m\libnosys.a(sbrk.o)
 .ARM.attributes
                0x00000b4c       0x1d c:/truestudio for stm32 9.2.0/armtools/bin/../lib/gcc/arm-atollic-eabi/6.3.1/armv7-m/crtn.o
OUTPUT(digiTOS-COMOD-SinBoard-CODE.elf elf32-littlearm)

.debug_info     0x00000000    0x2dfea
 .debug_info    0x00000000     0x1315 Core\Src\adc.o
 .debug_info    0x00001315      0xc0b Core\Src\crc.o
 .debug_info    0x00001f20     0x18eb Core\Src\digiTOS-Lib\digiTOS-ADC.o
 .debug_info    0x0000380b      0xe59 Core\Src\digiTOS-Lib\digiTOS-Configuration.o
 .debug_info    0x00004664     0x1f91 Core\Src\digiTOS-Lib\digiTOS-Core.o
 .debug_info    0x000065f5     0x1ad6 Core\Src\digiTOS-Lib\digiTOS-Generator.o
 .debug_info    0x000080cb      0xb1d Core\Src\digiTOS-Lib\digiTOS-IWDG.o
 .debug_info    0x00008be8     0x16c9 Core\Src\digiTOS-Lib\digiTOS-Sinus.o
 .debug_info    0x0000a2b1      0xcfe Core\Src\digiTOS-Lib\eeprom.o
 .debug_info    0x0000afaf      0xcec Core\Src\digiTOS-Lib\stm32f0xx_hal_buttons.o
 .debug_info    0x0000bc9b      0xbf8 Core\Src\dma.o
 .debug_info    0x0000c893      0xc71 Core\Src\gpio.o
 .debug_info    0x0000d504      0xaa8 Core\Src\iwdg.o
 .debug_info    0x0000dfac     0x242c Core\Src\main.o
 .debug_info    0x000103d8      0xcea Core\Src\stm32f1xx_hal_msp.o
 .debug_info    0x000110c2     0x1dcb Core\Src\stm32f1xx_it.o
 .debug_info    0x00012e8d      0xc4d Core\Src\system_stm32f1xx.o
 .debug_info    0x00013ada     0x1a7f Core\Src\tim.o
 .debug_info    0x00015559     0x1303 Core\Src\usart.o
 .debug_info    0x0001685c      0xff2 Drivers\STM32F1xx_HAL_Driver\Src\stm32f1xx_hal.o
 .debug_info    0x0001784e     0x1a63 Drivers\STM32F1xx_HAL_Driver\Src\stm32f1xx_hal_adc.o
 .debug_info    0x000192b1     0x1662 Drivers\STM32F1xx_HAL_Driver\Src\stm32f1xx_hal_adc_ex.o
 .debug_info    0x0001a913     0x1604 Drivers\STM32F1xx_HAL_Driver\Src\stm32f1xx_hal_cortex.o
 .debug_info    0x0001bf17      0xca1 Drivers\STM32F1xx_HAL_Driver\Src\stm32f1xx_hal_crc.o
 .debug_info    0x0001cbb8     0x1194 Drivers\STM32F1xx_HAL_Driver\Src\stm32f1xx_hal_dma.o
 .debug_info    0x0001dd4c      0xf6f Drivers\STM32F1xx_HAL_Driver\Src\stm32f1xx_hal_flash.o
 .debug_info    0x0001ecbb     0x155c Drivers\STM32F1xx_HAL_Driver\Src\stm32f1xx_hal_flash_ex.o
 .debug_info    0x00020217     0x10b7 Drivers\STM32F1xx_HAL_Driver\Src\stm32f1xx_hal_gpio.o
 .debug_info    0x000212ce      0xb50 Drivers\STM32F1xx_HAL_Driver\Src\stm32f1xx_hal_iwdg.o
 .debug_info    0x00021e1e     0x1076 Drivers\STM32F1xx_HAL_Driver\Src\stm32f1xx_hal_pwr.o
 .debug_info    0x00022e94     0x1513 Drivers\STM32F1xx_HAL_Driver\Src\stm32f1xx_hal_rcc.o
 .debug_info    0x000243a7      0xd3c Drivers\STM32F1xx_HAL_Driver\Src\stm32f1xx_hal_rcc_ex.o
 .debug_info    0x000250e3     0x4cf4 Drivers\STM32F1xx_HAL_Driver\Src\stm32f1xx_hal_tim.o
 .debug_info    0x00029dd7     0x20db Drivers\STM32F1xx_HAL_Driver\Src\stm32f1xx_hal_tim_ex.o
 .debug_info    0x0002beb2     0x2097 Drivers\STM32F1xx_HAL_Driver\Src\stm32f1xx_hal_uart.o
 .debug_info    0x0002df49       0xa1 startup\startup_stm32f103xb.o

.debug_abbrev   0x00000000     0x5ba6
 .debug_abbrev  0x00000000      0x248 Core\Src\adc.o
 .debug_abbrev  0x00000248      0x20b Core\Src\crc.o
 .debug_abbrev  0x00000453      0x35c Core\Src\digiTOS-Lib\digiTOS-ADC.o
 .debug_abbrev  0x000007af      0x1b1 Core\Src\digiTOS-Lib\digiTOS-Configuration.o
 .debug_abbrev  0x00000960      0x3a6 Core\Src\digiTOS-Lib\digiTOS-Core.o
 .debug_abbrev  0x00000d06      0x220 Core\Src\digiTOS-Lib\digiTOS-Generator.o
 .debug_abbrev  0x00000f26      0x1bd Core\Src\digiTOS-Lib\digiTOS-IWDG.o
 .debug_abbrev  0x000010e3      0x261 Core\Src\digiTOS-Lib\digiTOS-Sinus.o
 .debug_abbrev  0x00001344      0x23c Core\Src\digiTOS-Lib\eeprom.o
 .debug_abbrev  0x00001580      0x29d Core\Src\digiTOS-Lib\stm32f0xx_hal_buttons.o
 .debug_abbrev  0x0000181d      0x1f5 Core\Src\dma.o
 .debug_abbrev  0x00001a12      0x1f9 Core\Src\gpio.o
 .debug_abbrev  0x00001c0b      0x1e4 Core\Src\iwdg.o
 .debug_abbrev  0x00001def      0x297 Core\Src\main.o
 .debug_abbrev  0x00002086      0x200 Core\Src\stm32f1xx_hal_msp.o
 .debug_abbrev  0x00002286      0x2ad Core\Src\stm32f1xx_it.o
 .debug_abbrev  0x00002533      0x1eb Core\Src\system_stm32f1xx.o
 .debug_abbrev  0x0000271e      0x2a9 Core\Src\tim.o
 .debug_abbrev  0x000029c7      0x265 Core\Src\usart.o
 .debug_abbrev  0x00002c2c      0x315 Drivers\STM32F1xx_HAL_Driver\Src\stm32f1xx_hal.o
 .debug_abbrev  0x00002f41      0x2ec Drivers\STM32F1xx_HAL_Driver\Src\stm32f1xx_hal_adc.o
 .debug_abbrev  0x0000322d      0x296 Drivers\STM32F1xx_HAL_Driver\Src\stm32f1xx_hal_adc_ex.o
 .debug_abbrev  0x000034c3      0x3b2 Drivers\STM32F1xx_HAL_Driver\Src\stm32f1xx_hal_cortex.o
 .debug_abbrev  0x00003875      0x27a Drivers\STM32F1xx_HAL_Driver\Src\stm32f1xx_hal_crc.o
 .debug_abbrev  0x00003aef      0x2b8 Drivers\STM32F1xx_HAL_Driver\Src\stm32f1xx_hal_dma.o
 .debug_abbrev  0x00003da7      0x355 Drivers\STM32F1xx_HAL_Driver\Src\stm32f1xx_hal_flash.o
 .debug_abbrev  0x000040fc      0x356 Drivers\STM32F1xx_HAL_Driver\Src\stm32f1xx_hal_flash_ex.o
 .debug_abbrev  0x00004452      0x2ae Drivers\STM32F1xx_HAL_Driver\Src\stm32f1xx_hal_gpio.o
 .debug_abbrev  0x00004700      0x1fd Drivers\STM32F1xx_HAL_Driver\Src\stm32f1xx_hal_iwdg.o
 .debug_abbrev  0x000048fd      0x2b2 Drivers\STM32F1xx_HAL_Driver\Src\stm32f1xx_hal_pwr.o
 .debug_abbrev  0x00004baf      0x358 Drivers\STM32F1xx_HAL_Driver\Src\stm32f1xx_hal_rcc.o
 .debug_abbrev  0x00004f07      0x29d Drivers\STM32F1xx_HAL_Driver\Src\stm32f1xx_hal_rcc_ex.o
 .debug_abbrev  0x000051a4      0x39f Drivers\STM32F1xx_HAL_Driver\Src\stm32f1xx_hal_tim.o
 .debug_abbrev  0x00005543      0x2ed Drivers\STM32F1xx_HAL_Driver\Src\stm32f1xx_hal_tim_ex.o
 .debug_abbrev  0x00005830      0x364 Drivers\STM32F1xx_HAL_Driver\Src\stm32f1xx_hal_uart.o
 .debug_abbrev  0x00005b94       0x12 startup\startup_stm32f103xb.o

.debug_loc      0x00000000     0x8e6b
 .debug_loc     0x00000000       0x63 Core\Src\adc.o
 .debug_loc     0x00000063      0x32f Core\Src\digiTOS-Lib\digiTOS-ADC.o
 .debug_loc     0x00000392      0x405 Core\Src\digiTOS-Lib\digiTOS-Core.o
 .debug_loc     0x00000797       0x77 Core\Src\digiTOS-Lib\digiTOS-IWDG.o
 .debug_loc     0x0000080e       0x31 Core\Src\digiTOS-Lib\digiTOS-Sinus.o
 .debug_loc     0x0000083f      0x21e Core\Src\digiTOS-Lib\eeprom.o
 .debug_loc     0x00000a5d      0x12d Core\Src\digiTOS-Lib\stm32f0xx_hal_buttons.o
 .debug_loc     0x00000b8a       0xcd Core\Src\system_stm32f1xx.o
 .debug_loc     0x00000c57      0x149 Core\Src\tim.o
 .debug_loc     0x00000da0       0x93 Core\Src\usart.o
 .debug_loc     0x00000e33       0xf3 Drivers\STM32F1xx_HAL_Driver\Src\stm32f1xx_hal.o
 .debug_loc     0x00000f26      0x858 Drivers\STM32F1xx_HAL_Driver\Src\stm32f1xx_hal_adc.o
 .debug_loc     0x0000177e      0x638 Drivers\STM32F1xx_HAL_Driver\Src\stm32f1xx_hal_adc_ex.o
 .debug_loc     0x00001db6      0x513 Drivers\STM32F1xx_HAL_Driver\Src\stm32f1xx_hal_cortex.o
 .debug_loc     0x000022c9      0x209 Drivers\STM32F1xx_HAL_Driver\Src\stm32f1xx_hal_crc.o
 .debug_loc     0x000024d2      0x676 Drivers\STM32F1xx_HAL_Driver\Src\stm32f1xx_hal_dma.o
 .debug_loc     0x00002b48      0x357 Drivers\STM32F1xx_HAL_Driver\Src\stm32f1xx_hal_flash.o
 .debug_loc     0x00002e9f      0x786 Drivers\STM32F1xx_HAL_Driver\Src\stm32f1xx_hal_flash_ex.o
 .debug_loc     0x00003625      0x449 Drivers\STM32F1xx_HAL_Driver\Src\stm32f1xx_hal_gpio.o
 .debug_loc     0x00003a6e       0x76 Drivers\STM32F1xx_HAL_Driver\Src\stm32f1xx_hal_iwdg.o
 .debug_loc     0x00003ae4      0x12b Drivers\STM32F1xx_HAL_Driver\Src\stm32f1xx_hal_pwr.o
 .debug_loc     0x00003c0f      0x4d6 Drivers\STM32F1xx_HAL_Driver\Src\stm32f1xx_hal_rcc.o
 .debug_loc     0x000040e5      0x287 Drivers\STM32F1xx_HAL_Driver\Src\stm32f1xx_hal_rcc_ex.o
 .debug_loc     0x0000436c     0x2c7a Drivers\STM32F1xx_HAL_Driver\Src\stm32f1xx_hal_tim.o
 .debug_loc     0x00006fe6      0xb6e Drivers\STM32F1xx_HAL_Driver\Src\stm32f1xx_hal_tim_ex.o
 .debug_loc     0x00007b54     0x1317 Drivers\STM32F1xx_HAL_Driver\Src\stm32f1xx_hal_uart.o

.debug_aranges  0x00000000     0x1090
 .debug_aranges
                0x00000000       0x30 Core\Src\adc.o
 .debug_aranges
                0x00000030       0x30 Core\Src\crc.o
 .debug_aranges
                0x00000060       0x78 Core\Src\digiTOS-Lib\digiTOS-ADC.o
 .debug_aranges
                0x000000d8       0x18 Core\Src\digiTOS-Lib\digiTOS-Configuration.o
 .debug_aranges
                0x000000f0       0xc8 Core\Src\digiTOS-Lib\digiTOS-Core.o
 .debug_aranges
                0x000001b8       0xb0 Core\Src\digiTOS-Lib\digiTOS-Generator.o
 .debug_aranges
                0x00000268       0x20 Core\Src\digiTOS-Lib\digiTOS-IWDG.o
 .debug_aranges
                0x00000288       0x40 Core\Src\digiTOS-Lib\digiTOS-Sinus.o
 .debug_aranges
                0x000002c8       0x40 Core\Src\digiTOS-Lib\eeprom.o
 .debug_aranges
                0x00000308       0x40 Core\Src\digiTOS-Lib\stm32f0xx_hal_buttons.o
 .debug_aranges
                0x00000348       0x20 Core\Src\dma.o
 .debug_aranges
                0x00000368       0x20 Core\Src\gpio.o
 .debug_aranges
                0x00000388       0x20 Core\Src\iwdg.o
 .debug_aranges
                0x000003a8       0x38 Core\Src\main.o
 .debug_aranges
                0x000003e0       0x20 Core\Src\stm32f1xx_hal_msp.o
 .debug_aranges
                0x00000400       0xa0 Core\Src\stm32f1xx_it.o
 .debug_aranges
                0x000004a0       0x28 Core\Src\system_stm32f1xx.o
 .debug_aranges
                0x000004c8       0x50 Core\Src\tim.o
 .debug_aranges
                0x00000518       0x30 Core\Src\usart.o
 .debug_aranges
                0x00000548       0xc8 Drivers\STM32F1xx_HAL_Driver\Src\stm32f1xx_hal.o
 .debug_aranges
                0x00000610       0xc8 Drivers\STM32F1xx_HAL_Driver\Src\stm32f1xx_hal_adc.o
 .debug_aranges
                0x000006d8       0x80 Drivers\STM32F1xx_HAL_Driver\Src\stm32f1xx_hal_adc_ex.o
 .debug_aranges
                0x00000758       0x90 Drivers\STM32F1xx_HAL_Driver\Src\stm32f1xx_hal_cortex.o
 .debug_aranges
                0x000007e8       0x48 Drivers\STM32F1xx_HAL_Driver\Src\stm32f1xx_hal_crc.o
 .debug_aranges
                0x00000830       0x78 Drivers\STM32F1xx_HAL_Driver\Src\stm32f1xx_hal_dma.o
 .debug_aranges
                0x000008a8       0x78 Drivers\STM32F1xx_HAL_Driver\Src\stm32f1xx_hal_flash.o
 .debug_aranges
                0x00000920       0x58 Drivers\STM32F1xx_HAL_Driver\Src\stm32f1xx_hal_flash_ex.o
 .debug_aranges
                0x00000978       0x58 Drivers\STM32F1xx_HAL_Driver\Src\stm32f1xx_hal_gpio.o
 .debug_aranges
                0x000009d0       0x28 Drivers\STM32F1xx_HAL_Driver\Src\stm32f1xx_hal_iwdg.o
 .debug_aranges
                0x000009f8       0xa8 Drivers\STM32F1xx_HAL_Driver\Src\stm32f1xx_hal_pwr.o
 .debug_aranges
                0x00000aa0       0x88 Drivers\STM32F1xx_HAL_Driver\Src\stm32f1xx_hal_rcc.o
 .debug_aranges
                0x00000b28       0x30 Drivers\STM32F1xx_HAL_Driver\Src\stm32f1xx_hal_rcc_ex.o
 .debug_aranges
                0x00000b58      0x280 Drivers\STM32F1xx_HAL_Driver\Src\stm32f1xx_hal_tim.o
 .debug_aranges
                0x00000dd8      0x120 Drivers\STM32F1xx_HAL_Driver\Src\stm32f1xx_hal_tim_ex.o
 .debug_aranges
                0x00000ef8      0x170 Drivers\STM32F1xx_HAL_Driver\Src\stm32f1xx_hal_uart.o
 .debug_aranges
                0x00001068       0x28 startup\startup_stm32f103xb.o

.debug_ranges   0x00000000     0x1470
 .debug_ranges  0x00000000       0x58 Core\Src\adc.o
 .debug_ranges  0x00000058       0x20 Core\Src\crc.o
 .debug_ranges  0x00000078       0x80 Core\Src\digiTOS-Lib\digiTOS-ADC.o
 .debug_ranges  0x000000f8       0xb8 Core\Src\digiTOS-Lib\digiTOS-Core.o
 .debug_ranges  0x000001b0       0xa0 Core\Src\digiTOS-Lib\digiTOS-Generator.o
 .debug_ranges  0x00000250       0x10 Core\Src\digiTOS-Lib\digiTOS-IWDG.o
 .debug_ranges  0x00000260       0x30 Core\Src\digiTOS-Lib\digiTOS-Sinus.o
 .debug_ranges  0x00000290       0x80 Core\Src\digiTOS-Lib\eeprom.o
 .debug_ranges  0x00000310       0x48 Core\Src\digiTOS-Lib\stm32f0xx_hal_buttons.o
 .debug_ranges  0x00000358       0x40 Core\Src\dma.o
 .debug_ranges  0x00000398       0x88 Core\Src\gpio.o
 .debug_ranges  0x00000420       0x10 Core\Src\iwdg.o
 .debug_ranges  0x00000430       0x28 Core\Src\main.o
 .debug_ranges  0x00000458       0x30 Core\Src\stm32f1xx_hal_msp.o
 .debug_ranges  0x00000488       0x90 Core\Src\stm32f1xx_it.o
 .debug_ranges  0x00000518       0x18 Core\Src\system_stm32f1xx.o
 .debug_ranges  0x00000530      0x138 Core\Src\tim.o
 .debug_ranges  0x00000668       0x80 Core\Src\usart.o
 .debug_ranges  0x000006e8       0xb8 Drivers\STM32F1xx_HAL_Driver\Src\stm32f1xx_hal.o
 .debug_ranges  0x000007a0       0xb8 Drivers\STM32F1xx_HAL_Driver\Src\stm32f1xx_hal_adc.o
 .debug_ranges  0x00000858       0x70 Drivers\STM32F1xx_HAL_Driver\Src\stm32f1xx_hal_adc_ex.o
 .debug_ranges  0x000008c8       0xf0 Drivers\STM32F1xx_HAL_Driver\Src\stm32f1xx_hal_cortex.o
 .debug_ranges  0x000009b8       0x38 Drivers\STM32F1xx_HAL_Driver\Src\stm32f1xx_hal_crc.o
 .debug_ranges  0x000009f0       0xb8 Drivers\STM32F1xx_HAL_Driver\Src\stm32f1xx_hal_dma.o
 .debug_ranges  0x00000aa8       0xb8 Drivers\STM32F1xx_HAL_Driver\Src\stm32f1xx_hal_flash.o
 .debug_ranges  0x00000b60       0xe8 Drivers\STM32F1xx_HAL_Driver\Src\stm32f1xx_hal_flash_ex.o
 .debug_ranges  0x00000c48       0x68 Drivers\STM32F1xx_HAL_Driver\Src\stm32f1xx_hal_gpio.o
 .debug_ranges  0x00000cb0       0x18 Drivers\STM32F1xx_HAL_Driver\Src\stm32f1xx_hal_iwdg.o
 .debug_ranges  0x00000cc8       0x98 Drivers\STM32F1xx_HAL_Driver\Src\stm32f1xx_hal_pwr.o
 .debug_ranges  0x00000d60       0xa0 Drivers\STM32F1xx_HAL_Driver\Src\stm32f1xx_hal_rcc.o
 .debug_ranges  0x00000e00       0x40 Drivers\STM32F1xx_HAL_Driver\Src\stm32f1xx_hal_rcc_ex.o
 .debug_ranges  0x00000e40      0x370 Drivers\STM32F1xx_HAL_Driver\Src\stm32f1xx_hal_tim.o
 .debug_ranges  0x000011b0      0x110 Drivers\STM32F1xx_HAL_Driver\Src\stm32f1xx_hal_tim_ex.o
 .debug_ranges  0x000012c0      0x190 Drivers\STM32F1xx_HAL_Driver\Src\stm32f1xx_hal_uart.o
 .debug_ranges  0x00001450       0x20 startup\startup_stm32f103xb.o

.debug_line     0x00000000     0xc424
 .debug_line    0x00000000      0x34b Core\Src\adc.o
 .debug_line    0x0000034b      0x292 Core\Src\crc.o
 .debug_line    0x000005dd      0x52b Core\Src\digiTOS-Lib\digiTOS-ADC.o
 .debug_line    0x00000b08      0x234 Core\Src\digiTOS-Lib\digiTOS-Configuration.o
 .debug_line    0x00000d3c      0x5fe Core\Src\digiTOS-Lib\digiTOS-Core.o
 .debug_line    0x0000133a      0x4f9 Core\Src\digiTOS-Lib\digiTOS-Generator.o
 .debug_line    0x00001833      0x270 Core\Src\digiTOS-Lib\digiTOS-IWDG.o
 .debug_line    0x00001aa3      0x3b4 Core\Src\digiTOS-Lib\digiTOS-Sinus.o
 .debug_line    0x00001e57      0x329 Core\Src\digiTOS-Lib\eeprom.o
 .debug_line    0x00002180      0x2f5 Core\Src\digiTOS-Lib\stm32f0xx_hal_buttons.o
 .debug_line    0x00002475      0x243 Core\Src\dma.o
 .debug_line    0x000026b8      0x27f Core\Src\gpio.o
 .debug_line    0x00002937      0x271 Core\Src\iwdg.o
 .debug_line    0x00002ba8      0x522 Core\Src\main.o
 .debug_line    0x000030ca      0x253 Core\Src\stm32f1xx_hal_msp.o
 .debug_line    0x0000331d      0x628 Core\Src\stm32f1xx_it.o
 .debug_line    0x00003945      0x270 Core\Src\system_stm32f1xx.o
 .debug_line    0x00003bb5      0x444 Core\Src\tim.o
 .debug_line    0x00003ff9      0x334 Core\Src\usart.o
 .debug_line    0x0000432d      0x444 Drivers\STM32F1xx_HAL_Driver\Src\stm32f1xx_hal.o
 .debug_line    0x00004771      0x9bc Drivers\STM32F1xx_HAL_Driver\Src\stm32f1xx_hal_adc.o
 .debug_line    0x0000512d      0x801 Drivers\STM32F1xx_HAL_Driver\Src\stm32f1xx_hal_adc_ex.o
 .debug_line    0x0000592e      0x493 Drivers\STM32F1xx_HAL_Driver\Src\stm32f1xx_hal_cortex.o
 .debug_line    0x00005dc1      0x375 Drivers\STM32F1xx_HAL_Driver\Src\stm32f1xx_hal_crc.o
 .debug_line    0x00006136      0x720 Drivers\STM32F1xx_HAL_Driver\Src\stm32f1xx_hal_dma.o
 .debug_line    0x00006856      0x51e Drivers\STM32F1xx_HAL_Driver\Src\stm32f1xx_hal_flash.o
 .debug_line    0x00006d74      0x5d6 Drivers\STM32F1xx_HAL_Driver\Src\stm32f1xx_hal_flash_ex.o
 .debug_line    0x0000734a      0x54d Drivers\STM32F1xx_HAL_Driver\Src\stm32f1xx_hal_gpio.o
 .debug_line    0x00007897      0x2e6 Drivers\STM32F1xx_HAL_Driver\Src\stm32f1xx_hal_iwdg.o
 .debug_line    0x00007b7d      0x473 Drivers\STM32F1xx_HAL_Driver\Src\stm32f1xx_hal_pwr.o
 .debug_line    0x00007ff0      0x6fd Drivers\STM32F1xx_HAL_Driver\Src\stm32f1xx_hal_rcc.o
 .debug_line    0x000086ed      0x3b8 Drivers\STM32F1xx_HAL_Driver\Src\stm32f1xx_hal_rcc_ex.o
 .debug_line    0x00008aa5     0x2034 Drivers\STM32F1xx_HAL_Driver\Src\stm32f1xx_hal_tim.o
 .debug_line    0x0000aad9      0xb78 Drivers\STM32F1xx_HAL_Driver\Src\stm32f1xx_hal_tim_ex.o
 .debug_line    0x0000b651      0xd56 Drivers\STM32F1xx_HAL_Driver\Src\stm32f1xx_hal_uart.o
 .debug_line    0x0000c3a7       0x7d startup\startup_stm32f103xb.o

.debug_str      0x00000000     0x5473
 .debug_str     0x00000000      0xd47 Core\Src\adc.o
                                0xe5f (size before relaxing)
 .debug_str     0x00000d47      0x108 Core\Src\crc.o
                                0x877 (size before relaxing)
 .debug_str     0x00000e4f      0x827 Core\Src\digiTOS-Lib\digiTOS-ADC.o
                               0x121e (size before relaxing)
 .debug_str     0x00001676       0x84 Core\Src\digiTOS-Lib\digiTOS-Configuration.o
                                0x973 (size before relaxing)
 .debug_str     0x000016fa      0x1f8 Core\Src\digiTOS-Lib\digiTOS-Core.o