Archive member included to satisfy reference by file (symbol)

c:/truestudio for stm32 9.2.0/armtools/bin/../lib/gcc/arm-atollic-eabi/6.3.1/../../../../arm-atollic-eabi/lib/armv6-m\libc_nano.a(lib_a-init.o)
                              startup\startup_stm32f030x6.o (__libc_init_array)
c:/truestudio for stm32 9.2.0/armtools/bin/../lib/gcc/arm-atollic-eabi/6.3.1/../../../../arm-atollic-eabi/lib/armv6-m\libc_nano.a(lib_a-memcpy-stub.o)
                              Drivers\STM32F0xx_HAL_Driver\Src\stm32f0xx_hal_rcc.o (memcpy)
c:/truestudio for stm32 9.2.0/armtools/bin/../lib/gcc/arm-atollic-eabi/6.3.1/../../../../arm-atollic-eabi/lib/armv6-m\libc_nano.a(lib_a-memset.o)
                              Core\Src\adc.o (memset)
c:/truestudio for stm32 9.2.0/armtools/bin/../lib/gcc/arm-atollic-eabi/6.3.1/../../../../arm-atollic-eabi/lib/armv6-m\libc_nano.a(lib_a-sprintf.o)
                              Core\Src\digiTOS-Lib\digiTOS-Core.o (sprintf)
c:/truestudio for stm32 9.2.0/armtools/bin/../lib/gcc/arm-atollic-eabi/6.3.1/../../../../arm-atollic-eabi/lib/armv6-m\libc_nano.a(lib_a-strcat.o)
                              Core\Src\digiTOS-Lib\digiTOS-Core.o (strcat)
c:/truestudio for stm32 9.2.0/armtools/bin/../lib/gcc/arm-atollic-eabi/6.3.1/../../../../arm-atollic-eabi/lib/armv6-m\libc_nano.a(lib_a-strcpy.o)
                              Core\Src\main.o (strcpy)
c:/truestudio for stm32 9.2.0/armtools/bin/../lib/gcc/arm-atollic-eabi/6.3.1/../../../../arm-atollic-eabi/lib/armv6-m\libc_nano.a(lib_a-impure.o)
                              c:/truestudio for stm32 9.2.0/armtools/bin/../lib/gcc/arm-atollic-eabi/6.3.1/../../../../arm-atollic-eabi/lib/armv6-m\libc_nano.a(lib_a-sprintf.o) (_impure_ptr)
c:/truestudio for stm32 9.2.0/armtools/bin/../lib/gcc/arm-atollic-eabi/6.3.1/../../../../arm-atollic-eabi/lib/armv6-m\libc_nano.a(lib_a-nano-svfprintf.o)
                              c:/truestudio for stm32 9.2.0/armtools/bin/../lib/gcc/arm-atollic-eabi/6.3.1/../../../../arm-atollic-eabi/lib/armv6-m\libc_nano.a(lib_a-sprintf.o) (_svfprintf_r)
c:/truestudio for stm32 9.2.0/armtools/bin/../lib/gcc/arm-atollic-eabi/6.3.1/../../../../arm-atollic-eabi/lib/armv6-m\libc_nano.a(lib_a-nano-vfprintf_i.o)
                              c:/truestudio for stm32 9.2.0/armtools/bin/../lib/gcc/arm-atollic-eabi/6.3.1/../../../../arm-atollic-eabi/lib/armv6-m\libc_nano.a(lib_a-nano-svfprintf.o) (_printf_i)
c:/truestudio for stm32 9.2.0/armtools/bin/../lib/gcc/arm-atollic-eabi/6.3.1/../../../../arm-atollic-eabi/lib/armv6-m\libc_nano.a(lib_a-memchr-stub.o)
                              c:/truestudio for stm32 9.2.0/armtools/bin/../lib/gcc/arm-atollic-eabi/6.3.1/../../../../arm-atollic-eabi/lib/armv6-m\libc_nano.a(lib_a-nano-svfprintf.o) (memchr)
c:/truestudio for stm32 9.2.0/armtools/bin/../lib/gcc/arm-atollic-eabi/6.3.1/../../../../arm-atollic-eabi/lib/armv6-m\libc_nano.a(lib_a-memmove.o)
                              c:/truestudio for stm32 9.2.0/armtools/bin/../lib/gcc/arm-atollic-eabi/6.3.1/../../../../arm-atollic-eabi/lib/armv6-m\libc_nano.a(lib_a-nano-svfprintf.o) (memmove)
c:/truestudio for stm32 9.2.0/armtools/bin/../lib/gcc/arm-atollic-eabi/6.3.1/../../../../arm-atollic-eabi/lib/armv6-m\libc_nano.a(lib_a-nano-freer.o)
                              c:/truestudio for stm32 9.2.0/armtools/bin/../lib/gcc/arm-atollic-eabi/6.3.1/../../../../arm-atollic-eabi/lib/armv6-m\libc_nano.a(lib_a-nano-svfprintf.o) (_free_r)
c:/truestudio for stm32 9.2.0/armtools/bin/../lib/gcc/arm-atollic-eabi/6.3.1/../../../../arm-atollic-eabi/lib/armv6-m\libc_nano.a(lib_a-nano-mallocr.o)
                              c:/truestudio for stm32 9.2.0/armtools/bin/../lib/gcc/arm-atollic-eabi/6.3.1/../../../../arm-atollic-eabi/lib/armv6-m\libc_nano.a(lib_a-nano-svfprintf.o) (_malloc_r)
c:/truestudio for stm32 9.2.0/armtools/bin/../lib/gcc/arm-atollic-eabi/6.3.1/../../../../arm-atollic-eabi/lib/armv6-m\libc_nano.a(lib_a-nano-reallocr.o)
                              c:/truestudio for stm32 9.2.0/armtools/bin/../lib/gcc/arm-atollic-eabi/6.3.1/../../../../arm-atollic-eabi/lib/armv6-m\libc_nano.a(lib_a-nano-svfprintf.o) (_realloc_r)
c:/truestudio for stm32 9.2.0/armtools/bin/../lib/gcc/arm-atollic-eabi/6.3.1/../../../../arm-atollic-eabi/lib/armv6-m\libc_nano.a(lib_a-sbrkr.o)
                              c:/truestudio for stm32 9.2.0/armtools/bin/../lib/gcc/arm-atollic-eabi/6.3.1/../../../../arm-atollic-eabi/lib/armv6-m\libc_nano.a(lib_a-nano-mallocr.o) (_sbrk_r)
c:/truestudio for stm32 9.2.0/armtools/bin/../lib/gcc/arm-atollic-eabi/6.3.1/../../../../arm-atollic-eabi/lib/armv6-m\libc_nano.a(lib_a-mlock.o)
                              c:/truestudio for stm32 9.2.0/armtools/bin/../lib/gcc/arm-atollic-eabi/6.3.1/../../../../arm-atollic-eabi/lib/armv6-m\libc_nano.a(lib_a-nano-freer.o) (__malloc_lock)
c:/truestudio for stm32 9.2.0/armtools/bin/../lib/gcc/arm-atollic-eabi/6.3.1/../../../../arm-atollic-eabi/lib/armv6-m\libc_nano.a(lib_a-nano-msizer.o)
[...]
Memory Configuration

Name             Origin             Length             Attributes
RAM              0x20000000         0x00001000         xrw
FLASH            0x08000000         0x00008000         xr
*default*        0x00000000         0xffffffff

Linker script and memory map

LOAD c:/truestudio for stm32 9.2.0/armtools/bin/../lib/gcc/arm-atollic-eabi/6.3.1/armv6-m/crti.o
LOAD c:/truestudio for stm32 9.2.0/armtools/bin/../lib/gcc/arm-atollic-eabi/6.3.1/armv6-m/crtbegin.o
LOAD Core\Src\adc.o
LOAD Core\Src\crc.o
LOAD Core\Src\digiTOS-Lib\digiTOS-ADC.o
LOAD Core\Src\digiTOS-Lib\digiTOS-Configuration.o
LOAD Core\Src\digiTOS-Lib\digiTOS-Core.o
LOAD Core\Src\digiTOS-Lib\digiTOS-Generator.o
LOAD Core\Src\digiTOS-Lib\digiTOS-Sinus.o
LOAD Core\Src\digiTOS-Lib\eeprom.o
LOAD Core\Src\digiTOS-Lib\stm32f0xx_hal_buttons.o
LOAD Core\Src\dma.o
LOAD Core\Src\gpio.o
LOAD Core\Src\iwdg.o
LOAD Core\Src\main.o
LOAD Core\Src\stm32f0xx_hal_msp.o
LOAD Core\Src\stm32f0xx_it.o
LOAD Core\Src\system_stm32f0xx.o
LOAD Core\Src\tim.o
LOAD Core\Src\usart.o
LOAD Drivers\STM32F0xx_HAL_Driver\Src\stm32f0xx_hal.o
LOAD Drivers\STM32F0xx_HAL_Driver\Src\stm32f0xx_hal_adc.o
LOAD Drivers\STM32F0xx_HAL_Driver\Src\stm32f0xx_hal_adc_ex.o
LOAD Drivers\STM32F0xx_HAL_Driver\Src\stm32f0xx_hal_cortex.o
LOAD Drivers\STM32F0xx_HAL_Driver\Src\stm32f0xx_hal_crc.o
LOAD Drivers\STM32F0xx_HAL_Driver\Src\stm32f0xx_hal_crc_ex.o
LOAD Drivers\STM32F0xx_HAL_Driver\Src\stm32f0xx_hal_dma.o
LOAD Drivers\STM32F0xx_HAL_Driver\Src\stm32f0xx_hal_flash.o
LOAD Drivers\STM32F0xx_HAL_Driver\Src\stm32f0xx_hal_flash_ex.o
LOAD Drivers\STM32F0xx_HAL_Driver\Src\stm32f0xx_hal_gpio.o
LOAD Drivers\STM32F0xx_HAL_Driver\Src\stm32f0xx_hal_i2c.o
LOAD Drivers\STM32F0xx_HAL_Driver\Src\stm32f0xx_hal_i2c_ex.o
LOAD Drivers\STM32F0xx_HAL_Driver\Src\stm32f0xx_hal_iwdg.o
LOAD Drivers\STM32F0xx_HAL_Driver\Src\stm32f0xx_hal_pwr.o
LOAD Drivers\STM32F0xx_HAL_Driver\Src\stm32f0xx_hal_pwr_ex.o
LOAD Drivers\STM32F0xx_HAL_Driver\Src\stm32f0xx_hal_rcc.o
LOAD Drivers\STM32F0xx_HAL_Driver\Src\stm32f0xx_hal_rcc_ex.o
LOAD Drivers\STM32F0xx_HAL_Driver\Src\stm32f0xx_hal_tim.o
LOAD Drivers\STM32F0xx_HAL_Driver\Src\stm32f0xx_hal_tim_ex.o
LOAD Drivers\STM32F0xx_HAL_Driver\Src\stm32f0xx_hal_uart.o
LOAD Drivers\STM32F0xx_HAL_Driver\Src\stm32f0xx_hal_uart_ex.o
LOAD startup\startup_stm32f030x6.o
                0x00000080                malloc_getpagesize_P = 0x80
START GROUP
LOAD c:/truestudio for stm32 9.2.0/armtools/bin/../lib/gcc/arm-atollic-eabi/6.3.1/../../../../arm-atollic-eabi/lib/armv6-m\libc_nano.a
LOAD c:/truestudio for stm32 9.2.0/armtools/bin/../lib/gcc/arm-atollic-eabi/6.3.1/../../../../arm-atollic-eabi/lib/armv6-m\libm.a
END GROUP
START GROUP
LOAD c:/truestudio for stm32 9.2.0/armtools/bin/../lib/gcc/arm-atollic-eabi/6.3.1/armv6-m\libgcc.a
LOAD c:/truestudio for stm32 9.2.0/armtools/bin/../lib/gcc/arm-atollic-eabi/6.3.1/../../../../arm-atollic-eabi/lib/armv6-m\libc_nano.a
END GROUP
START GROUP
LOAD c:/truestudio for stm32 9.2.0/armtools/bin/../lib/gcc/arm-atollic-eabi/6.3.1/armv6-m\libgcc.a
LOAD c:/truestudio for stm32 9.2.0/armtools/bin/../lib/gcc/arm-atollic-eabi/6.3.1/../../../../arm-atollic-eabi/lib/armv6-m\libc_nano.a
LOAD c:/truestudio for stm32 9.2.0/armtools/bin/../lib/gcc/arm-atollic-eabi/6.3.1/../../../../arm-atollic-eabi/lib/armv6-m\libnosys.a
END GROUP
START GROUP
LOAD c:/truestudio for stm32 9.2.0/armtools/bin/../lib/gcc/arm-atollic-eabi/6.3.1/armv6-m\libgcc.a
LOAD c:/truestudio for stm32 9.2.0/armtools/bin/../lib/gcc/arm-atollic-eabi/6.3.1/../../../../arm-atollic-eabi/lib/armv6-m\libc_nano.a
LOAD c:/truestudio for stm32 9.2.0/armtools/bin/../lib/gcc/arm-atollic-eabi/6.3.1/../../../../arm-atollic-eabi/lib/armv6-m\libnosys.a
END GROUP
LOAD c:/truestudio for stm32 9.2.0/armtools/bin/../lib/gcc/arm-atollic-eabi/6.3.1/armv6-m/crtend.o
LOAD c:/truestudio for stm32 9.2.0/armtools/bin/../lib/gcc/arm-atollic-eabi/6.3.1/armv6-m/crtn.o
                0x20001000                _estack = 0x20001000
                0x00000200                _Min_Heap_Size = 0x200
                0x00000400                _Min_Stack_Size = 0x400

.isr_vector     0x08000000       0xc0
                0x08000000                . = ALIGN (0x4)
 *(.isr_vector)
 .isr_vector    0x08000000       0xc0 startup\startup_stm32f030x6.o
                0x08000000                g_pfnVectors
                0x080000c0                . = ALIGN (0x4)

.text           0x080000c0     0x6f00
                0x080000c0                . = ALIGN (0x4)
 *(.text)
 .text          0x080000c0       0x48 c:/truestudio for stm32 9.2.0/armtools/bin/../lib/gcc/arm-atollic-eabi/6.3.1/armv6-m/crtbegin.o
 .text          0x08000108       0x14 c:/truestudio for stm32 9.2.0/armtools/bin/../lib/gcc/arm-atollic-eabi/6.3.1/armv6-m\libgcc.a(_thumb1_case_uqi.o)
                0x08000108                __gnu_thumb1_case_uqi
 .text          0x0800011c      0x114 c:/truestudio for stm32 9.2.0/armtools/bin/../lib/gcc/arm-atollic-eabi/6.3.1/armv6-m\libgcc.a(_udivsi3.o)
                0x0800011c                __aeabi_uidiv
                0x0800011c                __udivsi3
                0x08000228                __aeabi_uidivmod
 .text          0x08000230        0x4 c:/truestudio for stm32 9.2.0/armtools/bin/../lib/gcc/arm-atollic-eabi/6.3.1/armv6-m\libgcc.a(_dvmd_tls.o)
                0x08000230                __aeabi_idiv0
                0x08000230                __aeabi_ldiv0
 .text          0x08000234       0x74 c:/truestudio for stm32 9.2.0/armtools/bin/../lib/gcc/arm-atollic-eabi/6.3.1/armv6-m\libgcc.a(_arm_cmpsf2.o)
                0x08000234                __aeabi_cfrcmple
                0x0800023c                __aeabi_cfcmpeq
                0x0800023c                __aeabi_cfcmple
                0x0800024c                __aeabi_fcmpeq
                0x08000258                __aeabi_fcmplt
                0x0800026c                __aeabi_fcmple
                0x08000280                __aeabi_fcmpgt
                0x08000294                __aeabi_fcmpge
 .text          0x080002a8       0x40 c:/truestudio for stm32 9.2.0/armtools/bin/../lib/gcc/arm-atollic-eabi/6.3.1/armv6-m\libgcc.a(_aeabi_uldivmod.o)
                0x080002a8                __aeabi_uldivmod
 .text          0x080002e8       0x30 c:/truestudio for stm32 9.2.0/armtools/bin/../lib/gcc/arm-atollic-eabi/6.3.1/armv6-m\libgcc.a(_fixunssfsi.o)
                0x080002e8                __fixunssfsi
                0x080002e8                __aeabi_f2uiz
 .text          0x08000318      0x180 c:/truestudio for stm32 9.2.0/armtools/bin/../lib/gcc/arm-atollic-eabi/6.3.1/armv6-m\libgcc.a(_udivmoddi4.o)
                0x08000318                __udivmoddi4
 .text          0x08000498      0x324 c:/truestudio for stm32 9.2.0/armtools/bin/../lib/gcc/arm-atollic-eabi/6.3.1/armv6-m\libgcc.a(addsf3.o)
                0x08000498                __aeabi_fadd
 .text          0x080007bc       0x4c c:/truestudio for stm32 9.2.0/armtools/bin/../lib/gcc/arm-atollic-eabi/6.3.1/armv6-m\libgcc.a(eqsf2.o)
                0x080007bc                __eqsf2
                0x080007bc                __nesf2
 .text          0x08000808       0x80 c:/truestudio for stm32 9.2.0/armtools/bin/../lib/gcc/arm-atollic-eabi/6.3.1/armv6-m\libgcc.a(gesf2.o)
                0x08000808                __gesf2
                0x08000808                __gtsf2
 .text          0x08000888       0x84 c:/truestudio for stm32 9.2.0/armtools/bin/../lib/gcc/arm-atollic-eabi/6.3.1/armv6-m\libgcc.a(lesf2.o)
                0x08000888                __ltsf2
                0x08000888                __lesf2
 .text          0x0800090c      0x240 c:/truestudio for stm32 9.2.0/armtools/bin/../lib/gcc/arm-atollic-eabi/6.3.1/armv6-m\libgcc.a(mulsf3.o)
                0x0800090c                __aeabi_fmul
 .text          0x08000b4c      0x338 c:/truestudio for stm32 9.2.0/armtools/bin/../lib/gcc/arm-atollic-eabi/6.3.1/armv6-m\libgcc.a(subsf3.o)
                0x08000b4c                __aeabi_fsub
 .text          0x08000e84       0x40 c:/truestudio for stm32 9.2.0/armtools/bin/../lib/gcc/arm-atollic-eabi/6.3.1/armv6-m\libgcc.a(fixsfsi.o)
                0x08000e84                __aeabi_f2iz
 .text          0x08000ec4       0xa0 c:/truestudio for stm32 9.2.0/armtools/bin/../lib/gcc/arm-atollic-eabi/6.3.1/armv6-m\libgcc.a(floatsisf.o)
                0x08000ec4                __aeabi_i2f
 .text          0x08000f64       0x8c c:/truestudio for stm32 9.2.0/armtools/bin/../lib/gcc/arm-atollic-eabi/6.3.1/armv6-m\libgcc.a(floatunsisf.o)
                0x08000f64                __aeabi_ui2f
 .text          0x08000ff0      0x500 c:/truestudio for stm32 9.2.0/armtools/bin/../lib/gcc/arm-atollic-eabi/6.3.1/armv6-m\libgcc.a(muldf3.o)
                0x08000ff0                __aeabi_dmul
 .text          0x080014f0       0xa4 c:/truestudio for stm32 9.2.0/armtools/bin/../lib/gcc/arm-atollic-eabi/6.3.1/armv6-m\libgcc.a(extendsfdf2.o)
                0x080014f0                __aeabi_f2d
 .text          0x08001594      0x114 c:/truestudio for stm32 9.2.0/armtools/bin/../lib/gcc/arm-atollic-eabi/6.3.1/armv6-m\libgcc.a(truncdfsf2.o)
                0x08001594                __aeabi_d2f
 .text          0x080016a8       0x3c c:/truestudio for stm32 9.2.0/armtools/bin/../lib/gcc/arm-atollic-eabi/6.3.1/armv6-m\libgcc.a(_clzsi2.o)
                0x080016a8                __clzsi2
 .text          0x080016e4       0x18 c:/truestudio for stm32 9.2.0/armtools/bin/../lib/gcc/arm-atollic-eabi/6.3.1/armv6-m\libgcc.a(_clzdi2.o)
                0x080016e4                __clzdi2
 *(.text*)
 .text.MX_ADC_Init
                0x080016fc       0x98 Core\Src\adc.o
                0x080016fc                MX_ADC_Init
 .text.HAL_ADC_MspInit
                0x08001794       0xa8 Core\Src\adc.o
                0x08001794                HAL_ADC_MspInit
 .text.MX_CRC_Init
                0x0800183c       0x3c Core\Src\crc.o
                0x0800183c                MX_CRC_Init
 .text.HAL_CRC_MspInit
                0x08001878       0x28 Core\Src\crc.o
                0x08001878                HAL_CRC_MspInit
 .text.StartADC
                0x080018a0       0x18 Core\Src\digiTOS-Lib\digiTOS-ADC.o
                0x080018a0                StartADC
 .text.ResetV_data
                0x080018b8       0x70 Core\Src\digiTOS-Lib\digiTOS-ADC.o
                0x080018b8                ResetV_data
 .text.CalcNewAmp
                0x08001928       0x6c Core\Src\digiTOS-Lib\digiTOS-ADC.o
                0x08001928                CalcNewAmp
 .text.CalcNewAmpByStep
                0x08001994       0x50 Core\Src\digiTOS-Lib\digiTOS-ADC.o
                0x08001994                CalcNewAmpByStep
 .text.asqrt    0x080019e4       0x34 Core\Src\digiTOS-Lib\digiTOS-ADC.o
                0x080019e4                asqrt
 .text.CalcAc_I_ByWave
                0x08001a18       0x48 Core\Src\digiTOS-Lib\digiTOS-ADC.o
                0x08001a18                CalcAc_I_ByWave
 .text.CalcAc_V_ByWave
                0x08001a60       0x48 Core\Src\digiTOS-Lib\digiTOS-ADC.o
                0x08001a60                CalcAc_V_ByWave
 .text.CalcDC_Average
                0x08001aa8       0x20 Core\Src\digiTOS-Lib\digiTOS-ADC.o
                0x08001aa8                CalcDC_Average
 .text.UpdateAmplitudeByV
                0x08001ac8      0x214 Core\Src\digiTOS-Lib\digiTOS-ADC.o
                0x08001ac8                UpdateAmplitudeByV
 .text.CheckV_Feedback
                0x08001cdc       0xf4 Core\Src\digiTOS-Lib\digiTOS-ADC.o
                0x08001cdc                CheckV_Feedback
 .text.TM_CRC_Calculate8
                0x08001dd0       0x3c Core\Src\digiTOS-Lib\digiTOS-Core.o
                0x08001dd0                TM_CRC_Calculate8
 .text.TM_CRC_Calculate32
                0x08001e0c       0x1c Core\Src\digiTOS-Lib\digiTOS-Core.o
                0x08001e0c                TM_CRC_Calculate32
 .text.AddUART_CRC
                0x08001e28       0x3c Core\Src\digiTOS-Lib\digiTOS-Core.o
                0x08001e28                AddUART_CRC
 .text.ClearUART_Buff
                0x08001e64       0x14 Core\Src\digiTOS-Lib\digiTOS-Core.o
                0x08001e64                ClearUART_Buff
 .text.Get_ChipID
                0x08001e78       0x38 Core\Src\digiTOS-Lib\digiTOS-Core.o
                0x08001e78                Get_ChipID
 .text.Get_FlashSize
                0x08001eb0       0x28 Core\Src\digiTOS-Lib\digiTOS-Core.o
                0x08001eb0                Get_FlashSize
 .text.Get_Version
                0x08001ed8       0x2c Core\Src\digiTOS-Lib\digiTOS-Core.o
                0x08001ed8                Get_Version
 .text.WaitForUART_TX
                0x08001f04       0x10 Core\Src\digiTOS-Lib\digiTOS-Core.o
                0x08001f04                WaitForUART_TX
 .text.SerialPrintln
                0x08001f14       0x30 Core\Src\digiTOS-Lib\digiTOS-Core.o
                0x08001f14                SerialPrintln
 .text.HAL_UART_TxCpltCallback
                0x08001f44       0x20 Core\Src\digiTOS-Lib\digiTOS-Core.o
                0x08001f44                HAL_UART_TxCpltCallback
 .text.ResetWDG
                0x08001f64       0x10 Core\Src\digiTOS-Lib\digiTOS-Core.o
                0x08001f64                ResetWDG
 .text.PrintCurrentState
                0x08001f74      0x120 Core\Src\digiTOS-Lib\digiTOS-Core.o
                0x08001f74                PrintCurrentState
 .text.ResetEEPROM
                0x08002094       0x18 Core\Src\digiTOS-Lib\digiTOS-Core.o
                0x08002094                ResetEEPROM
 .text.CALC_RATIO
                0x080020ac       0x48 Core\Src\digiTOS-Lib\digiTOS-Core.o
                0x080020ac                CALC_RATIO
 .text.USE_DEF_CALIB
                0x080020f4       0x1c Core\Src\digiTOS-Lib\digiTOS-Core.o
                0x080020f4                USE_DEF_CALIB
 .text.USE_NEW_CALIB
                0x08002110       0x1c Core\Src\digiTOS-Lib\digiTOS-Core.o
                0x08002110                USE_NEW_CALIB
 .text.InitEEPROM
                0x0800212c       0x54 Core\Src\digiTOS-Lib\digiTOS-Core.o
                0x0800212c                InitEEPROM
 .text.Set50HzDeadTimeNS
                0x08002180       0x4c Core\Src\digiTOS-Lib\digiTOS-Generator.o
                0x08002180                Set50HzDeadTimeNS
 .text.SetNormalSignal
                0x080021cc       0x1c Core\Src\digiTOS-Lib\digiTOS-Generator.o
                0x080021cc                SetNormalSignal
 .text.Idle_SET
                0x080021e8       0x1c Core\Src\digiTOS-Lib\digiTOS-Generator.o
                0x080021e8                Idle_SET
 .text.PWM_50Hz_Init
                0x08002204       0x50 Core\Src\digiTOS-Lib\digiTOS-Generator.o
                0x08002204                PWM_50Hz_Init
 .text.PWM_50Hz_START
                0x08002254       0x3c Core\Src\digiTOS-Lib\digiTOS-Generator.o
                0x08002254                PWM_50Hz_START
 .text.PWM_50Hz_STOP
                0x08002290       0x54 Core\Src\digiTOS-Lib\digiTOS-Generator.o
                0x08002290                PWM_50Hz_STOP
 .text.PWM_50Hz_OUTEN
                0x080022e4       0x14 Core\Src\digiTOS-Lib\digiTOS-Generator.o
                0x080022e4                PWM_50Hz_OUTEN
 .text.PWM_50Hz_OUTDIS
                0x080022f8       0x20 Core\Src\digiTOS-Lib\digiTOS-Generator.o
                0x080022f8                PWM_50Hz_OUTDIS
 .text.PWM_50Hz_ON
                0x08002318        0xc Core\Src\digiTOS-Lib\digiTOS-Generator.o
                0x08002318                PWM_50Hz_ON
 .text.PWM_50Hz_OFF
                0x08002324        0xc Core\Src\digiTOS-Lib\digiTOS-Generator.o
                0x08002324                PWM_50Hz_OFF
 .text.PWM_Sinus_START
                0x08002330       0x2c Core\Src\digiTOS-Lib\digiTOS-Generator.o
                0x08002330                PWM_Sinus_START
 .text.PWM_Sinus_STOP
                0x0800235c       0x28 Core\Src\digiTOS-Lib\digiTOS-Generator.o
                0x0800235c                PWM_Sinus_STOP
 .text.PWM_Sinus_OUTEN
                0x08002384       0x14 Core\Src\digiTOS-Lib\digiTOS-Generator.o
                0x08002384                PWM_Sinus_OUTEN
 .text.PWM_Sinus_OUTDIS
                0x08002398       0x20 Core\Src\digiTOS-Lib\digiTOS-Generator.o
                0x08002398                PWM_Sinus_OUTDIS
 .text.PWM_Sinus_ON
                0x080023b8        0xc Core\Src\digiTOS-Lib\digiTOS-Generator.o
                0x080023b8                PWM_Sinus_ON
 .text.PWM_Sinus_OFF
                0x080023c4        0xc Core\Src\digiTOS-Lib\digiTOS-Generator.o
                0x080023c4                PWM_Sinus_OFF
 .text.PWM_Sinus_Init
                0x080023d0       0x70 Core\Src\digiTOS-Lib\digiTOS-Generator.o
                0x080023d0                PWM_Sinus_Init
 .text.SetSoftstart
                0x08002440       0x28 Core\Src\digiTOS-Lib\digiTOS-Sinus.o
                0x08002440                SetSoftstart
 .text.ResetAmplitude
                0x08002468       0x3c Core\Src\digiTOS-Lib\digiTOS-Sinus.o
                0x08002468                ResetAmplitude
 .text.GetApmlitude
                0x080024a4       0x48 Core\Src\digiTOS-Lib\digiTOS-Sinus.o
                0x080024a4                GetApmlitude
 .text.GetSinus
                0x080024ec       0x60 Core\Src\digiTOS-Lib\digiTOS-Sinus.o
                0x080024ec                GetSinus
 .text.EE_Read  0x0800254c       0x1c Core\Src\digiTOS-Lib\eeprom.o
                0x0800254c                EE_Read
 .text.buttonInit
                0x08002568       0x20 Core\Src\digiTOS-Lib\stm32f0xx_hal_buttons.o
                0x08002568                buttonInit
 .text._button_state
                0x08002588       0x18 Core\Src\digiTOS-Lib\stm32f0xx_hal_buttons.o
                0x08002588                _button_state
 .text.buttonUpdate
                0x080025a0       0x82 Core\Src\digiTOS-Lib\stm32f0xx_hal_buttons.o
                0x080025a0                buttonUpdate
 *fill*         0x08002622        0x2 
 .text.MX_DMA_Init
                0x08002624       0x2c Core\Src\dma.o
                0x08002624                MX_DMA_Init
 .text.MX_GPIO_Init
                0x08002650       0xc4 Core\Src\gpio.o
                0x08002650                MX_GPIO_Init
 .text.MX_IWDG_Init
                0x08002714       0x2c Core\Src\iwdg.o
                0x08002714                MX_IWDG_Init
 .text.SystemClock_Config
                0x08002740       0x6a Core\Src\main.o
                0x08002740                SystemClock_Config
 *fill*         0x080027aa        0x2 
 .text.startup.main
                0x080027ac      0x2e4 Core\Src\main.o
                0x080027ac                main
 .text.Error_Handler
                0x08002a90        0x2 Core\Src\main.o
                0x08002a90                Error_Handler
 .text.assert_failed
                0x08002a92        0x2 Core\Src\main.o
                0x08002a92                assert_failed
 .text.HAL_MspInit
                0x08002a94       0x30 Core\Src\stm32f0xx_hal_msp.o
                0x08002a94                HAL_MspInit
 .text.NMI_Handler
                0x08002ac4        0x2 Core\Src\stm32f0xx_it.o
                0x08002ac4                NMI_Handler
 .text.HardFault_Handler
                0x08002ac6        0x2 Core\Src\stm32f0xx_it.o
                0x08002ac6                HardFault_Handler
 .text.SVC_Handler
                0x08002ac8        0x2 Core\Src\stm32f0xx_it.o
                0x08002ac8                SVC_Handler
 .text.PendSV_Handler
                0x08002aca        0x2 Core\Src\stm32f0xx_it.o
                0x08002aca                PendSV_Handler
 .text.SysTick_Handler
                0x08002acc        0x8 Core\Src\stm32f0xx_it.o
                0x08002acc                SysTick_Handler
 .text.FLASH_IRQHandler
                0x08002ad4        0x8 Core\Src\stm32f0xx_it.o
                0x08002ad4                FLASH_IRQHandler
 .text.RCC_IRQHandler
                0x08002adc        0x2 Core\Src\stm32f0xx_it.o
                0x08002adc                RCC_IRQHandler
 *fill*         0x08002ade        0x2 
 .text.DMA1_Channel2_3_IRQHandler
                0x08002ae0       0x18 Core\Src\stm32f0xx_it.o
                0x08002ae0                DMA1_Channel2_3_IRQHandler
 .text.DMA1_Channel4_5_IRQHandler
                0x08002af8       0x10 Core\Src\stm32f0xx_it.o
                0x08002af8                DMA1_Channel4_5_IRQHandler
 .text.ADC1_IRQHandler
                0x08002b08       0x10 Core\Src\stm32f0xx_it.o
                0x08002b08                ADC1_IRQHandler
 .text.TIM1_BRK_UP_TRG_COM_IRQHandler
                0x08002b18       0x50 Core\Src\stm32f0xx_it.o
                0x08002b18                TIM1_BRK_UP_TRG_COM_IRQHandler
 .text.TIM3_IRQHandler
                0x08002b68       0xc4 Core\Src\stm32f0xx_it.o
                0x08002b68                TIM3_IRQHandler
 .text.TIM14_IRQHandler
                0x08002c2c      0x13c Core\Src\stm32f0xx_it.o
                0x08002c2c                TIM14_IRQHandler
 .text.TIM16_IRQHandler
                0x08002d68      0x1e0 Core\Src\stm32f0xx_it.o
                0x08002d68                TIM16_IRQHandler
 .text.USART1_IRQHandler
                0x08002f48       0x10 Core\Src\stm32f0xx_it.o
                0x08002f48                USART1_IRQHandler
 .text.SystemInit
                0x08002f58       0x60 Core\Src\system_stm32f0xx.o
                0x08002f58                SystemInit
 .text.MX_TIM14_Init
                0x08002fb8       0x34 Core\Src\tim.o
                0x08002fb8                MX_TIM14_Init
 .text.MX_TIM16_Init
                0x08002fec       0x38 Core\Src\tim.o
                0x08002fec                MX_TIM16_Init
 .text.HAL_TIM_Base_MspInit
                0x08003024       0xbc Core\Src\tim.o
                0x08003024                HAL_TIM_Base_MspInit
 .text.HAL_TIM_MspPostInit
                0x080030e0       0xc0 Core\Src\tim.o
                0x080030e0                HAL_TIM_MspPostInit
 .text.MX_TIM1_Init
                0x080031a0       0xf0 Core\Src\tim.o
                0x080031a0                MX_TIM1_Init
 .text.MX_TIM3_Init
                0x08003290       0xc4 Core\Src\tim.o
                0x08003290                MX_TIM3_Init
 .text.MX_USART1_UART_Init
                0x08003354       0x38 Core\Src\usart.o
                0x08003354                MX_USART1_UART_Init
 .text.HAL_UART_MspInit
                0x0800338c       0xec Core\Src\usart.o
                0x0800338c                HAL_UART_MspInit
 .text.HAL_InitTick
                0x08003478       0x24 Drivers\STM32F0xx_HAL_Driver\Src\stm32f0xx_hal.o
                0x08003478                HAL_InitTick
 .text.HAL_Init
                0x0800349c       0x20 Drivers\STM32F0xx_HAL_Driver\Src\stm32f0xx_hal.o
                0x0800349c                HAL_Init
 .text.HAL_IncTick
                0x080034bc       0x10 Drivers\STM32F0xx_HAL_Driver\Src\stm32f0xx_hal.o
                0x080034bc                HAL_IncTick
 .text.HAL_GetTick
                0x080034cc        0xc Drivers\STM32F0xx_HAL_Driver\Src\stm32f0xx_hal.o
                0x080034cc                HAL_GetTick
 .text.HAL_Delay
                0x080034d8       0x20 Drivers\STM32F0xx_HAL_Driver\Src\stm32f0xx_hal.o
                0x080034d8                HAL_Delay
 .text.ADC_Enable
                0x080034f8       0x98 Drivers\STM32F0xx_HAL_Driver\Src\stm32f0xx_hal_adc.o
 .text.HAL_ADC_Init
                0x08003590      0x268 Drivers\STM32F0xx_HAL_Driver\Src\stm32f0xx_hal_adc.o
                0x08003590                HAL_ADC_Init
 .text.HAL_ADC_Start_DMA
                0x080037f8       0xb0 Drivers\STM32F0xx_HAL_Driver\Src\stm32f0xx_hal_adc.o
                0x080037f8                HAL_ADC_Start_DMA
 .text.HAL_ADC_ConvCpltCallback
                0x080038a8        0x2 Drivers\STM32F0xx_HAL_Driver\Src\stm32f0xx_hal_adc.o
                0x080038a8                HAL_ADC_ConvCpltCallback
 *fill*         0x080038aa        0x2 
 .text.ADC_DMAConvCplt
                0x080038ac       0x70 Drivers\STM32F0xx_HAL_Driver\Src\stm32f0xx_hal_adc.o
 .text.HAL_ADC_ConvHalfCpltCallback
                0x0800391c        0x2 Drivers\STM32F0xx_HAL_Driver\Src\stm32f0xx_hal_adc.o
                0x0800391c                HAL_ADC_ConvHalfCpltCallback
 .text.ADC_DMAHalfConvCplt
                0x0800391e        0xa Drivers\STM32F0xx_HAL_Driver\Src\stm32f0xx_hal_adc.o
 .text.HAL_ADC_LevelOutOfWindowCallback
                0x08003928        0x2 Drivers\STM32F0xx_HAL_Driver\Src\stm32f0xx_hal_adc.o
                0x08003928                HAL_ADC_LevelOutOfWindowCallback
 .text.HAL_ADC_ErrorCallback
                0x0800392a        0x2 Drivers\STM32F0xx_HAL_Driver\Src\stm32f0xx_hal_adc.o
                0x0800392a                HAL_ADC_ErrorCallback
 .text.ADC_DMAError
                0x0800392c       0x1a Drivers\STM32F0xx_HAL_Driver\Src\stm32f0xx_hal_adc.o
 *fill*         0x08003946        0x2 
 .text.HAL_ADC_IRQHandler
                0x08003948      0x120 Drivers\STM32F0xx_HAL_Driver\Src\stm32f0xx_hal_adc.o
                0x08003948                HAL_ADC_IRQHandler
 .text.HAL_ADC_ConfigChannel
                0x08003a68      0x15c Drivers\STM32F0xx_HAL_Driver\Src\stm32f0xx_hal_adc.o
                0x08003a68                HAL_ADC_ConfigChannel
 .text.HAL_NVIC_SetPriority
                0x08003bc4       0x74 Drivers\STM32F0xx_HAL_Driver\Src\stm32f0xx_hal_cortex.o
                0x08003bc4                HAL_NVIC_SetPriority
 .text.HAL_NVIC_EnableIRQ
                0x08003c38       0x24 Drivers\STM32F0xx_HAL_Driver\Src\stm32f0xx_hal_cortex.o
                0x08003c38                HAL_NVIC_EnableIRQ
 .text.HAL_SYSTICK_Config
                0x08003c5c       0x34 Drivers\STM32F0xx_HAL_Driver\Src\stm32f0xx_hal_cortex.o
                0x08003c5c                HAL_SYSTICK_Config
 .text.HAL_CRC_Init
                0x08003c90       0xb4 Drivers\STM32F0xx_HAL_Driver\Src\stm32f0xx_hal_crc.o
                0x08003c90                HAL_CRC_Init
 .text.HAL_CRCEx_Init
                0x08003d44        0x4 Drivers\STM32F0xx_HAL_Driver\Src\stm32f0xx_hal_crc_ex.o
                0x08003d44                HAL_CRCEx_Init
 .text.HAL_DMA_Init
                0x08003d48      0x144 Drivers\STM32F0xx_HAL_Driver\Src\stm32f0xx_hal_dma.o
                0x08003d48                HAL_DMA_Init
 .text.HAL_DMA_Start_IT
                0x08003e8c       0x98 Drivers\STM32F0xx_HAL_Driver\Src\stm32f0xx_hal_dma.o
                0x08003e8c                HAL_DMA_Start_IT
 .text.HAL_DMA_Abort_IT
                0x08003f24       0x46 Drivers\STM32F0xx_HAL_Driver\Src\stm32f0xx_hal_dma.o
                0x08003f24                HAL_DMA_Abort_IT
 .text.HAL_DMA_IRQHandler
                0x08003f6a       0x92 Drivers\STM32F0xx_HAL_Driver\Src\stm32f0xx_hal_dma.o
                0x08003f6a                HAL_DMA_IRQHandler
 .text.FLASH_SetErrorCode
                0x08003ffc       0x3c Drivers\STM32F0xx_HAL_Driver\Src\stm32f0xx_hal_flash.o
 .text.HAL_FLASH_EndOfOperationCallback
                0x08004038        0x2 Drivers\STM32F0xx_HAL_Driver\Src\stm32f0xx_hal_flash.o
                0x08004038                HAL_FLASH_EndOfOperationCallback
 .text.HAL_FLASH_OperationErrorCallback
                0x0800403a        0x2 Drivers\STM32F0xx_HAL_Driver\Src\stm32f0xx_hal_flash.o
                0x0800403a                HAL_FLASH_OperationErrorCallback
 .text.HAL_FLASH_IRQHandler
                0x0800403c      0x11c Drivers\STM32F0xx_HAL_Driver\Src\stm32f0xx_hal_flash.o
                0x0800403c                HAL_FLASH_IRQHandler
 .text.FLASH_PageErase
                0x08004158       0x24 Drivers\STM32F0xx_HAL_Driver\Src\stm32f0xx_hal_flash_ex.o
                0x08004158                FLASH_PageErase
 .text.HAL_GPIO_Init
                0x0800417c      0x230 Drivers\STM32F0xx_HAL_Driver\Src\stm32f0xx_hal_gpio.o
                0x0800417c                HAL_GPIO_Init
 .text.HAL_GPIO_ReadPin
                0x080043ac       0x24 Drivers\STM32F0xx_HAL_Driver\Src\stm32f0xx_hal_gpio.o
                0x080043ac                HAL_GPIO_ReadPin
 .text.HAL_GPIO_WritePin
                0x080043d0       0x34 Drivers\STM32F0xx_HAL_Driver\Src\stm32f0xx_hal_gpio.o
                0x080043d0                HAL_GPIO_WritePin
 .text.HAL_GPIO_TogglePin
                0x08004404       0x20 Drivers\STM32F0xx_HAL_Driver\Src\stm32f0xx_hal_gpio.o
                0x08004404                HAL_GPIO_TogglePin
 .text.HAL_I2CEx_EnableFastModePlus
                0x08004424       0x5c Drivers\STM32F0xx_HAL_Driver\Src\stm32f0xx_hal_i2c_ex.o
                0x08004424                HAL_I2CEx_EnableFastModePlus
 .text.HAL_IWDG_Init
                0x08004480       0xa0 Drivers\STM32F0xx_HAL_Driver\Src\stm32f0xx_hal_iwdg.o
                0x08004480                HAL_IWDG_Init
 .text.HAL_IWDG_Refresh
                0x08004520       0x10 Drivers\STM32F0xx_HAL_Driver\Src\stm32f0xx_hal_iwdg.o
                0x08004520                HAL_IWDG_Refresh
 .text.HAL_RCC_OscConfig
                0x08004530      0x4f0 Drivers\STM32F0xx_HAL_Driver\Src\stm32f0xx_hal_rcc.o
                0x08004530                HAL_RCC_OscConfig
 .text.HAL_RCC_GetSysClockFreq
                0x08004a20       0x64 Drivers\STM32F0xx_HAL_Driver\Src\stm32f0xx_hal_rcc.o
                0x08004a20                HAL_RCC_GetSysClockFreq
 .text.HAL_RCC_ClockConfig
                0x08004a84      0x1e4 Drivers\STM32F0xx_HAL_Driver\Src\stm32f0xx_hal_rcc.o
                0x08004a84                HAL_RCC_ClockConfig
 .text.HAL_RCC_GetHCLKFreq
                0x08004c68        0xc Drivers\STM32F0xx_HAL_Driver\Src\stm32f0xx_hal_rcc.o
                0x08004c68                HAL_RCC_GetHCLKFreq
 .text.HAL_RCC_GetPCLK1Freq
                0x08004c74       0x20 Drivers\STM32F0xx_HAL_Driver\Src\stm32f0xx_hal_rcc.o
                0x08004c74                HAL_RCC_GetPCLK1Freq
 .text.HAL_RCCEx_PeriphCLKConfig
                0x08004c94      0x154 Drivers\STM32F0xx_HAL_Driver\Src\stm32f0xx_hal_rcc_ex.o
                0x08004c94                HAL_RCCEx_PeriphCLKConfig
 .text.TIM_OC1_SetConfig
                0x08004de8       0xc8 Drivers\STM32F0xx_HAL_Driver\Src\stm32f0xx_hal_tim.o
 .text.TIM_OC3_SetConfig
                0x08004eb0       0xd0 Drivers\STM32F0xx_HAL_Driver\Src\stm32f0xx_hal_tim.o
 .text.TIM_OC4_SetConfig
                0x08004f80       0x8c Drivers\STM32F0xx_HAL_Driver\Src\stm32f0xx_hal_tim.o
 .text.HAL_TIM_Base_Start
                0x0800500c       0x60 Drivers\STM32F0xx_HAL_Driver\Src\stm32f0xx_hal_tim.o
                0x0800500c                HAL_TIM_Base_Start
 .text.HAL_TIM_Base_Start_IT
                0x0800506c       0x5c Drivers\STM32F0xx_HAL_Driver\Src\stm32f0xx_hal_tim.o
                0x0800506c                HAL_TIM_Base_Start_IT
 .text.HAL_TIM_OC_MspInit
                0x080050c8        0x2 Drivers\STM32F0xx_HAL_Driver\Src\stm32f0xx_hal_tim.o
                0x080050c8                HAL_TIM_OC_MspInit
 .text.HAL_TIM_PWM_MspInit
                0x080050ca        0x2 Drivers\STM32F0xx_HAL_Driver\Src\stm32f0xx_hal_tim.o
                0x080050ca                HAL_TIM_PWM_MspInit
 .text.HAL_TIM_PeriodElapsedCallback
                0x080050cc        0x2 Drivers\STM32F0xx_HAL_Driver\Src\stm32f0xx_hal_tim.o
                0x080050cc                HAL_TIM_PeriodElapsedCallback
 .text.HAL_TIM_OC_DelayElapsedCallback
                0x080050ce        0x2 Drivers\STM32F0xx_HAL_Driver\Src\stm32f0xx_hal_tim.o
                0x080050ce                HAL_TIM_OC_DelayElapsedCallback
 .text.HAL_TIM_IC_CaptureCallback
                0x080050d0        0x2 Drivers\STM32F0xx_HAL_Driver\Src\stm32f0xx_hal_tim.o
                0x080050d0                HAL_TIM_IC_CaptureCallback
 .text.HAL_TIM_PWM_PulseFinishedCallback
                0x080050d2        0x2 Drivers\STM32F0xx_HAL_Driver\Src\stm32f0xx_hal_tim.o
                0x080050d2                HAL_TIM_PWM_PulseFinishedCallback
 .text.HAL_TIM_TriggerCallback
                0x080050d4        0x2 Drivers\STM32F0xx_HAL_Driver\Src\stm32f0xx_hal_tim.o
                0x080050d4                HAL_TIM_TriggerCallback
 .text.HAL_TIM_IRQHandler
                0x080050d6      0x148 Drivers\STM32F0xx_HAL_Driver\Src\stm32f0xx_hal_tim.o
                0x080050d6                HAL_TIM_IRQHandler
 *fill*         0x0800521e        0x2 
 .text.TIM_Base_SetConfig
                0x08005220       0x80 Drivers\STM32F0xx_HAL_Driver\Src\stm32f0xx_hal_tim.o
                0x08005220                TIM_Base_SetConfig
 .text.HAL_TIM_Base_Init
                0x080052a0       0xc4 Drivers\STM32F0xx_HAL_Driver\Src\stm32f0xx_hal_tim.o
                0x080052a0                HAL_TIM_Base_Init
 .text.HAL_TIM_OC_Init
                0x08005364       0xcc Drivers\STM32F0xx_HAL_Driver\Src\stm32f0xx_hal_tim.o
                0x08005364                HAL_TIM_OC_Init
 .text.HAL_TIM_PWM_Init
                0x08005430       0xd0 Drivers\STM32F0xx_HAL_Driver\Src\stm32f0xx_hal_tim.o
                0x08005430                HAL_TIM_PWM_Init
 .text.TIM_OC2_SetConfig
                0x08005500       0xc8 Drivers\STM32F0xx_HAL_Driver\Src\stm32f0xx_hal_tim.o
                0x08005500                TIM_OC2_SetConfig
 .text.HAL_TIM_OC_ConfigChannel
                0x080055c8      0x150 Drivers\STM32F0xx_HAL_Driver\Src\stm32f0xx_hal_tim.o
                0x080055c8                HAL_TIM_OC_ConfigChannel
 .text.HAL_TIM_PWM_ConfigChannel
                0x08005718      0x1c4 Drivers\STM32F0xx_HAL_Driver\Src\stm32f0xx_hal_tim.o
                0x08005718                HAL_TIM_PWM_ConfigChannel
 .text.TIM_ETR_SetConfig
                0x080058dc       0x18 Drivers\STM32F0xx_HAL_Driver\Src\stm32f0xx_hal_tim.o
                0x080058dc                TIM_ETR_SetConfig
 .text.HAL_TIM_ConfigClockSource
                0x080058f4      0x408 Drivers\STM32F0xx_HAL_Driver\Src\stm32f0xx_hal_tim.o
                0x080058f4                HAL_TIM_ConfigClockSource
 .text.HAL_TIMEx_MasterConfigSynchronization
                0x08005cfc       0x98 Drivers\STM32F0xx_HAL_Driver\Src\stm32f0xx_hal_tim_ex.o
                0x08005cfc                HAL_TIMEx_MasterConfigSynchronization
 .text.HAL_TIMEx_ConfigBreakDeadTime
                0x08005d94      0x130 Drivers\STM32F0xx_HAL_Driver\Src\stm32f0xx_hal_tim_ex.o
                0x08005d94                HAL_TIMEx_ConfigBreakDeadTime
 .text.HAL_TIMEx_CommutationCallback
                0x08005ec4        0x2 Drivers\STM32F0xx_HAL_Driver\Src\stm32f0xx_hal_tim_ex.o
                0x08005ec4                HAL_TIMEx_CommutationCallback
 .text.HAL_TIMEx_BreakCallback
                0x08005ec6        0x2 Drivers\STM32F0xx_HAL_Driver\Src\stm32f0xx_hal_tim_ex.o
                0x08005ec6                HAL_TIMEx_BreakCallback
 .text.UART_EndRxTransfer
                0x08005ec8       0x20 Drivers\STM32F0xx_HAL_Driver\Src\stm32f0xx_hal_uart.o
 .text.HAL_UART_Transmit_DMA
                0x08005ee8       0x8c Drivers\STM32F0xx_HAL_Driver\Src\stm32f0xx_hal_uart.o
                0x08005ee8                HAL_UART_Transmit_DMA
 .text.UART_DMATransmitCplt
                0x08005f74       0x30 Drivers\STM32F0xx_HAL_Driver\Src\stm32f0xx_hal_uart.o
 .text.HAL_UART_TxHalfCpltCallback
                0x08005fa4        0x2 Drivers\STM32F0xx_HAL_Driver\Src\stm32f0xx_hal_uart.o
                0x08005fa4                HAL_UART_TxHalfCpltCallback
 .text.UART_DMATxHalfCplt
                0x08005fa6        0xa Drivers\STM32F0xx_HAL_Driver\Src\stm32f0xx_hal_uart.o
 .text.HAL_UART_RxCpltCallback
                0x08005fb0        0x2 Drivers\STM32F0xx_HAL_Driver\Src\stm32f0xx_hal_uart.o
                0x08005fb0                HAL_UART_RxCpltCallback
 .text.HAL_UART_ErrorCallback
                0x08005fb2        0x2 Drivers\STM32F0xx_HAL_Driver\Src\stm32f0xx_hal_uart.o
                0x08005fb2                HAL_UART_ErrorCallback
 .text.UART_DMAError
                0x08005fb4       0x5a Drivers\STM32F0xx_HAL_Driver\Src\stm32f0xx_hal_uart.o
 .text.UART_DMAAbortOnError
                0x0800600e       0x16 Drivers\STM32F0xx_HAL_Driver\Src\stm32f0xx_hal_uart.o
 .text.UART_SetConfig
                0x08006024      0x1d8 Drivers\STM32F0xx_HAL_Driver\Src\stm32f0xx_hal_uart.o
                0x08006024                UART_SetConfig
 .text.UART_AdvFeatureConfig
                0x080061fc      0x1b8 Drivers\STM32F0xx_HAL_Driver\Src\stm32f0xx_hal_uart.o
                0x080061fc                UART_AdvFeatureConfig
 .text.HAL_UART_Init
                0x080063b4       0xa4 Drivers\STM32F0xx_HAL_Driver\Src\stm32f0xx_hal_uart.o
                0x080063b4                HAL_UART_Init
 .text.UART_Transmit_IT
                0x08006458       0x64 Drivers\STM32F0xx_HAL_Driver\Src\stm32f0xx_hal_uart.o
                0x08006458                UART_Transmit_IT
 .text.UART_EndTransmit_IT
                0x080064bc       0x1c Drivers\STM32F0xx_HAL_Driver\Src\stm32f0xx_hal_uart.o
                0x080064bc                UART_EndTransmit_IT
 .text.UART_Receive_IT
                0x080064d8       0x7c Drivers\STM32F0xx_HAL_Driver\Src\stm32f0xx_hal_uart.o
                0x080064d8                UART_Receive_IT
 .text.HAL_UART_IRQHandler
                0x08006554      0x118 Drivers\STM32F0xx_HAL_Driver\Src\stm32f0xx_hal_uart.o
                0x08006554                HAL_UART_IRQHandler
 .text.Reset_Handler
                0x0800666c       0x50 startup\startup_stm32f030x6.o
                0x0800666c                Reset_Handler
 .text.Default_Handler
                0x080066bc        0x2 startup\startup_stm32f030x6.o
                0x080066bc                TIM1_CC_IRQHandler
                0x080066bc                I2C1_IRQHandler
                0x080066bc                SPI1_IRQHandler
                0x080066bc                EXTI2_3_IRQHandler
                0x080066bc                TIM17_IRQHandler
                0x080066bc                RTC_IRQHandler
                0x080066bc                EXTI4_15_IRQHandler
                0x080066bc                DMA1_Channel1_IRQHandler
                0x080066bc                Default_Handler
                0x080066bc                EXTI0_1_IRQHandler
                0x080066bc                WWDG_IRQHandler
 *fill*         0x080066be        0x2 
 .text.__libc_init_array
                0x080066c0       0x48 c:/truestudio for stm32 9.2.0/armtools/bin/../lib/gcc/arm-atollic-eabi/6.3.1/../../../../arm-atollic-eabi/lib/armv6-m\libc_nano.a(lib_a-init.o)
                0x080066c0                __libc_init_array
 .text.memcpy   0x08006708       0x12 c:/truestudio for stm32 9.2.0/armtools/bin/../lib/gcc/arm-atollic-eabi/6.3.1/../../../../arm-atollic-eabi/lib/armv6-m\libc_nano.a(lib_a-memcpy-stub.o)
                0x08006708                memcpy
 .text.memset   0x0800671a       0x10 c:/truestudio for stm32 9.2.0/armtools/bin/../lib/gcc/arm-atollic-eabi/6.3.1/../../../../arm-atollic-eabi/lib/armv6-m\libc_nano.a(lib_a-memset.o)
                0x0800671a                memset
 *fill*         0x0800672a        0x2 
 .text.sprintf  0x0800672c       0x44 c:/truestudio for stm32 9.2.0/armtools/bin/../lib/gcc/arm-atollic-eabi/6.3.1/../../../../arm-atollic-eabi/lib/armv6-m\libc_nano.a(lib_a-sprintf.o)
                0x0800672c                siprintf
                0x0800672c                sprintf
 .text.strcat   0x08006770       0x1a c:/truestudio for stm32 9.2.0/armtools/bin/../lib/gcc/arm-atollic-eabi/6.3.1/../../../../arm-atollic-eabi/lib/armv6-m\libc_nano.a(lib_a-strcat.o)
                0x08006770                strcat
 .text.strcpy   0x0800678a       0x10 c:/truestudio for stm32 9.2.0/armtools/bin/../lib/gcc/arm-atollic-eabi/6.3.1/../../../../arm-atollic-eabi/lib/armv6-m\libc_nano.a(lib_a-strcpy.o)
                0x0800678a                strcpy
 *fill*         0x0800679a        0x2 
 .text.__ssputs_r
                0x0800679c       0xc4 c:/truestudio for stm32 9.2.0/armtools/bin/../lib/gcc/arm-atollic-eabi/6.3.1/../../../../arm-atollic-eabi/lib/armv6-m\libc_nano.a(lib_a-nano-svfprintf.o)
                0x0800679c                __ssputs_r
 .text._svfprintf_r
                0x08006860      0x208 c:/truestudio for stm32 9.2.0/armtools/bin/../lib/gcc/arm-atollic-eabi/6.3.1/../../../../arm-atollic-eabi/lib/armv6-m\libc_nano.a(lib_a-nano-svfprintf.o)
                0x08006860                _svfiprintf_r
                0x08006860                _svfprintf_r
 .text._printf_common
                0x08006a68       0xda c:/truestudio for stm32 9.2.0/armtools/bin/../lib/gcc/arm-atollic-eabi/6.3.1/../../../../arm-atollic-eabi/lib/armv6-m\libc_nano.a(lib_a-nano-vfprintf_i.o)
                0x08006a68                _printf_common
 *fill*         0x08006b42        0x2 
 .text._printf_i
                0x08006b44      0x234 c:/truestudio for stm32 9.2.0/armtools/bin/../lib/gcc/arm-atollic-eabi/6.3.1/../../../../arm-atollic-eabi/lib/armv6-m\libc_nano.a(lib_a-nano-vfprintf_i.o)
                0x08006b44                _printf_i
 .text.memchr   0x08006d78       0x16 c:/truestudio for stm32 9.2.0/armtools/bin/../lib/gcc/arm-atollic-eabi/6.3.1/../../../../arm-atollic-eabi/lib/armv6-m\libc_nano.a(lib_a-memchr-stub.o)
                0x08006d78                memchr
 .text.memmove  0x08006d8e       0x24 c:/truestudio for stm32 9.2.0/armtools/bin/../lib/gcc/arm-atollic-eabi/6.3.1/../../../../arm-atollic-eabi/lib/armv6-m\libc_nano.a(lib_a-memmove.o)
                0x08006d8e                memmove
 *fill*         0x08006db2        0x2 
 .text._free_r  0x08006db4       0x94 c:/truestudio for stm32 9.2.0/armtools/bin/../lib/gcc/arm-atollic-eabi/6.3.1/../../../../arm-atollic-eabi/lib/armv6-m\libc_nano.a(lib_a-nano-freer.o)
                0x08006db4                _free_r
 .text._malloc_r
                0x08006e48       0xbc c:/truestudio for stm32 9.2.0/armtools/bin/../lib/gcc/arm-atollic-eabi/6.3.1/../../../../arm-atollic-eabi/lib/armv6-m\libc_nano.a(lib_a-nano-mallocr.o)
                0x08006e48                _malloc_r
 .text._realloc_r
                0x08006f04       0x4c c:/truestudio for stm32 9.2.0/armtools/bin/../lib/gcc/arm-atollic-eabi/6.3.1/../../../../arm-atollic-eabi/lib/armv6-m\libc_nano.a(lib_a-nano-reallocr.o)
                0x08006f04                _realloc_r
 .text._sbrk_r  0x08006f50       0x24 c:/truestudio for stm32 9.2.0/armtools/bin/../lib/gcc/arm-atollic-eabi/6.3.1/../../../../arm-atollic-eabi/lib/armv6-m\libc_nano.a(lib_a-sbrkr.o)
                0x08006f50                _sbrk_r
 .text.__malloc_lock
                0x08006f74        0x2 c:/truestudio for stm32 9.2.0/armtools/bin/../lib/gcc/arm-atollic-eabi/6.3.1/../../../../arm-atollic-eabi/lib/armv6-m\libc_nano.a(lib_a-mlock.o)
                0x08006f74                __malloc_lock
 .text.__malloc_unlock
                0x08006f76        0x2 c:/truestudio for stm32 9.2.0/armtools/bin/../lib/gcc/arm-atollic-eabi/6.3.1/../../../../arm-atollic-eabi/lib/armv6-m\libc_nano.a(lib_a-mlock.o)
                0x08006f76                __malloc_unlock
 .text._malloc_usable_size_r
                0x08006f78       0x10 c:/truestudio for stm32 9.2.0/armtools/bin/../lib/gcc/arm-atollic-eabi/6.3.1/../../../../arm-atollic-eabi/lib/armv6-m\libc_nano.a(lib_a-nano-msizer.o)
                0x08006f78                _malloc_usable_size_r
 .text._sbrk    0x08006f88       0x20 c:/truestudio for stm32 9.2.0/armtools/bin/../lib/gcc/arm-atollic-eabi/6.3.1/../../../../arm-atollic-eabi/lib/armv6-m\libnosys.a(sbrk.o)
                0x08006f88                _sbrk
 *(.glue_7)
 .glue_7        0x08006fa8        0x0 linker stubs
 *(.glue_7t)
 .glue_7t       0x08006fa8        0x0 linker stubs
 *(.eh_frame)
 .eh_frame      0x08006fa8        0x0 c:/truestudio for stm32 9.2.0/armtools/bin/../lib/gcc/arm-atollic-eabi/6.3.1/armv6-m/crtbegin.o
 *(.init)
 .init          0x08006fa8        0x4 c:/truestudio for stm32 9.2.0/armtools/bin/../lib/gcc/arm-atollic-eabi/6.3.1/armv6-m/crti.o
                0x08006fa8                _init
 .init          0x08006fac        0x8 c:/truestudio for stm32 9.2.0/armtools/bin/../lib/gcc/arm-atollic-eabi/6.3.1/armv6-m/crtn.o
 *(.fini)
 .fini          0x08006fb4        0x4 c:/truestudio for stm32 9.2.0/armtools/bin/../lib/gcc/arm-atollic-eabi/6.3.1/armv6-m/crti.o
                0x08006fb4                _fini
 .fini          0x08006fb8        0x8 c:/truestudio for stm32 9.2.0/armtools/bin/../lib/gcc/arm-atollic-eabi/6.3.1/armv6-m/crtn.o
                0x08006fc0                . = ALIGN (0x4)
                0x08006fc0                _etext = .

.vfp11_veneer   0x08006fc0        0x0
 .vfp11_veneer  0x08006fc0        0x0 linker stubs

.v4_bx          0x08006fc0        0x0
 .v4_bx         0x08006fc0        0x0 linker stubs

.iplt           0x08006fc0        0x0
 .iplt          0x08006fc0        0x0 c:/truestudio for stm32 9.2.0/armtools/bin/../lib/gcc/arm-atollic-eabi/6.3.1/armv6-m/crtbegin.o

.rodata         0x08006fc0      0x4bc
                0x08006fc0                . = ALIGN (0x4)
 *(.rodata)
 .rodata        0x08006fc0       0x20 Drivers\STM32F0xx_HAL_Driver\Src\stm32f0xx_hal_rcc.o
 .rodata        0x08006fe0       0x40 c:/truestudio for stm32 9.2.0/armtools/bin/../lib/gcc/arm-atollic-eabi/6.3.1/armv6-m\libgcc.a(mulsf3.o)
 .rodata        0x08007020       0x40 c:/truestudio for stm32 9.2.0/armtools/bin/../lib/gcc/arm-atollic-eabi/6.3.1/armv6-m\libgcc.a(muldf3.o)
 *(.rodata*)
 .rodata.AddUART_CRC.str1.1
                0x08007060        0xd Core\Src\digiTOS-Lib\digiTOS-Core.o
 .rodata.Get_ChipID.str1.1
                0x0800706d       0x13 Core\Src\digiTOS-Lib\digiTOS-Core.o
 .rodata.Get_FlashSize.str1.1
                0x08007080       0x11 Core\Src\digiTOS-Lib\digiTOS-Core.o
 .rodata.Get_Version.str1.1
                0x08007091       0x16 Core\Src\digiTOS-Lib\digiTOS-Core.o
 .rodata.PrintCurrentState.str1.1
                0x080070a7       0x74 Core\Src\digiTOS-Lib\digiTOS-Core.o
 .rodata.main.str1.1
                0x0800711b       0x60 Core\Src\main.o
 .rodata.AHBPrescTable
                0x0800717b       0x10 Core\Src\system_stm32f0xx.o
                0x0800717b                AHBPrescTable
 .rodata.APBPrescTable
                0x0800718b        0x8 Core\Src\system_stm32f0xx.o
                0x0800718b                APBPrescTable
 .rodata.ADC_ConversionStop.str1.1
                0x08007193       0x38 Drivers\STM32F0xx_HAL_Driver\Src\stm32f0xx_hal_adc.o
 .rodata.HAL_NVIC_SetPriority.str1.1
                0x080071cb       0x3b Drivers\STM32F0xx_HAL_Driver\Src\stm32f0xx_hal_cortex.o
 .rodata.HAL_CRC_Init.str1.1
                0x08007206       0x38 Drivers\STM32F0xx_HAL_Driver\Src\stm32f0xx_hal_crc.o
 .rodata.HAL_DMA_Init.str1.1
                0x0800723e       0x38 Drivers\STM32F0xx_HAL_Driver\Src\stm32f0xx_hal_dma.o
 .rodata.HAL_GPIO_Init.str1.1
                0x08007276       0x39 Drivers\STM32F0xx_HAL_Driver\Src\stm32f0xx_hal_gpio.o
 .rodata.HAL_I2CEx_ConfigAnalogFilter.str1.1
                0x080072af       0x3b Drivers\STM32F0xx_HAL_Driver\Src\stm32f0xx_hal_i2c_ex.o
 .rodata.HAL_IWDG_Init.str1.1
                0x080072ea       0x39 Drivers\STM32F0xx_HAL_Driver\Src\stm32f0xx_hal_iwdg.o
 .rodata.HAL_RCC_OscConfig.str1.1
                0x08007323       0x38 Drivers\STM32F0xx_HAL_Driver\Src\stm32f0xx_hal_rcc.o
 .rodata.HAL_RCCEx_PeriphCLKConfig.str1.1
                0x0800735b       0x3b Drivers\STM32F0xx_HAL_Driver\Src\stm32f0xx_hal_rcc_ex.o
 .rodata.TIM_OC1_SetConfig.str1.1
                0x08007396       0x38 Drivers\STM32F0xx_HAL_Driver\Src\stm32f0xx_hal_tim.o
 .rodata.HAL_TIMEx_HallSensor_Init.str1.1
                0x080073ce       0x3b Drivers\STM32F0xx_HAL_Driver\Src\stm32f0xx_hal_tim_ex.o
 .rodata.CSWTCH.50
                0x08007409        0x4 Drivers\STM32F0xx_HAL_Driver\Src\stm32f0xx_hal_uart.o
 .rodata.HAL_UART_DeInit.str1.1
                0x0800740d       0x39 Drivers\STM32F0xx_HAL_Driver\Src\stm32f0xx_hal_uart.o
 .rodata._svfprintf_r.str1.1
                0x08007446       0x11 c:/truestudio for stm32 9.2.0/armtools/bin/../lib/gcc/arm-atollic-eabi/6.3.1/../../../../arm-atollic-eabi/lib/armv6-m\libc_nano.a(lib_a-nano-svfprintf.o)
 .rodata._printf_i.str1.1
                0x08007457       0x22 c:/truestudio for stm32 9.2.0/armtools/bin/../lib/gcc/arm-atollic-eabi/6.3.1/../../../../arm-atollic-eabi/lib/armv6-m\libc_nano.a(lib_a-nano-vfprintf_i.o)
                0x0800747c                . = ALIGN (0x4)
 *fill*         0x08007479        0x3 

.ARM.extab
 *(.ARM.extab* .gnu.linkonce.armextab.*)

.ARM            0x0800747c        0x8
                0x0800747c                __exidx_start = .
 *(.ARM.exidx*)
 .ARM.exidx     0x0800747c        0x8 c:/truestudio for stm32 9.2.0/armtools/bin/../lib/gcc/arm-atollic-eabi/6.3.1/armv6-m\libgcc.a(_udivmoddi4.o)
                0x08007484                __exidx_end = .

.rel.dyn        0x08007484        0x0
 .rel.iplt      0x08007484        0x0 c:/truestudio for stm32 9.2.0/armtools/bin/../lib/gcc/arm-atollic-eabi/6.3.1/armv6-m/crtbegin.o

.preinit_array  0x08007484        0x0
                0x08007484                PROVIDE (__preinit_array_start, .)
 *(.preinit_array*)
                0x08007484                PROVIDE (__preinit_array_end, .)

.init_array     0x08007484        0x4
                0x08007484                PROVIDE (__init_array_start, .)
 *(SORT(.init_array.*))
 *(.init_array*)
 .init_array    0x08007484        0x4 c:/truestudio for stm32 9.2.0/armtools/bin/../lib/gcc/arm-atollic-eabi/6.3.1/armv6-m/crtbegin.o
                0x08007488                PROVIDE (__init_array_end, .)

.fini_array     0x08007488        0x4
                [!provide]                PROVIDE (__fini_array_start, .)
 *(SORT(.fini_array.*))
 *(.fini_array*)
 .fini_array    0x08007488        0x4 c:/truestudio for stm32 9.2.0/armtools/bin/../lib/gcc/arm-atollic-eabi/6.3.1/armv6-m/crtbegin.o
                [!provide]                PROVIDE (__fini_array_end, .)
                0x0800748c                _sidata = LOADADDR (.data)

.data           0x20000000      0x2ac load address 0x0800748c
                0x20000000                . = ALIGN (0x4)
                0x20000000                _sdata = .
 *(.data)
 *(.data*)
 .data.I_Out_Cnt
                0x20000000        0x4 Core\Src\digiTOS-Lib\digiTOS-Configuration.o
                0x20000000                I_Out_Cnt
 .data.I_RATIO  0x20000004        0x4 Core\Src\digiTOS-Lib\digiTOS-Configuration.o
                0x20000004                I_RATIO
 .data.Sin_Amp_ind
                0x20000008       0x10 Core\Src\digiTOS-Lib\digiTOS-Configuration.o
                0x20000008                Sin_Amp_ind
 .data.Sine_Amplitude_1
                0x20000018        0x4 Core\Src\digiTOS-Lib\digiTOS-Configuration.o
                0x20000018                Sine_Amplitude_1
 .data.Sine_Amplitude_2
                0x2000001c        0x4 Core\Src\digiTOS-Lib\digiTOS-Configuration.o
                0x2000001c                Sine_Amplitude_2
 .data.Sine_Amplitude_3
                0x20000020        0x4 Core\Src\digiTOS-Lib\digiTOS-Configuration.o
                0x20000020                Sine_Amplitude_3
 .data.Sine_Amplitude_4
                0x20000024        0x4 Core\Src\digiTOS-Lib\digiTOS-Configuration.o
                0x20000024                Sine_Amplitude_4
 .data.V_1      0x20000028        0x4 Core\Src\digiTOS-Lib\digiTOS-Configuration.o
                0x20000028                V_1
 .data.V_2      0x2000002c        0x4 Core\Src\digiTOS-Lib\digiTOS-Configuration.o
                0x2000002c                V_2
 .data.V_3      0x20000030        0x4 Core\Src\digiTOS-Lib\digiTOS-Configuration.o
                0x20000030                V_3
 .data.V_4      0x20000034        0x4 Core\Src\digiTOS-Lib\digiTOS-Configuration.o
                0x20000034                V_4
 .data.V_Cnt    0x20000038       0x10 Core\Src\digiTOS-Lib\digiTOS-Configuration.o
                0x20000038                V_Cnt
 .data.V_Out_Cnt
                0x20000048        0x4 Core\Src\digiTOS-Lib\digiTOS-Configuration.o
                0x20000048                V_Out_Cnt
 .data.V_RATIO  0x2000004c        0x4 Core\Src\digiTOS-Lib\digiTOS-Configuration.o
                0x2000004c                V_RATIO
 .data.amp1_target
                0x20000050        0x4 Core\Src\digiTOS-Lib\digiTOS-Configuration.o
                0x20000050                amp1_target
 .data.amp2_target
                0x20000054        0x4 Core\Src\digiTOS-Lib\digiTOS-Configuration.o
                0x20000054                amp2_target
 .data.amp3_target
                0x20000058        0x4 Core\Src\digiTOS-Lib\digiTOS-Configuration.o
                0x20000058                amp3_target
 .data.amp4_target
                0x2000005c        0x4 Core\Src\digiTOS-Lib\digiTOS-Configuration.o
                0x2000005c                amp4_target
 .data.sin_data
                0x20000060      0x1e0 Core\Src\digiTOS-Lib\digiTOS-Configuration.o
                0x20000060                sin_data
 .data.huart1_finished_tx
                0x20000240        0x4 Core\Src\digiTOS-Lib\digiTOS-Core.o
                0x20000240                huart1_finished_tx
 .data.SystemCoreClock
                0x20000244        0x4 Core\Src\system_stm32f0xx.o
                0x20000244                SystemCoreClock
 .data._impure_ptr
                0x20000248        0x4 c:/truestudio for stm32 9.2.0/armtools/bin/../lib/gcc/arm-atollic-eabi/6.3.1/../../../../arm-atollic-eabi/lib/armv6-m\libc_nano.a(lib_a-impure.o)
                0x20000248                _impure_ptr
 .data.impure_data
                0x2000024c       0x60 c:/truestudio for stm32 9.2.0/armtools/bin/../lib/gcc/arm-atollic-eabi/6.3.1/../../../../arm-atollic-eabi/lib/armv6-m\libc_nano.a(lib_a-impure.o)
                0x200002ac                . = ALIGN (0x4)
                0x200002ac                _edata = .

.igot.plt       0x200002ac        0x0 load address 0x08007738
 .igot.plt      0x200002ac        0x0 c:/truestudio for stm32 9.2.0/armtools/bin/../lib/gcc/arm-atollic-eabi/6.3.1/armv6-m/crtbegin.o
                0x200002ac                . = ALIGN (0x4)

.bss            0x200002b0      0x46c load address 0x08007738
                0x200002b0                _sbss = .
                0x200002b0                __bss_start__ = _sbss
 *(.bss)
 .bss           0x200002b0       0x1c c:/truestudio for stm32 9.2.0/armtools/bin/../lib/gcc/arm-atollic-eabi/6.3.1/armv6-m/crtbegin.o
 *(.bss*)
 .bss.AMP_BLOCKED
                0x200002cc        0x4 Core\Src\digiTOS-Lib\digiTOS-Configuration.o
                0x200002cc                AMP_BLOCKED
 .bss.AMP_PROTECTION_CNT
                0x200002d0        0x4 Core\Src\digiTOS-Lib\digiTOS-Configuration.o
                0x200002d0                AMP_PROTECTION_CNT
 .bss.AMP_PROTECTION_CNT_BEFORESTART
                0x200002d4        0x4 Core\Src\digiTOS-Lib\digiTOS-Configuration.o
                0x200002d4                AMP_PROTECTION_CNT_BEFORESTART
 .bss.DC_BLOCKED
                0x200002d8        0x4 Core\Src\digiTOS-Lib\digiTOS-Configuration.o
                0x200002d8                DC_BLOCKED
 .bss.DC_Data   0x200002dc        0x4 Core\Src\digiTOS-Lib\digiTOS-Configuration.o
                0x200002dc                DC_Data
 .bss.DC_DataAverage
                0x200002e0        0x4 Core\Src\digiTOS-Lib\digiTOS-Configuration.o
                0x200002e0                DC_DataAverage
 .bss.DC_DataCnt
                0x200002e4        0x4 Core\Src\digiTOS-Lib\digiTOS-Configuration.o
                0x200002e4                DC_DataCnt
 .bss.DC_PROTECTION_CNT
                0x200002e8        0x4 Core\Src\digiTOS-Lib\digiTOS-Configuration.o
                0x200002e8                DC_PROTECTION_CNT
 .bss.DC_PROTECTION_CNT_BEFORESTART
                0x200002ec        0x4 Core\Src\digiTOS-Lib\digiTOS-Configuration.o
                0x200002ec                DC_PROTECTION_CNT_BEFORESTART
 .bss.IOUT_BLOCKED
                0x200002f0        0x4 Core\Src\digiTOS-Lib\digiTOS-Configuration.o
                0x200002f0                IOUT_BLOCKED
 .bss.IOUT_PROTECTION_CNT
                0x200002f4        0x4 Core\Src\digiTOS-Lib\digiTOS-Configuration.o
                0x200002f4                IOUT_PROTECTION_CNT
 .bss.IOUT_PROTECTION_CNT_BEFORESTART
                0x200002f8        0x4 Core\Src\digiTOS-Lib\digiTOS-Configuration.o
                0x200002f8                IOUT_PROTECTION_CNT_BEFORESTART
 .bss.I_Out     0x200002fc        0x4 Core\Src\digiTOS-Lib\digiTOS-Configuration.o
                0x200002fc                I_Out
 .bss.I_Out_RawData
                0x20000300        0x8 Core\Src\digiTOS-Lib\digiTOS-Configuration.o
                0x20000300                I_Out_RawData
 .bss.VOUT_BLOCKED
                0x20000308        0x4 Core\Src\digiTOS-Lib\digiTOS-Configuration.o
                0x20000308                VOUT_BLOCKED
 .bss.VOUT_PROTECTION_CNT
                0x2000030c        0x4 Core\Src\digiTOS-Lib\digiTOS-Configuration.o
                0x2000030c                VOUT_PROTECTION_CNT
 .bss.VOUT_PROTECTION_CNT_BEFORESTART
                0x20000310        0x4 Core\Src\digiTOS-Lib\digiTOS-Configuration.o
                0x20000310                VOUT_PROTECTION_CNT_BEFORESTART
 .bss.V_Out     0x20000314        0x4 Core\Src\digiTOS-Lib\digiTOS-Configuration.o
                0x20000314                V_Out
 .bss.V_Out_RawData
                0x20000318        0x8 Core\Src\digiTOS-Lib\digiTOS-Configuration.o
                0x20000318                V_Out_RawData
 .bss.sinStatus
                0x20000320        0x1 Core\Src\digiTOS-Lib\digiTOS-Configuration.o
                0x20000320                sinStatus
 *fill*         0x20000321        0x1 
 .bss.sin_step  0x20000322        0x2 Core\Src\digiTOS-Lib\digiTOS-Configuration.o
                0x20000322                sin_step
 .bss.BoardStatus
                0x20000324        0x1 Core\Src\digiTOS-Lib\digiTOS-Core.o
                0x20000324                BoardStatus
 *fill*         0x20000325        0x3 
 .bss.DevMode1  0x20000328        0x4 Core\Src\digiTOS-Lib\digiTOS-Core.o
                0x20000328                DevMode1
 .bss.EEPROM_CRC
                0x2000032c        0x4 Core\Src\digiTOS-Lib\digiTOS-Core.o
                0x2000032c                EEPROM_CRC
 .bss.EEPROM_DATA
                0x20000330        0x8 Core\Src\digiTOS-Lib\digiTOS-Core.o
                0x20000330                EEPROM_DATA
 .bss.EEPROM_FLAG
                0x20000338        0x4 Core\Src\digiTOS-Lib\digiTOS-Core.o
                0x20000338                EEPROM_FLAG
 .bss.FaultWaitCnt
                0x2000033c        0x4 Core\Src\digiTOS-Lib\digiTOS-Core.o
                0x2000033c                FaultWaitCnt
 .bss.RstCnt    0x20000340        0x4 Core\Src\digiTOS-Lib\digiTOS-Core.o
                0x20000340                RstCnt
 .bss.SinWave   0x20000344        0x1 Core\Src\digiTOS-Lib\digiTOS-Core.o
                0x20000344                SinWave
 *fill*         0x20000345        0x3 
 .bss.__malloc_free_list
                0x20000348        0x4 c:/truestudio for stm32 9.2.0/armtools/bin/../lib/gcc/arm-atollic-eabi/6.3.1/../../../../arm-atollic-eabi/lib/armv6-m\libc_nano.a(lib_a-nano-mallocr.o)
                0x20000348                __malloc_free_list
 .bss.__malloc_sbrk_start
                0x2000034c        0x4 c:/truestudio for stm32 9.2.0/armtools/bin/../lib/gcc/arm-atollic-eabi/6.3.1/../../../../arm-atollic-eabi/lib/armv6-m\libc_nano.a(lib_a-nano-mallocr.o)
                0x2000034c                __malloc_sbrk_start
 .bss.heap_end.4116
                0x20000350        0x4 c:/truestudio for stm32 9.2.0/armtools/bin/../lib/gcc/arm-atollic-eabi/6.3.1/../../../../arm-atollic-eabi/lib/armv6-m\libnosys.a(sbrk.o)
 *(COMMON)
 COMMON         0x20000354       0x90 Core\Src\adc.o
                0x20000354                hdma_adc
                0x20000398                hadc
 COMMON         0x200003e4       0x24 Core\Src\crc.o
                0x200003e4                hcrc
 COMMON         0x20000408       0x12 Core\Src\digiTOS-Lib\digiTOS-Configuration.o
                0x20000408                ADC_Cnt
                0x20000414                ADC_Data
 *fill*         0x2000041a        0x2 
 COMMON         0x2000041c       0xcc Core\Src\digiTOS-Lib\digiTOS-Core.o
                0x2000041c                uart_buff
                0x20000480                DevModeKey
                0x2000049c                crc_buff
                0x200004b0                FaultFlag
                0x200004cc                DevModeKey2
 COMMON         0x200004e8       0x10 Core\Src\iwdg.o
                0x200004e8                hiwdg
 COMMON         0x200004f8      0x100 Core\Src\tim.o
                0x200004f8                htim3
                0x20000538                htim1
                0x20000578                htim14
                0x200005b8                htim16
 COMMON         0x200005f8       0xf8 Core\Src\usart.o
                0x200005f8                hdma_usart1_tx
                0x2000063c                hdma_usart1_rx
                0x20000680                huart1
 COMMON         0x200006f0        0x4 Drivers\STM32F0xx_HAL_Driver\Src\stm32f0xx_hal.o
                0x200006f0                uwTick
 *fill*         0x200006f4        0x4 
 COMMON         0x200006f8       0x20 Drivers\STM32F0xx_HAL_Driver\Src\stm32f0xx_hal_flash.o
                0x200006f8                pFlash
 COMMON         0x20000718        0x4 c:/truestudio for stm32 9.2.0/armtools/bin/../lib/gcc/arm-atollic-eabi/6.3.1/../../../../arm-atollic-eabi/lib/armv6-m\libc_nano.a(lib_a-reent.o)
                0x20000718                errno
                0x2000071c                . = ALIGN (0x4)
                0x2000071c                _ebss = .
                0x2000071c                __bss_end__ = _ebss

._user_heap_stack
                0x2000071c      0x600 load address 0x08007738
                0x2000071c                . = ALIGN (0x4)
                0x2000071c                PROVIDE (end, .)
                [!provide]                PROVIDE (_end, .)
                0x2000091c                . = (. + _Min_Heap_Size)
 *fill*         0x2000071c      0x200 
                0x20000d1c                . = (. + _Min_Stack_Size)
 *fill*         0x2000091c      0x400 
                0x20000d1c                . = ALIGN (0x4)

/DISCARD/
 libc.a(*)
 libm.a(*)
 libgcc.a(*)

.ARM.attributes
                0x00000000       0x28
 *(.ARM.attributes)
 .ARM.attributes
                0x00000000       0x1e c:/truestudio for stm32 9.2.0/armtools/bin/../lib/gcc/arm-atollic-eabi/6.3.1/armv6-m/crti.o
 .ARM.attributes
                0x0000001e       0x2c c:/truestudio for stm32 9.2.0/armtools/bin/../lib/gcc/arm-atollic-eabi/6.3.1/armv6-m/crtbegin.o
 .ARM.attributes
                0x0000004a       0x31 Core\Src\adc.o
 .ARM.attributes
                0x0000007b       0x31 Core\Src\crc.o
 .ARM.attributes
                0x000000ac       0x31 Core\Src\digiTOS-Lib\digiTOS-ADC.o
 .ARM.attributes
                0x000000dd       0x31 Core\Src\digiTOS-Lib\digiTOS-Configuration.o
 .ARM.attributes
                0x0000010e       0x31 Core\Src\digiTOS-Lib\digiTOS-Core.o
 .ARM.attributes
                0x0000013f       0x31 Core\Src\digiTOS-Lib\digiTOS-Generator.o
 .ARM.attributes
                0x00000170       0x31 Core\Src\digiTOS-Lib\digiTOS-Sinus.o
 .ARM.attributes
                0x000001a1       0x31 Core\Src\digiTOS-Lib\eeprom.o
 .ARM.attributes
                0x000001d2       0x31 Core\Src\digiTOS-Lib\stm32f0xx_hal_buttons.o
 .ARM.attributes
                0x00000203       0x31 Core\Src\dma.o
 .ARM.attributes
                0x00000234       0x31 Core\Src\gpio.o
 .ARM.attributes
                0x00000265       0x31 Core\Src\iwdg.o
 .ARM.attributes
                0x00000296       0x31 Core\Src\main.o
 .ARM.attributes
                0x000002c7       0x31 Core\Src\stm32f0xx_hal_msp.o
 .ARM.attributes
                0x000002f8       0x31 Core\Src\stm32f0xx_it.o
 .ARM.attributes
                0x00000329       0x31 Core\Src\system_stm32f0xx.o
 .ARM.attributes
                0x0000035a       0x31 Core\Src\tim.o
 .ARM.attributes
                0x0000038b       0x31 Core\Src\usart.o
 .ARM.attributes
                0x000003bc       0x31 Drivers\STM32F0xx_HAL_Driver\Src\stm32f0xx_hal.o
 .ARM.attributes
                0x000003ed       0x31 Drivers\STM32F0xx_HAL_Driver\Src\stm32f0xx_hal_adc.o
 .ARM.attributes
                0x0000041e       0x31 Drivers\STM32F0xx_HAL_Driver\Src\stm32f0xx_hal_cortex.o
 .ARM.attributes
                0x0000044f       0x31 Drivers\STM32F0xx_HAL_Driver\Src\stm32f0xx_hal_crc.o
 .ARM.attributes
                0x00000480       0x31 Drivers\STM32F0xx_HAL_Driver\Src\stm32f0xx_hal_crc_ex.o
 .ARM.attributes
                0x000004b1       0x31 Drivers\STM32F0xx_HAL_Driver\Src\stm32f0xx_hal_dma.o
 .ARM.attributes
                0x000004e2       0x31 Drivers\STM32F0xx_HAL_Driver\Src\stm32f0xx_hal_flash.o
 .ARM.attributes
                0x00000513       0x31 Drivers\STM32F0xx_HAL_Driver\Src\stm32f0xx_hal_flash_ex.o
 .ARM.attributes
                0x00000544       0x31 Drivers\STM32F0xx_HAL_Driver\Src\stm32f0xx_hal_gpio.o
 .ARM.attributes
                0x00000575       0x31 Drivers\STM32F0xx_HAL_Driver\Src\stm32f0xx_hal_i2c_ex.o
 .ARM.attributes
                0x000005a6       0x31 Drivers\STM32F0xx_HAL_Driver\Src\stm32f0xx_hal_iwdg.o
 .ARM.attributes
                0x000005d7       0x31 Drivers\STM32F0xx_HAL_Driver\Src\stm32f0xx_hal_rcc.o
 .ARM.attributes
                0x00000608       0x31 Drivers\STM32F0xx_HAL_Driver\Src\stm32f0xx_hal_rcc_ex.o
 .ARM.attributes
                0x00000639       0x31 Drivers\STM32F0xx_HAL_Driver\Src\stm32f0xx_hal_tim.o
 .ARM.attributes
                0x0000066a       0x31 Drivers\STM32F0xx_HAL_Driver\Src\stm32f0xx_hal_tim_ex.o
 .ARM.attributes
                0x0000069b       0x31 Drivers\STM32F0xx_HAL_Driver\Src\stm32f0xx_hal_uart.o
 .ARM.attributes
                0x000006cc       0x21 startup\startup_stm32f030x6.o
 .ARM.attributes
                0x000006ed       0x2c c:/truestudio for stm32 9.2.0/armtools/bin/../lib/gcc/arm-atollic-eabi/6.3.1/../../../../arm-atollic-eabi/lib/armv6-m\libc_nano.a(lib_a-init.o)
 .ARM.attributes
                0x00000719       0x2c c:/truestudio for stm32 9.2.0/armtools/bin/../lib/gcc/arm-atollic-eabi/6.3.1/../../../../arm-atollic-eabi/lib/armv6-m\libc_nano.a(lib_a-memcpy-stub.o)
 .ARM.attributes
                0x00000745       0x2c c:/truestudio for stm32 9.2.0/armtools/bin/../lib/gcc/arm-atollic-eabi/6.3.1/../../../../arm-atollic-eabi/lib/armv6-m\libc_nano.a(lib_a-memset.o)
 .ARM.attributes
                0x00000771       0x2c c:/truestudio for stm32 9.2.0/armtools/bin/../lib/gcc/arm-atollic-eabi/6.3.1/../../../../arm-atollic-eabi/lib/armv6-m\libc_nano.a(lib_a-sprintf.o)
 .ARM.attributes
                0x0000079d       0x2c c:/truestudio for stm32 9.2.0/armtools/bin/../lib/gcc/arm-atollic-eabi/6.3.1/../../../../arm-atollic-eabi/lib/armv6-m\libc_nano.a(lib_a-strcat.o)
 .ARM.attributes
                0x000007c9       0x2c c:/truestudio for stm32 9.2.0/armtools/bin/../lib/gcc/arm-atollic-eabi/6.3.1/../../../../arm-atollic-eabi/lib/armv6-m\libc_nano.a(lib_a-strcpy.o)
 .ARM.attributes
                0x000007f5       0x2c c:/truestudio for stm32 9.2.0/armtools/bin/../lib/gcc/arm-atollic-eabi/6.3.1/../../../../arm-atollic-eabi/lib/armv6-m\libc_nano.a(lib_a-impure.o)
 .ARM.attributes
                0x00000821       0x2c c:/truestudio for stm32 9.2.0/armtools/bin/../lib/gcc/arm-atollic-eabi/6.3.1/../../../../arm-atollic-eabi/lib/armv6-m\libc_nano.a(lib_a-nano-svfprintf.o)
 .ARM.attributes
                0x0000084d       0x2c c:/truestudio for stm32 9.2.0/armtools/bin/../lib/gcc/arm-atollic-eabi/6.3.1/../../../../arm-atollic-eabi/lib/armv6-m\libc_nano.a(lib_a-nano-vfprintf_i.o)
 .ARM.attributes
                0x00000879       0x2c c:/truestudio for stm32 9.2.0/armtools/bin/../lib/gcc/arm-atollic-eabi/6.3.1/../../../../arm-atollic-eabi/lib/armv6-m\libc_nano.a(lib_a-memchr-stub.o)
 .ARM.attributes
                0x000008a5       0x2c c:/truestudio for stm32 9.2.0/armtools/bin/../lib/gcc/arm-atollic-eabi/6.3.1/../../../../arm-atollic-eabi/lib/armv6-m\libc_nano.a(lib_a-memmove.o)
 .ARM.attributes
                0x000008d1       0x2c c:/truestudio for stm32 9.2.0/armtools/bin/../lib/gcc/arm-atollic-eabi/6.3.1/../../../../arm-atollic-eabi/lib/armv6-m\libc_nano.a(lib_a-nano-freer.o)
 .ARM.attributes
                0x000008fd       0x2c c:/truestudio for stm32 9.2.0/armtools/bin/../lib/gcc/arm-atollic-eabi/6.3.1/../../../../arm-atollic-eabi/lib/armv6-m\libc_nano.a(lib_a-nano-mallocr.o)
 .ARM.attributes
                0x00000929       0x2c c:/truestudio for stm32 9.2.0/armtools/bin/../lib/gcc/arm-atollic-eabi/6.3.1/../../../../arm-atollic-eabi/lib/armv6-m\libc_nano.a(lib_a-nano-reallocr.o)
 .ARM.attributes
                0x00000955       0x2c c:/truestudio for stm32 9.2.0/armtools/bin/../lib/gcc/arm-atollic-eabi/6.3.1/../../../../arm-atollic-eabi/lib/armv6-m\libc_nano.a(lib_a-sbrkr.o)
 .ARM.attributes
                0x00000981       0x2c c:/truestudio for stm32 9.2.0/armtools/bin/../lib/gcc/arm-atollic-eabi/6.3.1/../../../../arm-atollic-eabi/lib/armv6-m\libc_nano.a(lib_a-mlock.o)
 .ARM.attributes
                0x000009ad       0x2c c:/truestudio for stm32 9.2.0/armtools/bin/../lib/gcc/arm-atollic-eabi/6.3.1/../../../../arm-atollic-eabi/lib/armv6-m\libc_nano.a(lib_a-nano-msizer.o)
 .ARM.attributes
                0x000009d9       0x2c c:/truestudio for stm32 9.2.0/armtools/bin/../lib/gcc/arm-atollic-eabi/6.3.1/../../../../arm-atollic-eabi/lib/armv6-m\libc_nano.a(lib_a-reent.o)
 .ARM.attributes
                0x00000a05       0x1e c:/truestudio for stm32 9.2.0/armtools/bin/../lib/gcc/arm-atollic-eabi/6.3.1/armv6-m\libgcc.a(_thumb1_case_uqi.o)
 .ARM.attributes
                0x00000a23       0x1e c:/truestudio for stm32 9.2.0/armtools/bin/../lib/gcc/arm-atollic-eabi/6.3.1/armv6-m\libgcc.a(_udivsi3.o)
 .ARM.attributes
                0x00000a41       0x1e c:/truestudio for stm32 9.2.0/armtools/bin/../lib/gcc/arm-atollic-eabi/6.3.1/armv6-m\libgcc.a(_dvmd_tls.o)
 .ARM.attributes
                0x00000a5f       0x1e c:/truestudio for stm32 9.2.0/armtools/bin/../lib/gcc/arm-atollic-eabi/6.3.1/armv6-m\libgcc.a(_arm_cmpsf2.o)
 .ARM.attributes
                0x00000a7d       0x1e c:/truestudio for stm32 9.2.0/armtools/bin/../lib/gcc/arm-atollic-eabi/6.3.1/armv6-m\libgcc.a(_aeabi_uldivmod.o)
 .ARM.attributes
                0x00000a9b       0x2c c:/truestudio for stm32 9.2.0/armtools/bin/../lib/gcc/arm-atollic-eabi/6.3.1/armv6-m\libgcc.a(_fixunssfsi.o)
 .ARM.attributes
                0x00000ac7       0x2c c:/truestudio for stm32 9.2.0/armtools/bin/../lib/gcc/arm-atollic-eabi/6.3.1/armv6-m\libgcc.a(_udivmoddi4.o)
 .ARM.attributes
                0x00000af3       0x2c c:/truestudio for stm32 9.2.0/armtools/bin/../lib/gcc/arm-atollic-eabi/6.3.1/armv6-m\libgcc.a(addsf3.o)
 .ARM.attributes
                0x00000b1f       0x2c c:/truestudio for stm32 9.2.0/armtools/bin/../lib/gcc/arm-atollic-eabi/6.3.1/armv6-m\libgcc.a(eqsf2.o)
 .ARM.attributes
                0x00000b4b       0x2c c:/truestudio for stm32 9.2.0/armtools/bin/../lib/gcc/arm-atollic-eabi/6.3.1/armv6-m\libgcc.a(gesf2.o)
 .ARM.attributes
                0x00000b77       0x2c c:/truestudio for stm32 9.2.0/armtools/bin/../lib/gcc/arm-atollic-eabi/6.3.1/armv6-m\libgcc.a(lesf2.o)
 .ARM.attributes
                0x00000ba3       0x2c c:/truestudio for stm32 9.2.0/armtools/bin/../lib/gcc/arm-atollic-eabi/6.3.1/armv6-m\libgcc.a(mulsf3.o)
 .ARM.attributes
                0x00000bcf       0x2c c:/truestudio for stm32 9.2.0/armtools/bin/../lib/gcc/arm-atollic-eabi/6.3.1/armv6-m\libgcc.a(subsf3.o)
 .ARM.attributes
                0x00000bfb       0x2c c:/truestudio for stm32 9.2.0/armtools/bin/../lib/gcc/arm-atollic-eabi/6.3.1/armv6-m\libgcc.a(fixsfsi.o)
 .ARM.attributes
                0x00000c27       0x2c c:/truestudio for stm32 9.2.0/armtools/bin/../lib/gcc/arm-atollic-eabi/6.3.1/armv6-m\libgcc.a(floatsisf.o)
 .ARM.attributes
                0x00000c53       0x2c c:/truestudio for stm32 9.2.0/armtools/bin/../lib/gcc/arm-atollic-eabi/6.3.1/armv6-m\libgcc.a(floatunsisf.o)
 .ARM.attributes
                0x00000c7f       0x2c c:/truestudio for stm32 9.2.0/armtools/bin/../lib/gcc/arm-atollic-eabi/6.3.1/armv6-m\libgcc.a(muldf3.o)
 .ARM.attributes
                0x00000cab       0x2c c:/truestudio for stm32 9.2.0/armtools/bin/../lib/gcc/arm-atollic-eabi/6.3.1/armv6-m\libgcc.a(extendsfdf2.o)
 .ARM.attributes
                0x00000cd7       0x2c c:/truestudio for stm32 9.2.0/armtools/bin/../lib/gcc/arm-atollic-eabi/6.3.1/armv6-m\libgcc.a(truncdfsf2.o)
 .ARM.attributes
                0x00000d03       0x1e c:/truestudio for stm32 9.2.0/armtools/bin/../lib/gcc/arm-atollic-eabi/6.3.1/armv6-m\libgcc.a(_clzsi2.o)
 .ARM.attributes
                0x00000d21       0x1e c:/truestudio for stm32 9.2.0/armtools/bin/../lib/gcc/arm-atollic-eabi/6.3.1/armv6-m\libgcc.a(_clzdi2.o)
 .ARM.attributes
                0x00000d3f       0x2c c:/truestudio for stm32 9.2.0/armtools/bin/../lib/gcc/arm-atollic-eabi/6.3.1/../../../../arm-atollic-eabi/lib/armv6-m\libnosys.a(sbrk.o)
 .ARM.attributes
                0x00000d6b       0x1e c:/truestudio for stm32 9.2.0/armtools/bin/../lib/gcc/arm-atollic-eabi/6.3.1/armv6-m/crtn.o
OUTPUT(digiTOS-COMOD-SinBoard-CODE.elf elf32-littlearm)

.debug_info     0x00000000    0x2b9d5
 .debug_info    0x00000000     0x11f0 Core\Src\adc.o
 .debug_info    0x000011f0      0xc97 Core\Src\crc.o
 .debug_info    0x00001e87     0x18e5 Core\Src\digiTOS-Lib\digiTOS-ADC.o
 .debug_info    0x0000376c      0xdeb Core\Src\digiTOS-Lib\digiTOS-Configuration.o
 .debug_info    0x00004557     0x1dec Core\Src\digiTOS-Lib\digiTOS-Core.o
 .debug_info    0x00006343     0x1ae2 Core\Src\digiTOS-Lib\digiTOS-Generator.o
 .debug_info    0x00007e25     0x16d5 Core\Src\digiTOS-Lib\digiTOS-Sinus.o
 .debug_info    0x000094fa      0xc7d Core\Src\digiTOS-Lib\eeprom.o
 .debug_info    0x0000a177      0xcbb Core\Src\digiTOS-Lib\stm32f0xx_hal_buttons.o
 .debug_info    0x0000ae32      0xaeb Core\Src\dma.o
 .debug_info    0x0000b91d      0xc5f Core\Src\gpio.o
 .debug_info    0x0000c57c      0xa54 Core\Src\iwdg.o
 .debug_info    0x0000cfd0     0x2661 Core\Src\main.o
 .debug_info    0x0000f631      0xa16 Core\Src\stm32f0xx_hal_msp.o
 .debug_info    0x00010047     0x1d43 Core\Src\stm32f0xx_it.o
 .debug_info    0x00011d8a      0xa67 Core\Src\system_stm32f0xx.o
 .debug_info    0x000127f1     0x182d Core\Src\tim.o
 .debug_info    0x0001401e     0x1355 Core\Src\usart.o
 .debug_info    0x00015373      0xe2b Drivers\STM32F0xx_HAL_Driver\Src\stm32f0xx_hal.o
 .debug_info    0x0001619e     0x1b1e Drivers\STM32F0xx_HAL_Driver\Src\stm32f0xx_hal_adc.o
 .debug_info    0x00017cbc     0x10b2 Drivers\STM32F0xx_HAL_Driver\Src\stm32f0xx_hal_cortex.o
 .debug_info    0x00018d6e      0xea9 Drivers\STM32F0xx_HAL_Driver\Src\stm32f0xx_hal_crc.o
 .debug_info    0x00019c17      0xbc4 Drivers\STM32F0xx_HAL_Driver\Src\stm32f0xx_hal_crc_ex.o
 .debug_info    0x0001a7db     0x1169 Drivers\STM32F0xx_HAL_Driver\Src\stm32f0xx_hal_dma.o
 .debug_info    0x0001b944      0xeda Drivers\STM32F0xx_HAL_Driver\Src\stm32f0xx_hal_flash.o
 .debug_info    0x0001c81e     0x1345 Drivers\STM32F0xx_HAL_Driver\Src\stm32f0xx_hal_flash_ex.o
 .debug_info    0x0001db63     0x100d Drivers\STM32F0xx_HAL_Driver\Src\stm32f0xx_hal_gpio.o
 .debug_info    0x0001eb70     0x10df Drivers\STM32F0xx_HAL_Driver\Src\stm32f0xx_hal_i2c_ex.o
 .debug_info    0x0001fc4f      0xb19 Drivers\STM32F0xx_HAL_Driver\Src\stm32f0xx_hal_iwdg.o
 .debug_info    0x00020768     0x145c Drivers\STM32F0xx_HAL_Driver\Src\stm32f0xx_hal_rcc.o
 .debug_info    0x00021bc4      0xc8b Drivers\STM32F0xx_HAL_Driver\Src\stm32f0xx_hal_rcc_ex.o
 .debug_info    0x0002284f     0x4d0f Drivers\STM32F0xx_HAL_Driver\Src\stm32f0xx_hal_tim.o
 .debug_info    0x0002755e     0x20b0 Drivers\STM32F0xx_HAL_Driver\Src\stm32f0xx_hal_tim_ex.o
 .debug_info    0x0002960e     0x2326 Drivers\STM32F0xx_HAL_Driver\Src\stm32f0xx_hal_uart.o
 .debug_info    0x0002b934       0xa1 startup\startup_stm32f030x6.o

.debug_abbrev   0x00000000     0x567b
 .debug_abbrev  0x00000000      0x226 Core\Src\adc.o
 .debug_abbrev  0x00000226      0x228 Core\Src\crc.o
 .debug_abbrev  0x0000044e      0x33c Core\Src\digiTOS-Lib\digiTOS-ADC.o
 .debug_abbrev  0x0000078a      0x190 Core\Src\digiTOS-Lib\digiTOS-Configuration.o
 .debug_abbrev  0x0000091a      0x376 Core\Src\digiTOS-Lib\digiTOS-Core.o
 .debug_abbrev  0x00000c90      0x209 Core\Src\digiTOS-Lib\digiTOS-Generator.o
 .debug_abbrev  0x00000e99      0x258 Core\Src\digiTOS-Lib\digiTOS-Sinus.o
 .debug_abbrev  0x000010f1      0x235 Core\Src\digiTOS-Lib\eeprom.o
 .debug_abbrev  0x00001326      0x283 Core\Src\digiTOS-Lib\stm32f0xx_hal_buttons.o
 .debug_abbrev  0x000015a9      0x1f5 Core\Src\dma.o
 .debug_abbrev  0x0000179e      0x20a Core\Src\gpio.o
 .debug_abbrev  0x000019a8      0x1e1 Core\Src\iwdg.o
 .debug_abbrev  0x00001b89      0x2de Core\Src\main.o
 .debug_abbrev  0x00001e67      0x1a4 Core\Src\stm32f0xx_hal_msp.o
 .debug_abbrev  0x0000200b      0x288 Core\Src\stm32f0xx_it.o
 .debug_abbrev  0x00002293      0x1ca Core\Src\system_stm32f0xx.o
 .debug_abbrev  0x0000245d      0x281 Core\Src\tim.o
 .debug_abbrev  0x000026de      0x23a Core\Src\usart.o
 .debug_abbrev  0x00002918      0x2d1 Drivers\STM32F0xx_HAL_Driver\Src\stm32f0xx_hal.o
 .debug_abbrev  0x00002be9      0x33d Drivers\STM32F0xx_HAL_Driver\Src\stm32f0xx_hal_adc.o
 .debug_abbrev  0x00002f26      0x356 Drivers\STM32F0xx_HAL_Driver\Src\stm32f0xx_hal_cortex.o
 .debug_abbrev  0x0000327c      0x2a7 Drivers\STM32F0xx_HAL_Driver\Src\stm32f0xx_hal_crc.o
 .debug_abbrev  0x00003523      0x1cb Drivers\STM32F0xx_HAL_Driver\Src\stm32f0xx_hal_crc_ex.o
 .debug_abbrev  0x000036ee      0x2c1 Drivers\STM32F0xx_HAL_Driver\Src\stm32f0xx_hal_dma.o
 .debug_abbrev  0x000039af      0x35d Drivers\STM32F0xx_HAL_Driver\Src\stm32f0xx_hal_flash.o
 .debug_abbrev  0x00003d0c      0x33e Drivers\STM32F0xx_HAL_Driver\Src\stm32f0xx_hal_flash_ex.o
 .debug_abbrev  0x0000404a      0x29f Drivers\STM32F0xx_HAL_Driver\Src\stm32f0xx_hal_gpio.o
 .debug_abbrev  0x000042e9      0x235 Drivers\STM32F0xx_HAL_Driver\Src\stm32f0xx_hal_i2c_ex.o
 .debug_abbrev  0x0000451e      0x1fd Drivers\STM32F0xx_HAL_Driver\Src\stm32f0xx_hal_iwdg.o
 .debug_abbrev  0x0000471b      0x2db Drivers\STM32F0xx_HAL_Driver\Src\stm32f0xx_hal_rcc.o
 .debug_abbrev  0x000049f6      0x28e Drivers\STM32F0xx_HAL_Driver\Src\stm32f0xx_hal_rcc_ex.o
 .debug_abbrev  0x00004c84      0x380 Drivers\STM32F0xx_HAL_Driver\Src\stm32f0xx_hal_tim.o
 .debug_abbrev  0x00005004      0x2ed Drivers\STM32F0xx_HAL_Driver\Src\stm32f0xx_hal_tim_ex.o
 .debug_abbrev  0x000052f1      0x378 Drivers\STM32F0xx_HAL_Driver\Src\stm32f0xx_hal_uart.o
 .debug_abbrev  0x00005669       0x12 startup\startup_stm32f030x6.o

.debug_loc      0x00000000     0x9d75
 .debug_loc     0x00000000       0x58 Core\Src\adc.o
 .debug_loc     0x00000058       0x21 Core\Src\crc.o
 .debug_loc     0x00000079      0x33a Core\Src\digiTOS-Lib\digiTOS-ADC.o
 .debug_loc     0x000003b3      0x3e4 Core\Src\digiTOS-Lib\digiTOS-Core.o
 .debug_loc     0x00000797       0x68 Core\Src\digiTOS-Lib\digiTOS-Sinus.o
 .debug_loc     0x000007ff      0x21e Core\Src\digiTOS-Lib\eeprom.o
 .debug_loc     0x00000a1d      0x14d Core\Src\digiTOS-Lib\stm32f0xx_hal_buttons.o
 .debug_loc     0x00000b6a      0x127 Core\Src\system_stm32f0xx.o
 .debug_loc     0x00000c91      0x10f Core\Src\tim.o
 .debug_loc     0x00000da0       0x58 Core\Src\usart.o
 .debug_loc     0x00000df8       0x7c Drivers\STM32F0xx_HAL_Driver\Src\stm32f0xx_hal.o
 .debug_loc     0x00000e74      0xa82 Drivers\STM32F0xx_HAL_Driver\Src\stm32f0xx_hal_adc.o
 .debug_loc     0x000018f6      0x380 Drivers\STM32F0xx_HAL_Driver\Src\stm32f0xx_hal_cortex.o
 .debug_loc     0x00001c76      0x433 Drivers\STM32F0xx_HAL_Driver\Src\stm32f0xx_hal_crc.o
 .debug_loc     0x000020a9       0xd1 Drivers\STM32F0xx_HAL_Driver\Src\stm32f0xx_hal_crc_ex.o
 .debug_loc     0x0000217a      0x7c3 Drivers\STM32F0xx_HAL_Driver\Src\stm32f0xx_hal_dma.o
 .debug_loc     0x0000293d      0x2b2 Drivers\STM32F0xx_HAL_Driver\Src\stm32f0xx_hal_flash.o
 .debug_loc     0x00002bef      0x4f7 Drivers\STM32F0xx_HAL_Driver\Src\stm32f0xx_hal_flash_ex.o
 .debug_loc     0x000030e6      0x499 Drivers\STM32F0xx_HAL_Driver\Src\stm32f0xx_hal_gpio.o
 .debug_loc     0x0000357f      0x16c Drivers\STM32F0xx_HAL_Driver\Src\stm32f0xx_hal_i2c_ex.o
 .debug_loc     0x000036eb       0x76 Drivers\STM32F0xx_HAL_Driver\Src\stm32f0xx_hal_iwdg.o
 .debug_loc     0x00003761      0x4b4 Drivers\STM32F0xx_HAL_Driver\Src\stm32f0xx_hal_rcc.o
 .debug_loc     0x00003c15      0x1e6 Drivers\STM32F0xx_HAL_Driver\Src\stm32f0xx_hal_rcc_ex.o
 .debug_loc     0x00003dfb     0x38df Drivers\STM32F0xx_HAL_Driver\Src\stm32f0xx_hal_tim.o
 .debug_loc     0x000076da     0x1265 Drivers\STM32F0xx_HAL_Driver\Src\stm32f0xx_hal_tim_ex.o
 .debug_loc     0x0000893f     0x1436 Drivers\STM32F0xx_HAL_Driver\Src\stm32f0xx_hal_uart.o

.debug_aranges  0x00000000      0xf90
 .debug_aranges
                0x00000000       0x30 Core\Src\adc.o
 .debug_aranges
                0x00000030       0x30 Core\Src\crc.o
 .debug_aranges
                0x00000060       0x70 Core\Src\digiTOS-Lib\digiTOS-ADC.o
 .debug_aranges
                0x000000d0       0x18 Core\Src\digiTOS-Lib\digiTOS-Configuration.o
 .debug_aranges
                0x000000e8       0xb8 Core\Src\digiTOS-Lib\digiTOS-Core.o
 .debug_aranges
                0x000001a0       0xb0 Core\Src\digiTOS-Lib\digiTOS-Generator.o
 .debug_aranges
                0x00000250       0x40 Core\Src\digiTOS-Lib\digiTOS-Sinus.o
 .debug_aranges
                0x00000290       0x40 Core\Src\digiTOS-Lib\eeprom.o
 .debug_aranges
                0x000002d0       0x40 Core\Src\digiTOS-Lib\stm32f0xx_hal_buttons.o
 .debug_aranges
                0x00000310       0x20 Core\Src\dma.o
 .debug_aranges
                0x00000330       0x20 Core\Src\gpio.o
 .debug_aranges
                0x00000350       0x20 Core\Src\iwdg.o
 .debug_aranges
                0x00000370       0x38 Core\Src\main.o
 .debug_aranges
                0x000003a8       0x20 Core\Src\stm32f0xx_hal_msp.o
 .debug_aranges
                0x000003c8       0x78 Core\Src\stm32f0xx_it.o
 .debug_aranges
                0x00000440       0x28 Core\Src\system_stm32f0xx.o
 .debug_aranges
                0x00000468       0x50 Core\Src\tim.o
 .debug_aranges
                0x000004b8       0x30 Core\Src\usart.o
 .debug_aranges
                0x000004e8       0xb0 Drivers\STM32F0xx_HAL_Driver\Src\stm32f0xx_hal.o
 .debug_aranges
                0x00000598       0xd0 Drivers\STM32F0xx_HAL_Driver\Src\stm32f0xx_hal_adc.o
 .debug_aranges
                0x00000668       0x78 Drivers\STM32F0xx_HAL_Driver\Src\stm32f0xx_hal_cortex.o
 .debug_aranges
                0x000006e0       0x58 Drivers\STM32F0xx_HAL_Driver\Src\stm32f0xx_hal_crc.o
 .debug_aranges
                0x00000738       0x30 Drivers\STM32F0xx_HAL_Driver\Src\stm32f0xx_hal_crc_ex.o
 .debug_aranges
                0x00000768       0x78 Drivers\STM32F0xx_HAL_Driver\Src\stm32f0xx_hal_dma.o
 .debug_aranges
                0x000007e0       0x78 Drivers\STM32F0xx_HAL_Driver\Src\stm32f0xx_hal_flash.o
 .debug_aranges
                0x00000858       0x60 Drivers\STM32F0xx_HAL_Driver\Src\stm32f0xx_hal_flash_ex.o
 .debug_aranges
                0x000008b8       0x58 Drivers\STM32F0xx_HAL_Driver\Src\stm32f0xx_hal_gpio.o
 .debug_aranges
                0x00000910       0x38 Drivers\STM32F0xx_HAL_Driver\Src\stm32f0xx_hal_i2c_ex.o
 .debug_aranges
                0x00000948       0x28 Drivers\STM32F0xx_HAL_Driver\Src\stm32f0xx_hal_iwdg.o
 .debug_aranges
                0x00000970       0x80 Drivers\STM32F0xx_HAL_Driver\Src\stm32f0xx_hal_rcc.o
 .debug_aranges
                0x000009f0       0x30 Drivers\STM32F0xx_HAL_Driver\Src\stm32f0xx_hal_rcc_ex.o
 .debug_aranges
                0x00000a20      0x298 Drivers\STM32F0xx_HAL_Driver\Src\stm32f0xx_hal_tim.o
 .debug_aranges
                0x00000cb8      0x128 Drivers\STM32F0xx_HAL_Driver\Src\stm32f0xx_hal_tim_ex.o
 .debug_aranges
                0x00000de0      0x188 Drivers\STM32F0xx_HAL_Driver\Src\stm32f0xx_hal_uart.o
 .debug_aranges
                0x00000f68       0x28 startup\startup_stm32f030x6.o

.debug_ranges   0x00000000     0x1570
 .debug_ranges  0x00000000       0x68 Core\Src\adc.o
 .debug_ranges  0x00000068       0x20 Core\Src\crc.o
 .debug_ranges  0x00000088       0x78 Core\Src\digiTOS-Lib\digiTOS-ADC.o
 .debug_ranges  0x00000100       0xa8 Core\Src\digiTOS-Lib\digiTOS-Core.o
 .debug_ranges  0x000001a8       0xa0 Core\Src\digiTOS-Lib\digiTOS-Generator.o
 .debug_ranges  0x00000248       0x30 Core\Src\digiTOS-Lib\digiTOS-Sinus.o
 .debug_ranges  0x00000278       0x80 Core\Src\digiTOS-Lib\eeprom.o
 .debug_ranges  0x000002f8       0x30 Core\Src\digiTOS-Lib\stm32f0xx_hal_buttons.o
 .debug_ranges  0x00000328       0x38 Core\Src\dma.o
 .debug_ranges  0x00000360       0xa8 Core\Src\gpio.o
 .debug_ranges  0x00000408       0x10 Core\Src\iwdg.o
 .debug_ranges  0x00000418       0x48 Core\Src\main.o
 .debug_ranges  0x00000460       0x58 Core\Src\stm32f0xx_hal_msp.o
 .debug_ranges  0x000004b8       0x68 Core\Src\stm32f0xx_it.o
 .debug_ranges  0x00000520       0x18 Core\Src\system_stm32f0xx.o
 .debug_ranges  0x00000538      0x138 Core\Src\tim.o
 .debug_ranges  0x00000670       0x70 Core\Src\usart.o
 .debug_ranges  0x000006e0       0xa0 Drivers\STM32F0xx_HAL_Driver\Src\stm32f0xx_hal.o
 .debug_ranges  0x00000780       0xc0 Drivers\STM32F0xx_HAL_Driver\Src\stm32f0xx_hal_adc.o
 .debug_ranges  0x00000840      0x118 Drivers\STM32F0xx_HAL_Driver\Src\stm32f0xx_hal_cortex.o
 .debug_ranges  0x00000958       0x48 Drivers\STM32F0xx_HAL_Driver\Src\stm32f0xx_hal_crc.o
 .debug_ranges  0x000009a0       0x20 Drivers\STM32F0xx_HAL_Driver\Src\stm32f0xx_hal_crc_ex.o
 .debug_ranges  0x000009c0       0xe8 Drivers\STM32F0xx_HAL_Driver\Src\stm32f0xx_hal_dma.o
 .debug_ranges  0x00000aa8       0xb0 Drivers\STM32F0xx_HAL_Driver\Src\stm32f0xx_hal_flash.o
 .debug_ranges  0x00000b58      0x100 Drivers\STM32F0xx_HAL_Driver\Src\stm32f0xx_hal_flash_ex.o
 .debug_ranges  0x00000c58       0x70 Drivers\STM32F0xx_HAL_Driver\Src\stm32f0xx_hal_gpio.o
 .debug_ranges  0x00000cc8       0x60 Drivers\STM32F0xx_HAL_Driver\Src\stm32f0xx_hal_i2c_ex.o
 .debug_ranges  0x00000d28       0x18 Drivers\STM32F0xx_HAL_Driver\Src\stm32f0xx_hal_iwdg.o
 .debug_ranges  0x00000d40       0xa0 Drivers\STM32F0xx_HAL_Driver\Src\stm32f0xx_hal_rcc.o
 .debug_ranges  0x00000de0       0x40 Drivers\STM32F0xx_HAL_Driver\Src\stm32f0xx_hal_rcc_ex.o
 .debug_ranges  0x00000e20      0x428 Drivers\STM32F0xx_HAL_Driver\Src\stm32f0xx_hal_tim.o
 .debug_ranges  0x00001248      0x118 Drivers\STM32F0xx_HAL_Driver\Src\stm32f0xx_hal_tim_ex.o
 .debug_ranges  0x00001360      0x1f0 Drivers\STM32F0xx_HAL_Driver\Src\stm32f0xx_hal_uart.o
 .debug_ranges  0x00001550       0x20 startup\startup_stm32f030x6.o

.debug_line     0x00000000     0xb732
 .debug_line    0x00000000      0x305 Core\Src\adc.o
 .debug_line    0x00000305      0x27d Core\Src\crc.o
 .debug_line    0x00000582      0x4be Core\Src\digiTOS-Lib\digiTOS-ADC.o
 .debug_line    0x00000a40      0x1d6 Core\Src\digiTOS-Lib\digiTOS-Configuration.o
 .debug_line    0x00000c16      0x5b3 Core\Src\digiTOS-Lib\digiTOS-Core.o
 .debug_line    0x000011c9      0x511 Core\Src\digiTOS-Lib\digiTOS-Generator.o
 .debug_line    0x000016da      0x379 Core\Src\digiTOS-Lib\digiTOS-Sinus.o
 .debug_line    0x00001a53      0x2ef Core\Src\digiTOS-Lib\eeprom.o
 .debug_line    0x00001d42      0x2d8 Core\Src\digiTOS-Lib\stm32f0xx_hal_buttons.o
 .debug_line    0x0000201a      0x207 Core\Src\dma.o
 .debug_line    0x00002221      0x250 Core\Src\gpio.o
 .debug_line    0x00002471      0x23a Core\Src\iwdg.o
 .debug_line    0x000026ab      0x524 Core\Src\main.o
 .debug_line    0x00002bcf      0x1d7 Core\Src\stm32f0xx_hal_msp.o
 .debug_line    0x00002da6      0x568 Core\Src\stm32f0xx_it.o
 .debug_line    0x0000330e      0x20e Core\Src\system_stm32f0xx.o
 .debug_line    0x0000351c      0x41b Core\Src\tim.o
 .debug_line    0x00003937      0x305 Core\Src\usart.o
 .debug_line    0x00003c3c      0x3ec Drivers\STM32F0xx_HAL_Driver\Src\stm32f0xx_hal.o
 .debug_line    0x00004028      0x99d Drivers\STM32F0xx_HAL_Driver\Src\stm32f0xx_hal_adc.o
 .debug_line    0x000049c5      0x419 Drivers\STM32F0xx_HAL_Driver\Src\stm32f0xx_hal_cortex.o
 .debug_line    0x00004dde      0x418 Drivers\STM32F0xx_HAL_Driver\Src\stm32f0xx_hal_crc.o
 .debug_line    0x000051f6      0x2b4 Drivers\STM32F0xx_HAL_Driver\Src\stm32f0xx_hal_crc_ex.o
 .debug_line    0x000054aa      0x5d7 Drivers\STM32F0xx_HAL_Driver\Src\stm32f0xx_hal_dma.o
 .debug_line    0x00005a81      0x477 Drivers\STM32F0xx_HAL_Driver\Src\stm32f0xx_hal_flash.o
 .debug_line    0x00005ef8      0x4cc Drivers\STM32F0xx_HAL_Driver\Src\stm32f0xx_hal_flash_ex.o
 .debug_line    0x000063c4      0x4c4 Drivers\STM32F0xx_HAL_Driver\Src\stm32f0xx_hal_gpio.o
 .debug_line    0x00006888      0x37d Drivers\STM32F0xx_HAL_Driver\Src\stm32f0xx_hal_i2c_ex.o
 .debug_line    0x00006c05      0x2c9 Drivers\STM32F0xx_HAL_Driver\Src\stm32f0xx_hal_iwdg.o
 .debug_line    0x00006ece      0x6e5 Drivers\STM32F0xx_HAL_Driver\Src\stm32f0xx_hal_rcc.o
 .debug_line    0x000075b3      0x3b7 Drivers\STM32F0xx_HAL_Driver\Src\stm32f0xx_hal_rcc_ex.o
 .debug_line    0x0000796a     0x21f9 Drivers\STM32F0xx_HAL_Driver\Src\stm32f0xx_hal_tim.o
 .debug_line    0x00009b63      0xd03 Drivers\STM32F0xx_HAL_Driver\Src\stm32f0xx_hal_tim_ex.o
 .debug_line    0x0000a866      0xe49 Drivers\STM32F0xx_HAL_Driver\Src\stm32f0xx_hal_uart.o
 .debug_line    0x0000b6af       0x83 startup\startup_stm32f030x6.o

.debug_str      0x00000000     0x4fba
 .debug_str     0x00000000      0xa89 Core\Src\adc.o
                                0xb67 (size before relaxing)
 .debug_str     0x00000a89      0x1b3 Core\Src\crc.o
                                0x8c0 (size before relaxing)
 .debug_str     0x00000c3c      0x802 Core\Src\digiTOS-Lib\digiTOS-ADC.o
                               0x11e9 (size before relaxing)
 .debug_str     0x0000143e       0x84 Core\Src\digiTOS-Lib\digiTOS-Configuration.o
                                0x8da (size before relaxing)
 .debug_str     0x000014c2      0x1ce Core\Src\digiTOS-Lib\digiTOS-Core.o
                               0x1326 (size before relaxing)
 .debug_str     0x00001690      0x332 Core\Src\digiTOS-Lib\digiTOS-Generator.o
                               0x1428 (size before relaxing)
 .debug_str     0x000019c2       0x70 Core\Src\digiTOS-Lib\digiTOS-Sinus.o
                               0x1154 (size before relaxing)
 .debug_str     0x00001a32      0x110 Core\Src\digiTOS-Lib\eeprom.o
                                0x78f (size before relaxing)
 .debug_str     0x00001b42       0xb7 Core\Src\digiTOS-Lib\stm32f0xx_hal_buttons.o
                                0x838 (size before relaxing)
 .debug_str     0x00001bf9      0x192 Core\Src\dma.o
                                0x7f8 (size before relaxing)
 .debug_str     0x00001d8b       0x4f Core\Src\gpio.o
                                0x767 (size before relaxing)
 .debug_str     0x00001dda       0x2e Core\Src\iwdg.o
                                0x6d0 (size before relaxing)
 .debug_str     0x00001e08      0x2d2 Core\Src\main.o
                               0x1a15 (size before relaxing)
 .debug_str     0x000020da       0x2c Core\Src\stm32f0xx_hal_msp.o
                                0x692 (size before relaxing)
 .debug_str     0x00002106      0x19d Core\Src\stm32f0xx_it.o
                               0x150f (size before relaxing)
 .debug_str     0x000022a3       0x5f Core\Src\system_stm32f0xx.o
                                0x6be (size before relaxing)
 .debug_str     0x00002302      0x2be Core\Src\tim.o
                                0xfa0 (size before relaxing)
 .debug_str     0x000025c0       0x51 Core\Src\usart.o
                                0xde6 (size before relaxing)
 .debug_str     0x00002611      0x1d6 Drivers\STM32F0xx_HAL_Driver\Src\stm32f0xx_hal.o
                                0xa31 (size before relaxing)
 .debug_str     0x000027e7      0x2ca Drivers\STM32F0xx_HAL_Driver\Src\stm32f0xx_hal_adc.o
                                0xd47 (size before relaxing)
 .debug_str     0x00002ab1      0x18f Drivers\STM32F0xx_HAL_Driver\Src\stm32f0xx_hal_cortex.o
                                0xa47 (size before relaxing)
 .debug_str     0x00002c40       0xad Drivers\STM32F0xx_HAL_Driver\Src\stm32f0xx_hal_crc.o
                                0x908 (size before relaxing)
 .debug_str     0x00002ced       0x99 Drivers\STM32F0xx_HAL_Driver\Src\stm32f0xx_hal_crc_ex.o
                                0x8ba (size before relaxing)
 .debug_str     0x00002d86      0x204 Drivers\STM32F0xx_HAL_Driver\Src\stm32f0xx_hal_dma.o
                                0xab0 (size before relaxing)