Archive member included to satisfy reference by file (symbol)

c:/truestudio for stm32 9.2.0/armtools/bin/../lib/gcc/arm-atollic-eabi/6.3.1/../../../../arm-atollic-eabi/lib/armv7-m\libc_nano.a(lib_a-init.o)
                              startup\startup_stm32f103xb.o (__libc_init_array)
c:/truestudio for stm32 9.2.0/armtools/bin/../lib/gcc/arm-atollic-eabi/6.3.1/../../../../arm-atollic-eabi/lib/armv7-m\libc_nano.a(lib_a-memset.o)
                              Core\Src\adc.o (memset)
c:/truestudio for stm32 9.2.0/armtools/bin/../lib/gcc/arm-atollic-eabi/6.3.1/armv7-m\libgcc.a(_lshrdi3.o)
                              Drivers\STM32F1xx_HAL_Driver\Src\stm32f1xx_hal_flash.o (__aeabi_llsr)

Allocating common symbols
Common symbol       size              file

htim4               0x40              Core\Src\tim.o
hiwdg               0xc               Core\Src\iwdg.o
hcrc                0x8               Core\Src\crc.o
uwTick              0x4               Drivers\STM32F1xx_HAL_Driver\Src\stm32f1xx_hal.o
pFlash              0x20              Drivers\STM32F1xx_HAL_Driver\Src\stm32f1xx_hal_flash.o
htim3               0x40              Core\Src\tim.o
hdma_usart1_tx      0x44              Core\Src\usart.o
hadc1               0x30              Core\Src\adc.o
huart1              0x40              Core\Src\usart.o
hdma_adc1           0x44              Core\Src\adc.o
htim1               0x40              Core\Src\tim.o
htim2               0x40              Core\Src\tim.o

Discarded input sections

 .text          0x00000000        0x0 c:/truestudio for stm32 9.2.0/armtools/bin/../lib/gcc/arm-atollic-eabi/6.3.1/armv7-m/crti.o
 .data          0x00000000        0x0 c:/truestudio for stm32 9.2.0/armtools/bin/../lib/gcc/arm-atollic-eabi/6.3.1/armv7-m/crti.o
 .bss           0x00000000        0x0 c:/truestudio for stm32 9.2.0/armtools/bin/../lib/gcc/arm-atollic-eabi/6.3.1/armv7-m/crti.o
 .data          0x00000000        0x4 c:/truestudio for stm32 9.2.0/armtools/bin/../lib/gcc/arm-atollic-eabi/6.3.1/armv7-m/crtbegin.o
 .text          0x00000000        0x0 Core\Src\adc.o
 .data          0x00000000        0x0 Core\Src\adc.o
 .bss           0x00000000        0x0 Core\Src\adc.o
 .text.HAL_ADC_MspDeInit
                0x00000000       0x3c Core\Src\adc.o
 .text          0x00000000        0x0 Core\Src\crc.o
 .data          0x00000000        0x0 Core\Src\crc.o
 .bss           0x00000000        0x0 Core\Src\crc.o
 .text.HAL_CRC_MspDeInit
                0x00000000       0x1c Core\Src\crc.o
 .text          0x00000000        0x0 Core\Src\dma.o
 .data          0x00000000        0x0 Core\Src\dma.o
 .bss           0x00000000        0x0 Core\Src\dma.o
 .text          0x00000000        0x0 Core\Src\gpio.o
 .data          0x00000000        0x0 Core\Src\gpio.o
 .bss           0x00000000        0x0 Core\Src\gpio.o
 .text          0x00000000        0x0 Core\Src\iwdg.o
 .data          0x00000000        0x0 Core\Src\iwdg.o
 .bss           0x00000000        0x0 Core\Src\iwdg.o
 .text          0x00000000        0x0 Core\Src\main.o
 .data          0x00000000        0x0 Core\Src\main.o
 .bss           0x00000000        0x0 Core\Src\main.o
 .text          0x00000000        0x0 Core\Src\stm32f1xx_hal_msp.o
 .data          0x00000000        0x0 Core\Src\stm32f1xx_hal_msp.o
 .bss           0x00000000        0x0 Core\Src\stm32f1xx_hal_msp.o
 .text          0x00000000        0x0 Core\Src\stm32f1xx_it.o
 .data          0x00000000        0x0 Core\Src\stm32f1xx_it.o
 .bss           0x00000000        0x0 Core\Src\stm32f1xx_it.o
 .text          0x00000000        0x0 Core\Src\system_stm32f1xx.o
 .data          0x00000000        0x0 Core\Src\system_stm32f1xx.o
 .bss           0x00000000        0x0 Core\Src\system_stm32f1xx.o
 .text.SystemCoreClockUpdate
                0x00000000       0x5c Core\Src\system_stm32f1xx.o
 .text          0x00000000        0x0 Core\Src\tim.o
 .data          0x00000000        0x0 Core\Src\tim.o
 .bss           0x00000000        0x0 Core\Src\tim.o
 .text.HAL_TIM_Base_MspDeInit
                0x00000000       0x84 Core\Src\tim.o
 .text          0x00000000        0x0 Core\Src\usart.o
 .data          0x00000000        0x0 Core\Src\usart.o
 .bss           0x00000000        0x0 Core\Src\usart.o
 .text.HAL_UART_MspDeInit
                0x00000000       0x3c Core\Src\usart.o
 .text          0x00000000        0x0 Drivers\STM32F1xx_HAL_Driver\Src\stm32f1xx_hal.o
 .data          0x00000000        0x0 Drivers\STM32F1xx_HAL_Driver\Src\stm32f1xx_hal.o
 .bss           0x00000000        0x0 Drivers\STM32F1xx_HAL_Driver\Src\stm32f1xx_hal.o
 .text.HAL_MspInit
                0x00000000        0x2 Drivers\STM32F1xx_HAL_Driver\Src\stm32f1xx_hal.o
 .text.HAL_MspDeInit
                0x00000000        0x2 Drivers\STM32F1xx_HAL_Driver\Src\stm32f1xx_hal.o
 .text.HAL_DeInit
                0x00000000       0x20 Drivers\STM32F1xx_HAL_Driver\Src\stm32f1xx_hal.o
[...]
Memory Configuration

Name             Origin             Length             Attributes
RAM              0x20000000         0x00005000         xrw
FLASH            0x08000000         0x00010000         xr
*default*        0x00000000         0xffffffff

Linker script and memory map

LOAD c:/truestudio for stm32 9.2.0/armtools/bin/../lib/gcc/arm-atollic-eabi/6.3.1/armv7-m/crti.o
LOAD c:/truestudio for stm32 9.2.0/armtools/bin/../lib/gcc/arm-atollic-eabi/6.3.1/armv7-m/crtbegin.o
LOAD Core\Src\adc.o
LOAD Core\Src\crc.o
LOAD Core\Src\dma.o
LOAD Core\Src\gpio.o
LOAD Core\Src\iwdg.o
LOAD Core\Src\main.o
LOAD Core\Src\stm32f1xx_hal_msp.o
LOAD Core\Src\stm32f1xx_it.o
LOAD Core\Src\system_stm32f1xx.o
LOAD Core\Src\tim.o
LOAD Core\Src\usart.o
LOAD Drivers\STM32F1xx_HAL_Driver\Src\stm32f1xx_hal.o
LOAD Drivers\STM32F1xx_HAL_Driver\Src\stm32f1xx_hal_adc.o
LOAD Drivers\STM32F1xx_HAL_Driver\Src\stm32f1xx_hal_adc_ex.o
LOAD Drivers\STM32F1xx_HAL_Driver\Src\stm32f1xx_hal_cortex.o
LOAD Drivers\STM32F1xx_HAL_Driver\Src\stm32f1xx_hal_crc.o
LOAD Drivers\STM32F1xx_HAL_Driver\Src\stm32f1xx_hal_dma.o
LOAD Drivers\STM32F1xx_HAL_Driver\Src\stm32f1xx_hal_flash.o
LOAD Drivers\STM32F1xx_HAL_Driver\Src\stm32f1xx_hal_flash_ex.o
LOAD Drivers\STM32F1xx_HAL_Driver\Src\stm32f1xx_hal_gpio.o
LOAD Drivers\STM32F1xx_HAL_Driver\Src\stm32f1xx_hal_gpio_ex.o
LOAD Drivers\STM32F1xx_HAL_Driver\Src\stm32f1xx_hal_iwdg.o
LOAD Drivers\STM32F1xx_HAL_Driver\Src\stm32f1xx_hal_pwr.o
LOAD Drivers\STM32F1xx_HAL_Driver\Src\stm32f1xx_hal_rcc.o
LOAD Drivers\STM32F1xx_HAL_Driver\Src\stm32f1xx_hal_rcc_ex.o
LOAD Drivers\STM32F1xx_HAL_Driver\Src\stm32f1xx_hal_tim.o
LOAD Drivers\STM32F1xx_HAL_Driver\Src\stm32f1xx_hal_tim_ex.o
LOAD Drivers\STM32F1xx_HAL_Driver\Src\stm32f1xx_hal_uart.o
LOAD startup\startup_stm32f103xb.o
                0x00000080                malloc_getpagesize_P = 0x80
START GROUP
LOAD c:/truestudio for stm32 9.2.0/armtools/bin/../lib/gcc/arm-atollic-eabi/6.3.1/../../../../arm-atollic-eabi/lib/armv7-m\libc_nano.a
LOAD c:/truestudio for stm32 9.2.0/armtools/bin/../lib/gcc/arm-atollic-eabi/6.3.1/../../../../arm-atollic-eabi/lib/armv7-m\libm.a
END GROUP
START GROUP
LOAD c:/truestudio for stm32 9.2.0/armtools/bin/../lib/gcc/arm-atollic-eabi/6.3.1/armv7-m\libgcc.a
LOAD c:/truestudio for stm32 9.2.0/armtools/bin/../lib/gcc/arm-atollic-eabi/6.3.1/../../../../arm-atollic-eabi/lib/armv7-m\libc_nano.a
END GROUP
START GROUP
LOAD c:/truestudio for stm32 9.2.0/armtools/bin/../lib/gcc/arm-atollic-eabi/6.3.1/armv7-m\libgcc.a
LOAD c:/truestudio for stm32 9.2.0/armtools/bin/../lib/gcc/arm-atollic-eabi/6.3.1/../../../../arm-atollic-eabi/lib/armv7-m\libc_nano.a
LOAD c:/truestudio for stm32 9.2.0/armtools/bin/../lib/gcc/arm-atollic-eabi/6.3.1/../../../../arm-atollic-eabi/lib/armv7-m\libnosys.a
END GROUP
START GROUP
LOAD c:/truestudio for stm32 9.2.0/armtools/bin/../lib/gcc/arm-atollic-eabi/6.3.1/armv7-m\libgcc.a
LOAD c:/truestudio for stm32 9.2.0/armtools/bin/../lib/gcc/arm-atollic-eabi/6.3.1/../../../../arm-atollic-eabi/lib/armv7-m\libc_nano.a
LOAD c:/truestudio for stm32 9.2.0/armtools/bin/../lib/gcc/arm-atollic-eabi/6.3.1/../../../../arm-atollic-eabi/lib/armv7-m\libnosys.a
END GROUP
LOAD c:/truestudio for stm32 9.2.0/armtools/bin/../lib/gcc/arm-atollic-eabi/6.3.1/armv7-m/crtend.o
LOAD c:/truestudio for stm32 9.2.0/armtools/bin/../lib/gcc/arm-atollic-eabi/6.3.1/armv7-m/crtn.o
                0x20005000                _estack = 0x20005000
                0x00000200                _Min_Heap_Size = 0x200
                0x00000400                _Min_Stack_Size = 0x400

.isr_vector     0x08000000      0x10c
                0x08000000                . = ALIGN (0x4)
 *(.isr_vector)
 .isr_vector    0x08000000      0x10c startup\startup_stm32f103xb.o
                0x08000000                g_pfnVectors
                0x0800010c                . = ALIGN (0x4)

.text           0x0800010c     0x3494
                0x0800010c                . = ALIGN (0x4)
 *(.text)
 .text          0x0800010c       0x40 c:/truestudio for stm32 9.2.0/armtools/bin/../lib/gcc/arm-atollic-eabi/6.3.1/armv7-m/crtbegin.o
 *(.text*)
 .text.MX_ADC1_Init
                0x0800014c       0x50 Core\Src\adc.o
                0x0800014c                MX_ADC1_Init
 .text.HAL_ADC_MspInit
                0x0800019c       0xac Core\Src\adc.o
                0x0800019c                HAL_ADC_MspInit
 .text.MX_CRC_Init
                0x08000248       0x20 Core\Src\crc.o
                0x08000248                MX_CRC_Init
 .text.HAL_CRC_MspInit
                0x08000268       0x28 Core\Src\crc.o
                0x08000268                HAL_CRC_MspInit
 .text.MX_DMA_Init
                0x08000290       0x40 Core\Src\dma.o
                0x08000290                MX_DMA_Init
 .text.MX_GPIO_Init
                0x080002d0       0xec Core\Src\gpio.o
                0x080002d0                MX_GPIO_Init
 .text.MX_IWDG_Init
                0x080003bc       0x28 Core\Src\iwdg.o
                0x080003bc                MX_IWDG_Init
 .text.SystemClock_Config
                0x080003e4       0x74 Core\Src\main.o
                0x080003e4                SystemClock_Config
 .text.startup.main
                0x08000458       0x34 Core\Src\main.o
                0x08000458                main
 .text.Error_Handler
                0x0800048c        0x2 Core\Src\main.o
                0x0800048c                Error_Handler
 .text.assert_failed
                0x0800048e        0x2 Core\Src\main.o
                0x0800048e                assert_failed
 .text.HAL_MspInit
                0x08000490       0x78 Core\Src\stm32f1xx_hal_msp.o
                0x08000490                HAL_MspInit
 .text.NMI_Handler
                0x08000508        0x2 Core\Src\stm32f1xx_it.o
                0x08000508                NMI_Handler
 .text.HardFault_Handler
                0x0800050a        0x2 Core\Src\stm32f1xx_it.o
                0x0800050a                HardFault_Handler
 .text.MemManage_Handler
                0x0800050c        0x2 Core\Src\stm32f1xx_it.o
                0x0800050c                MemManage_Handler
 .text.BusFault_Handler
                0x0800050e        0x2 Core\Src\stm32f1xx_it.o
                0x0800050e                BusFault_Handler
 .text.UsageFault_Handler
                0x08000510        0x2 Core\Src\stm32f1xx_it.o
                0x08000510                UsageFault_Handler
 .text.SVC_Handler
                0x08000512        0x2 Core\Src\stm32f1xx_it.o
                0x08000512                SVC_Handler
 .text.DebugMon_Handler
                0x08000514        0x2 Core\Src\stm32f1xx_it.o
                0x08000514                DebugMon_Handler
 .text.PendSV_Handler
                0x08000516        0x2 Core\Src\stm32f1xx_it.o
                0x08000516                PendSV_Handler
 .text.SysTick_Handler
                0x08000518        0x4 Core\Src\stm32f1xx_it.o
                0x08000518                SysTick_Handler
 .text.PVD_IRQHandler
                0x0800051c        0x4 Core\Src\stm32f1xx_it.o
                0x0800051c                PVD_IRQHandler
 .text.FLASH_IRQHandler
                0x08000520        0x4 Core\Src\stm32f1xx_it.o
                0x08000520                FLASH_IRQHandler
 .text.RCC_IRQHandler
                0x08000524        0x2 Core\Src\stm32f1xx_it.o
                0x08000524                RCC_IRQHandler
 *fill*         0x08000526        0x2 
 .text.DMA1_Channel1_IRQHandler
                0x08000528        0xc Core\Src\stm32f1xx_it.o
                0x08000528                DMA1_Channel1_IRQHandler
 .text.DMA1_Channel4_IRQHandler
                0x08000534        0xc Core\Src\stm32f1xx_it.o
                0x08000534                DMA1_Channel4_IRQHandler
 .text.ADC1_2_IRQHandler
                0x08000540        0xc Core\Src\stm32f1xx_it.o
                0x08000540                ADC1_2_IRQHandler
 .text.TIM1_CC_IRQHandler
                0x0800054c        0xc Core\Src\stm32f1xx_it.o
                0x0800054c                TIM1_CC_IRQHandler
 .text.TIM1_TRG_COM_IRQHandler
                0x08000558        0x4 Core\Src\stm32f1xx_it.o
                0x08000558                TIM1_TRG_COM_IRQHandler
 .text.TIM1_UP_IRQHandler
                0x0800055c        0x4 Core\Src\stm32f1xx_it.o
                0x0800055c                TIM1_UP_IRQHandler
 .text.TIM1_BRK_IRQHandler
                0x08000560        0x4 Core\Src\stm32f1xx_it.o
                0x08000560                TIM1_BRK_IRQHandler
 .text.TIM2_IRQHandler
                0x08000564        0xc Core\Src\stm32f1xx_it.o
                0x08000564                TIM2_IRQHandler
 .text.TIM3_IRQHandler
                0x08000570        0xc Core\Src\stm32f1xx_it.o
                0x08000570                TIM3_IRQHandler
 .text.TIM4_IRQHandler
                0x0800057c        0xc Core\Src\stm32f1xx_it.o
                0x0800057c                TIM4_IRQHandler
 .text.USART1_IRQHandler
                0x08000588        0xc Core\Src\stm32f1xx_it.o
                0x08000588                USART1_IRQHandler
 .text.SystemInit
                0x08000594       0x4c Core\Src\system_stm32f1xx.o
                0x08000594                SystemInit
 .text.MX_TIM2_Init
                0x080005e0       0x70 Core\Src\tim.o
                0x080005e0                MX_TIM2_Init
 .text.MX_TIM4_Init
                0x08000650       0x6c Core\Src\tim.o
                0x08000650                MX_TIM4_Init
 .text.HAL_TIM_Base_MspInit
                0x080006bc       0xf0 Core\Src\tim.o
                0x080006bc                HAL_TIM_Base_MspInit
 .text.HAL_TIM_MspPostInit
                0x080007ac       0xc4 Core\Src\tim.o
                0x080007ac                HAL_TIM_MspPostInit
 .text.MX_TIM1_Init
                0x08000870       0xd4 Core\Src\tim.o
                0x08000870                MX_TIM1_Init
 .text.MX_TIM3_Init
                0x08000944       0xb4 Core\Src\tim.o
                0x08000944                MX_TIM3_Init
 .text.MX_USART1_UART_Init
                0x080009f8       0x38 Core\Src\usart.o
                0x080009f8                MX_USART1_UART_Init
 .text.HAL_UART_MspInit
                0x08000a30       0xcc Core\Src\usart.o
                0x08000a30                HAL_UART_MspInit
 .text.HAL_InitTick
                0x08000afc       0x48 Drivers\STM32F1xx_HAL_Driver\Src\stm32f1xx_hal.o
                0x08000afc                HAL_InitTick
 .text.HAL_Init
                0x08000b44       0x24 Drivers\STM32F1xx_HAL_Driver\Src\stm32f1xx_hal.o
                0x08000b44                HAL_Init
 .text.HAL_IncTick
                0x08000b68       0x18 Drivers\STM32F1xx_HAL_Driver\Src\stm32f1xx_hal.o
                0x08000b68                HAL_IncTick
 .text.HAL_GetTick
                0x08000b80        0xc Drivers\STM32F1xx_HAL_Driver\Src\stm32f1xx_hal.o
                0x08000b80                HAL_GetTick
 .text.HAL_ADC_ConvCpltCallback
                0x08000b8c        0x2 Drivers\STM32F1xx_HAL_Driver\Src\stm32f1xx_hal_adc.o
                0x08000b8c                HAL_ADC_ConvCpltCallback
 .text.HAL_ADC_LevelOutOfWindowCallback
                0x08000b8e        0x2 Drivers\STM32F1xx_HAL_Driver\Src\stm32f1xx_hal_adc.o
                0x08000b8e                HAL_ADC_LevelOutOfWindowCallback
 .text.HAL_ADC_IRQHandler
                0x08000b90      0x130 Drivers\STM32F1xx_HAL_Driver\Src\stm32f1xx_hal_adc.o
                0x08000b90                HAL_ADC_IRQHandler
 .text.HAL_ADC_ConfigChannel
                0x08000cc0      0x15c Drivers\STM32F1xx_HAL_Driver\Src\stm32f1xx_hal_adc.o
                0x08000cc0                HAL_ADC_ConfigChannel
 .text.ADC_ConversionStop_Disable
                0x08000e1c       0x44 Drivers\STM32F1xx_HAL_Driver\Src\stm32f1xx_hal_adc.o
                0x08000e1c                ADC_ConversionStop_Disable
 .text.HAL_ADC_Init
                0x08000e60      0x1b8 Drivers\STM32F1xx_HAL_Driver\Src\stm32f1xx_hal_adc.o
                0x08000e60                HAL_ADC_Init
 .text.HAL_ADCEx_InjectedConvCpltCallback
                0x08001018        0x2 Drivers\STM32F1xx_HAL_Driver\Src\stm32f1xx_hal_adc_ex.o
                0x08001018                HAL_ADCEx_InjectedConvCpltCallback
 *fill*         0x0800101a        0x2 
 .text.HAL_NVIC_SetPriorityGrouping
                0x0800101c       0x3c Drivers\STM32F1xx_HAL_Driver\Src\stm32f1xx_hal_cortex.o
                0x0800101c                HAL_NVIC_SetPriorityGrouping
 .text.HAL_NVIC_SetPriority
                0x08001058       0x84 Drivers\STM32F1xx_HAL_Driver\Src\stm32f1xx_hal_cortex.o
                0x08001058                HAL_NVIC_SetPriority
 .text.HAL_NVIC_EnableIRQ
                0x080010dc       0x2c Drivers\STM32F1xx_HAL_Driver\Src\stm32f1xx_hal_cortex.o
                0x080010dc                HAL_NVIC_EnableIRQ
 .text.HAL_SYSTICK_Config
                0x08001108       0x2c Drivers\STM32F1xx_HAL_Driver\Src\stm32f1xx_hal_cortex.o
                0x08001108                HAL_SYSTICK_Config
 .text.HAL_CRC_Init
                0x08001134       0x3c Drivers\STM32F1xx_HAL_Driver\Src\stm32f1xx_hal_crc.o
                0x08001134                HAL_CRC_Init
 .text.HAL_DMA_Init
                0x08001170      0x120 Drivers\STM32F1xx_HAL_Driver\Src\stm32f1xx_hal_dma.o
                0x08001170                HAL_DMA_Init
 .text.HAL_DMA_Abort_IT
                0x08001290       0x90 Drivers\STM32F1xx_HAL_Driver\Src\stm32f1xx_hal_dma.o
                0x08001290                HAL_DMA_Abort_IT
 .text.HAL_DMA_IRQHandler
                0x08001320      0x128 Drivers\STM32F1xx_HAL_Driver\Src\stm32f1xx_hal_dma.o
                0x08001320                HAL_DMA_IRQHandler
 .text.FLASH_SetErrorCode
                0x08001448       0x50 Drivers\STM32F1xx_HAL_Driver\Src\stm32f1xx_hal_flash.o
 .text.HAL_FLASH_EndOfOperationCallback
                0x08001498        0x2 Drivers\STM32F1xx_HAL_Driver\Src\stm32f1xx_hal_flash.o
                0x08001498                HAL_FLASH_EndOfOperationCallback
 .text.HAL_FLASH_OperationErrorCallback
                0x0800149a        0x2 Drivers\STM32F1xx_HAL_Driver\Src\stm32f1xx_hal_flash.o
                0x0800149a                HAL_FLASH_OperationErrorCallback
 .text.HAL_FLASH_IRQHandler
                0x0800149c      0x114 Drivers\STM32F1xx_HAL_Driver\Src\stm32f1xx_hal_flash.o
                0x0800149c                HAL_FLASH_IRQHandler
 .text.FLASH_PageErase
                0x080015b0       0x24 Drivers\STM32F1xx_HAL_Driver\Src\stm32f1xx_hal_flash_ex.o
                0x080015b0                FLASH_PageErase
 .text.HAL_GPIO_Init
                0x080015d4      0x2d8 Drivers\STM32F1xx_HAL_Driver\Src\stm32f1xx_hal_gpio.o
                0x080015d4                HAL_GPIO_Init
 .text.HAL_GPIO_WritePin
                0x080018ac       0x34 Drivers\STM32F1xx_HAL_Driver\Src\stm32f1xx_hal_gpio.o
                0x080018ac                HAL_GPIO_WritePin
 .text.HAL_IWDG_Init
                0x080018e0       0x7c Drivers\STM32F1xx_HAL_Driver\Src\stm32f1xx_hal_iwdg.o
                0x080018e0                HAL_IWDG_Init
 .text.HAL_PWR_PVDCallback
                0x0800195c        0x2 Drivers\STM32F1xx_HAL_Driver\Src\stm32f1xx_hal_pwr.o
                0x0800195c                HAL_PWR_PVDCallback
 *fill*         0x0800195e        0x2 
 .text.HAL_PWR_PVD_IRQHandler
                0x08001960       0x1c Drivers\STM32F1xx_HAL_Driver\Src\stm32f1xx_hal_pwr.o
                0x08001960                HAL_PWR_PVD_IRQHandler
 .text.HAL_RCC_OscConfig
                0x0800197c      0x404 Drivers\STM32F1xx_HAL_Driver\Src\stm32f1xx_hal_rcc.o
                0x0800197c                HAL_RCC_OscConfig
 .text.HAL_RCC_GetSysClockFreq
                0x08001d80       0x78 Drivers\STM32F1xx_HAL_Driver\Src\stm32f1xx_hal_rcc.o
                0x08001d80                HAL_RCC_GetSysClockFreq
 .text.HAL_RCC_ClockConfig
                0x08001df8      0x220 Drivers\STM32F1xx_HAL_Driver\Src\stm32f1xx_hal_rcc.o
                0x08001df8                HAL_RCC_ClockConfig
 .text.HAL_RCC_GetPCLK1Freq
                0x08002018       0x20 Drivers\STM32F1xx_HAL_Driver\Src\stm32f1xx_hal_rcc.o
                0x08002018                HAL_RCC_GetPCLK1Freq
 .text.HAL_RCC_GetPCLK2Freq
                0x08002038       0x20 Drivers\STM32F1xx_HAL_Driver\Src\stm32f1xx_hal_rcc.o
                0x08002038                HAL_RCC_GetPCLK2Freq
 .text.HAL_RCCEx_PeriphCLKConfig
                0x08002058      0x138 Drivers\STM32F1xx_HAL_Driver\Src\stm32f1xx_hal_rcc_ex.o
                0x08002058                HAL_RCCEx_PeriphCLKConfig
 .text.TIM_OC1_SetConfig
                0x08002190       0x98 Drivers\STM32F1xx_HAL_Driver\Src\stm32f1xx_hal_tim.o
 .text.TIM_OC3_SetConfig
                0x08002228       0x9c Drivers\STM32F1xx_HAL_Driver\Src\stm32f1xx_hal_tim.o
 .text.TIM_OC4_SetConfig
                0x080022c4       0x68 Drivers\STM32F1xx_HAL_Driver\Src\stm32f1xx_hal_tim.o
 .text.HAL_TIM_OC_MspInit
                0x0800232c        0x2 Drivers\STM32F1xx_HAL_Driver\Src\stm32f1xx_hal_tim.o
                0x0800232c                HAL_TIM_OC_MspInit
 .text.HAL_TIM_PWM_MspInit
                0x0800232e        0x2 Drivers\STM32F1xx_HAL_Driver\Src\stm32f1xx_hal_tim.o
                0x0800232e                HAL_TIM_PWM_MspInit
 .text.HAL_TIM_ConfigClockSource
                0x08002330      0x440 Drivers\STM32F1xx_HAL_Driver\Src\stm32f1xx_hal_tim.o
                0x08002330                HAL_TIM_ConfigClockSource
 .text.HAL_TIM_PeriodElapsedCallback
                0x08002770        0x2 Drivers\STM32F1xx_HAL_Driver\Src\stm32f1xx_hal_tim.o
                0x08002770                HAL_TIM_PeriodElapsedCallback
 .text.HAL_TIM_OC_DelayElapsedCallback
                0x08002772        0x2 Drivers\STM32F1xx_HAL_Driver\Src\stm32f1xx_hal_tim.o
                0x08002772                HAL_TIM_OC_DelayElapsedCallback
 .text.HAL_TIM_IC_CaptureCallback
                0x08002774        0x2 Drivers\STM32F1xx_HAL_Driver\Src\stm32f1xx_hal_tim.o
                0x08002774                HAL_TIM_IC_CaptureCallback
 .text.HAL_TIM_PWM_PulseFinishedCallback
                0x08002776        0x2 Drivers\STM32F1xx_HAL_Driver\Src\stm32f1xx_hal_tim.o
                0x08002776                HAL_TIM_PWM_PulseFinishedCallback
 .text.HAL_TIM_TriggerCallback
                0x08002778        0x2 Drivers\STM32F1xx_HAL_Driver\Src\stm32f1xx_hal_tim.o
                0x08002778                HAL_TIM_TriggerCallback
 .text.HAL_TIM_IRQHandler
                0x0800277a      0x144 Drivers\STM32F1xx_HAL_Driver\Src\stm32f1xx_hal_tim.o
                0x0800277a                HAL_TIM_IRQHandler
 *fill*         0x080028be        0x2 
 .text.TIM_Base_SetConfig
                0x080028c0       0x70 Drivers\STM32F1xx_HAL_Driver\Src\stm32f1xx_hal_tim.o
                0x080028c0                TIM_Base_SetConfig
 .text.HAL_TIM_Base_Init
                0x08002930       0xa8 Drivers\STM32F1xx_HAL_Driver\Src\stm32f1xx_hal_tim.o
                0x08002930                HAL_TIM_Base_Init
 .text.HAL_TIM_OC_Init
                0x080029d8       0xb0 Drivers\STM32F1xx_HAL_Driver\Src\stm32f1xx_hal_tim.o
                0x080029d8                HAL_TIM_OC_Init
 .text.HAL_TIM_PWM_Init
                0x08002a88       0xb0 Drivers\STM32F1xx_HAL_Driver\Src\stm32f1xx_hal_tim.o
                0x08002a88                HAL_TIM_PWM_Init
 .text.TIM_OC2_SetConfig
                0x08002b38       0x9c Drivers\STM32F1xx_HAL_Driver\Src\stm32f1xx_hal_tim.o
                0x08002b38                TIM_OC2_SetConfig
 .text.HAL_TIM_OC_ConfigChannel
                0x08002bd4      0x154 Drivers\STM32F1xx_HAL_Driver\Src\stm32f1xx_hal_tim.o
                0x08002bd4                HAL_TIM_OC_ConfigChannel
 .text.HAL_TIM_PWM_ConfigChannel
                0x08002d28      0x1d0 Drivers\STM32F1xx_HAL_Driver\Src\stm32f1xx_hal_tim.o
                0x08002d28                HAL_TIM_PWM_ConfigChannel
 .text.HAL_TIMEx_ConfigBreakDeadTime
                0x08002ef8       0xe8 Drivers\STM32F1xx_HAL_Driver\Src\stm32f1xx_hal_tim_ex.o
                0x08002ef8                HAL_TIMEx_ConfigBreakDeadTime
 .text.HAL_TIMEx_MasterConfigSynchronization
                0x08002fe0       0x9c Drivers\STM32F1xx_HAL_Driver\Src\stm32f1xx_hal_tim_ex.o
                0x08002fe0                HAL_TIMEx_MasterConfigSynchronization
 .text.HAL_TIMEx_CommutationCallback
                0x0800307c        0x2 Drivers\STM32F1xx_HAL_Driver\Src\stm32f1xx_hal_tim_ex.o
                0x0800307c                HAL_TIMEx_CommutationCallback
 .text.HAL_TIMEx_BreakCallback
                0x0800307e        0x2 Drivers\STM32F1xx_HAL_Driver\Src\stm32f1xx_hal_tim_ex.o
                0x0800307e                HAL_TIMEx_BreakCallback
 .text.UART_EndRxTransfer
                0x08003080       0x1a Drivers\STM32F1xx_HAL_Driver\Src\stm32f1xx_hal_uart.o
 *fill*         0x0800309a        0x2 
 .text.UART_SetConfig
                0x0800309c      0x1a4 Drivers\STM32F1xx_HAL_Driver\Src\stm32f1xx_hal_uart.o
 .text.HAL_UART_Init
                0x08003240       0xd0 Drivers\STM32F1xx_HAL_Driver\Src\stm32f1xx_hal_uart.o
                0x08003240                HAL_UART_Init
 .text.HAL_UART_TxCpltCallback
                0x08003310        0x2 Drivers\STM32F1xx_HAL_Driver\Src\stm32f1xx_hal_uart.o
                0x08003310                HAL_UART_TxCpltCallback
 .text.HAL_UART_RxCpltCallback
                0x08003312        0x2 Drivers\STM32F1xx_HAL_Driver\Src\stm32f1xx_hal_uart.o
                0x08003312                HAL_UART_RxCpltCallback
 .text.UART_Receive_IT
                0x08003314       0x7c Drivers\STM32F1xx_HAL_Driver\Src\stm32f1xx_hal_uart.o
 .text.HAL_UART_ErrorCallback
                0x08003390        0x2 Drivers\STM32F1xx_HAL_Driver\Src\stm32f1xx_hal_uart.o
                0x08003390                HAL_UART_ErrorCallback
 *fill*         0x08003392        0x2 
 .text.HAL_UART_IRQHandler
                0x08003394      0x140 Drivers\STM32F1xx_HAL_Driver\Src\stm32f1xx_hal_uart.o
                0x08003394                HAL_UART_IRQHandler
 .text.UART_DMAAbortOnError
                0x080034d4       0x10 Drivers\STM32F1xx_HAL_Driver\Src\stm32f1xx_hal_uart.o
 .text.Reset_Handler
                0x080034e4       0x48 startup\startup_stm32f103xb.o
                0x080034e4                Reset_Handler
 .text.Default_Handler
                0x0800352c        0x2 startup\startup_stm32f103xb.o
                0x0800352c                RTC_Alarm_IRQHandler
                0x0800352c                EXTI2_IRQHandler
                0x0800352c                EXTI3_IRQHandler
                0x0800352c                EXTI0_IRQHandler
                0x0800352c                I2C2_EV_IRQHandler
                0x0800352c                SPI1_IRQHandler
                0x0800352c                TAMPER_IRQHandler
                0x0800352c                USART3_IRQHandler
                0x0800352c                RTC_IRQHandler
                0x0800352c                DMA1_Channel7_IRQHandler
                0x0800352c                CAN1_RX1_IRQHandler
                0x0800352c                I2C1_EV_IRQHandler
                0x0800352c                DMA1_Channel6_IRQHandler
                0x0800352c                Default_Handler
                0x0800352c                EXTI15_10_IRQHandler
                0x0800352c                EXTI9_5_IRQHandler
                0x0800352c                SPI2_IRQHandler
                0x0800352c                DMA1_Channel5_IRQHandler
                0x0800352c                EXTI4_IRQHandler
                0x0800352c                USB_LP_CAN1_RX0_IRQHandler
                0x0800352c                USB_HP_CAN1_TX_IRQHandler
                0x0800352c                DMA1_Channel3_IRQHandler
                0x0800352c                WWDG_IRQHandler
                0x0800352c                EXTI1_IRQHandler
                0x0800352c                USART2_IRQHandler
                0x0800352c                I2C2_ER_IRQHandler
                0x0800352c                DMA1_Channel2_IRQHandler
                0x0800352c                CAN1_SCE_IRQHandler
                0x0800352c                I2C1_ER_IRQHandler
                0x0800352c                USBWakeUp_IRQHandler
 *fill*         0x0800352e        0x2 
 .text.__libc_init_array
                0x08003530       0x48 c:/truestudio for stm32 9.2.0/armtools/bin/../lib/gcc/arm-atollic-eabi/6.3.1/../../../../arm-atollic-eabi/lib/armv7-m\libc_nano.a(lib_a-init.o)
                0x08003530                __libc_init_array
 .text.memset   0x08003578       0x10 c:/truestudio for stm32 9.2.0/armtools/bin/../lib/gcc/arm-atollic-eabi/6.3.1/../../../../arm-atollic-eabi/lib/armv7-m\libc_nano.a(lib_a-memset.o)
                0x08003578                memset
 *(.glue_7)
 .glue_7        0x08003588        0x0 linker stubs
 *(.glue_7t)
 .glue_7t       0x08003588        0x0 linker stubs
 *(.eh_frame)
 .eh_frame      0x08003588        0x0 c:/truestudio for stm32 9.2.0/armtools/bin/../lib/gcc/arm-atollic-eabi/6.3.1/armv7-m/crtbegin.o
 *(.init)
 .init          0x08003588        0x4 c:/truestudio for stm32 9.2.0/armtools/bin/../lib/gcc/arm-atollic-eabi/6.3.1/armv7-m/crti.o
                0x08003588                _init
 .init          0x0800358c        0x8 c:/truestudio for stm32 9.2.0/armtools/bin/../lib/gcc/arm-atollic-eabi/6.3.1/armv7-m/crtn.o
 *(.fini)
 .fini          0x08003594        0x4 c:/truestudio for stm32 9.2.0/armtools/bin/../lib/gcc/arm-atollic-eabi/6.3.1/armv7-m/crti.o
                0x08003594                _fini
 .fini          0x08003598        0x8 c:/truestudio for stm32 9.2.0/armtools/bin/../lib/gcc/arm-atollic-eabi/6.3.1/armv7-m/crtn.o
                0x080035a0                . = ALIGN (0x4)
                0x080035a0                _etext = .

.vfp11_veneer   0x080035a0        0x0
 .vfp11_veneer  0x080035a0        0x0 linker stubs

.v4_bx          0x080035a0        0x0
 .v4_bx         0x080035a0        0x0 linker stubs

.iplt           0x080035a0        0x0
 .iplt          0x080035a0        0x0 c:/truestudio for stm32 9.2.0/armtools/bin/../lib/gcc/arm-atollic-eabi/6.3.1/armv7-m/crtbegin.o

.rodata         0x080035a0      0x29c
                0x080035a0                . = ALIGN (0x4)
 *(.rodata)
 .rodata        0x080035a0       0x10 Drivers\STM32F1xx_HAL_Driver\Src\stm32f1xx_hal_rcc.o
 *(.rodata*)
 .rodata.AHBPrescTable
                0x080035b0       0x10 Core\Src\system_stm32f1xx.o
                0x080035b0                AHBPrescTable
 .rodata.APBPrescTable
                0x080035c0        0x8 Core\Src\system_stm32f1xx.o
                0x080035c0                APBPrescTable
 .rodata.HAL_ADC_PollForConversion.str1.1
                0x080035c8       0x38 Drivers\STM32F1xx_HAL_Driver\Src\stm32f1xx_hal_adc.o
 .rodata.HAL_NVIC_SetPriorityGrouping.str1.1
                0x08003600       0x3b Drivers\STM32F1xx_HAL_Driver\Src\stm32f1xx_hal_cortex.o
 .rodata.HAL_CRC_Init.str1.1
                0x0800363b       0x38 Drivers\STM32F1xx_HAL_Driver\Src\stm32f1xx_hal_crc.o
 .rodata.HAL_DMA_Init.str1.1
                0x08003673       0x38 Drivers\STM32F1xx_HAL_Driver\Src\stm32f1xx_hal_dma.o
 .rodata.HAL_GPIO_Init.str1.1
                0x080036ab       0x39 Drivers\STM32F1xx_HAL_Driver\Src\stm32f1xx_hal_gpio.o
 .rodata.HAL_IWDG_Init.str1.1
                0x080036e4       0x39 Drivers\STM32F1xx_HAL_Driver\Src\stm32f1xx_hal_iwdg.o
 .rodata.HAL_RCC_OscConfig.str1.1
                0x0800371d       0x38 Drivers\STM32F1xx_HAL_Driver\Src\stm32f1xx_hal_rcc.o
 .rodata.HAL_RCCEx_PeriphCLKConfig.str1.1
                0x08003755       0x3b Drivers\STM32F1xx_HAL_Driver\Src\stm32f1xx_hal_rcc_ex.o
 .rodata.TIM_OC1_SetConfig.str1.1
                0x08003790       0x38 Drivers\STM32F1xx_HAL_Driver\Src\stm32f1xx_hal_tim.o
 .rodata.HAL_TIMEx_HallSensor_Init.str1.1
                0x080037c8       0x3b Drivers\STM32F1xx_HAL_Driver\Src\stm32f1xx_hal_tim_ex.o
 .rodata.UART_SetConfig.str1.1
                0x08003803       0x39 Drivers\STM32F1xx_HAL_Driver\Src\stm32f1xx_hal_uart.o
                0x0800383c                . = ALIGN (0x4)

.rel.dyn        0x0800383c        0x0
 .rel.iplt      0x0800383c        0x0 c:/truestudio for stm32 9.2.0/armtools/bin/../lib/gcc/arm-atollic-eabi/6.3.1/armv7-m/crtbegin.o

.ARM.extab
 *(.ARM.extab* .gnu.linkonce.armextab.*)

.ARM            0x0800383c        0x0
                0x0800383c                __exidx_start = .
 *(.ARM.exidx*)
                0x0800383c                __exidx_end = .

.preinit_array  0x0800383c        0x0
                0x0800383c                PROVIDE (__preinit_array_start, .)
 *(.preinit_array*)
                0x0800383c                PROVIDE (__preinit_array_end, .)

.init_array     0x0800383c        0x4
                0x0800383c                PROVIDE (__init_array_start, .)
 *(SORT(.init_array.*))
 *(.init_array*)
 .init_array    0x0800383c        0x4 c:/truestudio for stm32 9.2.0/armtools/bin/../lib/gcc/arm-atollic-eabi/6.3.1/armv7-m/crtbegin.o
                0x08003840                PROVIDE (__init_array_end, .)

.fini_array     0x08003840        0x4
                [!provide]                PROVIDE (__fini_array_start, .)
 *(SORT(.fini_array.*))
 *(.fini_array*)
 .fini_array    0x08003840        0x4 c:/truestudio for stm32 9.2.0/armtools/bin/../lib/gcc/arm-atollic-eabi/6.3.1/armv7-m/crtbegin.o
                [!provide]                PROVIDE (__fini_array_end, .)
                0x08003844                _sidata = LOADADDR (.data)

.data           0x20000000        0xc load address 0x08003844
                0x20000000                . = ALIGN (0x4)
                0x20000000                _sdata = .
 *(.data)
 *(.data*)
 .data.SystemCoreClock
                0x20000000        0x4 Core\Src\system_stm32f1xx.o
                0x20000000                SystemCoreClock
 .data.uwTickFreq
                0x20000004        0x1 Drivers\STM32F1xx_HAL_Driver\Src\stm32f1xx_hal.o
                0x20000004                uwTickFreq
 *fill*         0x20000005        0x3 
 .data.uwTickPrio
                0x20000008        0x4 Drivers\STM32F1xx_HAL_Driver\Src\stm32f1xx_hal.o
                0x20000008                uwTickPrio
                0x2000000c                . = ALIGN (0x4)
                0x2000000c                _edata = .

.igot.plt       0x2000000c        0x0 load address 0x08003850
 .igot.plt      0x2000000c        0x0 c:/truestudio for stm32 9.2.0/armtools/bin/../lib/gcc/arm-atollic-eabi/6.3.1/armv7-m/crtbegin.o
                0x2000000c                . = ALIGN (0x4)

.bss            0x20000010      0x250 load address 0x08003850
                0x20000010                _sbss = .
                0x20000010                __bss_start__ = _sbss
 *(.bss)
 .bss           0x20000010       0x1c c:/truestudio for stm32 9.2.0/armtools/bin/../lib/gcc/arm-atollic-eabi/6.3.1/armv7-m/crtbegin.o
 *(.bss*)
 *(COMMON)
 COMMON         0x2000002c       0x74 Core\Src\adc.o
                0x2000002c                hadc1
                0x2000005c                hdma_adc1
 COMMON         0x200000a0        0x8 Core\Src\crc.o
                0x200000a0                hcrc
 COMMON         0x200000a8        0xc Core\Src\iwdg.o
                0x200000a8                hiwdg
 COMMON         0x200000b4      0x100 Core\Src\tim.o
                0x200000b4                htim4
                0x200000f4                htim3
                0x20000134                htim1
                0x20000174                htim2
 COMMON         0x200001b4       0x84 Core\Src\usart.o
                0x200001b4                hdma_usart1_tx
                0x200001f8                huart1
 COMMON         0x20000238        0x4 Drivers\STM32F1xx_HAL_Driver\Src\stm32f1xx_hal.o
                0x20000238                uwTick
 *fill*         0x2000023c        0x4 
 COMMON         0x20000240       0x20 Drivers\STM32F1xx_HAL_Driver\Src\stm32f1xx_hal_flash.o
                0x20000240                pFlash
                0x20000260                . = ALIGN (0x4)
                0x20000260                _ebss = .
                0x20000260                __bss_end__ = _ebss

._user_heap_stack
                0x20000260      0x600 load address 0x08003850
                0x20000260                . = ALIGN (0x4)
                [!provide]                PROVIDE (end, .)
                [!provide]                PROVIDE (_end, .)
                0x20000460                . = (. + _Min_Heap_Size)
 *fill*         0x20000260      0x200 
                0x20000860                . = (. + _Min_Stack_Size)
 *fill*         0x20000460      0x400 
                0x20000860                . = ALIGN (0x4)

/DISCARD/
 libc.a(*)
 libm.a(*)
 libgcc.a(*)

.ARM.attributes
                0x00000000       0x29
 *(.ARM.attributes)
 .ARM.attributes
                0x00000000       0x1d c:/truestudio for stm32 9.2.0/armtools/bin/../lib/gcc/arm-atollic-eabi/6.3.1/armv7-m/crti.o
 .ARM.attributes
                0x0000001d       0x2d c:/truestudio for stm32 9.2.0/armtools/bin/../lib/gcc/arm-atollic-eabi/6.3.1/armv7-m/crtbegin.o
 .ARM.attributes
                0x0000004a       0x33 Core\Src\adc.o
 .ARM.attributes
                0x0000007d       0x33 Core\Src\crc.o
 .ARM.attributes
                0x000000b0       0x33 Core\Src\dma.o
 .ARM.attributes
                0x000000e3       0x33 Core\Src\gpio.o
 .ARM.attributes
                0x00000116       0x33 Core\Src\iwdg.o
 .ARM.attributes
                0x00000149       0x33 Core\Src\main.o
 .ARM.attributes
                0x0000017c       0x33 Core\Src\stm32f1xx_hal_msp.o
 .ARM.attributes
                0x000001af       0x33 Core\Src\stm32f1xx_it.o
 .ARM.attributes
                0x000001e2       0x33 Core\Src\system_stm32f1xx.o
 .ARM.attributes
                0x00000215       0x33 Core\Src\tim.o
 .ARM.attributes
                0x00000248       0x33 Core\Src\usart.o
 .ARM.attributes
                0x0000027b       0x33 Drivers\STM32F1xx_HAL_Driver\Src\stm32f1xx_hal.o
 .ARM.attributes
                0x000002ae       0x33 Drivers\STM32F1xx_HAL_Driver\Src\stm32f1xx_hal_adc.o
 .ARM.attributes
                0x000002e1       0x33 Drivers\STM32F1xx_HAL_Driver\Src\stm32f1xx_hal_adc_ex.o
 .ARM.attributes
                0x00000314       0x33 Drivers\STM32F1xx_HAL_Driver\Src\stm32f1xx_hal_cortex.o
 .ARM.attributes
                0x00000347       0x33 Drivers\STM32F1xx_HAL_Driver\Src\stm32f1xx_hal_crc.o
 .ARM.attributes
                0x0000037a       0x33 Drivers\STM32F1xx_HAL_Driver\Src\stm32f1xx_hal_dma.o
 .ARM.attributes
                0x000003ad       0x33 Drivers\STM32F1xx_HAL_Driver\Src\stm32f1xx_hal_flash.o
 .ARM.attributes
                0x000003e0       0x33 Drivers\STM32F1xx_HAL_Driver\Src\stm32f1xx_hal_flash_ex.o
 .ARM.attributes
                0x00000413       0x33 Drivers\STM32F1xx_HAL_Driver\Src\stm32f1xx_hal_gpio.o
 .ARM.attributes
                0x00000446       0x33 Drivers\STM32F1xx_HAL_Driver\Src\stm32f1xx_hal_iwdg.o
 .ARM.attributes
                0x00000479       0x33 Drivers\STM32F1xx_HAL_Driver\Src\stm32f1xx_hal_pwr.o
 .ARM.attributes
                0x000004ac       0x33 Drivers\STM32F1xx_HAL_Driver\Src\stm32f1xx_hal_rcc.o
 .ARM.attributes
                0x000004df       0x33 Drivers\STM32F1xx_HAL_Driver\Src\stm32f1xx_hal_rcc_ex.o
 .ARM.attributes
                0x00000512       0x33 Drivers\STM32F1xx_HAL_Driver\Src\stm32f1xx_hal_tim.o
 .ARM.attributes
                0x00000545       0x33 Drivers\STM32F1xx_HAL_Driver\Src\stm32f1xx_hal_tim_ex.o
 .ARM.attributes
                0x00000578       0x33 Drivers\STM32F1xx_HAL_Driver\Src\stm32f1xx_hal_uart.o
 .ARM.attributes
                0x000005ab       0x21 startup\startup_stm32f103xb.o
 .ARM.attributes
                0x000005cc       0x2d c:/truestudio for stm32 9.2.0/armtools/bin/../lib/gcc/arm-atollic-eabi/6.3.1/../../../../arm-atollic-eabi/lib/armv7-m\libc_nano.a(lib_a-init.o)
 .ARM.attributes
                0x000005f9       0x2d c:/truestudio for stm32 9.2.0/armtools/bin/../lib/gcc/arm-atollic-eabi/6.3.1/../../../../arm-atollic-eabi/lib/armv7-m\libc_nano.a(lib_a-memset.o)
 .ARM.attributes
                0x00000626       0x1d c:/truestudio for stm32 9.2.0/armtools/bin/../lib/gcc/arm-atollic-eabi/6.3.1/armv7-m/crtn.o
OUTPUT(digiTOS-COMOD-SinBoard-CODE.elf elf32-littlearm)

.debug_info     0x00000000    0x22c59
 .debug_info    0x00000000     0x12c2 Core\Src\adc.o
 .debug_info    0x000012c2      0xc0b Core\Src\crc.o
 .debug_info    0x00001ecd      0xbf8 Core\Src\dma.o
 .debug_info    0x00002ac5      0xc71 Core\Src\gpio.o
 .debug_info    0x00003736      0xaa8 Core\Src\iwdg.o
 .debug_info    0x000041de     0x1759 Core\Src\main.o
 .debug_info    0x00005937      0xcea Core\Src\stm32f1xx_hal_msp.o
 .debug_info    0x00006621     0x145c Core\Src\stm32f1xx_it.o
 .debug_info    0x00007a7d      0xc4d Core\Src\system_stm32f1xx.o
 .debug_info    0x000086ca     0x1b05 Core\Src\tim.o
 .debug_info    0x0000a1cf     0x12fc Core\Src\usart.o
 .debug_info    0x0000b4cb      0xff2 Drivers\STM32F1xx_HAL_Driver\Src\stm32f1xx_hal.o
 .debug_info    0x0000c4bd     0x1a63 Drivers\STM32F1xx_HAL_Driver\Src\stm32f1xx_hal_adc.o
 .debug_info    0x0000df20     0x1662 Drivers\STM32F1xx_HAL_Driver\Src\stm32f1xx_hal_adc_ex.o
 .debug_info    0x0000f582     0x1604 Drivers\STM32F1xx_HAL_Driver\Src\stm32f1xx_hal_cortex.o
 .debug_info    0x00010b86      0xca1 Drivers\STM32F1xx_HAL_Driver\Src\stm32f1xx_hal_crc.o
 .debug_info    0x00011827     0x1194 Drivers\STM32F1xx_HAL_Driver\Src\stm32f1xx_hal_dma.o
 .debug_info    0x000129bb      0xf6f Drivers\STM32F1xx_HAL_Driver\Src\stm32f1xx_hal_flash.o
 .debug_info    0x0001392a     0x155c Drivers\STM32F1xx_HAL_Driver\Src\stm32f1xx_hal_flash_ex.o
 .debug_info    0x00014e86     0x10b7 Drivers\STM32F1xx_HAL_Driver\Src\stm32f1xx_hal_gpio.o
 .debug_info    0x00015f3d      0xb50 Drivers\STM32F1xx_HAL_Driver\Src\stm32f1xx_hal_iwdg.o
 .debug_info    0x00016a8d     0x1076 Drivers\STM32F1xx_HAL_Driver\Src\stm32f1xx_hal_pwr.o
 .debug_info    0x00017b03     0x1513 Drivers\STM32F1xx_HAL_Driver\Src\stm32f1xx_hal_rcc.o
 .debug_info    0x00019016      0xd3c Drivers\STM32F1xx_HAL_Driver\Src\stm32f1xx_hal_rcc_ex.o
 .debug_info    0x00019d52     0x4cf4 Drivers\STM32F1xx_HAL_Driver\Src\stm32f1xx_hal_tim.o
 .debug_info    0x0001ea46     0x20db Drivers\STM32F1xx_HAL_Driver\Src\stm32f1xx_hal_tim_ex.o
 .debug_info    0x00020b21     0x2097 Drivers\STM32F1xx_HAL_Driver\Src\stm32f1xx_hal_uart.o
 .debug_info    0x00022bb8       0xa1 startup\startup_stm32f103xb.o

.debug_abbrev   0x00000000     0x475f
 .debug_abbrev  0x00000000      0x259 Core\Src\adc.o
 .debug_abbrev  0x00000259      0x20b Core\Src\crc.o
 .debug_abbrev  0x00000464      0x1f5 Core\Src\dma.o
 .debug_abbrev  0x00000659      0x1f9 Core\Src\gpio.o
 .debug_abbrev  0x00000852      0x1e4 Core\Src\iwdg.o
 .debug_abbrev  0x00000a36      0x267 Core\Src\main.o
 .debug_abbrev  0x00000c9d      0x200 Core\Src\stm32f1xx_hal_msp.o
 .debug_abbrev  0x00000e9d      0x23e Core\Src\stm32f1xx_it.o
 .debug_abbrev  0x000010db      0x1eb Core\Src\system_stm32f1xx.o
 .debug_abbrev  0x000012c6      0x2a9 Core\Src\tim.o
 .debug_abbrev  0x0000156f      0x276 Core\Src\usart.o
 .debug_abbrev  0x000017e5      0x315 Drivers\STM32F1xx_HAL_Driver\Src\stm32f1xx_hal.o
 .debug_abbrev  0x00001afa      0x2ec Drivers\STM32F1xx_HAL_Driver\Src\stm32f1xx_hal_adc.o
 .debug_abbrev  0x00001de6      0x296 Drivers\STM32F1xx_HAL_Driver\Src\stm32f1xx_hal_adc_ex.o
 .debug_abbrev  0x0000207c      0x3b2 Drivers\STM32F1xx_HAL_Driver\Src\stm32f1xx_hal_cortex.o
 .debug_abbrev  0x0000242e      0x27a Drivers\STM32F1xx_HAL_Driver\Src\stm32f1xx_hal_crc.o
 .debug_abbrev  0x000026a8      0x2b8 Drivers\STM32F1xx_HAL_Driver\Src\stm32f1xx_hal_dma.o
 .debug_abbrev  0x00002960      0x355 Drivers\STM32F1xx_HAL_Driver\Src\stm32f1xx_hal_flash.o
 .debug_abbrev  0x00002cb5      0x356 Drivers\STM32F1xx_HAL_Driver\Src\stm32f1xx_hal_flash_ex.o
 .debug_abbrev  0x0000300b      0x2ae Drivers\STM32F1xx_HAL_Driver\Src\stm32f1xx_hal_gpio.o
 .debug_abbrev  0x000032b9      0x1fd Drivers\STM32F1xx_HAL_Driver\Src\stm32f1xx_hal_iwdg.o
 .debug_abbrev  0x000034b6      0x2b2 Drivers\STM32F1xx_HAL_Driver\Src\stm32f1xx_hal_pwr.o
 .debug_abbrev  0x00003768      0x358 Drivers\STM32F1xx_HAL_Driver\Src\stm32f1xx_hal_rcc.o
 .debug_abbrev  0x00003ac0      0x29d Drivers\STM32F1xx_HAL_Driver\Src\stm32f1xx_hal_rcc_ex.o
 .debug_abbrev  0x00003d5d      0x39f Drivers\STM32F1xx_HAL_Driver\Src\stm32f1xx_hal_tim.o
 .debug_abbrev  0x000040fc      0x2ed Drivers\STM32F1xx_HAL_Driver\Src\stm32f1xx_hal_tim_ex.o
 .debug_abbrev  0x000043e9      0x364 Drivers\STM32F1xx_HAL_Driver\Src\stm32f1xx_hal_uart.o
 .debug_abbrev  0x0000474d       0x12 startup\startup_stm32f103xb.o

.debug_loc      0x00000000     0x8344
 .debug_loc     0x00000000       0x63 Core\Src\adc.o
 .debug_loc     0x00000063       0xcd Core\Src\system_stm32f1xx.o
 .debug_loc     0x00000130      0x149 Core\Src\tim.o
 .debug_loc     0x00000279       0x93 Core\Src\usart.o
 .debug_loc     0x0000030c       0xf3 Drivers\STM32F1xx_HAL_Driver\Src\stm32f1xx_hal.o
 .debug_loc     0x000003ff      0x858 Drivers\STM32F1xx_HAL_Driver\Src\stm32f1xx_hal_adc.o
 .debug_loc     0x00000c57      0x638 Drivers\STM32F1xx_HAL_Driver\Src\stm32f1xx_hal_adc_ex.o
 .debug_loc     0x0000128f      0x513 Drivers\STM32F1xx_HAL_Driver\Src\stm32f1xx_hal_cortex.o
 .debug_loc     0x000017a2      0x209 Drivers\STM32F1xx_HAL_Driver\Src\stm32f1xx_hal_crc.o
 .debug_loc     0x000019ab      0x676 Drivers\STM32F1xx_HAL_Driver\Src\stm32f1xx_hal_dma.o
 .debug_loc     0x00002021      0x357 Drivers\STM32F1xx_HAL_Driver\Src\stm32f1xx_hal_flash.o
 .debug_loc     0x00002378      0x786 Drivers\STM32F1xx_HAL_Driver\Src\stm32f1xx_hal_flash_ex.o
 .debug_loc     0x00002afe      0x449 Drivers\STM32F1xx_HAL_Driver\Src\stm32f1xx_hal_gpio.o
 .debug_loc     0x00002f47       0x76 Drivers\STM32F1xx_HAL_Driver\Src\stm32f1xx_hal_iwdg.o
 .debug_loc     0x00002fbd      0x12b Drivers\STM32F1xx_HAL_Driver\Src\stm32f1xx_hal_pwr.o
 .debug_loc     0x000030e8      0x4d6 Drivers\STM32F1xx_HAL_Driver\Src\stm32f1xx_hal_rcc.o
 .debug_loc     0x000035be      0x287 Drivers\STM32F1xx_HAL_Driver\Src\stm32f1xx_hal_rcc_ex.o
 .debug_loc     0x00003845     0x2c7a Drivers\STM32F1xx_HAL_Driver\Src\stm32f1xx_hal_tim.o
 .debug_loc     0x000064bf      0xb6e Drivers\STM32F1xx_HAL_Driver\Src\stm32f1xx_hal_tim_ex.o
 .debug_loc     0x0000702d     0x1317 Drivers\STM32F1xx_HAL_Driver\Src\stm32f1xx_hal_uart.o

.debug_aranges  0x00000000      0xda0
 .debug_aranges
                0x00000000       0x30 Core\Src\adc.o
 .debug_aranges
                0x00000030       0x30 Core\Src\crc.o
 .debug_aranges
                0x00000060       0x20 Core\Src\dma.o
 .debug_aranges
                0x00000080       0x20 Core\Src\gpio.o
 .debug_aranges
                0x000000a0       0x20 Core\Src\iwdg.o
 .debug_aranges
                0x000000c0       0x38 Core\Src\main.o
 .debug_aranges
                0x000000f8       0x20 Core\Src\stm32f1xx_hal_msp.o
 .debug_aranges
                0x00000118       0x98 Core\Src\stm32f1xx_it.o
 .debug_aranges
                0x000001b0       0x28 Core\Src\system_stm32f1xx.o
 .debug_aranges
                0x000001d8       0x50 Core\Src\tim.o
 .debug_aranges
                0x00000228       0x30 Core\Src\usart.o
 .debug_aranges
                0x00000258       0xc8 Drivers\STM32F1xx_HAL_Driver\Src\stm32f1xx_hal.o
 .debug_aranges
                0x00000320       0xc8 Drivers\STM32F1xx_HAL_Driver\Src\stm32f1xx_hal_adc.o
 .debug_aranges
                0x000003e8       0x80 Drivers\STM32F1xx_HAL_Driver\Src\stm32f1xx_hal_adc_ex.o
 .debug_aranges
                0x00000468       0x90 Drivers\STM32F1xx_HAL_Driver\Src\stm32f1xx_hal_cortex.o
 .debug_aranges
                0x000004f8       0x48 Drivers\STM32F1xx_HAL_Driver\Src\stm32f1xx_hal_crc.o
 .debug_aranges
                0x00000540       0x78 Drivers\STM32F1xx_HAL_Driver\Src\stm32f1xx_hal_dma.o
 .debug_aranges
                0x000005b8       0x78 Drivers\STM32F1xx_HAL_Driver\Src\stm32f1xx_hal_flash.o
 .debug_aranges
                0x00000630       0x58 Drivers\STM32F1xx_HAL_Driver\Src\stm32f1xx_hal_flash_ex.o
 .debug_aranges
                0x00000688       0x58 Drivers\STM32F1xx_HAL_Driver\Src\stm32f1xx_hal_gpio.o
 .debug_aranges
                0x000006e0       0x28 Drivers\STM32F1xx_HAL_Driver\Src\stm32f1xx_hal_iwdg.o
 .debug_aranges
                0x00000708       0xa8 Drivers\STM32F1xx_HAL_Driver\Src\stm32f1xx_hal_pwr.o
 .debug_aranges
                0x000007b0       0x88 Drivers\STM32F1xx_HAL_Driver\Src\stm32f1xx_hal_rcc.o
 .debug_aranges
                0x00000838       0x30 Drivers\STM32F1xx_HAL_Driver\Src\stm32f1xx_hal_rcc_ex.o
 .debug_aranges
                0x00000868      0x280 Drivers\STM32F1xx_HAL_Driver\Src\stm32f1xx_hal_tim.o
 .debug_aranges
                0x00000ae8      0x120 Drivers\STM32F1xx_HAL_Driver\Src\stm32f1xx_hal_tim_ex.o
 .debug_aranges
                0x00000c08      0x170 Drivers\STM32F1xx_HAL_Driver\Src\stm32f1xx_hal_uart.o
 .debug_aranges
                0x00000d78       0x28 startup\startup_stm32f103xb.o

.debug_ranges   0x00000000     0x1188
 .debug_ranges  0x00000000       0x58 Core\Src\adc.o
 .debug_ranges  0x00000058       0x20 Core\Src\crc.o
 .debug_ranges  0x00000078       0x40 Core\Src\dma.o
 .debug_ranges  0x000000b8       0x88 Core\Src\gpio.o
 .debug_ranges  0x00000140       0x10 Core\Src\iwdg.o
 .debug_ranges  0x00000150       0x28 Core\Src\main.o
 .debug_ranges  0x00000178       0x30 Core\Src\stm32f1xx_hal_msp.o
 .debug_ranges  0x000001a8       0x88 Core\Src\stm32f1xx_it.o
 .debug_ranges  0x00000230       0x18 Core\Src\system_stm32f1xx.o
 .debug_ranges  0x00000248      0x138 Core\Src\tim.o
 .debug_ranges  0x00000380       0x80 Core\Src\usart.o
 .debug_ranges  0x00000400       0xb8 Drivers\STM32F1xx_HAL_Driver\Src\stm32f1xx_hal.o
 .debug_ranges  0x000004b8       0xb8 Drivers\STM32F1xx_HAL_Driver\Src\stm32f1xx_hal_adc.o
 .debug_ranges  0x00000570       0x70 Drivers\STM32F1xx_HAL_Driver\Src\stm32f1xx_hal_adc_ex.o
 .debug_ranges  0x000005e0       0xf0 Drivers\STM32F1xx_HAL_Driver\Src\stm32f1xx_hal_cortex.o
 .debug_ranges  0x000006d0       0x38 Drivers\STM32F1xx_HAL_Driver\Src\stm32f1xx_hal_crc.o
 .debug_ranges  0x00000708       0xb8 Drivers\STM32F1xx_HAL_Driver\Src\stm32f1xx_hal_dma.o
 .debug_ranges  0x000007c0       0xb8 Drivers\STM32F1xx_HAL_Driver\Src\stm32f1xx_hal_flash.o
 .debug_ranges  0x00000878       0xe8 Drivers\STM32F1xx_HAL_Driver\Src\stm32f1xx_hal_flash_ex.o
 .debug_ranges  0x00000960       0x68 Drivers\STM32F1xx_HAL_Driver\Src\stm32f1xx_hal_gpio.o
 .debug_ranges  0x000009c8       0x18 Drivers\STM32F1xx_HAL_Driver\Src\stm32f1xx_hal_iwdg.o
 .debug_ranges  0x000009e0       0x98 Drivers\STM32F1xx_HAL_Driver\Src\stm32f1xx_hal_pwr.o
 .debug_ranges  0x00000a78       0xa0 Drivers\STM32F1xx_HAL_Driver\Src\stm32f1xx_hal_rcc.o
 .debug_ranges  0x00000b18       0x40 Drivers\STM32F1xx_HAL_Driver\Src\stm32f1xx_hal_rcc_ex.o
 .debug_ranges  0x00000b58      0x370 Drivers\STM32F1xx_HAL_Driver\Src\stm32f1xx_hal_tim.o
 .debug_ranges  0x00000ec8      0x110 Drivers\STM32F1xx_HAL_Driver\Src\stm32f1xx_hal_tim_ex.o
 .debug_ranges  0x00000fd8      0x190 Drivers\STM32F1xx_HAL_Driver\Src\stm32f1xx_hal_uart.o
 .debug_ranges  0x00001168       0x20 startup\startup_stm32f103xb.o

.debug_line     0x00000000     0xa199
 .debug_line    0x00000000      0x337 Core\Src\adc.o
 .debug_line    0x00000337      0x292 Core\Src\crc.o
 .debug_line    0x000005c9      0x243 Core\Src\dma.o
 .debug_line    0x0000080c      0x27f Core\Src\gpio.o
 .debug_line    0x00000a8b      0x271 Core\Src\iwdg.o
 .debug_line    0x00000cfc      0x39e Core\Src\main.o
 .debug_line    0x0000109a      0x253 Core\Src\stm32f1xx_hal_msp.o
 .debug_line    0x000012ed      0x3c4 Core\Src\stm32f1xx_it.o
 .debug_line    0x000016b1      0x270 Core\Src\system_stm32f1xx.o
 .debug_line    0x00001921      0x44d Core\Src\tim.o
 .debug_line    0x00001d6e      0x334 Core\Src\usart.o
 .debug_line    0x000020a2      0x444 Drivers\STM32F1xx_HAL_Driver\Src\stm32f1xx_hal.o
 .debug_line    0x000024e6      0x9bc Drivers\STM32F1xx_HAL_Driver\Src\stm32f1xx_hal_adc.o
 .debug_line    0x00002ea2      0x801 Drivers\STM32F1xx_HAL_Driver\Src\stm32f1xx_hal_adc_ex.o
 .debug_line    0x000036a3      0x493 Drivers\STM32F1xx_HAL_Driver\Src\stm32f1xx_hal_cortex.o
 .debug_line    0x00003b36      0x375 Drivers\STM32F1xx_HAL_Driver\Src\stm32f1xx_hal_crc.o
 .debug_line    0x00003eab      0x720 Drivers\STM32F1xx_HAL_Driver\Src\stm32f1xx_hal_dma.o
 .debug_line    0x000045cb      0x51e Drivers\STM32F1xx_HAL_Driver\Src\stm32f1xx_hal_flash.o
 .debug_line    0x00004ae9      0x5d6 Drivers\STM32F1xx_HAL_Driver\Src\stm32f1xx_hal_flash_ex.o
 .debug_line    0x000050bf      0x54d Drivers\STM32F1xx_HAL_Driver\Src\stm32f1xx_hal_gpio.o
 .debug_line    0x0000560c      0x2e6 Drivers\STM32F1xx_HAL_Driver\Src\stm32f1xx_hal_iwdg.o
 .debug_line    0x000058f2      0x473 Drivers\STM32F1xx_HAL_Driver\Src\stm32f1xx_hal_pwr.o
 .debug_line    0x00005d65      0x6fd Drivers\STM32F1xx_HAL_Driver\Src\stm32f1xx_hal_rcc.o
 .debug_line    0x00006462      0x3b8 Drivers\STM32F1xx_HAL_Driver\Src\stm32f1xx_hal_rcc_ex.o
 .debug_line    0x0000681a     0x2034 Drivers\STM32F1xx_HAL_Driver\Src\stm32f1xx_hal_tim.o
 .debug_line    0x0000884e      0xb78 Drivers\STM32F1xx_HAL_Driver\Src\stm32f1xx_hal_tim_ex.o
 .debug_line    0x000093c6      0xd56 Drivers\STM32F1xx_HAL_Driver\Src\stm32f1xx_hal_uart.o
 .debug_line    0x0000a11c       0x7d startup\startup_stm32f103xb.o

.debug_str      0x00000000     0x47ea
 .debug_str     0x00000000      0xd52 Core\Src\adc.o
                                0xe5f (size before relaxing)
 .debug_str     0x00000d52      0x108 Core\Src\crc.o
                                0x877 (size before relaxing)
 .debug_str     0x00000e5a       0x1e Core\Src\dma.o
                                0xa06 (size before relaxing)
 .debug_str     0x00000e78       0x4e Core\Src\gpio.o
                                0x7aa (size before relaxing)
 .debug_str     0x00000ec6       0x6c Core\Src\iwdg.o
                                0x75d (size before relaxing)
 .debug_str     0x00000f32      0x5d4 Core\Src\main.o
                               0x10e4 (size before relaxing)
 .debug_str     0x00001506       0x6d Core\Src\stm32f1xx_hal_msp.o
                                0xa5f (size before relaxing)
 .debug_str     0x00001573      0x226 Core\Src\stm32f1xx_it.o
                                0xf75 (size before relaxing)
 .debug_str     0x00001799       0xa6 Core\Src\system_stm32f1xx.o
                                0x79a (size before relaxing)
 .debug_str     0x0000183f      0x2b9 Core\Src\tim.o
                               0x1196 (size before relaxing)
 .debug_str     0x00001af8       0x51 Core\Src\usart.o
                                0xee3 (size before relaxing)
 .debug_str     0x00001b49      0x24e Drivers\STM32F1xx_HAL_Driver\Src\stm32f1xx_hal.o
                                0xca5 (size before relaxing)
 .debug_str     0x00001d97      0x325 Drivers\STM32F1xx_HAL_Driver\Src\stm32f1xx_hal_adc.o
                                0xdc1 (size before relaxing)
 .debug_str     0x000020bc      0x291 Drivers\STM32F1xx_HAL_Driver\Src\stm32f1xx_hal_adc_ex.o
                                0xd74 (size before relaxing)
 .debug_str     0x0000234d      0x25c Drivers\STM32F1xx_HAL_Driver\Src\stm32f1xx_hal_cortex.o
                                0xdcd (size before relaxing)
 .debug_str     0x000025a9       0x92 Drivers\STM32F1xx_HAL_Driver\Src\stm32f1xx_hal_crc.o
                                0x8b3 (size before relaxing)
 .debug_str     0x0000263b      0x1f1 Drivers\STM32F1xx_HAL_Driver\Src\stm32f1xx_hal_dma.o
                                0xb31 (size before relaxing)
 .debug_str     0x0000282c      0x27b Drivers\STM32F1xx_HAL_Driver\Src\stm32f1xx_hal_flash.o
                                0xa51 (size before relaxing)
 .debug_str     0x00002aa7      0x2c3 Drivers\STM32F1xx_HAL_Driver\Src\stm32f1xx_hal_flash_ex.o
                                0xb67 (size before relaxing)
 .debug_str     0x00002d6a      0x11c Drivers\STM32F1xx_HAL_Driver\Src\stm32f1xx_hal_gpio.o
                                0x93a (size before relaxing)
 .debug_str     0x00002e86       0x4a Drivers\STM32F1xx_HAL_Driver\Src\stm32f1xx_hal_iwdg.o
                                0x7b5 (size before relaxing)
 .debug_str     0x00002ed0      0x224 Drivers\STM32F1xx_HAL_Driver\Src\stm32f1xx_hal_pwr.o
                                0x9cf (size before relaxing)
 .debug_str     0x000030f4      0x1ce Drivers\STM32F1xx_HAL_Driver\Src\stm32f1xx_hal_rcc.o
                                0xb18 (size before relaxing)
 .debug_str     0x000032c2       0x84 Drivers\STM32F1xx_HAL_Driver\Src\stm32f1xx_hal_rcc_ex.o
                                0x8f5 (size before relaxing)
 .debug_str     0x00003346      0xbd4 Drivers\STM32F1xx_HAL_Driver\Src\stm32f1xx_hal_tim.o
                               0x1869 (size before relaxing)
 .debug_str     0x00003f1a      0x3db Drivers\STM32F1xx_HAL_Driver\Src\stm32f1xx_hal_tim_ex.o
                               0x110b (size before relaxing)
 .debug_str     0x000042f5      0x4f5 Drivers\STM32F1xx_HAL_Driver\Src\stm32f1xx_hal_uart.o
                               0x1082 (size before relaxing)

.comment        0x00000000       0x7c
 .comment       0x00000000       0x7c Core\Src\adc.o
                                 0x7d (size before relaxing)
 .comment       0x0000007c       0x7d Core\Src\crc.o
 .comment       0x0000007c       0x7d Core\Src\dma.o
 .comment       0x0000007c       0x7d Core\Src\gpio.o
 .comment       0x0000007c       0x7d Core\Src\iwdg.o
 .comment       0x0000007c       0x7d Core\Src\main.o
 .comment       0x0000007c       0x7d Core\Src\stm32f1xx_hal_msp.o
 .comment       0x0000007c       0x7d Core\Src\stm32f1xx_it.o
 .comment       0x0000007c       0x7d Core\Src\system_stm32f1xx.o
 .comment       0x0000007c       0x7d Core\Src\tim.o
 .comment       0x0000007c       0x7d Core\Src\usart.o
 .comment       0x0000007c       0x7d Drivers\STM32F1xx_HAL_Driver\Src\stm32f1xx_hal.o
 .comment       0x0000007c       0x7d Drivers\STM32F1xx_HAL_Driver\Src\stm32f1xx_hal_adc.o
 .comment       0x0000007c       0x7d Drivers\STM32F1xx_HAL_Driver\Src\stm32f1xx_hal_adc_ex.o
 .comment       0x0000007c       0x7d Drivers\STM32F1xx_HAL_Driver\Src\stm32f1xx_hal_cortex.o
 .comment       0x0000007c       0x7d Drivers\STM32F1xx_HAL_Driver\Src\stm32f1xx_hal_crc.o
 .comment       0x0000007c       0x7d Drivers\STM32F1xx_HAL_Driver\Src\stm32f1xx_hal_dma.o
 .comment       0x0000007c       0x7d Drivers\STM32F1xx_HAL_Driver\Src\stm32f1xx_hal_flash.o
 .comment       0x0000007c       0x7d Drivers\STM32F1xx_HAL_Driver\Src\stm32f1xx_hal_flash_ex.o
 .comment       0x0000007c       0x7d Drivers\STM32F1xx_HAL_Driver\Src\stm32f1xx_hal_gpio.o
 .comment       0x0000007c       0x7d Drivers\STM32F1xx_HAL_Driver\Src\stm32f1xx_hal_iwdg.o
 .comment       0x0000007c       0x7d Drivers\STM32F1xx_HAL_Driver\Src\stm32f1xx_hal_pwr.o
 .comment       0x0000007c       0x7d Drivers\STM32F1xx_HAL_Driver\Src\stm32f1xx_hal_rcc.o
 .comment       0x0000007c       0x7d Drivers\STM32F1xx_HAL_Driver\Src\stm32f1xx_hal_rcc_ex.o
 .comment       0x0000007c       0x7d Drivers\STM32F1xx_HAL_Driver\Src\stm32f1xx_hal_tim.o
 .comment       0x0000007c       0x7d Drivers\STM32F1xx_HAL_Driver\Src\stm32f1xx_hal_tim_ex.o
 .comment       0x0000007c       0x7d Drivers\STM32F1xx_HAL_Driver\Src\stm32f1xx_hal_uart.o

.debug_frame    0x00000000     0x26f8
 .debug_frame   0x00000000       0x6c Core\Src\adc.o
 .debug_frame   0x0000006c       0x58 Core\Src\crc.o
 .debug_frame   0x000000c4       0x28 Core\Src\dma.o
 .debug_frame   0x000000ec       0x34 Core\Src\gpio.o
 .debug_frame   0x00000120       0x30 Core\Src\iwdg.o
 .debug_frame   0x00000150       0x68 Core\Src\main.o
 .debug_frame   0x000001b8       0x28 Core\Src\stm32f1xx_hal_msp.o
 .debug_frame   0x000001e0      0x180 Core\Src\stm32f1xx_it.o
 .debug_frame   0x00000360       0x30 Core\Src\system_stm32f1xx.o
 .debug_frame   0x00000390       0xe0 Core\Src\tim.o
 .debug_frame   0x00000470       0x78 Core\Src\usart.o
 .debug_frame   0x000004e8      0x1b0 Drivers\STM32F1xx_HAL_Driver\Src\stm32f1xx_hal.o
 .debug_frame   0x00000698      0x2a0 Drivers\STM32F1xx_HAL_Driver\Src\stm32f1xx_hal_adc.o
 .debug_frame   0x00000938      0x18c Drivers\STM32F1xx_HAL_Driver\Src\stm32f1xx_hal_adc_ex.o
 .debug_frame   0x00000ac4      0x164 Drivers\STM32F1xx_HAL_Driver\Src\stm32f1xx_hal_cortex.o
 .debug_frame   0x00000c28       0xa0 Drivers\STM32F1xx_HAL_Driver\Src\stm32f1xx_hal_crc.o
 .debug_frame   0x00000cc8      0x144 Drivers\STM32F1xx_HAL_Driver\Src\stm32f1xx_hal_dma.o
 .debug_frame   0x00000e0c      0x124 Drivers\STM32F1xx_HAL_Driver\Src\stm32f1xx_hal_flash.o
 .debug_frame   0x00000f30       0xe0 Drivers\STM32F1xx_HAL_Driver\Src\stm32f1xx_hal_flash_ex.o
 .debug_frame   0x00001010      0x100 Drivers\STM32F1xx_HAL_Driver\Src\stm32f1xx_hal_gpio.o
 .debug_frame   0x00001110       0x3c Drivers\STM32F1xx_HAL_Driver\Src\stm32f1xx_hal_iwdg.o
 .debug_frame   0x0000114c      0x164 Drivers\STM32F1xx_HAL_Driver\Src\stm32f1xx_hal_pwr.o
 .debug_frame   0x000012b0      0x168 Drivers\STM32F1xx_HAL_Driver\Src\stm32f1xx_hal_rcc.o
 .debug_frame   0x00001418       0x6c Drivers\STM32F1xx_HAL_Driver\Src\stm32f1xx_hal_rcc_ex.o
 .debug_frame   0x00001484      0x9ac Drivers\STM32F1xx_HAL_Driver\Src\stm32f1xx_hal_tim.o
 .debug_frame   0x00001e30      0x3c4 Drivers\STM32F1xx_HAL_Driver\Src\stm32f1xx_hal_tim_ex.o
 .debug_frame   0x000021f4      0x4b8 Drivers\STM32F1xx_HAL_Driver\Src\stm32f1xx_hal_uart.o
 .debug_frame   0x000026ac       0x2c c:/truestudio for stm32 9.2.0/armtools/bin/../lib/gcc/arm-atollic-eabi/6.3.1/../../../../arm-atollic-eabi/lib/armv7-m\libc_nano.a(lib_a-init.o)
 .debug_frame   0x000026d8       0x20 c:/truestudio for stm32 9.2.0/armtools/bin/../lib/gcc/arm-atollic-eabi/6.3.1/../../../../arm-atollic-eabi/lib/armv7-m\libc_nano.a(lib_a-memset.o)
