Archive member included to satisfy reference by file (symbol)

c:/truestudio for stm32 9.2.0/armtools/bin/../lib/gcc/arm-atollic-eabi/6.3.1/../../../../arm-atollic-eabi/lib/armv7-m\libc_nano.a(lib_a-init.o)
                              startup\startup_stm32f103xb.o (__libc_init_array)
c:/truestudio for stm32 9.2.0/armtools/bin/../lib/gcc/arm-atollic-eabi/6.3.1/../../../../arm-atollic-eabi/lib/armv7-m\libc_nano.a(lib_a-memset.o)
                              Core\Src\adc.o (memset)
c:/truestudio for stm32 9.2.0/armtools/bin/../lib/gcc/arm-atollic-eabi/6.3.1/../../../../arm-atollic-eabi/lib/armv7-m\libc_nano.a(lib_a-sprintf.o)
                              Core\Src\digiTOS-Lib\digiTOS-Core.o (sprintf)
c:/truestudio for stm32 9.2.0/armtools/bin/../lib/gcc/arm-atollic-eabi/6.3.1/../../../../arm-atollic-eabi/lib/armv7-m\libc_nano.a(lib_a-strcat.o)
                              Core\Src\digiTOS-Lib\digiTOS-Core.o (strcat)
c:/truestudio for stm32 9.2.0/armtools/bin/../lib/gcc/arm-atollic-eabi/6.3.1/../../../../arm-atollic-eabi/lib/armv7-m\libc_nano.a(lib_a-strcpy.o)
                              Core\Src\digiTOS-Lib\digiTOS-Core.o (strcpy)
c:/truestudio for stm32 9.2.0/armtools/bin/../lib/gcc/arm-atollic-eabi/6.3.1/../../../../arm-atollic-eabi/lib/armv7-m\libc_nano.a(lib_a-impure.o)
                              c:/truestudio for stm32 9.2.0/armtools/bin/../lib/gcc/arm-atollic-eabi/6.3.1/../../../../arm-atollic-eabi/lib/armv7-m\libc_nano.a(lib_a-sprintf.o) (_impure_ptr)
c:/truestudio for stm32 9.2.0/armtools/bin/../lib/gcc/arm-atollic-eabi/6.3.1/../../../../arm-atollic-eabi/lib/armv7-m\libc_nano.a(lib_a-nano-svfprintf.o)
                              c:/truestudio for stm32 9.2.0/armtools/bin/../lib/gcc/arm-atollic-eabi/6.3.1/../../../../arm-atollic-eabi/lib/armv7-m\libc_nano.a(lib_a-sprintf.o) (_svfprintf_r)
c:/truestudio for stm32 9.2.0/armtools/bin/../lib/gcc/arm-atollic-eabi/6.3.1/../../../../arm-atollic-eabi/lib/armv7-m\libc_nano.a(lib_a-nano-vfprintf_i.o)
                              c:/truestudio for stm32 9.2.0/armtools/bin/../lib/gcc/arm-atollic-eabi/6.3.1/../../../../arm-atollic-eabi/lib/armv7-m\libc_nano.a(lib_a-nano-svfprintf.o) (_printf_i)
c:/truestudio for stm32 9.2.0/armtools/bin/../lib/gcc/arm-atollic-eabi/6.3.1/../../../../arm-atollic-eabi/lib/armv7-m\libc_nano.a(lib_a-memchr-stub.o)
                              c:/truestudio for stm32 9.2.0/armtools/bin/../lib/gcc/arm-atollic-eabi/6.3.1/../../../../arm-atollic-eabi/lib/armv7-m\libc_nano.a(lib_a-nano-svfprintf.o) (memchr)
c:/truestudio for stm32 9.2.0/armtools/bin/../lib/gcc/arm-atollic-eabi/6.3.1/../../../../arm-atollic-eabi/lib/armv7-m\libc_nano.a(lib_a-memcpy-stub.o)
                              c:/truestudio for stm32 9.2.0/armtools/bin/../lib/gcc/arm-atollic-eabi/6.3.1/../../../../arm-atollic-eabi/lib/armv7-m\libc_nano.a(lib_a-nano-svfprintf.o) (memcpy)
c:/truestudio for stm32 9.2.0/armtools/bin/../lib/gcc/arm-atollic-eabi/6.3.1/../../../../arm-atollic-eabi/lib/armv7-m\libc_nano.a(lib_a-memmove.o)
                              c:/truestudio for stm32 9.2.0/armtools/bin/../lib/gcc/arm-atollic-eabi/6.3.1/../../../../arm-atollic-eabi/lib/armv7-m\libc_nano.a(lib_a-nano-svfprintf.o) (memmove)
c:/truestudio for stm32 9.2.0/armtools/bin/../lib/gcc/arm-atollic-eabi/6.3.1/../../../../arm-atollic-eabi/lib/armv7-m\libc_nano.a(lib_a-nano-freer.o)
                              c:/truestudio for stm32 9.2.0/armtools/bin/../lib/gcc/arm-atollic-eabi/6.3.1/../../../../arm-atollic-eabi/lib/armv7-m\libc_nano.a(lib_a-nano-svfprintf.o) (_free_r)
c:/truestudio for stm32 9.2.0/armtools/bin/../lib/gcc/arm-atollic-eabi/6.3.1/../../../../arm-atollic-eabi/lib/armv7-m\libc_nano.a(lib_a-nano-mallocr.o)
                              c:/truestudio for stm32 9.2.0/armtools/bin/../lib/gcc/arm-atollic-eabi/6.3.1/../../../../arm-atollic-eabi/lib/armv7-m\libc_nano.a(lib_a-nano-svfprintf.o) (_malloc_r)
c:/truestudio for stm32 9.2.0/armtools/bin/../lib/gcc/arm-atollic-eabi/6.3.1/../../../../arm-atollic-eabi/lib/armv7-m\libc_nano.a(lib_a-nano-reallocr.o)
                              c:/truestudio for stm32 9.2.0/armtools/bin/../lib/gcc/arm-atollic-eabi/6.3.1/../../../../arm-atollic-eabi/lib/armv7-m\libc_nano.a(lib_a-nano-svfprintf.o) (_realloc_r)
c:/truestudio for stm32 9.2.0/armtools/bin/../lib/gcc/arm-atollic-eabi/6.3.1/../../../../arm-atollic-eabi/lib/armv7-m\libc_nano.a(lib_a-sbrkr.o)
                              c:/truestudio for stm32 9.2.0/armtools/bin/../lib/gcc/arm-atollic-eabi/6.3.1/../../../../arm-atollic-eabi/lib/armv7-m\libc_nano.a(lib_a-nano-mallocr.o) (_sbrk_r)
c:/truestudio for stm32 9.2.0/armtools/bin/../lib/gcc/arm-atollic-eabi/6.3.1/../../../../arm-atollic-eabi/lib/armv7-m\libc_nano.a(lib_a-mlock.o)
                              c:/truestudio for stm32 9.2.0/armtools/bin/../lib/gcc/arm-atollic-eabi/6.3.1/../../../../arm-atollic-eabi/lib/armv7-m\libc_nano.a(lib_a-nano-freer.o) (__malloc_lock)
[...]
Memory Configuration

Name             Origin             Length             Attributes
RAM              0x20000000         0x00005000         xrw
FLASH            0x08000000         0x00010000         xr
*default*        0x00000000         0xffffffff

Linker script and memory map

LOAD c:/truestudio for stm32 9.2.0/armtools/bin/../lib/gcc/arm-atollic-eabi/6.3.1/armv7-m/crti.o
LOAD c:/truestudio for stm32 9.2.0/armtools/bin/../lib/gcc/arm-atollic-eabi/6.3.1/armv7-m/crtbegin.o
LOAD Core\Src\adc.o
LOAD Core\Src\crc.o
LOAD Core\Src\digiTOS-Lib\digiTOS-ADC.o
LOAD Core\Src\digiTOS-Lib\digiTOS-Configuration.o
LOAD Core\Src\digiTOS-Lib\digiTOS-Core.o
LOAD Core\Src\digiTOS-Lib\digiTOS-Generator.o
LOAD Core\Src\digiTOS-Lib\digiTOS-IWDG.o
LOAD Core\Src\digiTOS-Lib\digiTOS-Sinus.o
LOAD Core\Src\digiTOS-Lib\eeprom.o
LOAD Core\Src\digiTOS-Lib\stm32f0xx_hal_buttons.o
LOAD Core\Src\dma.o
LOAD Core\Src\gpio.o
LOAD Core\Src\iwdg.o
LOAD Core\Src\main.o
LOAD Core\Src\stm32f1xx_hal_msp.o
LOAD Core\Src\stm32f1xx_it.o
LOAD Core\Src\system_stm32f1xx.o
LOAD Core\Src\tim.o
LOAD Core\Src\usart.o
LOAD Drivers\STM32F1xx_HAL_Driver\Src\stm32f1xx_hal.o
LOAD Drivers\STM32F1xx_HAL_Driver\Src\stm32f1xx_hal_adc.o
LOAD Drivers\STM32F1xx_HAL_Driver\Src\stm32f1xx_hal_adc_ex.o
LOAD Drivers\STM32F1xx_HAL_Driver\Src\stm32f1xx_hal_cortex.o
LOAD Drivers\STM32F1xx_HAL_Driver\Src\stm32f1xx_hal_crc.o
LOAD Drivers\STM32F1xx_HAL_Driver\Src\stm32f1xx_hal_dma.o
LOAD Drivers\STM32F1xx_HAL_Driver\Src\stm32f1xx_hal_flash.o
LOAD Drivers\STM32F1xx_HAL_Driver\Src\stm32f1xx_hal_flash_ex.o
LOAD Drivers\STM32F1xx_HAL_Driver\Src\stm32f1xx_hal_gpio.o
LOAD Drivers\STM32F1xx_HAL_Driver\Src\stm32f1xx_hal_gpio_ex.o
LOAD Drivers\STM32F1xx_HAL_Driver\Src\stm32f1xx_hal_iwdg.o
LOAD Drivers\STM32F1xx_HAL_Driver\Src\stm32f1xx_hal_pwr.o
LOAD Drivers\STM32F1xx_HAL_Driver\Src\stm32f1xx_hal_rcc.o
LOAD Drivers\STM32F1xx_HAL_Driver\Src\stm32f1xx_hal_rcc_ex.o
LOAD Drivers\STM32F1xx_HAL_Driver\Src\stm32f1xx_hal_tim.o
LOAD Drivers\STM32F1xx_HAL_Driver\Src\stm32f1xx_hal_tim_ex.o
LOAD Drivers\STM32F1xx_HAL_Driver\Src\stm32f1xx_hal_uart.o
LOAD startup\startup_stm32f103xb.o
                0x00000080                malloc_getpagesize_P = 0x80
START GROUP
LOAD c:/truestudio for stm32 9.2.0/armtools/bin/../lib/gcc/arm-atollic-eabi/6.3.1/../../../../arm-atollic-eabi/lib/armv7-m\libc_nano.a
LOAD c:/truestudio for stm32 9.2.0/armtools/bin/../lib/gcc/arm-atollic-eabi/6.3.1/../../../../arm-atollic-eabi/lib/armv7-m\libm.a
END GROUP
START GROUP
LOAD c:/truestudio for stm32 9.2.0/armtools/bin/../lib/gcc/arm-atollic-eabi/6.3.1/armv7-m\libgcc.a
LOAD c:/truestudio for stm32 9.2.0/armtools/bin/../lib/gcc/arm-atollic-eabi/6.3.1/../../../../arm-atollic-eabi/lib/armv7-m\libc_nano.a
END GROUP
START GROUP
LOAD c:/truestudio for stm32 9.2.0/armtools/bin/../lib/gcc/arm-atollic-eabi/6.3.1/armv7-m\libgcc.a
LOAD c:/truestudio for stm32 9.2.0/armtools/bin/../lib/gcc/arm-atollic-eabi/6.3.1/../../../../arm-atollic-eabi/lib/armv7-m\libc_nano.a
LOAD c:/truestudio for stm32 9.2.0/armtools/bin/../lib/gcc/arm-atollic-eabi/6.3.1/../../../../arm-atollic-eabi/lib/armv7-m\libnosys.a
END GROUP
START GROUP
LOAD c:/truestudio for stm32 9.2.0/armtools/bin/../lib/gcc/arm-atollic-eabi/6.3.1/armv7-m\libgcc.a
LOAD c:/truestudio for stm32 9.2.0/armtools/bin/../lib/gcc/arm-atollic-eabi/6.3.1/../../../../arm-atollic-eabi/lib/armv7-m\libc_nano.a
LOAD c:/truestudio for stm32 9.2.0/armtools/bin/../lib/gcc/arm-atollic-eabi/6.3.1/../../../../arm-atollic-eabi/lib/armv7-m\libnosys.a
END GROUP
LOAD c:/truestudio for stm32 9.2.0/armtools/bin/../lib/gcc/arm-atollic-eabi/6.3.1/armv7-m/crtend.o
LOAD c:/truestudio for stm32 9.2.0/armtools/bin/../lib/gcc/arm-atollic-eabi/6.3.1/armv7-m/crtn.o
                0x20005000                _estack = 0x20005000
                0x00000200                _Min_Heap_Size = 0x200
                0x00000400                _Min_Stack_Size = 0x400

.isr_vector     0x08000000      0x10c
                0x08000000                . = ALIGN (0x4)
 *(.isr_vector)
 .isr_vector    0x08000000      0x10c startup\startup_stm32f103xb.o
                0x08000000                g_pfnVectors
                0x0800010c                . = ALIGN (0x4)

.text           0x0800010c     0x6330
                0x0800010c                . = ALIGN (0x4)
 *(.text)
 .text          0x0800010c       0x40 c:/truestudio for stm32 9.2.0/armtools/bin/../lib/gcc/arm-atollic-eabi/6.3.1/armv7-m/crtbegin.o
 .text          0x0800014c       0x18 c:/truestudio for stm32 9.2.0/armtools/bin/../lib/gcc/arm-atollic-eabi/6.3.1/armv7-m\libgcc.a(_lshrdi3.o)
                0x0800014c                __lshrdi3
                0x0800014c                __aeabi_llsr
 .text          0x08000164      0x21c c:/truestudio for stm32 9.2.0/armtools/bin/../lib/gcc/arm-atollic-eabi/6.3.1/armv7-m\libgcc.a(_arm_addsubsf3.o)
                0x08000164                __aeabi_frsub
                0x0800016c                __subsf3
                0x0800016c                __aeabi_fsub
                0x08000170                __aeabi_fadd
                0x08000170                __addsf3
                0x080002d0                __aeabi_ui2f
                0x080002d0                __floatunsisf
                0x080002d8                __aeabi_i2f
                0x080002d8                __floatsisf
                0x080002f4                __aeabi_ul2f
                0x080002f4                __floatundisf
                0x08000304                __aeabi_l2f
                0x08000304                __floatdisf
 .text          0x08000380      0x2a0 c:/truestudio for stm32 9.2.0/armtools/bin/../lib/gcc/arm-atollic-eabi/6.3.1/armv7-m\libgcc.a(_arm_muldivsf3.o)
                0x08000380                __mulsf3
                0x08000380                __aeabi_fmul
                0x080004e8                __aeabi_fdiv
                0x080004e8                __divsf3
 .text          0x08000620       0xec c:/truestudio for stm32 9.2.0/armtools/bin/../lib/gcc/arm-atollic-eabi/6.3.1/armv7-m\libgcc.a(_arm_cmpsf2.o)
                0x08000620                __gesf2
                0x08000620                __gtsf2
                0x08000628                __lesf2
                0x08000628                __ltsf2
                0x08000630                __nesf2
                0x08000630                __eqsf2
                0x08000630                __cmpsf2
                0x08000690                __aeabi_cfrcmple
                0x08000698                __aeabi_cfcmpeq
                0x08000698                __aeabi_cfcmple
                0x080006a8                __aeabi_fcmpeq
                0x080006bc                __aeabi_fcmplt
                0x080006d0                __aeabi_fcmple
                0x080006e4                __aeabi_fcmpge
                0x080006f8                __aeabi_fcmpgt
 .text          0x0800070c       0x40 c:/truestudio for stm32 9.2.0/armtools/bin/../lib/gcc/arm-atollic-eabi/6.3.1/armv7-m\libgcc.a(_arm_fixunssfsi.o)
                0x0800070c                __fixunssfsi
                0x0800070c                __aeabi_f2uiz
 *(.text*)
 .text.MX_ADC1_Init
                0x0800074c       0x80 Core\Src\adc.o
                0x0800074c                MX_ADC1_Init
 .text.HAL_ADC_MspInit
                0x080007cc       0xac Core\Src\adc.o
                0x080007cc                HAL_ADC_MspInit
 .text.MX_CRC_Init
                0x08000878       0x20 Core\Src\crc.o
                0x08000878                MX_CRC_Init
 .text.HAL_CRC_MspInit
                0x08000898       0x28 Core\Src\crc.o
                0x08000898                HAL_CRC_MspInit
 .text.StartADC
                0x080008c0       0x14 Core\Src\digiTOS-Lib\digiTOS-ADC.o
                0x080008c0                StartADC
 .text.ResetV_data
                0x080008d4       0x70 Core\Src\digiTOS-Lib\digiTOS-ADC.o
                0x080008d4                ResetV_data
 .text.CalcNewAmp
                0x08000944       0x68 Core\Src\digiTOS-Lib\digiTOS-ADC.o
                0x08000944                CalcNewAmp
 .text.CalcNewAmpByStep
                0x080009ac       0x4c Core\Src\digiTOS-Lib\digiTOS-ADC.o
                0x080009ac                CalcNewAmpByStep
 .text.asqrt    0x080009f8       0x2e Core\Src\digiTOS-Lib\digiTOS-ADC.o
                0x080009f8                asqrt
 *fill*         0x08000a26        0x2 
 .text.CalcAc_I_ByWave
                0x08000a28       0x44 Core\Src\digiTOS-Lib\digiTOS-ADC.o
                0x08000a28                CalcAc_I_ByWave
 .text.CalcAc_V_ByWave
                0x08000a6c       0x44 Core\Src\digiTOS-Lib\digiTOS-ADC.o
                0x08000a6c                CalcAc_V_ByWave
 .text.CalcDC_Average
                0x08000ab0       0x20 Core\Src\digiTOS-Lib\digiTOS-ADC.o
                0x08000ab0                CalcDC_Average
 .text.ReadTempValue
                0x08000ad0       0xd8 Core\Src\digiTOS-Lib\digiTOS-ADC.o
                0x08000ad0                ReadTempValue
 .text.UpdateAmplitudeByV
                0x08000ba8      0x1c0 Core\Src\digiTOS-Lib\digiTOS-ADC.o
                0x08000ba8                UpdateAmplitudeByV
 .text.CheckV_Feedback
                0x08000d68       0xf4 Core\Src\digiTOS-Lib\digiTOS-ADC.o
                0x08000d68                CheckV_Feedback
 .text.TM_CRC_Calculate8
                0x08000e5c       0x3c Core\Src\digiTOS-Lib\digiTOS-Core.o
                0x08000e5c                TM_CRC_Calculate8
 .text.TM_CRC_Calculate32
                0x08000e98       0x24 Core\Src\digiTOS-Lib\digiTOS-Core.o
                0x08000e98                TM_CRC_Calculate32
 .text.AddUART_CRC
                0x08000ebc       0x3c Core\Src\digiTOS-Lib\digiTOS-Core.o
                0x08000ebc                AddUART_CRC
 .text.ClearUART_Buff
                0x08000ef8       0x10 Core\Src\digiTOS-Lib\digiTOS-Core.o
                0x08000ef8                ClearUART_Buff
 .text.Get_ChipID
                0x08000f08       0x38 Core\Src\digiTOS-Lib\digiTOS-Core.o
                0x08000f08                Get_ChipID
 .text.Get_FlashSize
                0x08000f40       0x28 Core\Src\digiTOS-Lib\digiTOS-Core.o
                0x08000f40                Get_FlashSize
 .text.Get_Version
                0x08000f68       0x2c Core\Src\digiTOS-Lib\digiTOS-Core.o
                0x08000f68                Get_Version
 .text.WaitForUART_TX
                0x08000f94       0x10 Core\Src\digiTOS-Lib\digiTOS-Core.o
                0x08000f94                WaitForUART_TX
 .text.SerialPrintln
                0x08000fa4       0x34 Core\Src\digiTOS-Lib\digiTOS-Core.o
                0x08000fa4                SerialPrintln
 .text.HAL_UART_TxCpltCallback
                0x08000fd8       0x1c Core\Src\digiTOS-Lib\digiTOS-Core.o
                0x08000fd8                HAL_UART_TxCpltCallback
 .text.ResetWDG
                0x08000ff4        0xc Core\Src\digiTOS-Lib\digiTOS-Core.o
                0x08000ff4                ResetWDG
 .text.PrintCurrentState
                0x08001000      0x128 Core\Src\digiTOS-Lib\digiTOS-Core.o
                0x08001000                PrintCurrentState
 .text.ResetEEPROM
                0x08001128       0x18 Core\Src\digiTOS-Lib\digiTOS-Core.o
                0x08001128                ResetEEPROM
 .text.CALC_RATIO
                0x08001140       0x38 Core\Src\digiTOS-Lib\digiTOS-Core.o
                0x08001140                CALC_RATIO
 .text.USE_DEF_CALIB
                0x08001178       0x14 Core\Src\digiTOS-Lib\digiTOS-Core.o
                0x08001178                USE_DEF_CALIB
 .text.USE_NEW_CALIB
                0x0800118c       0x14 Core\Src\digiTOS-Lib\digiTOS-Core.o
                0x0800118c                USE_NEW_CALIB
 .text.StoreEEPROM
                0x080011a0       0x48 Core\Src\digiTOS-Lib\digiTOS-Core.o
                0x080011a0                StoreEEPROM
 .text.InitEEPROM
                0x080011e8       0x58 Core\Src\digiTOS-Lib\digiTOS-Core.o
                0x080011e8                InitEEPROM
 .text.CalibSave
                0x08001240       0x38 Core\Src\digiTOS-Lib\digiTOS-Core.o
                0x08001240                CalibSave
 .text.CalibCmdCheck
                0x08001278       0xa0 Core\Src\digiTOS-Lib\digiTOS-Core.o
                0x08001278                CalibCmdCheck
 .text.Set50HzDeadTimeNS
                0x08001318       0x40 Core\Src\digiTOS-Lib\digiTOS-Generator.o
                0x08001318                Set50HzDeadTimeNS
 .text.SetNormalSignal
                0x08001358       0x18 Core\Src\digiTOS-Lib\digiTOS-Generator.o
                0x08001358                SetNormalSignal
 .text.Idle_SET
                0x08001370       0x18 Core\Src\digiTOS-Lib\digiTOS-Generator.o
                0x08001370                Idle_SET
 .text.PWM_50Hz_Init
                0x08001388       0x54 Core\Src\digiTOS-Lib\digiTOS-Generator.o
                0x08001388                PWM_50Hz_Init
 .text.PWM_50Hz_START
                0x080013dc       0x60 Core\Src\digiTOS-Lib\digiTOS-Generator.o
                0x080013dc                PWM_50Hz_START
 .text.PWM_50Hz_STOP
                0x0800143c       0x5c Core\Src\digiTOS-Lib\digiTOS-Generator.o
                0x0800143c                PWM_50Hz_STOP
 .text.PWM_50Hz_OUTEN
                0x08001498       0x10 Core\Src\digiTOS-Lib\digiTOS-Generator.o
                0x08001498                PWM_50Hz_OUTEN
 .text.PWM_50Hz_OUTDIS
                0x080014a8       0x18 Core\Src\digiTOS-Lib\digiTOS-Generator.o
                0x080014a8                PWM_50Hz_OUTDIS
 .text.PWM_50Hz_ON
                0x080014c0        0xe Core\Src\digiTOS-Lib\digiTOS-Generator.o
                0x080014c0                PWM_50Hz_ON
 .text.PWM_50Hz_OFF
                0x080014ce        0xe Core\Src\digiTOS-Lib\digiTOS-Generator.o
                0x080014ce                PWM_50Hz_OFF
 .text.PWM_Sinus_START
                0x080014dc       0x34 Core\Src\digiTOS-Lib\digiTOS-Generator.o
                0x080014dc                PWM_Sinus_START
 .text.PWM_Sinus_STOP
                0x08001510       0x44 Core\Src\digiTOS-Lib\digiTOS-Generator.o
                0x08001510                PWM_Sinus_STOP
 .text.PWM_Sinus_OUTEN
                0x08001554       0x10 Core\Src\digiTOS-Lib\digiTOS-Generator.o
                0x08001554                PWM_Sinus_OUTEN
 .text.PWM_Sinus_OUTDIS
                0x08001564       0x18 Core\Src\digiTOS-Lib\digiTOS-Generator.o
                0x08001564                PWM_Sinus_OUTDIS
 .text.PWM_Sinus_ON
                0x0800157c        0xe Core\Src\digiTOS-Lib\digiTOS-Generator.o
                0x0800157c                PWM_Sinus_ON
 .text.PWM_Sinus_OFF
                0x0800158a        0xe Core\Src\digiTOS-Lib\digiTOS-Generator.o
                0x0800158a                PWM_Sinus_OFF
 .text.PWM_Sinus_Init
                0x08001598       0x70 Core\Src\digiTOS-Lib\digiTOS-Generator.o
                0x08001598                PWM_Sinus_Init
 .text.DigiTOS_IWDG_Init
                0x08001608       0xb4 Core\Src\digiTOS-Lib\digiTOS-IWDG.o
                0x08001608                DigiTOS_IWDG_Init
 .text.SetSoftstart
                0x080016bc       0x28 Core\Src\digiTOS-Lib\digiTOS-Sinus.o
                0x080016bc                SetSoftstart
 .text.ResetAmplitude
                0x080016e4       0x24 Core\Src\digiTOS-Lib\digiTOS-Sinus.o
                0x080016e4                ResetAmplitude
 .text.GetApmlitude
                0x08001708       0x4c Core\Src\digiTOS-Lib\digiTOS-Sinus.o
                0x08001708                GetApmlitude
 .text.GetSinus
                0x08001754       0x5c Core\Src\digiTOS-Lib\digiTOS-Sinus.o
                0x08001754                GetSinus
 .text.EE_Format
                0x080017b0       0x3c Core\Src\digiTOS-Lib\eeprom.o
                0x080017b0                EE_Format
 .text.EE_Read  0x080017ec       0x1a Core\Src\digiTOS-Lib\eeprom.o
                0x080017ec                EE_Read
 .text.EE_Reads
                0x08001806       0x26 Core\Src\digiTOS-Lib\eeprom.o
                0x08001806                EE_Reads
 .text.EE_Write
                0x0800182c       0x98 Core\Src\digiTOS-Lib\eeprom.o
                0x0800182c                EE_Write
 .text.buttonInit
                0x080018c4       0x20 Core\Src\digiTOS-Lib\stm32f0xx_hal_buttons.o
                0x080018c4                buttonInit
 .text._button_state
                0x080018e4       0x16 Core\Src\digiTOS-Lib\stm32f0xx_hal_buttons.o
                0x080018e4                _button_state
 .text.buttonUpdate
                0x080018fa       0x82 Core\Src\digiTOS-Lib\stm32f0xx_hal_buttons.o
                0x080018fa                buttonUpdate
 .text.MX_DMA_Init
                0x0800197c       0x40 Core\Src\dma.o
                0x0800197c                MX_DMA_Init
 .text.MX_GPIO_Init
                0x080019bc       0xec Core\Src\gpio.o
                0x080019bc                MX_GPIO_Init
 .text.MX_IWDG_Init
                0x08001aa8       0x28 Core\Src\iwdg.o
                0x08001aa8                MX_IWDG_Init
 .text.HAL_ADC_ConvCpltCallback
                0x08001ad0        0x4 Core\Src\main.o
                0x08001ad0                HAL_ADC_ConvCpltCallback
 .text.SystemClock_Config
                0x08001ad4       0x74 Core\Src\main.o
                0x08001ad4                SystemClock_Config
 .text.startup.main
                0x08001b48      0x3bc Core\Src\main.o
                0x08001b48                main
 .text.Error_Handler
                0x08001f04        0x2 Core\Src\main.o
                0x08001f04                Error_Handler
 .text.assert_failed
                0x08001f06        0x2 Core\Src\main.o
                0x08001f06                assert_failed
 .text.HAL_MspInit
                0x08001f08       0x7c Core\Src\stm32f1xx_hal_msp.o
                0x08001f08                HAL_MspInit
 .text.NMI_Handler
                0x08001f84        0x2 Core\Src\stm32f1xx_it.o
                0x08001f84                NMI_Handler
 .text.HardFault_Handler
                0x08001f86        0x2 Core\Src\stm32f1xx_it.o
                0x08001f86                HardFault_Handler
 .text.MemManage_Handler
                0x08001f88        0x2 Core\Src\stm32f1xx_it.o
                0x08001f88                MemManage_Handler
 .text.BusFault_Handler
                0x08001f8a        0x2 Core\Src\stm32f1xx_it.o
                0x08001f8a                BusFault_Handler
 .text.UsageFault_Handler
                0x08001f8c        0x2 Core\Src\stm32f1xx_it.o
                0x08001f8c                UsageFault_Handler
 .text.SVC_Handler
                0x08001f8e        0x2 Core\Src\stm32f1xx_it.o
                0x08001f8e                SVC_Handler
 .text.DebugMon_Handler
                0x08001f90        0x2 Core\Src\stm32f1xx_it.o
                0x08001f90                DebugMon_Handler
 .text.PendSV_Handler
                0x08001f92        0x2 Core\Src\stm32f1xx_it.o
                0x08001f92                PendSV_Handler
 .text.SysTick_Handler
                0x08001f94        0x4 Core\Src\stm32f1xx_it.o
                0x08001f94                SysTick_Handler
 .text.PVD_IRQHandler
                0x08001f98        0x4 Core\Src\stm32f1xx_it.o
                0x08001f98                PVD_IRQHandler
 .text.FLASH_IRQHandler
                0x08001f9c        0x4 Core\Src\stm32f1xx_it.o
                0x08001f9c                FLASH_IRQHandler
 .text.RCC_IRQHandler
                0x08001fa0        0x2 Core\Src\stm32f1xx_it.o
                0x08001fa0                RCC_IRQHandler
 *fill*         0x08001fa2        0x2 
 .text.DMA1_Channel1_IRQHandler
                0x08001fa4        0xc Core\Src\stm32f1xx_it.o
                0x08001fa4                DMA1_Channel1_IRQHandler
 .text.DMA1_Channel4_IRQHandler
                0x08001fb0        0xc Core\Src\stm32f1xx_it.o
                0x08001fb0                DMA1_Channel4_IRQHandler
 .text.ADC1_2_IRQHandler
                0x08001fbc        0xc Core\Src\stm32f1xx_it.o
                0x08001fbc                ADC1_2_IRQHandler
 .text.TIM1_BRK_IRQHandler
                0x08001fc8       0x40 Core\Src\stm32f1xx_it.o
                0x08001fc8                TIM1_BRK_IRQHandler
 .text.TIM1_UP_IRQHandler
                0x08002008       0x44 Core\Src\stm32f1xx_it.o
                0x08002008                TIM1_UP_IRQHandler
 .text.TIM2_IRQHandler
                0x0800204c      0x1e8 Core\Src\stm32f1xx_it.o
                0x0800204c                TIM2_IRQHandler
 .text.TIM3_IRQHandler
                0x08002234       0xf4 Core\Src\stm32f1xx_it.o
                0x08002234                TIM3_IRQHandler
 .text.TIM4_IRQHandler
                0x08002328      0x108 Core\Src\stm32f1xx_it.o
                0x08002328                TIM4_IRQHandler
 .text.USART1_IRQHandler
                0x08002430        0xc Core\Src\stm32f1xx_it.o
                0x08002430                USART1_IRQHandler
 .text.SystemInit
                0x0800243c       0x4c Core\Src\system_stm32f1xx.o
                0x0800243c                SystemInit
 .text.MX_TIM2_Init
                0x08002488       0x6c Core\Src\tim.o
                0x08002488                MX_TIM2_Init
 .text.MX_TIM4_Init
                0x080024f4       0x68 Core\Src\tim.o
                0x080024f4                MX_TIM4_Init
 .text.HAL_TIM_Base_MspInit
                0x0800255c       0xd0 Core\Src\tim.o
                0x0800255c                HAL_TIM_Base_MspInit
 .text.HAL_TIM_MspPostInit
                0x0800262c       0xc4 Core\Src\tim.o
                0x0800262c                HAL_TIM_MspPostInit
 .text.MX_TIM1_Init
                0x080026f0       0xe0 Core\Src\tim.o
                0x080026f0                MX_TIM1_Init
 .text.MX_TIM3_Init
                0x080027d0       0xb0 Core\Src\tim.o
                0x080027d0                MX_TIM3_Init
 .text.MX_USART1_UART_Init
                0x08002880       0x38 Core\Src\usart.o
                0x08002880                MX_USART1_UART_Init
 .text.HAL_UART_MspInit
                0x080028b8       0xcc Core\Src\usart.o
                0x080028b8                HAL_UART_MspInit
 .text.HAL_InitTick
                0x08002984       0x48 Drivers\STM32F1xx_HAL_Driver\Src\stm32f1xx_hal.o
                0x08002984                HAL_InitTick
 .text.HAL_Init
                0x080029cc       0x24 Drivers\STM32F1xx_HAL_Driver\Src\stm32f1xx_hal.o
                0x080029cc                HAL_Init
 .text.HAL_IncTick
                0x080029f0       0x18 Drivers\STM32F1xx_HAL_Driver\Src\stm32f1xx_hal.o
                0x080029f0                HAL_IncTick
 .text.HAL_GetTick
                0x08002a08        0xc Drivers\STM32F1xx_HAL_Driver\Src\stm32f1xx_hal.o
                0x08002a08                HAL_GetTick
 .text.HAL_Delay
                0x08002a14       0x24 Drivers\STM32F1xx_HAL_Driver\Src\stm32f1xx_hal.o
                0x08002a14                HAL_Delay
 .text.ADC_DMAConvCplt
                0x08002a38       0x4e Drivers\STM32F1xx_HAL_Driver\Src\stm32f1xx_hal_adc.o
                0x08002a38                ADC_DMAConvCplt
 .text.HAL_ADC_ConvHalfCpltCallback
                0x08002a86        0x2 Drivers\STM32F1xx_HAL_Driver\Src\stm32f1xx_hal_adc.o
                0x08002a86                HAL_ADC_ConvHalfCpltCallback
 .text.ADC_DMAHalfConvCplt
                0x08002a88        0xa Drivers\STM32F1xx_HAL_Driver\Src\stm32f1xx_hal_adc.o
                0x08002a88                ADC_DMAHalfConvCplt
 .text.HAL_ADC_LevelOutOfWindowCallback
                0x08002a92        0x2 Drivers\STM32F1xx_HAL_Driver\Src\stm32f1xx_hal_adc.o
                0x08002a92                HAL_ADC_LevelOutOfWindowCallback
 .text.HAL_ADC_IRQHandler
                0x08002a94      0x130 Drivers\STM32F1xx_HAL_Driver\Src\stm32f1xx_hal_adc.o
                0x08002a94                HAL_ADC_IRQHandler
 .text.HAL_ADC_ErrorCallback
                0x08002bc4        0x2 Drivers\STM32F1xx_HAL_Driver\Src\stm32f1xx_hal_adc.o
                0x08002bc4                HAL_ADC_ErrorCallback
 .text.ADC_DMAError
                0x08002bc6       0x1a Drivers\STM32F1xx_HAL_Driver\Src\stm32f1xx_hal_adc.o
                0x08002bc6                ADC_DMAError
 .text.HAL_ADC_ConfigChannel
                0x08002be0      0x15c Drivers\STM32F1xx_HAL_Driver\Src\stm32f1xx_hal_adc.o
                0x08002be0                HAL_ADC_ConfigChannel
 .text.ADC_Enable
                0x08002d3c       0x70 Drivers\STM32F1xx_HAL_Driver\Src\stm32f1xx_hal_adc.o
                0x08002d3c                ADC_Enable
 .text.HAL_ADC_Start_DMA
                0x08002dac      0x120 Drivers\STM32F1xx_HAL_Driver\Src\stm32f1xx_hal_adc.o
                0x08002dac                HAL_ADC_Start_DMA
 .text.ADC_ConversionStop_Disable
                0x08002ecc       0x44 Drivers\STM32F1xx_HAL_Driver\Src\stm32f1xx_hal_adc.o
                0x08002ecc                ADC_ConversionStop_Disable
 .text.HAL_ADC_Init
                0x08002f10      0x1b8 Drivers\STM32F1xx_HAL_Driver\Src\stm32f1xx_hal_adc.o
                0x08002f10                HAL_ADC_Init
 .text.HAL_ADCEx_InjectedConvCpltCallback
                0x080030c8        0x2 Drivers\STM32F1xx_HAL_Driver\Src\stm32f1xx_hal_adc_ex.o
                0x080030c8                HAL_ADCEx_InjectedConvCpltCallback
 *fill*         0x080030ca        0x2 
 .text.HAL_NVIC_SetPriorityGrouping
                0x080030cc       0x3c Drivers\STM32F1xx_HAL_Driver\Src\stm32f1xx_hal_cortex.o
                0x080030cc                HAL_NVIC_SetPriorityGrouping
 .text.HAL_NVIC_SetPriority
                0x08003108       0x84 Drivers\STM32F1xx_HAL_Driver\Src\stm32f1xx_hal_cortex.o
                0x08003108                HAL_NVIC_SetPriority
 .text.HAL_NVIC_EnableIRQ
                0x0800318c       0x2c Drivers\STM32F1xx_HAL_Driver\Src\stm32f1xx_hal_cortex.o
                0x0800318c                HAL_NVIC_EnableIRQ
 .text.HAL_SYSTICK_Config
                0x080031b8       0x2c Drivers\STM32F1xx_HAL_Driver\Src\stm32f1xx_hal_cortex.o
                0x080031b8                HAL_SYSTICK_Config
 .text.HAL_CRC_Init
                0x080031e4       0x3c Drivers\STM32F1xx_HAL_Driver\Src\stm32f1xx_hal_crc.o
                0x080031e4                HAL_CRC_Init
 .text.HAL_DMA_Init
                0x08003220      0x120 Drivers\STM32F1xx_HAL_Driver\Src\stm32f1xx_hal_dma.o
                0x08003220                HAL_DMA_Init
 .text.HAL_DMA_Start_IT
                0x08003340       0xa8 Drivers\STM32F1xx_HAL_Driver\Src\stm32f1xx_hal_dma.o
                0x08003340                HAL_DMA_Start_IT
 .text.HAL_DMA_Abort_IT
                0x080033e8       0x90 Drivers\STM32F1xx_HAL_Driver\Src\stm32f1xx_hal_dma.o
                0x080033e8                HAL_DMA_Abort_IT
 .text.HAL_DMA_IRQHandler
                0x08003478      0x128 Drivers\STM32F1xx_HAL_Driver\Src\stm32f1xx_hal_dma.o
                0x08003478                HAL_DMA_IRQHandler
 .text.FLASH_SetErrorCode
                0x080035a0       0x50 Drivers\STM32F1xx_HAL_Driver\Src\stm32f1xx_hal_flash.o
 .text.HAL_FLASH_EndOfOperationCallback
                0x080035f0        0x2 Drivers\STM32F1xx_HAL_Driver\Src\stm32f1xx_hal_flash.o
                0x080035f0                HAL_FLASH_EndOfOperationCallback
 .text.HAL_FLASH_OperationErrorCallback
                0x080035f2        0x2 Drivers\STM32F1xx_HAL_Driver\Src\stm32f1xx_hal_flash.o
                0x080035f2                HAL_FLASH_OperationErrorCallback
 .text.HAL_FLASH_IRQHandler
                0x080035f4      0x114 Drivers\STM32F1xx_HAL_Driver\Src\stm32f1xx_hal_flash.o
                0x080035f4                HAL_FLASH_IRQHandler
 .text.HAL_FLASH_Unlock
                0x08003708       0x24 Drivers\STM32F1xx_HAL_Driver\Src\stm32f1xx_hal_flash.o
                0x08003708                HAL_FLASH_Unlock
 .text.HAL_FLASH_Lock
                0x0800372c       0x14 Drivers\STM32F1xx_HAL_Driver\Src\stm32f1xx_hal_flash.o
                0x0800372c                HAL_FLASH_Lock
 .text.FLASH_WaitForLastOperation
                0x08003740       0x54 Drivers\STM32F1xx_HAL_Driver\Src\stm32f1xx_hal_flash.o
                0x08003740                FLASH_WaitForLastOperation
 .text.HAL_FLASH_Program
                0x08003794       0xe4 Drivers\STM32F1xx_HAL_Driver\Src\stm32f1xx_hal_flash.o
                0x08003794                HAL_FLASH_Program
 .text.FLASH_PageErase
                0x08003878       0x24 Drivers\STM32F1xx_HAL_Driver\Src\stm32f1xx_hal_flash_ex.o
                0x08003878                FLASH_PageErase
 .text.HAL_FLASHEx_Erase
                0x0800389c      0x150 Drivers\STM32F1xx_HAL_Driver\Src\stm32f1xx_hal_flash_ex.o
                0x0800389c                HAL_FLASHEx_Erase
 .text.HAL_GPIO_Init
                0x080039ec      0x2d8 Drivers\STM32F1xx_HAL_Driver\Src\stm32f1xx_hal_gpio.o
                0x080039ec                HAL_GPIO_Init
 .text.HAL_GPIO_ReadPin
                0x08003cc4       0x24 Drivers\STM32F1xx_HAL_Driver\Src\stm32f1xx_hal_gpio.o
                0x08003cc4                HAL_GPIO_ReadPin
 .text.HAL_GPIO_WritePin
                0x08003ce8       0x34 Drivers\STM32F1xx_HAL_Driver\Src\stm32f1xx_hal_gpio.o
                0x08003ce8                HAL_GPIO_WritePin
 .text.HAL_GPIO_TogglePin
                0x08003d1c       0x20 Drivers\STM32F1xx_HAL_Driver\Src\stm32f1xx_hal_gpio.o
                0x08003d1c                HAL_GPIO_TogglePin
 .text.HAL_IWDG_Init
                0x08003d3c       0x7c Drivers\STM32F1xx_HAL_Driver\Src\stm32f1xx_hal_iwdg.o
                0x08003d3c                HAL_IWDG_Init
 .text.HAL_IWDG_Refresh
                0x08003db8        0xc Drivers\STM32F1xx_HAL_Driver\Src\stm32f1xx_hal_iwdg.o
                0x08003db8                HAL_IWDG_Refresh
 .text.HAL_PWR_PVDCallback
                0x08003dc4        0x2 Drivers\STM32F1xx_HAL_Driver\Src\stm32f1xx_hal_pwr.o
                0x08003dc4                HAL_PWR_PVDCallback
 *fill*         0x08003dc6        0x2 
 .text.HAL_PWR_PVD_IRQHandler
                0x08003dc8       0x1c Drivers\STM32F1xx_HAL_Driver\Src\stm32f1xx_hal_pwr.o
                0x08003dc8                HAL_PWR_PVD_IRQHandler
 .text.HAL_RCC_OscConfig
                0x08003de4      0x404 Drivers\STM32F1xx_HAL_Driver\Src\stm32f1xx_hal_rcc.o
                0x08003de4                HAL_RCC_OscConfig
 .text.HAL_RCC_GetSysClockFreq
                0x080041e8       0x78 Drivers\STM32F1xx_HAL_Driver\Src\stm32f1xx_hal_rcc.o
                0x080041e8                HAL_RCC_GetSysClockFreq
 .text.HAL_RCC_ClockConfig
                0x08004260      0x220 Drivers\STM32F1xx_HAL_Driver\Src\stm32f1xx_hal_rcc.o
                0x08004260                HAL_RCC_ClockConfig
 .text.HAL_RCC_GetPCLK1Freq
                0x08004480       0x20 Drivers\STM32F1xx_HAL_Driver\Src\stm32f1xx_hal_rcc.o
                0x08004480                HAL_RCC_GetPCLK1Freq
 .text.HAL_RCC_GetPCLK2Freq
                0x080044a0       0x20 Drivers\STM32F1xx_HAL_Driver\Src\stm32f1xx_hal_rcc.o
                0x080044a0                HAL_RCC_GetPCLK2Freq
 .text.HAL_RCCEx_PeriphCLKConfig
                0x080044c0      0x138 Drivers\STM32F1xx_HAL_Driver\Src\stm32f1xx_hal_rcc_ex.o
                0x080044c0                HAL_RCCEx_PeriphCLKConfig
 .text.TIM_OC1_SetConfig
                0x080045f8       0x98 Drivers\STM32F1xx_HAL_Driver\Src\stm32f1xx_hal_tim.o
 .text.TIM_OC3_SetConfig
                0x08004690       0x9c Drivers\STM32F1xx_HAL_Driver\Src\stm32f1xx_hal_tim.o
 .text.TIM_OC4_SetConfig
                0x0800472c       0x68 Drivers\STM32F1xx_HAL_Driver\Src\stm32f1xx_hal_tim.o
 .text.HAL_TIM_Base_Start
                0x08004794       0x50 Drivers\STM32F1xx_HAL_Driver\Src\stm32f1xx_hal_tim.o
                0x08004794                HAL_TIM_Base_Start
 .text.HAL_TIM_Base_Start_IT
                0x080047e4       0x4c Drivers\STM32F1xx_HAL_Driver\Src\stm32f1xx_hal_tim.o
                0x080047e4                HAL_TIM_Base_Start_IT
 .text.HAL_TIM_OC_MspInit
                0x08004830        0x2 Drivers\STM32F1xx_HAL_Driver\Src\stm32f1xx_hal_tim.o
                0x08004830                HAL_TIM_OC_MspInit
 .text.HAL_TIM_PWM_MspInit
                0x08004832        0x2 Drivers\STM32F1xx_HAL_Driver\Src\stm32f1xx_hal_tim.o
                0x08004832                HAL_TIM_PWM_MspInit
 .text.HAL_TIM_ConfigClockSource
                0x08004834      0x440 Drivers\STM32F1xx_HAL_Driver\Src\stm32f1xx_hal_tim.o
                0x08004834                HAL_TIM_ConfigClockSource
 .text.HAL_TIM_PeriodElapsedCallback
                0x08004c74        0x2 Drivers\STM32F1xx_HAL_Driver\Src\stm32f1xx_hal_tim.o
                0x08004c74                HAL_TIM_PeriodElapsedCallback
 .text.HAL_TIM_OC_DelayElapsedCallback
                0x08004c76        0x2 Drivers\STM32F1xx_HAL_Driver\Src\stm32f1xx_hal_tim.o
                0x08004c76                HAL_TIM_OC_DelayElapsedCallback
 .text.HAL_TIM_IC_CaptureCallback
                0x08004c78        0x2 Drivers\STM32F1xx_HAL_Driver\Src\stm32f1xx_hal_tim.o
                0x08004c78                HAL_TIM_IC_CaptureCallback
 .text.HAL_TIM_PWM_PulseFinishedCallback
                0x08004c7a        0x2 Drivers\STM32F1xx_HAL_Driver\Src\stm32f1xx_hal_tim.o
                0x08004c7a                HAL_TIM_PWM_PulseFinishedCallback
 .text.HAL_TIM_TriggerCallback
                0x08004c7c        0x2 Drivers\STM32F1xx_HAL_Driver\Src\stm32f1xx_hal_tim.o
                0x08004c7c                HAL_TIM_TriggerCallback
 .text.HAL_TIM_IRQHandler
                0x08004c7e      0x144 Drivers\STM32F1xx_HAL_Driver\Src\stm32f1xx_hal_tim.o
                0x08004c7e                HAL_TIM_IRQHandler
 *fill*         0x08004dc2        0x2 
 .text.TIM_Base_SetConfig
                0x08004dc4       0x70 Drivers\STM32F1xx_HAL_Driver\Src\stm32f1xx_hal_tim.o
                0x08004dc4                TIM_Base_SetConfig
 .text.HAL_TIM_Base_Init
                0x08004e34       0xa8 Drivers\STM32F1xx_HAL_Driver\Src\stm32f1xx_hal_tim.o
                0x08004e34                HAL_TIM_Base_Init
 .text.HAL_TIM_OC_Init
                0x08004edc       0xb0 Drivers\STM32F1xx_HAL_Driver\Src\stm32f1xx_hal_tim.o
                0x08004edc                HAL_TIM_OC_Init
 .text.HAL_TIM_PWM_Init
                0x08004f8c       0xb0 Drivers\STM32F1xx_HAL_Driver\Src\stm32f1xx_hal_tim.o
                0x08004f8c                HAL_TIM_PWM_Init
 .text.TIM_OC2_SetConfig
                0x0800503c       0x9c Drivers\STM32F1xx_HAL_Driver\Src\stm32f1xx_hal_tim.o
                0x0800503c                TIM_OC2_SetConfig
 .text.HAL_TIM_OC_ConfigChannel
                0x080050d8      0x154 Drivers\STM32F1xx_HAL_Driver\Src\stm32f1xx_hal_tim.o
                0x080050d8                HAL_TIM_OC_ConfigChannel
 .text.HAL_TIM_PWM_ConfigChannel
                0x0800522c      0x1d0 Drivers\STM32F1xx_HAL_Driver\Src\stm32f1xx_hal_tim.o
                0x0800522c                HAL_TIM_PWM_ConfigChannel
 .text.HAL_TIMEx_ConfigBreakDeadTime
                0x080053fc       0xe8 Drivers\STM32F1xx_HAL_Driver\Src\stm32f1xx_hal_tim_ex.o
                0x080053fc                HAL_TIMEx_ConfigBreakDeadTime
 .text.HAL_TIMEx_MasterConfigSynchronization
                0x080054e4       0x9c Drivers\STM32F1xx_HAL_Driver\Src\stm32f1xx_hal_tim_ex.o
                0x080054e4                HAL_TIMEx_MasterConfigSynchronization
 .text.HAL_TIMEx_CommutationCallback
                0x08005580        0x2 Drivers\STM32F1xx_HAL_Driver\Src\stm32f1xx_hal_tim_ex.o
                0x08005580                HAL_TIMEx_CommutationCallback
 .text.HAL_TIMEx_BreakCallback
                0x08005582        0x2 Drivers\STM32F1xx_HAL_Driver\Src\stm32f1xx_hal_tim_ex.o
                0x08005582                HAL_TIMEx_BreakCallback
 .text.UART_EndRxTransfer
                0x08005584       0x1a Drivers\STM32F1xx_HAL_Driver\Src\stm32f1xx_hal_uart.o
 *fill*         0x0800559e        0x2 
 .text.UART_SetConfig
                0x080055a0      0x1a4 Drivers\STM32F1xx_HAL_Driver\Src\stm32f1xx_hal_uart.o
 .text.HAL_UART_Init
                0x08005744       0xd0 Drivers\STM32F1xx_HAL_Driver\Src\stm32f1xx_hal_uart.o
                0x08005744                HAL_UART_Init
 .text.HAL_UART_Transmit_DMA
                0x08005814       0x74 Drivers\STM32F1xx_HAL_Driver\Src\stm32f1xx_hal_uart.o
                0x08005814                HAL_UART_Transmit_DMA
 .text.UART_DMATransmitCplt
                0x08005888       0x2c Drivers\STM32F1xx_HAL_Driver\Src\stm32f1xx_hal_uart.o
 .text.HAL_UART_TxHalfCpltCallback
                0x080058b4        0x2 Drivers\STM32F1xx_HAL_Driver\Src\stm32f1xx_hal_uart.o
                0x080058b4                HAL_UART_TxHalfCpltCallback
 .text.UART_DMATxHalfCplt
                0x080058b6        0xa Drivers\STM32F1xx_HAL_Driver\Src\stm32f1xx_hal_uart.o
 .text.HAL_UART_RxCpltCallback
                0x080058c0        0x2 Drivers\STM32F1xx_HAL_Driver\Src\stm32f1xx_hal_uart.o
                0x080058c0                HAL_UART_RxCpltCallback
 .text.UART_Receive_IT
                0x080058c2       0x7c Drivers\STM32F1xx_HAL_Driver\Src\stm32f1xx_hal_uart.o
 .text.HAL_UART_ErrorCallback
                0x0800593e        0x2 Drivers\STM32F1xx_HAL_Driver\Src\stm32f1xx_hal_uart.o
                0x0800593e                HAL_UART_ErrorCallback
 .text.UART_DMAError
                0x08005940       0x4e Drivers\STM32F1xx_HAL_Driver\Src\stm32f1xx_hal_uart.o
 *fill*         0x0800598e        0x2 
 .text.HAL_UART_IRQHandler
                0x08005990      0x140 Drivers\STM32F1xx_HAL_Driver\Src\stm32f1xx_hal_uart.o
                0x08005990                HAL_UART_IRQHandler
 .text.UART_DMAAbortOnError
                0x08005ad0       0x10 Drivers\STM32F1xx_HAL_Driver\Src\stm32f1xx_hal_uart.o
 .text.Reset_Handler
                0x08005ae0       0x48 startup\startup_stm32f103xb.o
                0x08005ae0                Reset_Handler
 .text.Default_Handler
                0x08005b28        0x2 startup\startup_stm32f103xb.o
                0x08005b28                RTC_Alarm_IRQHandler
                0x08005b28                EXTI2_IRQHandler
                0x08005b28                TIM1_CC_IRQHandler
                0x08005b28                EXTI3_IRQHandler
                0x08005b28                EXTI0_IRQHandler
                0x08005b28                I2C2_EV_IRQHandler
                0x08005b28                SPI1_IRQHandler
                0x08005b28                TAMPER_IRQHandler
                0x08005b28                USART3_IRQHandler
                0x08005b28                RTC_IRQHandler
                0x08005b28                DMA1_Channel7_IRQHandler
                0x08005b28                CAN1_RX1_IRQHandler
                0x08005b28                I2C1_EV_IRQHandler
                0x08005b28                DMA1_Channel6_IRQHandler
                0x08005b28                TIM1_TRG_COM_IRQHandler
                0x08005b28                Default_Handler
                0x08005b28                EXTI15_10_IRQHandler
                0x08005b28                EXTI9_5_IRQHandler
                0x08005b28                SPI2_IRQHandler
                0x08005b28                DMA1_Channel5_IRQHandler
                0x08005b28                EXTI4_IRQHandler
                0x08005b28                USB_LP_CAN1_RX0_IRQHandler
                0x08005b28                USB_HP_CAN1_TX_IRQHandler
                0x08005b28                DMA1_Channel3_IRQHandler
                0x08005b28                WWDG_IRQHandler
                0x08005b28                EXTI1_IRQHandler
                0x08005b28                USART2_IRQHandler
                0x08005b28                I2C2_ER_IRQHandler
                0x08005b28                DMA1_Channel2_IRQHandler
                0x08005b28                CAN1_SCE_IRQHandler
                0x08005b28                I2C1_ER_IRQHandler
                0x08005b28                USBWakeUp_IRQHandler
 *fill*         0x08005b2a        0x2 
 .text.__libc_init_array
                0x08005b2c       0x48 c:/truestudio for stm32 9.2.0/armtools/bin/../lib/gcc/arm-atollic-eabi/6.3.1/../../../../arm-atollic-eabi/lib/armv7-m\libc_nano.a(lib_a-init.o)
                0x08005b2c                __libc_init_array
 .text.memset   0x08005b74       0x10 c:/truestudio for stm32 9.2.0/armtools/bin/../lib/gcc/arm-atollic-eabi/6.3.1/../../../../arm-atollic-eabi/lib/armv7-m\libc_nano.a(lib_a-memset.o)
                0x08005b74                memset
 .text.sprintf  0x08005b84       0x48 c:/truestudio for stm32 9.2.0/armtools/bin/../lib/gcc/arm-atollic-eabi/6.3.1/../../../../arm-atollic-eabi/lib/armv7-m\libc_nano.a(lib_a-sprintf.o)
                0x08005b84                siprintf
                0x08005b84                sprintf
 .text.strcat   0x08005bcc       0x1e c:/truestudio for stm32 9.2.0/armtools/bin/../lib/gcc/arm-atollic-eabi/6.3.1/../../../../arm-atollic-eabi/lib/armv7-m\libc_nano.a(lib_a-strcat.o)
                0x08005bcc                strcat
 .text.strcpy   0x08005bea       0x10 c:/truestudio for stm32 9.2.0/armtools/bin/../lib/gcc/arm-atollic-eabi/6.3.1/../../../../arm-atollic-eabi/lib/armv7-m\libc_nano.a(lib_a-strcpy.o)
                0x08005bea                strcpy
 .text.__ssputs_r
                0x08005bfa       0xb6 c:/truestudio for stm32 9.2.0/armtools/bin/../lib/gcc/arm-atollic-eabi/6.3.1/../../../../arm-atollic-eabi/lib/armv7-m\libc_nano.a(lib_a-nano-svfprintf.o)
                0x08005bfa                __ssputs_r
 .text._svfprintf_r
                0x08005cb0      0x1e8 c:/truestudio for stm32 9.2.0/armtools/bin/../lib/gcc/arm-atollic-eabi/6.3.1/../../../../arm-atollic-eabi/lib/armv7-m\libc_nano.a(lib_a-nano-svfprintf.o)
                0x08005cb0                _svfiprintf_r
                0x08005cb0                _svfprintf_r
 .text._printf_common
                0x08005e98       0xee c:/truestudio for stm32 9.2.0/armtools/bin/../lib/gcc/arm-atollic-eabi/6.3.1/../../../../arm-atollic-eabi/lib/armv7-m\libc_nano.a(lib_a-nano-vfprintf_i.o)
                0x08005e98                _printf_common
 *fill*         0x08005f86        0x2 
 .text._printf_i
                0x08005f88      0x240 c:/truestudio for stm32 9.2.0/armtools/bin/../lib/gcc/arm-atollic-eabi/6.3.1/../../../../arm-atollic-eabi/lib/armv7-m\libc_nano.a(lib_a-nano-vfprintf_i.o)
                0x08005f88                _printf_i
 .text.memchr   0x080061c8       0x1c c:/truestudio for stm32 9.2.0/armtools/bin/../lib/gcc/arm-atollic-eabi/6.3.1/../../../../arm-atollic-eabi/lib/armv7-m\libc_nano.a(lib_a-memchr-stub.o)
                0x080061c8                memchr
 .text.memcpy   0x080061e4       0x16 c:/truestudio for stm32 9.2.0/armtools/bin/../lib/gcc/arm-atollic-eabi/6.3.1/../../../../arm-atollic-eabi/lib/armv7-m\libc_nano.a(lib_a-memcpy-stub.o)
                0x080061e4                memcpy
 .text.memmove  0x080061fa       0x34 c:/truestudio for stm32 9.2.0/armtools/bin/../lib/gcc/arm-atollic-eabi/6.3.1/../../../../arm-atollic-eabi/lib/armv7-m\libc_nano.a(lib_a-memmove.o)
                0x080061fa                memmove
 *fill*         0x0800622e        0x2 
 .text._free_r  0x08006230       0x98 c:/truestudio for stm32 9.2.0/armtools/bin/../lib/gcc/arm-atollic-eabi/6.3.1/../../../../arm-atollic-eabi/lib/armv7-m\libc_nano.a(lib_a-nano-freer.o)
                0x08006230                _free_r
 .text._malloc_r
                0x080062c8       0xbc c:/truestudio for stm32 9.2.0/armtools/bin/../lib/gcc/arm-atollic-eabi/6.3.1/../../../../arm-atollic-eabi/lib/armv7-m\libc_nano.a(lib_a-nano-mallocr.o)
                0x080062c8                _malloc_r
 .text._realloc_r
                0x08006384       0x4c c:/truestudio for stm32 9.2.0/armtools/bin/../lib/gcc/arm-atollic-eabi/6.3.1/../../../../arm-atollic-eabi/lib/armv7-m\libc_nano.a(lib_a-nano-reallocr.o)
                0x08006384                _realloc_r
 .text._sbrk_r  0x080063d0       0x20 c:/truestudio for stm32 9.2.0/armtools/bin/../lib/gcc/arm-atollic-eabi/6.3.1/../../../../arm-atollic-eabi/lib/armv7-m\libc_nano.a(lib_a-sbrkr.o)
                0x080063d0                _sbrk_r
 .text.__malloc_lock
                0x080063f0        0x2 c:/truestudio for stm32 9.2.0/armtools/bin/../lib/gcc/arm-atollic-eabi/6.3.1/../../../../arm-atollic-eabi/lib/armv7-m\libc_nano.a(lib_a-mlock.o)
                0x080063f0                __malloc_lock
 .text.__malloc_unlock
                0x080063f2        0x2 c:/truestudio for stm32 9.2.0/armtools/bin/../lib/gcc/arm-atollic-eabi/6.3.1/../../../../arm-atollic-eabi/lib/armv7-m\libc_nano.a(lib_a-mlock.o)
                0x080063f2                __malloc_unlock
 .text._malloc_usable_size_r
                0x080063f4       0x12 c:/truestudio for stm32 9.2.0/armtools/bin/../lib/gcc/arm-atollic-eabi/6.3.1/../../../../arm-atollic-eabi/lib/armv7-m\libc_nano.a(lib_a-nano-msizer.o)
                0x080063f4                _malloc_usable_size_r
 *fill*         0x08006406        0x2 
 .text._sbrk    0x08006408       0x1c c:/truestudio for stm32 9.2.0/armtools/bin/../lib/gcc/arm-atollic-eabi/6.3.1/../../../../arm-atollic-eabi/lib/armv7-m\libnosys.a(sbrk.o)
                0x08006408                _sbrk
 *(.glue_7)
 .glue_7        0x08006424        0x0 linker stubs
 *(.glue_7t)
 .glue_7t       0x08006424        0x0 linker stubs
 *(.eh_frame)
 .eh_frame      0x08006424        0x0 c:/truestudio for stm32 9.2.0/armtools/bin/../lib/gcc/arm-atollic-eabi/6.3.1/armv7-m/crtbegin.o
 *(.init)
 .init          0x08006424        0x4 c:/truestudio for stm32 9.2.0/armtools/bin/../lib/gcc/arm-atollic-eabi/6.3.1/armv7-m/crti.o
                0x08006424                _init
 .init          0x08006428        0x8 c:/truestudio for stm32 9.2.0/armtools/bin/../lib/gcc/arm-atollic-eabi/6.3.1/armv7-m/crtn.o
 *(.fini)
 .fini          0x08006430        0x4 c:/truestudio for stm32 9.2.0/armtools/bin/../lib/gcc/arm-atollic-eabi/6.3.1/armv7-m/crti.o
                0x08006430                _fini
 .fini          0x08006434        0x8 c:/truestudio for stm32 9.2.0/armtools/bin/../lib/gcc/arm-atollic-eabi/6.3.1/armv7-m/crtn.o
                0x0800643c                . = ALIGN (0x4)
                0x0800643c                _etext = .

.vfp11_veneer   0x0800643c        0x0
 .vfp11_veneer  0x0800643c        0x0 linker stubs

.v4_bx          0x0800643c        0x0
 .v4_bx         0x0800643c        0x0 linker stubs

.iplt           0x0800643c        0x0
 .iplt          0x0800643c        0x0 c:/truestudio for stm32 9.2.0/armtools/bin/../lib/gcc/arm-atollic-eabi/6.3.1/armv7-m/crtbegin.o

.rodata         0x0800643c      0x48c
                0x0800643c                . = ALIGN (0x4)
 *(.rodata)
 .rodata        0x0800643c       0x10 Drivers\STM32F1xx_HAL_Driver\Src\stm32f1xx_hal_rcc.o
 *(.rodata*)
 .rodata.AddUART_CRC.str1.1
                0x0800644c        0xd Core\Src\digiTOS-Lib\digiTOS-Core.o
 .rodata.CalibSave.str1.1
                0x08006459        0xe Core\Src\digiTOS-Lib\digiTOS-Core.o
 .rodata.Get_ChipID.str1.1
                0x08006467       0x13 Core\Src\digiTOS-Lib\digiTOS-Core.o
 .rodata.Get_FlashSize.str1.1
                0x0800647a       0x11 Core\Src\digiTOS-Lib\digiTOS-Core.o
 .rodata.Get_Version.str1.1
                0x0800648b       0x16 Core\Src\digiTOS-Lib\digiTOS-Core.o
 .rodata.PrintCurrentState.str1.1
                0x080064a1       0x74 Core\Src\digiTOS-Lib\digiTOS-Core.o
 .rodata.main.str1.1
                0x08006515       0x7b Core\Src\main.o
 .rodata.AHBPrescTable
                0x08006590       0x10 Core\Src\system_stm32f1xx.o
                0x08006590                AHBPrescTable
 .rodata.APBPrescTable
                0x080065a0        0x8 Core\Src\system_stm32f1xx.o
                0x080065a0                APBPrescTable
 .rodata.HAL_ADC_PollForConversion.str1.1
                0x080065a8       0x38 Drivers\STM32F1xx_HAL_Driver\Src\stm32f1xx_hal_adc.o
 .rodata.HAL_NVIC_SetPriorityGrouping.str1.1
                0x080065e0       0x3b Drivers\STM32F1xx_HAL_Driver\Src\stm32f1xx_hal_cortex.o
 .rodata.HAL_CRC_Init.str1.1
                0x0800661b       0x38 Drivers\STM32F1xx_HAL_Driver\Src\stm32f1xx_hal_crc.o
 .rodata.HAL_DMA_Init.str1.1
                0x08006653       0x38 Drivers\STM32F1xx_HAL_Driver\Src\stm32f1xx_hal_dma.o
 .rodata.HAL_FLASH_Program_IT.str1.1
                0x0800668b       0x3a Drivers\STM32F1xx_HAL_Driver\Src\stm32f1xx_hal_flash.o
 .rodata.FLASH_OB_RDP_LevelConfig.str1.1
                0x080066c5       0x3d Drivers\STM32F1xx_HAL_Driver\Src\stm32f1xx_hal_flash_ex.o
 .rodata.HAL_GPIO_Init.str1.1
                0x08006702       0x39 Drivers\STM32F1xx_HAL_Driver\Src\stm32f1xx_hal_gpio.o
 .rodata.HAL_IWDG_Init.str1.1
                0x0800673b       0x39 Drivers\STM32F1xx_HAL_Driver\Src\stm32f1xx_hal_iwdg.o
 .rodata.HAL_RCC_OscConfig.str1.1
                0x08006774       0x38 Drivers\STM32F1xx_HAL_Driver\Src\stm32f1xx_hal_rcc.o
 .rodata.HAL_RCCEx_PeriphCLKConfig.str1.1
                0x080067ac       0x3b Drivers\STM32F1xx_HAL_Driver\Src\stm32f1xx_hal_rcc_ex.o
 .rodata.TIM_OC1_SetConfig.str1.1
                0x080067e7       0x38 Drivers\STM32F1xx_HAL_Driver\Src\stm32f1xx_hal_tim.o
 .rodata.HAL_TIMEx_HallSensor_Init.str1.1
                0x0800681f       0x3b Drivers\STM32F1xx_HAL_Driver\Src\stm32f1xx_hal_tim_ex.o
 .rodata.UART_SetConfig.str1.1
                0x0800685a       0x39 Drivers\STM32F1xx_HAL_Driver\Src\stm32f1xx_hal_uart.o
 .rodata._svfprintf_r.str1.1
                0x08006893       0x11 c:/truestudio for stm32 9.2.0/armtools/bin/../lib/gcc/arm-atollic-eabi/6.3.1/../../../../arm-atollic-eabi/lib/armv7-m\libc_nano.a(lib_a-nano-svfprintf.o)
 .rodata._printf_i.str1.1
                0x080068a4       0x22 c:/truestudio for stm32 9.2.0/armtools/bin/../lib/gcc/arm-atollic-eabi/6.3.1/../../../../arm-atollic-eabi/lib/armv7-m\libc_nano.a(lib_a-nano-vfprintf_i.o)
                0x080068c8                . = ALIGN (0x4)
 *fill*         0x080068c6        0x2 

.rel.dyn        0x080068c8        0x0
 .rel.iplt      0x080068c8        0x0 c:/truestudio for stm32 9.2.0/armtools/bin/../lib/gcc/arm-atollic-eabi/6.3.1/armv7-m/crtbegin.o

.ARM.extab
 *(.ARM.extab* .gnu.linkonce.armextab.*)

.ARM            0x080068c8        0x0
                0x080068c8                __exidx_start = .
 *(.ARM.exidx*)
                0x080068c8                __exidx_end = .

.preinit_array  0x080068c8        0x0
                0x080068c8                PROVIDE (__preinit_array_start, .)
 *(.preinit_array*)
                0x080068c8                PROVIDE (__preinit_array_end, .)

.init_array     0x080068c8        0x4
                0x080068c8                PROVIDE (__init_array_start, .)
 *(SORT(.init_array.*))
 *(.init_array*)
 .init_array    0x080068c8        0x4 c:/truestudio for stm32 9.2.0/armtools/bin/../lib/gcc/arm-atollic-eabi/6.3.1/armv7-m/crtbegin.o
                0x080068cc                PROVIDE (__init_array_end, .)

.fini_array     0x080068cc        0x4
                [!provide]                PROVIDE (__fini_array_start, .)
 *(SORT(.fini_array.*))
 *(.fini_array*)
 .fini_array    0x080068cc        0x4 c:/truestudio for stm32 9.2.0/armtools/bin/../lib/gcc/arm-atollic-eabi/6.3.1/armv7-m/crtbegin.o
                [!provide]                PROVIDE (__fini_array_end, .)
                0x080068d0                _sidata = LOADADDR (.data)

.data           0x20000000      0x678 load address 0x080068d0
                0x20000000                . = ALIGN (0x4)
                0x20000000                _sdata = .
 *(.data)
 *(.data*)
 .data.I_Out_Cnt
                0x20000000        0x4 Core\Src\digiTOS-Lib\digiTOS-Configuration.o
                0x20000000                I_Out_Cnt
 .data.I_RATIO  0x20000004        0x4 Core\Src\digiTOS-Lib\digiTOS-Configuration.o
                0x20000004                I_RATIO
 .data.Sin_Amp_ind
                0x20000008       0x10 Core\Src\digiTOS-Lib\digiTOS-Configuration.o
                0x20000008                Sin_Amp_ind
 .data.Sine_Amplitude_1
                0x20000018        0x4 Core\Src\digiTOS-Lib\digiTOS-Configuration.o
                0x20000018                Sine_Amplitude_1
 .data.Sine_Amplitude_2
                0x2000001c        0x4 Core\Src\digiTOS-Lib\digiTOS-Configuration.o
                0x2000001c                Sine_Amplitude_2
 .data.Sine_Amplitude_3
                0x20000020        0x4 Core\Src\digiTOS-Lib\digiTOS-Configuration.o
                0x20000020                Sine_Amplitude_3
 .data.Sine_Amplitude_4
                0x20000024        0x4 Core\Src\digiTOS-Lib\digiTOS-Configuration.o
                0x20000024                Sine_Amplitude_4
 .data.V_1      0x20000028        0x4 Core\Src\digiTOS-Lib\digiTOS-Configuration.o
                0x20000028                V_1
 .data.V_2      0x2000002c        0x4 Core\Src\digiTOS-Lib\digiTOS-Configuration.o
                0x2000002c                V_2
 .data.V_3      0x20000030        0x4 Core\Src\digiTOS-Lib\digiTOS-Configuration.o
                0x20000030                V_3
 .data.V_4      0x20000034        0x4 Core\Src\digiTOS-Lib\digiTOS-Configuration.o
                0x20000034                V_4
 .data.V_Cnt    0x20000038       0x10 Core\Src\digiTOS-Lib\digiTOS-Configuration.o
                0x20000038                V_Cnt
 .data.V_Out_Cnt
                0x20000048        0x4 Core\Src\digiTOS-Lib\digiTOS-Configuration.o
                0x20000048                V_Out_Cnt
 .data.V_RATIO  0x2000004c        0x4 Core\Src\digiTOS-Lib\digiTOS-Configuration.o
                0x2000004c                V_RATIO
 .data.amp1_target
                0x20000050        0x4 Core\Src\digiTOS-Lib\digiTOS-Configuration.o
                0x20000050                amp1_target
 .data.amp2_target
                0x20000054        0x4 Core\Src\digiTOS-Lib\digiTOS-Configuration.o
                0x20000054                amp2_target
 .data.amp3_target
                0x20000058        0x4 Core\Src\digiTOS-Lib\digiTOS-Configuration.o
                0x20000058                amp3_target
 .data.amp4_target
                0x2000005c        0x4 Core\Src\digiTOS-Lib\digiTOS-Configuration.o
                0x2000005c                amp4_target
 .data.sin_data
                0x20000060      0x5a0 Core\Src\digiTOS-Lib\digiTOS-Configuration.o
                0x20000060                sin_data
 .data.EEPROMStoredCnt
                0x20000600        0x2 Core\Src\digiTOS-Lib\digiTOS-Core.o
                0x20000600                EEPROMStoredCnt
 *fill*         0x20000602        0x2 
 .data.huart1_finished_tx
                0x20000604        0x4 Core\Src\digiTOS-Lib\digiTOS-Core.o
                0x20000604                huart1_finished_tx
 .data.SystemCoreClock
                0x20000608        0x4 Core\Src\system_stm32f1xx.o
                0x20000608                SystemCoreClock
 .data.uwTickFreq
                0x2000060c        0x1 Drivers\STM32F1xx_HAL_Driver\Src\stm32f1xx_hal.o
                0x2000060c                uwTickFreq
 *fill*         0x2000060d        0x3 
 .data.uwTickPrio
                0x20000610        0x4 Drivers\STM32F1xx_HAL_Driver\Src\stm32f1xx_hal.o
                0x20000610                uwTickPrio
 .data._impure_ptr
                0x20000614        0x4 c:/truestudio for stm32 9.2.0/armtools/bin/../lib/gcc/arm-atollic-eabi/6.3.1/../../../../arm-atollic-eabi/lib/armv7-m\libc_nano.a(lib_a-impure.o)
                0x20000614                _impure_ptr
 .data.impure_data
                0x20000618       0x60 c:/truestudio for stm32 9.2.0/armtools/bin/../lib/gcc/arm-atollic-eabi/6.3.1/../../../../arm-atollic-eabi/lib/armv7-m\libc_nano.a(lib_a-impure.o)
                0x20000678                . = ALIGN (0x4)
                0x20000678                _edata = .

.igot.plt       0x20000678        0x0 load address 0x08006f48
 .igot.plt      0x20000678        0x0 c:/truestudio for stm32 9.2.0/armtools/bin/../lib/gcc/arm-atollic-eabi/6.3.1/armv7-m/crtbegin.o
                0x20000678                . = ALIGN (0x4)

.bss            0x20000678      0x474 load address 0x08006f48
                0x20000678                _sbss = .
                0x20000678                __bss_start__ = _sbss
 *(.bss)
 .bss           0x20000678       0x1c c:/truestudio for stm32 9.2.0/armtools/bin/../lib/gcc/arm-atollic-eabi/6.3.1/armv7-m/crtbegin.o
 *(.bss*)
 .bss.AMP_BLOCKED
                0x20000694        0x4 Core\Src\digiTOS-Lib\digiTOS-Configuration.o
                0x20000694                AMP_BLOCKED
 .bss.AMP_PROTECTION_CNT
                0x20000698        0x4 Core\Src\digiTOS-Lib\digiTOS-Configuration.o
                0x20000698                AMP_PROTECTION_CNT
 .bss.AMP_PROTECTION_CNT_BEFORESTART
                0x2000069c        0x4 Core\Src\digiTOS-Lib\digiTOS-Configuration.o
                0x2000069c                AMP_PROTECTION_CNT_BEFORESTART
 .bss.DC_BLOCKED
                0x200006a0        0x4 Core\Src\digiTOS-Lib\digiTOS-Configuration.o
                0x200006a0                DC_BLOCKED
 .bss.DC_Data   0x200006a4        0x4 Core\Src\digiTOS-Lib\digiTOS-Configuration.o
                0x200006a4                DC_Data
 .bss.DC_DataAverage
                0x200006a8        0x4 Core\Src\digiTOS-Lib\digiTOS-Configuration.o
                0x200006a8                DC_DataAverage
 .bss.DC_DataCnt
                0x200006ac        0x4 Core\Src\digiTOS-Lib\digiTOS-Configuration.o
                0x200006ac                DC_DataCnt
 .bss.DC_PROTECTION_CNT
                0x200006b0        0x4 Core\Src\digiTOS-Lib\digiTOS-Configuration.o
                0x200006b0                DC_PROTECTION_CNT
 .bss.DC_PROTECTION_CNT_BEFORESTART
                0x200006b4        0x4 Core\Src\digiTOS-Lib\digiTOS-Configuration.o
                0x200006b4                DC_PROTECTION_CNT_BEFORESTART
 .bss.IOUT_BLOCKED
                0x200006b8        0x4 Core\Src\digiTOS-Lib\digiTOS-Configuration.o
                0x200006b8                IOUT_BLOCKED
 .bss.IOUT_PROTECTION_CNT
                0x200006bc        0x4 Core\Src\digiTOS-Lib\digiTOS-Configuration.o
                0x200006bc                IOUT_PROTECTION_CNT
 .bss.IOUT_PROTECTION_CNT_BEFORESTART
                0x200006c0        0x4 Core\Src\digiTOS-Lib\digiTOS-Configuration.o
                0x200006c0                IOUT_PROTECTION_CNT_BEFORESTART
 .bss.I_Out     0x200006c4        0x4 Core\Src\digiTOS-Lib\digiTOS-Configuration.o
                0x200006c4                I_Out
 .bss.I_Out_RawData
                0x200006c8        0x8 Core\Src\digiTOS-Lib\digiTOS-Configuration.o
                0x200006c8                I_Out_RawData
 .bss.V_Out     0x200006d0        0x4 Core\Src\digiTOS-Lib\digiTOS-Configuration.o
                0x200006d0                V_Out
 *fill*         0x200006d4        0x4 
 .bss.V_Out_RawData
                0x200006d8        0x8 Core\Src\digiTOS-Lib\digiTOS-Configuration.o
                0x200006d8                V_Out_RawData
 .bss.sinStatus
                0x200006e0        0x1 Core\Src\digiTOS-Lib\digiTOS-Configuration.o
                0x200006e0                sinStatus
 *fill*         0x200006e1        0x1 
 .bss.sin_step  0x200006e2        0x2 Core\Src\digiTOS-Lib\digiTOS-Configuration.o
                0x200006e2                sin_step
 .bss.BoardStatus
                0x200006e4        0x1 Core\Src\digiTOS-Lib\digiTOS-Core.o
                0x200006e4                BoardStatus
 *fill*         0x200006e5        0x3 
 .bss.CalibMode
                0x200006e8        0x4 Core\Src\digiTOS-Lib\digiTOS-Core.o
                0x200006e8                CalibMode
 .bss.DC_DataCnt_temp
                0x200006ec        0x4 Core\Src\digiTOS-Lib\digiTOS-Core.o
                0x200006ec                DC_DataCnt_temp
 .bss.DC_Data_temp
                0x200006f0        0x4 Core\Src\digiTOS-Lib\digiTOS-Core.o
                0x200006f0                DC_Data_temp
 .bss.DevMode1  0x200006f4        0x4 Core\Src\digiTOS-Lib\digiTOS-Core.o
                0x200006f4                DevMode1
 .bss.EEPROM_CRC
                0x200006f8        0x4 Core\Src\digiTOS-Lib\digiTOS-Core.o
                0x200006f8                EEPROM_CRC
 .bss.EEPROM_DATA
                0x200006fc        0x8 Core\Src\digiTOS-Lib\digiTOS-Core.o
                0x200006fc                EEPROM_DATA
 .bss.EEPROM_FLAG
                0x20000704        0x4 Core\Src\digiTOS-Lib\digiTOS-Core.o
                0x20000704                EEPROM_FLAG
 .bss.FaultWaitCnt
                0x20000708        0x4 Core\Src\digiTOS-Lib\digiTOS-Core.o
                0x20000708                FaultWaitCnt
 .bss.Fault_FLAG
                0x2000070c        0x2 Core\Src\digiTOS-Lib\digiTOS-Core.o
                0x2000070c                Fault_FLAG
 .bss.GEN_FLAG  0x2000070e        0x2 Core\Src\digiTOS-Lib\digiTOS-Core.o
                0x2000070e                GEN_FLAG
 .bss.I_Out_Cnt_temp
                0x20000710        0x4 Core\Src\digiTOS-Lib\digiTOS-Core.o
                0x20000710                I_Out_Cnt_temp
 .bss.I_Out_RawData_temp
                0x20000714        0x4 Core\Src\digiTOS-Lib\digiTOS-Core.o
                0x20000714                I_Out_RawData_temp
 .bss.Print_FLAG
                0x20000718        0x2 Core\Src\digiTOS-Lib\digiTOS-Core.o
                0x20000718                Print_FLAG
 *fill*         0x2000071a        0x2 
 .bss.RstCnt    0x2000071c        0x4 Core\Src\digiTOS-Lib\digiTOS-Core.o
                0x2000071c                RstCnt
 .bss.SinWave   0x20000720        0x1 Core\Src\digiTOS-Lib\digiTOS-Core.o
                0x20000720                SinWave
 *fill*         0x20000721        0x1 
 .bss.UpdateAmp_FLAG
                0x20000722        0x2 Core\Src\digiTOS-Lib\digiTOS-Core.o
                0x20000722                UpdateAmp_FLAG
 .bss.V_1_temp  0x20000724        0x4 Core\Src\digiTOS-Lib\digiTOS-Core.o
                0x20000724                V_1_temp
 .bss.V_2_temp  0x20000728        0x4 Core\Src\digiTOS-Lib\digiTOS-Core.o
                0x20000728                V_2_temp
 .bss.V_3_temp  0x2000072c        0x4 Core\Src\digiTOS-Lib\digiTOS-Core.o
                0x2000072c                V_3_temp
 .bss.V_4_temp  0x20000730        0x4 Core\Src\digiTOS-Lib\digiTOS-Core.o
                0x20000730                V_4_temp
 .bss.V_Out_Cnt_temp
                0x20000734        0x4 Core\Src\digiTOS-Lib\digiTOS-Core.o
                0x20000734                V_Out_Cnt_temp
 .bss.V_Out_RawData_temp
                0x20000738        0x4 Core\Src\digiTOS-Lib\digiTOS-Core.o
                0x20000738                V_Out_RawData_temp
 .bss.Vcnt_1_temp
                0x2000073c        0x4 Core\Src\digiTOS-Lib\digiTOS-Core.o
                0x2000073c                Vcnt_1_temp
 .bss.Vcnt_2_temp
                0x20000740        0x4 Core\Src\digiTOS-Lib\digiTOS-Core.o
                0x20000740                Vcnt_2_temp
 .bss.Vcnt_3_temp
                0x20000744        0x4 Core\Src\digiTOS-Lib\digiTOS-Core.o
                0x20000744                Vcnt_3_temp
 .bss.Vcnt_4_temp
                0x20000748        0x4 Core\Src\digiTOS-Lib\digiTOS-Core.o
                0x20000748                Vcnt_4_temp
 .bss.__malloc_free_list
                0x2000074c        0x4 c:/truestudio for stm32 9.2.0/armtools/bin/../lib/gcc/arm-atollic-eabi/6.3.1/../../../../arm-atollic-eabi/lib/armv7-m\libc_nano.a(lib_a-nano-mallocr.o)
                0x2000074c                __malloc_free_list
 .bss.__malloc_sbrk_start
                0x20000750        0x4 c:/truestudio for stm32 9.2.0/armtools/bin/../lib/gcc/arm-atollic-eabi/6.3.1/../../../../arm-atollic-eabi/lib/armv7-m\libc_nano.a(lib_a-nano-mallocr.o)
                0x20000750                __malloc_sbrk_start
 .bss.heap_end.4116
                0x20000754        0x4 c:/truestudio for stm32 9.2.0/armtools/bin/../lib/gcc/arm-atollic-eabi/6.3.1/../../../../arm-atollic-eabi/lib/armv7-m\libnosys.a(sbrk.o)
 *(COMMON)
 COMMON         0x20000758       0x74 Core\Src\adc.o
                0x20000758                hadc1
                0x20000788                hdma_adc1
 COMMON         0x200007cc        0x8 Core\Src\crc.o
                0x200007cc                hcrc
 COMMON         0x200007d4       0x18 Core\Src\digiTOS-Lib\digiTOS-Configuration.o
                0x200007d4                ADC_Cnt
                0x200007e0                ADC_Data
 COMMON         0x200007ec      0x120 Core\Src\digiTOS-Lib\digiTOS-Core.o
                0x200007ec                CALIB_V
                0x20000808                CALIB_I
                0x20000824                uart_buff
                0x20000888                DevModeKey
                0x200008a4                crc_buff
                0x200008b8                CALIB_MODE
                0x200008d4                FaultFlag
                0x200008f0                DevModeKey2
 COMMON         0x2000090c       0x28 Core\Src\digiTOS-Lib\eeprom.o
                0x2000090c                EEPROMPageBackup
 COMMON         0x20000934        0xc Core\Src\iwdg.o
                0x20000934                hiwdg
 COMMON         0x20000940      0x100 Core\Src\tim.o
                0x20000940                htim4
                0x20000980                htim3
                0x200009c0                htim1
                0x20000a00                htim2
 COMMON         0x20000a40       0x84 Core\Src\usart.o
                0x20000a40                hdma_usart1_tx
                0x20000a84                huart1
 COMMON         0x20000ac4        0x4 Drivers\STM32F1xx_HAL_Driver\Src\stm32f1xx_hal.o
                0x20000ac4                uwTick
 COMMON         0x20000ac8       0x20 Drivers\STM32F1xx_HAL_Driver\Src\stm32f1xx_hal_flash.o
                0x20000ac8                pFlash
 COMMON         0x20000ae8        0x4 c:/truestudio for stm32 9.2.0/armtools/bin/../lib/gcc/arm-atollic-eabi/6.3.1/../../../../arm-atollic-eabi/lib/armv7-m\libc_nano.a(lib_a-reent.o)
                0x20000ae8                errno
                0x20000aec                . = ALIGN (0x4)
                0x20000aec                _ebss = .
                0x20000aec                __bss_end__ = _ebss

._user_heap_stack
                0x20000aec      0x600 load address 0x08006f48
                0x20000aec                . = ALIGN (0x4)
                0x20000aec                PROVIDE (end, .)
                [!provide]                PROVIDE (_end, .)
                0x20000cec                . = (. + _Min_Heap_Size)
 *fill*         0x20000aec      0x200 
                0x200010ec                . = (. + _Min_Stack_Size)
 *fill*         0x20000cec      0x400 
                0x200010ec                . = ALIGN (0x4)

/DISCARD/
 libc.a(*)
 libm.a(*)
 libgcc.a(*)

.ARM.attributes
                0x00000000       0x29
 *(.ARM.attributes)
 .ARM.attributes
                0x00000000       0x1d c:/truestudio for stm32 9.2.0/armtools/bin/../lib/gcc/arm-atollic-eabi/6.3.1/armv7-m/crti.o
 .ARM.attributes
                0x0000001d       0x2d c:/truestudio for stm32 9.2.0/armtools/bin/../lib/gcc/arm-atollic-eabi/6.3.1/armv7-m/crtbegin.o
 .ARM.attributes
                0x0000004a       0x33 Core\Src\adc.o
 .ARM.attributes
                0x0000007d       0x33 Core\Src\crc.o
 .ARM.attributes
                0x000000b0       0x33 Core\Src\digiTOS-Lib\digiTOS-ADC.o
 .ARM.attributes
                0x000000e3       0x33 Core\Src\digiTOS-Lib\digiTOS-Configuration.o
 .ARM.attributes
                0x00000116       0x33 Core\Src\digiTOS-Lib\digiTOS-Core.o
 .ARM.attributes
                0x00000149       0x33 Core\Src\digiTOS-Lib\digiTOS-Generator.o
 .ARM.attributes
                0x0000017c       0x33 Core\Src\digiTOS-Lib\digiTOS-IWDG.o
 .ARM.attributes
                0x000001af       0x33 Core\Src\digiTOS-Lib\digiTOS-Sinus.o
 .ARM.attributes
                0x000001e2       0x33 Core\Src\digiTOS-Lib\eeprom.o
 .ARM.attributes
                0x00000215       0x33 Core\Src\digiTOS-Lib\stm32f0xx_hal_buttons.o
 .ARM.attributes
                0x00000248       0x33 Core\Src\dma.o
 .ARM.attributes
                0x0000027b       0x33 Core\Src\gpio.o
 .ARM.attributes
                0x000002ae       0x33 Core\Src\iwdg.o
 .ARM.attributes
                0x000002e1       0x33 Core\Src\main.o
 .ARM.attributes
                0x00000314       0x33 Core\Src\stm32f1xx_hal_msp.o
 .ARM.attributes
                0x00000347       0x33 Core\Src\stm32f1xx_it.o
 .ARM.attributes
                0x0000037a       0x33 Core\Src\system_stm32f1xx.o
 .ARM.attributes
                0x000003ad       0x33 Core\Src\tim.o
 .ARM.attributes
                0x000003e0       0x33 Core\Src\usart.o
 .ARM.attributes
                0x00000413       0x33 Drivers\STM32F1xx_HAL_Driver\Src\stm32f1xx_hal.o
 .ARM.attributes
                0x00000446       0x33 Drivers\STM32F1xx_HAL_Driver\Src\stm32f1xx_hal_adc.o
 .ARM.attributes
                0x00000479       0x33 Drivers\STM32F1xx_HAL_Driver\Src\stm32f1xx_hal_adc_ex.o
 .ARM.attributes
                0x000004ac       0x33 Drivers\STM32F1xx_HAL_Driver\Src\stm32f1xx_hal_cortex.o
 .ARM.attributes
                0x000004df       0x33 Drivers\STM32F1xx_HAL_Driver\Src\stm32f1xx_hal_crc.o
 .ARM.attributes
                0x00000512       0x33 Drivers\STM32F1xx_HAL_Driver\Src\stm32f1xx_hal_dma.o
 .ARM.attributes
                0x00000545       0x33 Drivers\STM32F1xx_HAL_Driver\Src\stm32f1xx_hal_flash.o
 .ARM.attributes
                0x00000578       0x33 Drivers\STM32F1xx_HAL_Driver\Src\stm32f1xx_hal_flash_ex.o
 .ARM.attributes
                0x000005ab       0x33 Drivers\STM32F1xx_HAL_Driver\Src\stm32f1xx_hal_gpio.o
 .ARM.attributes
                0x000005de       0x33 Drivers\STM32F1xx_HAL_Driver\Src\stm32f1xx_hal_iwdg.o
 .ARM.attributes
                0x00000611       0x33 Drivers\STM32F1xx_HAL_Driver\Src\stm32f1xx_hal_pwr.o
 .ARM.attributes
                0x00000644       0x33 Drivers\STM32F1xx_HAL_Driver\Src\stm32f1xx_hal_rcc.o
 .ARM.attributes
                0x00000677       0x33 Drivers\STM32F1xx_HAL_Driver\Src\stm32f1xx_hal_rcc_ex.o
 .ARM.attributes
                0x000006aa       0x33 Drivers\STM32F1xx_HAL_Driver\Src\stm32f1xx_hal_tim.o
 .ARM.attributes
                0x000006dd       0x33 Drivers\STM32F1xx_HAL_Driver\Src\stm32f1xx_hal_tim_ex.o
 .ARM.attributes
                0x00000710       0x33 Drivers\STM32F1xx_HAL_Driver\Src\stm32f1xx_hal_uart.o
 .ARM.attributes
                0x00000743       0x21 startup\startup_stm32f103xb.o
 .ARM.attributes
                0x00000764       0x2d c:/truestudio for stm32 9.2.0/armtools/bin/../lib/gcc/arm-atollic-eabi/6.3.1/../../../../arm-atollic-eabi/lib/armv7-m\libc_nano.a(lib_a-init.o)
 .ARM.attributes
                0x00000791       0x2d c:/truestudio for stm32 9.2.0/armtools/bin/../lib/gcc/arm-atollic-eabi/6.3.1/../../../../arm-atollic-eabi/lib/armv7-m\libc_nano.a(lib_a-memset.o)
 .ARM.attributes
                0x000007be       0x2d c:/truestudio for stm32 9.2.0/armtools/bin/../lib/gcc/arm-atollic-eabi/6.3.1/../../../../arm-atollic-eabi/lib/armv7-m\libc_nano.a(lib_a-sprintf.o)
 .ARM.attributes
                0x000007eb       0x2d c:/truestudio for stm32 9.2.0/armtools/bin/../lib/gcc/arm-atollic-eabi/6.3.1/../../../../arm-atollic-eabi/lib/armv7-m\libc_nano.a(lib_a-strcat.o)
 .ARM.attributes
                0x00000818       0x2d c:/truestudio for stm32 9.2.0/armtools/bin/../lib/gcc/arm-atollic-eabi/6.3.1/../../../../arm-atollic-eabi/lib/armv7-m\libc_nano.a(lib_a-strcpy.o)
 .ARM.attributes
                0x00000845       0x2d c:/truestudio for stm32 9.2.0/armtools/bin/../lib/gcc/arm-atollic-eabi/6.3.1/../../../../arm-atollic-eabi/lib/armv7-m\libc_nano.a(lib_a-impure.o)
 .ARM.attributes
                0x00000872       0x2d c:/truestudio for stm32 9.2.0/armtools/bin/../lib/gcc/arm-atollic-eabi/6.3.1/../../../../arm-atollic-eabi/lib/armv7-m\libc_nano.a(lib_a-nano-svfprintf.o)
 .ARM.attributes
                0x0000089f       0x2d c:/truestudio for stm32 9.2.0/armtools/bin/../lib/gcc/arm-atollic-eabi/6.3.1/../../../../arm-atollic-eabi/lib/armv7-m\libc_nano.a(lib_a-nano-vfprintf_i.o)
 .ARM.attributes
                0x000008cc       0x2d c:/truestudio for stm32 9.2.0/armtools/bin/../lib/gcc/arm-atollic-eabi/6.3.1/../../../../arm-atollic-eabi/lib/armv7-m\libc_nano.a(lib_a-memchr-stub.o)
 .ARM.attributes
                0x000008f9       0x2d c:/truestudio for stm32 9.2.0/armtools/bin/../lib/gcc/arm-atollic-eabi/6.3.1/../../../../arm-atollic-eabi/lib/armv7-m\libc_nano.a(lib_a-memcpy-stub.o)
 .ARM.attributes
                0x00000926       0x2d c:/truestudio for stm32 9.2.0/armtools/bin/../lib/gcc/arm-atollic-eabi/6.3.1/../../../../arm-atollic-eabi/lib/armv7-m\libc_nano.a(lib_a-memmove.o)
 .ARM.attributes
                0x00000953       0x2d c:/truestudio for stm32 9.2.0/armtools/bin/../lib/gcc/arm-atollic-eabi/6.3.1/../../../../arm-atollic-eabi/lib/armv7-m\libc_nano.a(lib_a-nano-freer.o)
 .ARM.attributes
                0x00000980       0x2d c:/truestudio for stm32 9.2.0/armtools/bin/../lib/gcc/arm-atollic-eabi/6.3.1/../../../../arm-atollic-eabi/lib/armv7-m\libc_nano.a(lib_a-nano-mallocr.o)
 .ARM.attributes
                0x000009ad       0x2d c:/truestudio for stm32 9.2.0/armtools/bin/../lib/gcc/arm-atollic-eabi/6.3.1/../../../../arm-atollic-eabi/lib/armv7-m\libc_nano.a(lib_a-nano-reallocr.o)
 .ARM.attributes
                0x000009da       0x2d c:/truestudio for stm32 9.2.0/armtools/bin/../lib/gcc/arm-atollic-eabi/6.3.1/../../../../arm-atollic-eabi/lib/armv7-m\libc_nano.a(lib_a-sbrkr.o)
 .ARM.attributes
                0x00000a07       0x2d c:/truestudio for stm32 9.2.0/armtools/bin/../lib/gcc/arm-atollic-eabi/6.3.1/../../../../arm-atollic-eabi/lib/armv7-m\libc_nano.a(lib_a-mlock.o)
 .ARM.attributes
                0x00000a34       0x2d c:/truestudio for stm32 9.2.0/armtools/bin/../lib/gcc/arm-atollic-eabi/6.3.1/../../../../arm-atollic-eabi/lib/armv7-m\libc_nano.a(lib_a-nano-msizer.o)
 .ARM.attributes
                0x00000a61       0x2d c:/truestudio for stm32 9.2.0/armtools/bin/../lib/gcc/arm-atollic-eabi/6.3.1/../../../../arm-atollic-eabi/lib/armv7-m\libc_nano.a(lib_a-reent.o)
 .ARM.attributes
                0x00000a8e       0x1d c:/truestudio for stm32 9.2.0/armtools/bin/../lib/gcc/arm-atollic-eabi/6.3.1/armv7-m\libgcc.a(_lshrdi3.o)
 .ARM.attributes
                0x00000aab       0x1d c:/truestudio for stm32 9.2.0/armtools/bin/../lib/gcc/arm-atollic-eabi/6.3.1/armv7-m\libgcc.a(_arm_addsubsf3.o)
 .ARM.attributes
                0x00000ac8       0x1d c:/truestudio for stm32 9.2.0/armtools/bin/../lib/gcc/arm-atollic-eabi/6.3.1/armv7-m\libgcc.a(_arm_muldivsf3.o)
 .ARM.attributes
                0x00000ae5       0x1d c:/truestudio for stm32 9.2.0/armtools/bin/../lib/gcc/arm-atollic-eabi/6.3.1/armv7-m\libgcc.a(_arm_cmpsf2.o)
 .ARM.attributes
                0x00000b02       0x1d c:/truestudio for stm32 9.2.0/armtools/bin/../lib/gcc/arm-atollic-eabi/6.3.1/armv7-m\libgcc.a(_arm_fixunssfsi.o)
 .ARM.attributes
                0x00000b1f       0x2d c:/truestudio for stm32 9.2.0/armtools/bin/../lib/gcc/arm-atollic-eabi/6.3.1/../../../../arm-atollic-eabi/lib/armv7-m\libnosys.a(sbrk.o)
 .ARM.attributes
                0x00000b4c       0x1d c:/truestudio for stm32 9.2.0/armtools/bin/../lib/gcc/arm-atollic-eabi/6.3.1/armv7-m/crtn.o
OUTPUT(digiTOS-COMOD-SinBoard-CODE.elf elf32-littlearm)

.debug_info     0x00000000    0x2dfc8
 .debug_info    0x00000000     0x1315 Core\Src\adc.o
 .debug_info    0x00001315      0xc0b Core\Src\crc.o
 .debug_info    0x00001f20     0x18ba Core\Src\digiTOS-Lib\digiTOS-ADC.o
 .debug_info    0x000037da      0xdfc Core\Src\digiTOS-Lib\digiTOS-Configuration.o
 .debug_info    0x000045d6     0x1fba Core\Src\digiTOS-Lib\digiTOS-Core.o
 .debug_info    0x00006590     0x1aba Core\Src\digiTOS-Lib\digiTOS-Generator.o
 .debug_info    0x0000804a      0xb1d Core\Src\digiTOS-Lib\digiTOS-IWDG.o
 .debug_info    0x00008b67     0x16a9 Core\Src\digiTOS-Lib\digiTOS-Sinus.o
 .debug_info    0x0000a210      0xcfe Core\Src\digiTOS-Lib\eeprom.o
 .debug_info    0x0000af0e      0xcec Core\Src\digiTOS-Lib\stm32f0xx_hal_buttons.o
 .debug_info    0x0000bbfa      0xbf8 Core\Src\dma.o
 .debug_info    0x0000c7f2      0xc71 Core\Src\gpio.o
 .debug_info    0x0000d463      0xaa8 Core\Src\iwdg.o
 .debug_info    0x0000df0b     0x253f Core\Src\main.o
 .debug_info    0x0001044a      0xcea Core\Src\stm32f1xx_hal_msp.o
 .debug_info    0x00011134     0x1d37 Core\Src\stm32f1xx_it.o
 .debug_info    0x00012e6b      0xc4d Core\Src\system_stm32f1xx.o
 .debug_info    0x00013ab8     0x1a7f Core\Src\tim.o
 .debug_info    0x00015537     0x1303 Core\Src\usart.o
 .debug_info    0x0001683a      0xff2 Drivers\STM32F1xx_HAL_Driver\Src\stm32f1xx_hal.o
 .debug_info    0x0001782c     0x1a63 Drivers\STM32F1xx_HAL_Driver\Src\stm32f1xx_hal_adc.o
 .debug_info    0x0001928f     0x1662 Drivers\STM32F1xx_HAL_Driver\Src\stm32f1xx_hal_adc_ex.o
 .debug_info    0x0001a8f1     0x1604 Drivers\STM32F1xx_HAL_Driver\Src\stm32f1xx_hal_cortex.o
 .debug_info    0x0001bef5      0xca1 Drivers\STM32F1xx_HAL_Driver\Src\stm32f1xx_hal_crc.o
 .debug_info    0x0001cb96     0x1194 Drivers\STM32F1xx_HAL_Driver\Src\stm32f1xx_hal_dma.o
 .debug_info    0x0001dd2a      0xf6f Drivers\STM32F1xx_HAL_Driver\Src\stm32f1xx_hal_flash.o
 .debug_info    0x0001ec99     0x155c Drivers\STM32F1xx_HAL_Driver\Src\stm32f1xx_hal_flash_ex.o
 .debug_info    0x000201f5     0x10b7 Drivers\STM32F1xx_HAL_Driver\Src\stm32f1xx_hal_gpio.o
 .debug_info    0x000212ac      0xb50 Drivers\STM32F1xx_HAL_Driver\Src\stm32f1xx_hal_iwdg.o
 .debug_info    0x00021dfc     0x1076 Drivers\STM32F1xx_HAL_Driver\Src\stm32f1xx_hal_pwr.o
 .debug_info    0x00022e72     0x1513 Drivers\STM32F1xx_HAL_Driver\Src\stm32f1xx_hal_rcc.o
 .debug_info    0x00024385      0xd3c Drivers\STM32F1xx_HAL_Driver\Src\stm32f1xx_hal_rcc_ex.o
 .debug_info    0x000250c1     0x4cf4 Drivers\STM32F1xx_HAL_Driver\Src\stm32f1xx_hal_tim.o
 .debug_info    0x00029db5     0x20db Drivers\STM32F1xx_HAL_Driver\Src\stm32f1xx_hal_tim_ex.o
 .debug_info    0x0002be90     0x2097 Drivers\STM32F1xx_HAL_Driver\Src\stm32f1xx_hal_uart.o
 .debug_info    0x0002df27       0xa1 startup\startup_stm32f103xb.o

.debug_abbrev   0x00000000     0x5c02
 .debug_abbrev  0x00000000      0x248 Core\Src\adc.o
 .debug_abbrev  0x00000248      0x20b Core\Src\crc.o
 .debug_abbrev  0x00000453      0x34f Core\Src\digiTOS-Lib\digiTOS-ADC.o
 .debug_abbrev  0x000007a2      0x1b1 Core\Src\digiTOS-Lib\digiTOS-Configuration.o
 .debug_abbrev  0x00000953      0x3a6 Core\Src\digiTOS-Lib\digiTOS-Core.o
 .debug_abbrev  0x00000cf9      0x252 Core\Src\digiTOS-Lib\digiTOS-Generator.o
 .debug_abbrev  0x00000f4b      0x1bd Core\Src\digiTOS-Lib\digiTOS-IWDG.o
 .debug_abbrev  0x00001108      0x261 Core\Src\digiTOS-Lib\digiTOS-Sinus.o
 .debug_abbrev  0x00001369      0x23c Core\Src\digiTOS-Lib\eeprom.o
 .debug_abbrev  0x000015a5      0x29d Core\Src\digiTOS-Lib\stm32f0xx_hal_buttons.o
 .debug_abbrev  0x00001842      0x1f5 Core\Src\dma.o
 .debug_abbrev  0x00001a37      0x1f9 Core\Src\gpio.o
 .debug_abbrev  0x00001c30      0x1e4 Core\Src\iwdg.o
 .debug_abbrev  0x00001e14      0x2ce Core\Src\main.o
 .debug_abbrev  0x000020e2      0x200 Core\Src\stm32f1xx_hal_msp.o
 .debug_abbrev  0x000022e2      0x2ad Core\Src\stm32f1xx_it.o
 .debug_abbrev  0x0000258f      0x1eb Core\Src\system_stm32f1xx.o
 .debug_abbrev  0x0000277a      0x2a9 Core\Src\tim.o
 .debug_abbrev  0x00002a23      0x265 Core\Src\usart.o
 .debug_abbrev  0x00002c88      0x315 Drivers\STM32F1xx_HAL_Driver\Src\stm32f1xx_hal.o
 .debug_abbrev  0x00002f9d      0x2ec Drivers\STM32F1xx_HAL_Driver\Src\stm32f1xx_hal_adc.o
 .debug_abbrev  0x00003289      0x296 Drivers\STM32F1xx_HAL_Driver\Src\stm32f1xx_hal_adc_ex.o
 .debug_abbrev  0x0000351f      0x3b2 Drivers\STM32F1xx_HAL_Driver\Src\stm32f1xx_hal_cortex.o
 .debug_abbrev  0x000038d1      0x27a Drivers\STM32F1xx_HAL_Driver\Src\stm32f1xx_hal_crc.o
 .debug_abbrev  0x00003b4b      0x2b8 Drivers\STM32F1xx_HAL_Driver\Src\stm32f1xx_hal_dma.o
 .debug_abbrev  0x00003e03      0x355 Drivers\STM32F1xx_HAL_Driver\Src\stm32f1xx_hal_flash.o
 .debug_abbrev  0x00004158      0x356 Drivers\STM32F1xx_HAL_Driver\Src\stm32f1xx_hal_flash_ex.o
 .debug_abbrev  0x000044ae      0x2ae Drivers\STM32F1xx_HAL_Driver\Src\stm32f1xx_hal_gpio.o
 .debug_abbrev  0x0000475c      0x1fd Drivers\STM32F1xx_HAL_Driver\Src\stm32f1xx_hal_iwdg.o
 .debug_abbrev  0x00004959      0x2b2 Drivers\STM32F1xx_HAL_Driver\Src\stm32f1xx_hal_pwr.o
 .debug_abbrev  0x00004c0b      0x358 Drivers\STM32F1xx_HAL_Driver\Src\stm32f1xx_hal_rcc.o
 .debug_abbrev  0x00004f63      0x29d Drivers\STM32F1xx_HAL_Driver\Src\stm32f1xx_hal_rcc_ex.o
 .debug_abbrev  0x00005200      0x39f Drivers\STM32F1xx_HAL_Driver\Src\stm32f1xx_hal_tim.o
 .debug_abbrev  0x0000559f      0x2ed Drivers\STM32F1xx_HAL_Driver\Src\stm32f1xx_hal_tim_ex.o
 .debug_abbrev  0x0000588c      0x364 Drivers\STM32F1xx_HAL_Driver\Src\stm32f1xx_hal_uart.o
 .debug_abbrev  0x00005bf0       0x12 startup\startup_stm32f103xb.o

.debug_loc      0x00000000     0x8e8c
 .debug_loc     0x00000000       0x63 Core\Src\adc.o
 .debug_loc     0x00000063      0x32f Core\Src\digiTOS-Lib\digiTOS-ADC.o
 .debug_loc     0x00000392      0x405 Core\Src\digiTOS-Lib\digiTOS-Core.o
 .debug_loc     0x00000797       0x77 Core\Src\digiTOS-Lib\digiTOS-IWDG.o
 .debug_loc     0x0000080e       0x31 Core\Src\digiTOS-Lib\digiTOS-Sinus.o
 .debug_loc     0x0000083f      0x21e Core\Src\digiTOS-Lib\eeprom.o
 .debug_loc     0x00000a5d      0x12d Core\Src\digiTOS-Lib\stm32f0xx_hal_buttons.o
 .debug_loc     0x00000b8a       0x21 Core\Src\main.o
 .debug_loc     0x00000bab       0xcd Core\Src\system_stm32f1xx.o
 .debug_loc     0x00000c78      0x149 Core\Src\tim.o
 .debug_loc     0x00000dc1       0x93 Core\Src\usart.o
 .debug_loc     0x00000e54       0xf3 Drivers\STM32F1xx_HAL_Driver\Src\stm32f1xx_hal.o
 .debug_loc     0x00000f47      0x858 Drivers\STM32F1xx_HAL_Driver\Src\stm32f1xx_hal_adc.o
 .debug_loc     0x0000179f      0x638 Drivers\STM32F1xx_HAL_Driver\Src\stm32f1xx_hal_adc_ex.o
 .debug_loc     0x00001dd7      0x513 Drivers\STM32F1xx_HAL_Driver\Src\stm32f1xx_hal_cortex.o
 .debug_loc     0x000022ea      0x209 Drivers\STM32F1xx_HAL_Driver\Src\stm32f1xx_hal_crc.o
 .debug_loc     0x000024f3      0x676 Drivers\STM32F1xx_HAL_Driver\Src\stm32f1xx_hal_dma.o
 .debug_loc     0x00002b69      0x357 Drivers\STM32F1xx_HAL_Driver\Src\stm32f1xx_hal_flash.o
 .debug_loc     0x00002ec0      0x786 Drivers\STM32F1xx_HAL_Driver\Src\stm32f1xx_hal_flash_ex.o
 .debug_loc     0x00003646      0x449 Drivers\STM32F1xx_HAL_Driver\Src\stm32f1xx_hal_gpio.o
 .debug_loc     0x00003a8f       0x76 Drivers\STM32F1xx_HAL_Driver\Src\stm32f1xx_hal_iwdg.o
 .debug_loc     0x00003b05      0x12b Drivers\STM32F1xx_HAL_Driver\Src\stm32f1xx_hal_pwr.o
 .debug_loc     0x00003c30      0x4d6 Drivers\STM32F1xx_HAL_Driver\Src\stm32f1xx_hal_rcc.o
 .debug_loc     0x00004106      0x287 Drivers\STM32F1xx_HAL_Driver\Src\stm32f1xx_hal_rcc_ex.o
 .debug_loc     0x0000438d     0x2c7a Drivers\STM32F1xx_HAL_Driver\Src\stm32f1xx_hal_tim.o
 .debug_loc     0x00007007      0xb6e Drivers\STM32F1xx_HAL_Driver\Src\stm32f1xx_hal_tim_ex.o
 .debug_loc     0x00007b75     0x1317 Drivers\STM32F1xx_HAL_Driver\Src\stm32f1xx_hal_uart.o

.debug_aranges  0x00000000     0x1098
 .debug_aranges
                0x00000000       0x30 Core\Src\adc.o
 .debug_aranges
                0x00000030       0x30 Core\Src\crc.o
 .debug_aranges
                0x00000060       0x78 Core\Src\digiTOS-Lib\digiTOS-ADC.o
 .debug_aranges
                0x000000d8       0x18 Core\Src\digiTOS-Lib\digiTOS-Configuration.o
 .debug_aranges
                0x000000f0       0xc8 Core\Src\digiTOS-Lib\digiTOS-Core.o
 .debug_aranges
                0x000001b8       0xb0 Core\Src\digiTOS-Lib\digiTOS-Generator.o
 .debug_aranges
                0x00000268       0x20 Core\Src\digiTOS-Lib\digiTOS-IWDG.o
 .debug_aranges
                0x00000288       0x40 Core\Src\digiTOS-Lib\digiTOS-Sinus.o
 .debug_aranges
                0x000002c8       0x40 Core\Src\digiTOS-Lib\eeprom.o
 .debug_aranges
                0x00000308       0x40 Core\Src\digiTOS-Lib\stm32f0xx_hal_buttons.o
 .debug_aranges
                0x00000348       0x20 Core\Src\dma.o
 .debug_aranges
                0x00000368       0x20 Core\Src\gpio.o
 .debug_aranges
                0x00000388       0x20 Core\Src\iwdg.o
 .debug_aranges
                0x000003a8       0x40 Core\Src\main.o
 .debug_aranges
                0x000003e8       0x20 Core\Src\stm32f1xx_hal_msp.o
 .debug_aranges
                0x00000408       0xa0 Core\Src\stm32f1xx_it.o
 .debug_aranges
                0x000004a8       0x28 Core\Src\system_stm32f1xx.o
 .debug_aranges
                0x000004d0       0x50 Core\Src\tim.o
 .debug_aranges
                0x00000520       0x30 Core\Src\usart.o
 .debug_aranges
                0x00000550       0xc8 Drivers\STM32F1xx_HAL_Driver\Src\stm32f1xx_hal.o
 .debug_aranges
                0x00000618       0xc8 Drivers\STM32F1xx_HAL_Driver\Src\stm32f1xx_hal_adc.o
 .debug_aranges
                0x000006e0       0x80 Drivers\STM32F1xx_HAL_Driver\Src\stm32f1xx_hal_adc_ex.o
 .debug_aranges
                0x00000760       0x90 Drivers\STM32F1xx_HAL_Driver\Src\stm32f1xx_hal_cortex.o
 .debug_aranges
                0x000007f0       0x48 Drivers\STM32F1xx_HAL_Driver\Src\stm32f1xx_hal_crc.o
 .debug_aranges
                0x00000838       0x78 Drivers\STM32F1xx_HAL_Driver\Src\stm32f1xx_hal_dma.o
 .debug_aranges
                0x000008b0       0x78 Drivers\STM32F1xx_HAL_Driver\Src\stm32f1xx_hal_flash.o
 .debug_aranges
                0x00000928       0x58 Drivers\STM32F1xx_HAL_Driver\Src\stm32f1xx_hal_flash_ex.o
 .debug_aranges
                0x00000980       0x58 Drivers\STM32F1xx_HAL_Driver\Src\stm32f1xx_hal_gpio.o
 .debug_aranges
                0x000009d8       0x28 Drivers\STM32F1xx_HAL_Driver\Src\stm32f1xx_hal_iwdg.o
 .debug_aranges
                0x00000a00       0xa8 Drivers\STM32F1xx_HAL_Driver\Src\stm32f1xx_hal_pwr.o
 .debug_aranges
                0x00000aa8       0x88 Drivers\STM32F1xx_HAL_Driver\Src\stm32f1xx_hal_rcc.o
 .debug_aranges
                0x00000b30       0x30 Drivers\STM32F1xx_HAL_Driver\Src\stm32f1xx_hal_rcc_ex.o
 .debug_aranges
                0x00000b60      0x280 Drivers\STM32F1xx_HAL_Driver\Src\stm32f1xx_hal_tim.o
 .debug_aranges
                0x00000de0      0x120 Drivers\STM32F1xx_HAL_Driver\Src\stm32f1xx_hal_tim_ex.o
 .debug_aranges
                0x00000f00      0x170 Drivers\STM32F1xx_HAL_Driver\Src\stm32f1xx_hal_uart.o
 .debug_aranges
                0x00001070       0x28 startup\startup_stm32f103xb.o

.debug_ranges   0x00000000     0x1478
 .debug_ranges  0x00000000       0x58 Core\Src\adc.o
 .debug_ranges  0x00000058       0x20 Core\Src\crc.o
 .debug_ranges  0x00000078       0x80 Core\Src\digiTOS-Lib\digiTOS-ADC.o
 .debug_ranges  0x000000f8       0xb8 Core\Src\digiTOS-Lib\digiTOS-Core.o
 .debug_ranges  0x000001b0       0xa0 Core\Src\digiTOS-Lib\digiTOS-Generator.o
 .debug_ranges  0x00000250       0x10 Core\Src\digiTOS-Lib\digiTOS-IWDG.o
 .debug_ranges  0x00000260       0x30 Core\Src\digiTOS-Lib\digiTOS-Sinus.o
 .debug_ranges  0x00000290       0x80 Core\Src\digiTOS-Lib\eeprom.o
 .debug_ranges  0x00000310       0x48 Core\Src\digiTOS-Lib\stm32f0xx_hal_buttons.o
 .debug_ranges  0x00000358       0x40 Core\Src\dma.o
 .debug_ranges  0x00000398       0x88 Core\Src\gpio.o
 .debug_ranges  0x00000420       0x10 Core\Src\iwdg.o
 .debug_ranges  0x00000430       0x30 Core\Src\main.o
 .debug_ranges  0x00000460       0x30 Core\Src\stm32f1xx_hal_msp.o
 .debug_ranges  0x00000490       0x90 Core\Src\stm32f1xx_it.o
 .debug_ranges  0x00000520       0x18 Core\Src\system_stm32f1xx.o
 .debug_ranges  0x00000538      0x138 Core\Src\tim.o
 .debug_ranges  0x00000670       0x80 Core\Src\usart.o
 .debug_ranges  0x000006f0       0xb8 Drivers\STM32F1xx_HAL_Driver\Src\stm32f1xx_hal.o
 .debug_ranges  0x000007a8       0xb8 Drivers\STM32F1xx_HAL_Driver\Src\stm32f1xx_hal_adc.o
 .debug_ranges  0x00000860       0x70 Drivers\STM32F1xx_HAL_Driver\Src\stm32f1xx_hal_adc_ex.o
 .debug_ranges  0x000008d0       0xf0 Drivers\STM32F1xx_HAL_Driver\Src\stm32f1xx_hal_cortex.o
 .debug_ranges  0x000009c0       0x38 Drivers\STM32F1xx_HAL_Driver\Src\stm32f1xx_hal_crc.o
 .debug_ranges  0x000009f8       0xb8 Drivers\STM32F1xx_HAL_Driver\Src\stm32f1xx_hal_dma.o
 .debug_ranges  0x00000ab0       0xb8 Drivers\STM32F1xx_HAL_Driver\Src\stm32f1xx_hal_flash.o
 .debug_ranges  0x00000b68       0xe8 Drivers\STM32F1xx_HAL_Driver\Src\stm32f1xx_hal_flash_ex.o
 .debug_ranges  0x00000c50       0x68 Drivers\STM32F1xx_HAL_Driver\Src\stm32f1xx_hal_gpio.o
 .debug_ranges  0x00000cb8       0x18 Drivers\STM32F1xx_HAL_Driver\Src\stm32f1xx_hal_iwdg.o
 .debug_ranges  0x00000cd0       0x98 Drivers\STM32F1xx_HAL_Driver\Src\stm32f1xx_hal_pwr.o
 .debug_ranges  0x00000d68       0xa0 Drivers\STM32F1xx_HAL_Driver\Src\stm32f1xx_hal_rcc.o
 .debug_ranges  0x00000e08       0x40 Drivers\STM32F1xx_HAL_Driver\Src\stm32f1xx_hal_rcc_ex.o
 .debug_ranges  0x00000e48      0x370 Drivers\STM32F1xx_HAL_Driver\Src\stm32f1xx_hal_tim.o
 .debug_ranges  0x000011b8      0x110 Drivers\STM32F1xx_HAL_Driver\Src\stm32f1xx_hal_tim_ex.o
 .debug_ranges  0x000012c8      0x190 Drivers\STM32F1xx_HAL_Driver\Src\stm32f1xx_hal_uart.o
 .debug_ranges  0x00001458       0x20 startup\startup_stm32f103xb.o

.debug_line     0x00000000     0xc3d9
 .debug_line    0x00000000      0x34d Core\Src\adc.o
 .debug_line    0x0000034d      0x292 Core\Src\crc.o
 .debug_line    0x000005df      0x4e5 Core\Src\digiTOS-Lib\digiTOS-ADC.o
 .debug_line    0x00000ac4      0x234 Core\Src\digiTOS-Lib\digiTOS-Configuration.o
 .debug_line    0x00000cf8      0x5f8 Core\Src\digiTOS-Lib\digiTOS-Core.o
 .debug_line    0x000012f0      0x513 Core\Src\digiTOS-Lib\digiTOS-Generator.o
 .debug_line    0x00001803      0x270 Core\Src\digiTOS-Lib\digiTOS-IWDG.o
 .debug_line    0x00001a73      0x3a2 Core\Src\digiTOS-Lib\digiTOS-Sinus.o
 .debug_line    0x00001e15      0x329 Core\Src\digiTOS-Lib\eeprom.o
 .debug_line    0x0000213e      0x2f5 Core\Src\digiTOS-Lib\stm32f0xx_hal_buttons.o
 .debug_line    0x00002433      0x243 Core\Src\dma.o
 .debug_line    0x00002676      0x27f Core\Src\gpio.o
 .debug_line    0x000028f5      0x271 Core\Src\iwdg.o
 .debug_line    0x00002b66      0x55b Core\Src\main.o
 .debug_line    0x000030c1      0x253 Core\Src\stm32f1xx_hal_msp.o
 .debug_line    0x00003314      0x5e6 Core\Src\stm32f1xx_it.o
 .debug_line    0x000038fa      0x270 Core\Src\system_stm32f1xx.o
 .debug_line    0x00003b6a      0x444 Core\Src\tim.o
 .debug_line    0x00003fae      0x334 Core\Src\usart.o
 .debug_line    0x000042e2      0x444 Drivers\STM32F1xx_HAL_Driver\Src\stm32f1xx_hal.o
 .debug_line    0x00004726      0x9bc Drivers\STM32F1xx_HAL_Driver\Src\stm32f1xx_hal_adc.o
 .debug_line    0x000050e2      0x801 Drivers\STM32F1xx_HAL_Driver\Src\stm32f1xx_hal_adc_ex.o
 .debug_line    0x000058e3      0x493 Drivers\STM32F1xx_HAL_Driver\Src\stm32f1xx_hal_cortex.o
 .debug_line    0x00005d76      0x375 Drivers\STM32F1xx_HAL_Driver\Src\stm32f1xx_hal_crc.o
 .debug_line    0x000060eb      0x720 Drivers\STM32F1xx_HAL_Driver\Src\stm32f1xx_hal_dma.o
 .debug_line    0x0000680b      0x51e Drivers\STM32F1xx_HAL_Driver\Src\stm32f1xx_hal_flash.o
 .debug_line    0x00006d29      0x5d6 Drivers\STM32F1xx_HAL_Driver\Src\stm32f1xx_hal_flash_ex.o
 .debug_line    0x000072ff      0x54d Drivers\STM32F1xx_HAL_Driver\Src\stm32f1xx_hal_gpio.o
 .debug_line    0x0000784c      0x2e6 Drivers\STM32F1xx_HAL_Driver\Src\stm32f1xx_hal_iwdg.o
 .debug_line    0x00007b32      0x473 Drivers\STM32F1xx_HAL_Driver\Src\stm32f1xx_hal_pwr.o
 .debug_line    0x00007fa5      0x6fd Drivers\STM32F1xx_HAL_Driver\Src\stm32f1xx_hal_rcc.o
 .debug_line    0x000086a2      0x3b8 Drivers\STM32F1xx_HAL_Driver\Src\stm32f1xx_hal_rcc_ex.o
 .debug_line    0x00008a5a     0x2034 Drivers\STM32F1xx_HAL_Driver\Src\stm32f1xx_hal_tim.o
 .debug_line    0x0000aa8e      0xb78 Drivers\STM32F1xx_HAL_Driver\Src\stm32f1xx_hal_tim_ex.o
 .debug_line    0x0000b606      0xd56 Drivers\STM32F1xx_HAL_Driver\Src\stm32f1xx_hal_uart.o
 .debug_line    0x0000c35c       0x7d startup\startup_stm32f103xb.o

.debug_str      0x00000000     0x5441
 .debug_str     0x00000000      0xd47 Core\Src\adc.o
                                0xe5f (size before relaxing)
 .debug_str     0x00000d47      0x108 Core\Src\crc.o
                                0x877 (size before relaxing)
 .debug_str     0x00000e4f      0x7f5 Core\Src\digiTOS-Lib\digiTOS-ADC.o
                               0x11ec (size before relaxing)
 .debug_str     0x00001644       0x84 Core\Src\digiTOS-Lib\digiTOS-Configuration.o
                                0x932 (size before relaxing)
 .debug_str     0x000016c8      0x209 Core\Src\digiTOS-Lib\digiTOS-Core.o
                               0x136d (size before relaxing)
 .debug_str     0x000018d1      0x330 Core\Src\digiTOS-Lib\digiTOS-Generator.o
                               0x142d (size before relaxing)