Archive member included to satisfy reference by file (symbol)

c:/truestudio for stm32 9.2.0/armtools/bin/../lib/gcc/arm-atollic-eabi/6.3.1/../../../../arm-atollic-eabi/lib/armv6-m\libc_nano.a(lib_a-init.o)
                              startup\startup_stm32f030x6.o (__libc_init_array)
c:/truestudio for stm32 9.2.0/armtools/bin/../lib/gcc/arm-atollic-eabi/6.3.1/../../../../arm-atollic-eabi/lib/armv6-m\libc_nano.a(lib_a-memcpy-stub.o)
                              Drivers\STM32F0xx_HAL_Driver\Src\stm32f0xx_hal_rcc.o (memcpy)
c:/truestudio for stm32 9.2.0/armtools/bin/../lib/gcc/arm-atollic-eabi/6.3.1/../../../../arm-atollic-eabi/lib/armv6-m\libc_nano.a(lib_a-memset.o)
                              Core\Src\adc.o (memset)
c:/truestudio for stm32 9.2.0/armtools/bin/../lib/gcc/arm-atollic-eabi/6.3.1/../../../../arm-atollic-eabi/lib/armv6-m\libc_nano.a(lib_a-sprintf.o)
                              Core\Src\digiTOS-Lib\digiTOS-Core.o (sprintf)
c:/truestudio for stm32 9.2.0/armtools/bin/../lib/gcc/arm-atollic-eabi/6.3.1/../../../../arm-atollic-eabi/lib/armv6-m\libc_nano.a(lib_a-strcat.o)
                              Core\Src\digiTOS-Lib\digiTOS-Core.o (strcat)
c:/truestudio for stm32 9.2.0/armtools/bin/../lib/gcc/arm-atollic-eabi/6.3.1/../../../../arm-atollic-eabi/lib/armv6-m\libc_nano.a(lib_a-strcpy.o)
                              Core\Src\digiTOS-Lib\digiTOS-Core.o (strcpy)
c:/truestudio for stm32 9.2.0/armtools/bin/../lib/gcc/arm-atollic-eabi/6.3.1/../../../../arm-atollic-eabi/lib/armv6-m\libc_nano.a(lib_a-impure.o)
                              c:/truestudio for stm32 9.2.0/armtools/bin/../lib/gcc/arm-atollic-eabi/6.3.1/../../../../arm-atollic-eabi/lib/armv6-m\libc_nano.a(lib_a-sprintf.o) (_impure_ptr)
c:/truestudio for stm32 9.2.0/armtools/bin/../lib/gcc/arm-atollic-eabi/6.3.1/../../../../arm-atollic-eabi/lib/armv6-m\libc_nano.a(lib_a-nano-svfprintf.o)
                              c:/truestudio for stm32 9.2.0/armtools/bin/../lib/gcc/arm-atollic-eabi/6.3.1/../../../../arm-atollic-eabi/lib/armv6-m\libc_nano.a(lib_a-sprintf.o) (_svfprintf_r)
c:/truestudio for stm32 9.2.0/armtools/bin/../lib/gcc/arm-atollic-eabi/6.3.1/../../../../arm-atollic-eabi/lib/armv6-m\libc_nano.a(lib_a-nano-vfprintf_i.o)
                              c:/truestudio for stm32 9.2.0/armtools/bin/../lib/gcc/arm-atollic-eabi/6.3.1/../../../../arm-atollic-eabi/lib/armv6-m\libc_nano.a(lib_a-nano-svfprintf.o) (_printf_i)
c:/truestudio for stm32 9.2.0/armtools/bin/../lib/gcc/arm-atollic-eabi/6.3.1/../../../../arm-atollic-eabi/lib/armv6-m\libc_nano.a(lib_a-memchr-stub.o)
                              c:/truestudio for stm32 9.2.0/armtools/bin/../lib/gcc/arm-atollic-eabi/6.3.1/../../../../arm-atollic-eabi/lib/armv6-m\libc_nano.a(lib_a-nano-svfprintf.o) (memchr)
c:/truestudio for stm32 9.2.0/armtools/bin/../lib/gcc/arm-atollic-eabi/6.3.1/../../../../arm-atollic-eabi/lib/armv6-m\libc_nano.a(lib_a-memmove.o)
                              c:/truestudio for stm32 9.2.0/armtools/bin/../lib/gcc/arm-atollic-eabi/6.3.1/../../../../arm-atollic-eabi/lib/armv6-m\libc_nano.a(lib_a-nano-svfprintf.o) (memmove)
c:/truestudio for stm32 9.2.0/armtools/bin/../lib/gcc/arm-atollic-eabi/6.3.1/../../../../arm-atollic-eabi/lib/armv6-m\libc_nano.a(lib_a-nano-freer.o)
                              c:/truestudio for stm32 9.2.0/armtools/bin/../lib/gcc/arm-atollic-eabi/6.3.1/../../../../arm-atollic-eabi/lib/armv6-m\libc_nano.a(lib_a-nano-svfprintf.o) (_free_r)
c:/truestudio for stm32 9.2.0/armtools/bin/../lib/gcc/arm-atollic-eabi/6.3.1/../../../../arm-atollic-eabi/lib/armv6-m\libc_nano.a(lib_a-nano-mallocr.o)
                              c:/truestudio for stm32 9.2.0/armtools/bin/../lib/gcc/arm-atollic-eabi/6.3.1/../../../../arm-atollic-eabi/lib/armv6-m\libc_nano.a(lib_a-nano-svfprintf.o) (_malloc_r)
c:/truestudio for stm32 9.2.0/armtools/bin/../lib/gcc/arm-atollic-eabi/6.3.1/../../../../arm-atollic-eabi/lib/armv6-m\libc_nano.a(lib_a-nano-reallocr.o)
                              c:/truestudio for stm32 9.2.0/armtools/bin/../lib/gcc/arm-atollic-eabi/6.3.1/../../../../arm-atollic-eabi/lib/armv6-m\libc_nano.a(lib_a-nano-svfprintf.o) (_realloc_r)
c:/truestudio for stm32 9.2.0/armtools/bin/../lib/gcc/arm-atollic-eabi/6.3.1/../../../../arm-atollic-eabi/lib/armv6-m\libc_nano.a(lib_a-sbrkr.o)
                              c:/truestudio for stm32 9.2.0/armtools/bin/../lib/gcc/arm-atollic-eabi/6.3.1/../../../../arm-atollic-eabi/lib/armv6-m\libc_nano.a(lib_a-nano-mallocr.o) (_sbrk_r)
c:/truestudio for stm32 9.2.0/armtools/bin/../lib/gcc/arm-atollic-eabi/6.3.1/../../../../arm-atollic-eabi/lib/armv6-m\libc_nano.a(lib_a-mlock.o)
                              c:/truestudio for stm32 9.2.0/armtools/bin/../lib/gcc/arm-atollic-eabi/6.3.1/../../../../arm-atollic-eabi/lib/armv6-m\libc_nano.a(lib_a-nano-freer.o) (__malloc_lock)
[...]
Memory Configuration

Name             Origin             Length             Attributes
RAM              0x20000000         0x00001000         xrw
FLASH            0x08000000         0x00008000         xr
*default*        0x00000000         0xffffffff

Linker script and memory map

LOAD c:/truestudio for stm32 9.2.0/armtools/bin/../lib/gcc/arm-atollic-eabi/6.3.1/armv6-m/crti.o
LOAD c:/truestudio for stm32 9.2.0/armtools/bin/../lib/gcc/arm-atollic-eabi/6.3.1/armv6-m/crtbegin.o
LOAD Core\Src\adc.o
LOAD Core\Src\crc.o
LOAD Core\Src\digiTOS-Lib\digiTOS-ADC.o
LOAD Core\Src\digiTOS-Lib\digiTOS-Configuration.o
LOAD Core\Src\digiTOS-Lib\digiTOS-Core.o
LOAD Core\Src\digiTOS-Lib\digiTOS-Generator.o
LOAD Core\Src\digiTOS-Lib\digiTOS-IWDG.o
LOAD Core\Src\digiTOS-Lib\digiTOS-Sinus.o
LOAD Core\Src\digiTOS-Lib\eeprom.o
LOAD Core\Src\digiTOS-Lib\stm32f0xx_hal_buttons.o
LOAD Core\Src\dma.o
LOAD Core\Src\gpio.o
LOAD Core\Src\iwdg.o
LOAD Core\Src\main.o
LOAD Core\Src\stm32f0xx_hal_msp.o
LOAD Core\Src\stm32f0xx_it.o
LOAD Core\Src\system_stm32f0xx.o
LOAD Core\Src\tim.o
LOAD Core\Src\usart.o
LOAD Drivers\STM32F0xx_HAL_Driver\Src\stm32f0xx_hal.o
LOAD Drivers\STM32F0xx_HAL_Driver\Src\stm32f0xx_hal_adc.o
LOAD Drivers\STM32F0xx_HAL_Driver\Src\stm32f0xx_hal_adc_ex.o
LOAD Drivers\STM32F0xx_HAL_Driver\Src\stm32f0xx_hal_cortex.o
LOAD Drivers\STM32F0xx_HAL_Driver\Src\stm32f0xx_hal_crc.o
LOAD Drivers\STM32F0xx_HAL_Driver\Src\stm32f0xx_hal_crc_ex.o
LOAD Drivers\STM32F0xx_HAL_Driver\Src\stm32f0xx_hal_dma.o
LOAD Drivers\STM32F0xx_HAL_Driver\Src\stm32f0xx_hal_flash.o
LOAD Drivers\STM32F0xx_HAL_Driver\Src\stm32f0xx_hal_flash_ex.o
LOAD Drivers\STM32F0xx_HAL_Driver\Src\stm32f0xx_hal_gpio.o
LOAD Drivers\STM32F0xx_HAL_Driver\Src\stm32f0xx_hal_i2c.o
LOAD Drivers\STM32F0xx_HAL_Driver\Src\stm32f0xx_hal_i2c_ex.o
LOAD Drivers\STM32F0xx_HAL_Driver\Src\stm32f0xx_hal_iwdg.o
LOAD Drivers\STM32F0xx_HAL_Driver\Src\stm32f0xx_hal_pwr.o
LOAD Drivers\STM32F0xx_HAL_Driver\Src\stm32f0xx_hal_pwr_ex.o
LOAD Drivers\STM32F0xx_HAL_Driver\Src\stm32f0xx_hal_rcc.o
LOAD Drivers\STM32F0xx_HAL_Driver\Src\stm32f0xx_hal_rcc_ex.o
LOAD Drivers\STM32F0xx_HAL_Driver\Src\stm32f0xx_hal_tim.o
LOAD Drivers\STM32F0xx_HAL_Driver\Src\stm32f0xx_hal_tim_ex.o
LOAD Drivers\STM32F0xx_HAL_Driver\Src\stm32f0xx_hal_uart.o
LOAD Drivers\STM32F0xx_HAL_Driver\Src\stm32f0xx_hal_uart_ex.o
LOAD startup\startup_stm32f030x6.o
                0x00000080                malloc_getpagesize_P = 0x80
START GROUP
LOAD c:/truestudio for stm32 9.2.0/armtools/bin/../lib/gcc/arm-atollic-eabi/6.3.1/../../../../arm-atollic-eabi/lib/armv6-m\libc_nano.a
LOAD c:/truestudio for stm32 9.2.0/armtools/bin/../lib/gcc/arm-atollic-eabi/6.3.1/../../../../arm-atollic-eabi/lib/armv6-m\libm.a
END GROUP
START GROUP
LOAD c:/truestudio for stm32 9.2.0/armtools/bin/../lib/gcc/arm-atollic-eabi/6.3.1/armv6-m\libgcc.a
LOAD c:/truestudio for stm32 9.2.0/armtools/bin/../lib/gcc/arm-atollic-eabi/6.3.1/../../../../arm-atollic-eabi/lib/armv6-m\libc_nano.a
END GROUP
START GROUP
LOAD c:/truestudio for stm32 9.2.0/armtools/bin/../lib/gcc/arm-atollic-eabi/6.3.1/armv6-m\libgcc.a
LOAD c:/truestudio for stm32 9.2.0/armtools/bin/../lib/gcc/arm-atollic-eabi/6.3.1/../../../../arm-atollic-eabi/lib/armv6-m\libc_nano.a
LOAD c:/truestudio for stm32 9.2.0/armtools/bin/../lib/gcc/arm-atollic-eabi/6.3.1/../../../../arm-atollic-eabi/lib/armv6-m\libnosys.a
END GROUP
START GROUP
LOAD c:/truestudio for stm32 9.2.0/armtools/bin/../lib/gcc/arm-atollic-eabi/6.3.1/armv6-m\libgcc.a
LOAD c:/truestudio for stm32 9.2.0/armtools/bin/../lib/gcc/arm-atollic-eabi/6.3.1/../../../../arm-atollic-eabi/lib/armv6-m\libc_nano.a
LOAD c:/truestudio for stm32 9.2.0/armtools/bin/../lib/gcc/arm-atollic-eabi/6.3.1/../../../../arm-atollic-eabi/lib/armv6-m\libnosys.a
END GROUP
LOAD c:/truestudio for stm32 9.2.0/armtools/bin/../lib/gcc/arm-atollic-eabi/6.3.1/armv6-m/crtend.o
LOAD c:/truestudio for stm32 9.2.0/armtools/bin/../lib/gcc/arm-atollic-eabi/6.3.1/armv6-m/crtn.o
                0x20001000                _estack = 0x20001000
                0x00000200                _Min_Heap_Size = 0x200
                0x00000400                _Min_Stack_Size = 0x400

.isr_vector     0x08000000       0xc0
                0x08000000                . = ALIGN (0x4)
 *(.isr_vector)
 .isr_vector    0x08000000       0xc0 startup\startup_stm32f030x6.o
                0x08000000                g_pfnVectors
                0x080000c0                . = ALIGN (0x4)

.text           0x080000c0     0x7040
                0x080000c0                . = ALIGN (0x4)
 *(.text)
 .text          0x080000c0       0x48 c:/truestudio for stm32 9.2.0/armtools/bin/../lib/gcc/arm-atollic-eabi/6.3.1/armv6-m/crtbegin.o
 .text          0x08000108       0x14 c:/truestudio for stm32 9.2.0/armtools/bin/../lib/gcc/arm-atollic-eabi/6.3.1/armv6-m\libgcc.a(_thumb1_case_uqi.o)
                0x08000108                __gnu_thumb1_case_uqi
 .text          0x0800011c      0x114 c:/truestudio for stm32 9.2.0/armtools/bin/../lib/gcc/arm-atollic-eabi/6.3.1/armv6-m\libgcc.a(_udivsi3.o)
                0x0800011c                __aeabi_uidiv
                0x0800011c                __udivsi3
                0x08000228                __aeabi_uidivmod
 .text          0x08000230        0x4 c:/truestudio for stm32 9.2.0/armtools/bin/../lib/gcc/arm-atollic-eabi/6.3.1/armv6-m\libgcc.a(_dvmd_tls.o)
                0x08000230                __aeabi_idiv0
                0x08000230                __aeabi_ldiv0
 .text          0x08000234       0x18 c:/truestudio for stm32 9.2.0/armtools/bin/../lib/gcc/arm-atollic-eabi/6.3.1/armv6-m\libgcc.a(_lshrdi3.o)
                0x08000234                __lshrdi3
                0x08000234                __aeabi_llsr
 .text          0x0800024c       0x74 c:/truestudio for stm32 9.2.0/armtools/bin/../lib/gcc/arm-atollic-eabi/6.3.1/armv6-m\libgcc.a(_arm_cmpsf2.o)
                0x0800024c                __aeabi_cfrcmple
                0x08000254                __aeabi_cfcmpeq
                0x08000254                __aeabi_cfcmple
                0x08000264                __aeabi_fcmpeq
                0x08000270                __aeabi_fcmplt
                0x08000284                __aeabi_fcmple
                0x08000298                __aeabi_fcmpgt
                0x080002ac                __aeabi_fcmpge
 .text          0x080002c0       0x30 c:/truestudio for stm32 9.2.0/armtools/bin/../lib/gcc/arm-atollic-eabi/6.3.1/armv6-m\libgcc.a(_fixunssfsi.o)
                0x080002c0                __fixunssfsi
                0x080002c0                __aeabi_f2uiz
 .text          0x080002f0      0x324 c:/truestudio for stm32 9.2.0/armtools/bin/../lib/gcc/arm-atollic-eabi/6.3.1/armv6-m\libgcc.a(addsf3.o)
                0x080002f0                __aeabi_fadd
 .text          0x08000614      0x290 c:/truestudio for stm32 9.2.0/armtools/bin/../lib/gcc/arm-atollic-eabi/6.3.1/armv6-m\libgcc.a(divsf3.o)
                0x08000614                __aeabi_fdiv
 .text          0x080008a4       0x4c c:/truestudio for stm32 9.2.0/armtools/bin/../lib/gcc/arm-atollic-eabi/6.3.1/armv6-m\libgcc.a(eqsf2.o)
                0x080008a4                __eqsf2
                0x080008a4                __nesf2
 .text          0x080008f0       0x80 c:/truestudio for stm32 9.2.0/armtools/bin/../lib/gcc/arm-atollic-eabi/6.3.1/armv6-m\libgcc.a(gesf2.o)
                0x080008f0                __gesf2
                0x080008f0                __gtsf2
 .text          0x08000970       0x84 c:/truestudio for stm32 9.2.0/armtools/bin/../lib/gcc/arm-atollic-eabi/6.3.1/armv6-m\libgcc.a(lesf2.o)
                0x08000970                __ltsf2
                0x08000970                __lesf2
 .text          0x080009f4      0x240 c:/truestudio for stm32 9.2.0/armtools/bin/../lib/gcc/arm-atollic-eabi/6.3.1/armv6-m\libgcc.a(mulsf3.o)
                0x080009f4                __aeabi_fmul
 .text          0x08000c34      0x338 c:/truestudio for stm32 9.2.0/armtools/bin/../lib/gcc/arm-atollic-eabi/6.3.1/armv6-m\libgcc.a(subsf3.o)
                0x08000c34                __aeabi_fsub
 .text          0x08000f6c       0x40 c:/truestudio for stm32 9.2.0/armtools/bin/../lib/gcc/arm-atollic-eabi/6.3.1/armv6-m\libgcc.a(fixsfsi.o)
                0x08000f6c                __aeabi_f2iz
 .text          0x08000fac       0xa0 c:/truestudio for stm32 9.2.0/armtools/bin/../lib/gcc/arm-atollic-eabi/6.3.1/armv6-m\libgcc.a(floatsisf.o)
                0x08000fac                __aeabi_i2f
 .text          0x0800104c       0x8c c:/truestudio for stm32 9.2.0/armtools/bin/../lib/gcc/arm-atollic-eabi/6.3.1/armv6-m\libgcc.a(floatunsisf.o)
                0x0800104c                __aeabi_ui2f
 .text          0x080010d8       0x3c c:/truestudio for stm32 9.2.0/armtools/bin/../lib/gcc/arm-atollic-eabi/6.3.1/armv6-m\libgcc.a(_clzsi2.o)
                0x080010d8                __clzsi2
 *(.text*)
 .text.MX_ADC_Init
                0x08001114       0x98 Core\Src\adc.o
                0x08001114                MX_ADC_Init
 .text.HAL_ADC_MspInit
                0x080011ac       0xa8 Core\Src\adc.o
                0x080011ac                HAL_ADC_MspInit
 .text.MX_CRC_Init
                0x08001254       0x3c Core\Src\crc.o
                0x08001254                MX_CRC_Init
 .text.HAL_CRC_MspInit
                0x08001290       0x28 Core\Src\crc.o
                0x08001290                HAL_CRC_MspInit
 .text.StartADC
                0x080012b8       0x18 Core\Src\digiTOS-Lib\digiTOS-ADC.o
                0x080012b8                StartADC
 .text.ResetV_data
                0x080012d0       0xe8 Core\Src\digiTOS-Lib\digiTOS-ADC.o
                0x080012d0                ResetV_data
 .text.CalcNewAmp
                0x080013b8       0x6c Core\Src\digiTOS-Lib\digiTOS-ADC.o
                0x080013b8                CalcNewAmp
 .text.CalcNewAmpByStep
                0x08001424       0x50 Core\Src\digiTOS-Lib\digiTOS-ADC.o
                0x08001424                CalcNewAmpByStep
 .text.asqrt    0x08001474       0x34 Core\Src\digiTOS-Lib\digiTOS-ADC.o
                0x08001474                asqrt
 .text.CalcAc_I_ByWave
                0x080014a8       0x44 Core\Src\digiTOS-Lib\digiTOS-ADC.o
                0x080014a8                CalcAc_I_ByWave
 .text.CalcAc_V_ByWave
                0x080014ec       0x44 Core\Src\digiTOS-Lib\digiTOS-ADC.o
                0x080014ec                CalcAc_V_ByWave
 .text.CalcDC_Average
                0x08001530       0x20 Core\Src\digiTOS-Lib\digiTOS-ADC.o
                0x08001530                CalcDC_Average
 .text.ReadTempValue
                0x08001550       0xe4 Core\Src\digiTOS-Lib\digiTOS-ADC.o
                0x08001550                ReadTempValue
 .text.UpdateAmplitudeByV
                0x08001634      0x234 Core\Src\digiTOS-Lib\digiTOS-ADC.o
                0x08001634                UpdateAmplitudeByV
 .text.CheckV_Feedback
                0x08001868       0xf4 Core\Src\digiTOS-Lib\digiTOS-ADC.o
                0x08001868                CheckV_Feedback
 .text.TM_CRC_Calculate8
                0x0800195c       0x3c Core\Src\digiTOS-Lib\digiTOS-Core.o
                0x0800195c                TM_CRC_Calculate8
 .text.TM_CRC_Calculate32
                0x08001998       0x1c Core\Src\digiTOS-Lib\digiTOS-Core.o
                0x08001998                TM_CRC_Calculate32
 .text.AddUART_CRC
                0x080019b4       0x3c Core\Src\digiTOS-Lib\digiTOS-Core.o
                0x080019b4                AddUART_CRC
 .text.ClearUART_Buff
                0x080019f0       0x14 Core\Src\digiTOS-Lib\digiTOS-Core.o
                0x080019f0                ClearUART_Buff
 .text.Get_ChipID
                0x08001a04       0x38 Core\Src\digiTOS-Lib\digiTOS-Core.o
                0x08001a04                Get_ChipID
 .text.Get_FlashSize
                0x08001a3c       0x28 Core\Src\digiTOS-Lib\digiTOS-Core.o
                0x08001a3c                Get_FlashSize
 .text.Get_Version
                0x08001a64       0x2c Core\Src\digiTOS-Lib\digiTOS-Core.o
                0x08001a64                Get_Version
 .text.WaitForUART_TX
                0x08001a90       0x10 Core\Src\digiTOS-Lib\digiTOS-Core.o
                0x08001a90                WaitForUART_TX
 .text.SerialPrintln
                0x08001aa0       0x30 Core\Src\digiTOS-Lib\digiTOS-Core.o
                0x08001aa0                SerialPrintln
 .text.HAL_UART_TxCpltCallback
                0x08001ad0       0x20 Core\Src\digiTOS-Lib\digiTOS-Core.o
                0x08001ad0                HAL_UART_TxCpltCallback
 .text.ResetWDG
                0x08001af0       0x10 Core\Src\digiTOS-Lib\digiTOS-Core.o
                0x08001af0                ResetWDG
 .text.PrintCurrentState
                0x08001b00      0x120 Core\Src\digiTOS-Lib\digiTOS-Core.o
                0x08001b00                PrintCurrentState
 .text.ResetEEPROM
                0x08001c20       0x18 Core\Src\digiTOS-Lib\digiTOS-Core.o
                0x08001c20                ResetEEPROM
 .text.CALC_RATIO
                0x08001c38       0x38 Core\Src\digiTOS-Lib\digiTOS-Core.o
                0x08001c38                CALC_RATIO
 .text.USE_DEF_CALIB
                0x08001c70       0x18 Core\Src\digiTOS-Lib\digiTOS-Core.o
                0x08001c70                USE_DEF_CALIB
 .text.USE_NEW_CALIB
                0x08001c88       0x1c Core\Src\digiTOS-Lib\digiTOS-Core.o
                0x08001c88                USE_NEW_CALIB
 .text.StoreEEPROM
                0x08001ca4       0x48 Core\Src\digiTOS-Lib\digiTOS-Core.o
                0x08001ca4                StoreEEPROM
 .text.InitEEPROM
                0x08001cec       0x54 Core\Src\digiTOS-Lib\digiTOS-Core.o
                0x08001cec                InitEEPROM
 .text.CalibSave
                0x08001d40       0x34 Core\Src\digiTOS-Lib\digiTOS-Core.o
                0x08001d40                CalibSave
 .text.CalibCmdCheck
                0x08001d74       0xa4 Core\Src\digiTOS-Lib\digiTOS-Core.o
                0x08001d74                CalibCmdCheck
 .text.Set50HzDeadTimeNS
                0x08001e18       0x4c Core\Src\digiTOS-Lib\digiTOS-Generator.o
                0x08001e18                Set50HzDeadTimeNS
 .text.SetNormalSignal
                0x08001e64       0x1c Core\Src\digiTOS-Lib\digiTOS-Generator.o
                0x08001e64                SetNormalSignal
 .text.Idle_SET
                0x08001e80       0x1c Core\Src\digiTOS-Lib\digiTOS-Generator.o
                0x08001e80                Idle_SET
 .text.PWM_50Hz_Init
                0x08001e9c       0x50 Core\Src\digiTOS-Lib\digiTOS-Generator.o
                0x08001e9c                PWM_50Hz_Init
 .text.PWM_50Hz_START
                0x08001eec       0x3c Core\Src\digiTOS-Lib\digiTOS-Generator.o
                0x08001eec                PWM_50Hz_START
 .text.PWM_50Hz_STOP
                0x08001f28       0x54 Core\Src\digiTOS-Lib\digiTOS-Generator.o
                0x08001f28                PWM_50Hz_STOP
 .text.PWM_50Hz_OUTEN
                0x08001f7c       0x14 Core\Src\digiTOS-Lib\digiTOS-Generator.o
                0x08001f7c                PWM_50Hz_OUTEN
 .text.PWM_50Hz_OUTDIS
                0x08001f90       0x20 Core\Src\digiTOS-Lib\digiTOS-Generator.o
                0x08001f90                PWM_50Hz_OUTDIS
 .text.PWM_50Hz_ON
                0x08001fb0        0xc Core\Src\digiTOS-Lib\digiTOS-Generator.o
                0x08001fb0                PWM_50Hz_ON
 .text.PWM_50Hz_OFF
                0x08001fbc        0xc Core\Src\digiTOS-Lib\digiTOS-Generator.o
                0x08001fbc                PWM_50Hz_OFF
 .text.PWM_Sinus_START
                0x08001fc8       0x2c Core\Src\digiTOS-Lib\digiTOS-Generator.o
                0x08001fc8                PWM_Sinus_START
 .text.PWM_Sinus_STOP
                0x08001ff4       0x28 Core\Src\digiTOS-Lib\digiTOS-Generator.o
                0x08001ff4                PWM_Sinus_STOP
 .text.PWM_Sinus_OUTEN
                0x0800201c       0x14 Core\Src\digiTOS-Lib\digiTOS-Generator.o
                0x0800201c                PWM_Sinus_OUTEN
 .text.PWM_Sinus_OUTDIS
                0x08002030       0x20 Core\Src\digiTOS-Lib\digiTOS-Generator.o
                0x08002030                PWM_Sinus_OUTDIS
 .text.PWM_Sinus_ON
                0x08002050        0xc Core\Src\digiTOS-Lib\digiTOS-Generator.o
                0x08002050                PWM_Sinus_ON
 .text.PWM_Sinus_OFF
                0x0800205c        0xc Core\Src\digiTOS-Lib\digiTOS-Generator.o
                0x0800205c                PWM_Sinus_OFF
 .text.PWM_Sinus_Init
                0x08002068       0x70 Core\Src\digiTOS-Lib\digiTOS-Generator.o
                0x08002068                PWM_Sinus_Init
 .text.DigiTOS_IWDG_Init
                0x080020d8       0xb4 Core\Src\digiTOS-Lib\digiTOS-IWDG.o
                0x080020d8                DigiTOS_IWDG_Init
 .text.SetSoftstart
                0x0800218c       0x28 Core\Src\digiTOS-Lib\digiTOS-Sinus.o
                0x0800218c                SetSoftstart
 .text.ResetAmplitude
                0x080021b4       0x3c Core\Src\digiTOS-Lib\digiTOS-Sinus.o
                0x080021b4                ResetAmplitude
 .text.GetApmlitude
                0x080021f0       0x48 Core\Src\digiTOS-Lib\digiTOS-Sinus.o
                0x080021f0                GetApmlitude
 .text.GetSinus
                0x08002238       0x60 Core\Src\digiTOS-Lib\digiTOS-Sinus.o
                0x08002238                GetSinus
 .text.EE_Format
                0x08002298       0x3c Core\Src\digiTOS-Lib\eeprom.o
                0x08002298                EE_Format
 .text.EE_Read  0x080022d4       0x1c Core\Src\digiTOS-Lib\eeprom.o
                0x080022d4                EE_Read
 .text.EE_Reads
                0x080022f0       0x28 Core\Src\digiTOS-Lib\eeprom.o
                0x080022f0                EE_Reads
 .text.EE_Write
                0x08002318       0x8c Core\Src\digiTOS-Lib\eeprom.o
                0x08002318                EE_Write
 .text.buttonInit
                0x080023a4       0x20 Core\Src\digiTOS-Lib\stm32f0xx_hal_buttons.o
                0x080023a4                buttonInit
 .text._button_state
                0x080023c4       0x18 Core\Src\digiTOS-Lib\stm32f0xx_hal_buttons.o
                0x080023c4                _button_state
 .text.buttonUpdate
                0x080023dc       0x82 Core\Src\digiTOS-Lib\stm32f0xx_hal_buttons.o
                0x080023dc                buttonUpdate
 *fill*         0x0800245e        0x2 
 .text.MX_DMA_Init
                0x08002460       0x2c Core\Src\dma.o
                0x08002460                MX_DMA_Init
 .text.MX_GPIO_Init
                0x0800248c       0xc4 Core\Src\gpio.o
                0x0800248c                MX_GPIO_Init
 .text.MX_IWDG_Init
                0x08002550       0x2c Core\Src\iwdg.o
                0x08002550                MX_IWDG_Init
 .text.SystemClock_Config
                0x0800257c       0x6a Core\Src\main.o
                0x0800257c                SystemClock_Config
 *fill*         0x080025e6        0x2 
 .text.startup.main
                0x080025e8      0x384 Core\Src\main.o
                0x080025e8                main
 .text.Error_Handler
                0x0800296c        0x2 Core\Src\main.o
                0x0800296c                Error_Handler
 .text.assert_failed
                0x0800296e        0x2 Core\Src\main.o
                0x0800296e                assert_failed
 .text.HAL_MspInit
                0x08002970       0x30 Core\Src\stm32f0xx_hal_msp.o
                0x08002970                HAL_MspInit
 .text.NMI_Handler
                0x080029a0        0x2 Core\Src\stm32f0xx_it.o
                0x080029a0                NMI_Handler
 .text.HardFault_Handler
                0x080029a2        0x2 Core\Src\stm32f0xx_it.o
                0x080029a2                HardFault_Handler
 .text.SVC_Handler
                0x080029a4        0x2 Core\Src\stm32f0xx_it.o
                0x080029a4                SVC_Handler
 .text.PendSV_Handler
                0x080029a6        0x2 Core\Src\stm32f0xx_it.o
                0x080029a6                PendSV_Handler
 .text.SysTick_Handler
                0x080029a8        0x8 Core\Src\stm32f0xx_it.o
                0x080029a8                SysTick_Handler
 .text.FLASH_IRQHandler
                0x080029b0        0x8 Core\Src\stm32f0xx_it.o
                0x080029b0                FLASH_IRQHandler
 .text.RCC_IRQHandler
                0x080029b8        0x2 Core\Src\stm32f0xx_it.o
                0x080029b8                RCC_IRQHandler
 *fill*         0x080029ba        0x2 
 .text.DMA1_Channel2_3_IRQHandler
                0x080029bc       0x18 Core\Src\stm32f0xx_it.o
                0x080029bc                DMA1_Channel2_3_IRQHandler
 .text.DMA1_Channel4_5_IRQHandler
                0x080029d4       0x10 Core\Src\stm32f0xx_it.o
                0x080029d4                DMA1_Channel4_5_IRQHandler
 .text.ADC1_IRQHandler
                0x080029e4       0x10 Core\Src\stm32f0xx_it.o
                0x080029e4                ADC1_IRQHandler
 .text.TIM1_BRK_UP_TRG_COM_IRQHandler
                0x080029f4       0x54 Core\Src\stm32f0xx_it.o
                0x080029f4                TIM1_BRK_UP_TRG_COM_IRQHandler
 .text.TIM3_IRQHandler
                0x08002a48       0xd4 Core\Src\stm32f0xx_it.o
                0x08002a48                TIM3_IRQHandler
 .text.TIM14_IRQHandler
                0x08002b1c      0x13c Core\Src\stm32f0xx_it.o
                0x08002b1c                TIM14_IRQHandler
 .text.TIM16_IRQHandler
                0x08002c58      0x1f4 Core\Src\stm32f0xx_it.o
                0x08002c58                TIM16_IRQHandler
 .text.USART1_IRQHandler
                0x08002e4c       0x10 Core\Src\stm32f0xx_it.o
                0x08002e4c                USART1_IRQHandler
 .text.SystemInit
                0x08002e5c       0x60 Core\Src\system_stm32f0xx.o
                0x08002e5c                SystemInit
 .text.MX_TIM14_Init
                0x08002ebc       0x34 Core\Src\tim.o
                0x08002ebc                MX_TIM14_Init
 .text.MX_TIM16_Init
                0x08002ef0       0x38 Core\Src\tim.o
                0x08002ef0                MX_TIM16_Init
 .text.HAL_TIM_Base_MspInit
                0x08002f28       0xbc Core\Src\tim.o
                0x08002f28                HAL_TIM_Base_MspInit
 .text.HAL_TIM_MspPostInit
                0x08002fe4       0xc0 Core\Src\tim.o
                0x08002fe4                HAL_TIM_MspPostInit
 .text.MX_TIM1_Init
                0x080030a4       0xf0 Core\Src\tim.o
                0x080030a4                MX_TIM1_Init
 .text.MX_TIM3_Init
                0x08003194       0xc4 Core\Src\tim.o
                0x08003194                MX_TIM3_Init
 .text.MX_USART1_UART_Init
                0x08003258       0x38 Core\Src\usart.o
                0x08003258                MX_USART1_UART_Init
 .text.HAL_UART_MspInit
                0x08003290       0xec Core\Src\usart.o
                0x08003290                HAL_UART_MspInit
 .text.HAL_InitTick
                0x0800337c       0x24 Drivers\STM32F0xx_HAL_Driver\Src\stm32f0xx_hal.o
                0x0800337c                HAL_InitTick
 .text.HAL_Init
                0x080033a0       0x20 Drivers\STM32F0xx_HAL_Driver\Src\stm32f0xx_hal.o
                0x080033a0                HAL_Init
 .text.HAL_IncTick
                0x080033c0       0x10 Drivers\STM32F0xx_HAL_Driver\Src\stm32f0xx_hal.o
                0x080033c0                HAL_IncTick
 .text.HAL_GetTick
                0x080033d0        0xc Drivers\STM32F0xx_HAL_Driver\Src\stm32f0xx_hal.o
                0x080033d0                HAL_GetTick
 .text.HAL_Delay
                0x080033dc       0x20 Drivers\STM32F0xx_HAL_Driver\Src\stm32f0xx_hal.o
                0x080033dc                HAL_Delay
 .text.ADC_Enable
                0x080033fc       0x98 Drivers\STM32F0xx_HAL_Driver\Src\stm32f0xx_hal_adc.o
 .text.HAL_ADC_Init
                0x08003494      0x268 Drivers\STM32F0xx_HAL_Driver\Src\stm32f0xx_hal_adc.o
                0x08003494                HAL_ADC_Init
 .text.HAL_ADC_Start_DMA
                0x080036fc       0xb0 Drivers\STM32F0xx_HAL_Driver\Src\stm32f0xx_hal_adc.o
                0x080036fc                HAL_ADC_Start_DMA
 .text.HAL_ADC_ConvCpltCallback
                0x080037ac        0x2 Drivers\STM32F0xx_HAL_Driver\Src\stm32f0xx_hal_adc.o
                0x080037ac                HAL_ADC_ConvCpltCallback
 *fill*         0x080037ae        0x2 
 .text.ADC_DMAConvCplt
                0x080037b0       0x70 Drivers\STM32F0xx_HAL_Driver\Src\stm32f0xx_hal_adc.o
 .text.HAL_ADC_ConvHalfCpltCallback
                0x08003820        0x2 Drivers\STM32F0xx_HAL_Driver\Src\stm32f0xx_hal_adc.o
                0x08003820                HAL_ADC_ConvHalfCpltCallback
 .text.ADC_DMAHalfConvCplt
                0x08003822        0xa Drivers\STM32F0xx_HAL_Driver\Src\stm32f0xx_hal_adc.o
 .text.HAL_ADC_LevelOutOfWindowCallback
                0x0800382c        0x2 Drivers\STM32F0xx_HAL_Driver\Src\stm32f0xx_hal_adc.o
                0x0800382c                HAL_ADC_LevelOutOfWindowCallback
 .text.HAL_ADC_ErrorCallback
                0x0800382e        0x2 Drivers\STM32F0xx_HAL_Driver\Src\stm32f0xx_hal_adc.o
                0x0800382e                HAL_ADC_ErrorCallback
 .text.ADC_DMAError
                0x08003830       0x1a Drivers\STM32F0xx_HAL_Driver\Src\stm32f0xx_hal_adc.o
 *fill*         0x0800384a        0x2 
 .text.HAL_ADC_IRQHandler
                0x0800384c      0x120 Drivers\STM32F0xx_HAL_Driver\Src\stm32f0xx_hal_adc.o
                0x0800384c                HAL_ADC_IRQHandler
 .text.HAL_ADC_ConfigChannel
                0x0800396c      0x15c Drivers\STM32F0xx_HAL_Driver\Src\stm32f0xx_hal_adc.o
                0x0800396c                HAL_ADC_ConfigChannel
 .text.HAL_NVIC_SetPriority
                0x08003ac8       0x74 Drivers\STM32F0xx_HAL_Driver\Src\stm32f0xx_hal_cortex.o
                0x08003ac8                HAL_NVIC_SetPriority
 .text.HAL_NVIC_EnableIRQ
                0x08003b3c       0x24 Drivers\STM32F0xx_HAL_Driver\Src\stm32f0xx_hal_cortex.o
                0x08003b3c                HAL_NVIC_EnableIRQ
 .text.HAL_SYSTICK_Config
                0x08003b60       0x34 Drivers\STM32F0xx_HAL_Driver\Src\stm32f0xx_hal_cortex.o
                0x08003b60                HAL_SYSTICK_Config
 .text.HAL_CRC_Init
                0x08003b94       0xb4 Drivers\STM32F0xx_HAL_Driver\Src\stm32f0xx_hal_crc.o
                0x08003b94                HAL_CRC_Init
 .text.HAL_CRCEx_Init
                0x08003c48        0x4 Drivers\STM32F0xx_HAL_Driver\Src\stm32f0xx_hal_crc_ex.o
                0x08003c48                HAL_CRCEx_Init
 .text.HAL_DMA_Init
                0x08003c4c      0x144 Drivers\STM32F0xx_HAL_Driver\Src\stm32f0xx_hal_dma.o
                0x08003c4c                HAL_DMA_Init
 .text.HAL_DMA_Start_IT
                0x08003d90       0x98 Drivers\STM32F0xx_HAL_Driver\Src\stm32f0xx_hal_dma.o
                0x08003d90                HAL_DMA_Start_IT
 .text.HAL_DMA_Abort_IT
                0x08003e28       0x46 Drivers\STM32F0xx_HAL_Driver\Src\stm32f0xx_hal_dma.o
                0x08003e28                HAL_DMA_Abort_IT
 .text.HAL_DMA_IRQHandler
                0x08003e6e       0x92 Drivers\STM32F0xx_HAL_Driver\Src\stm32f0xx_hal_dma.o
                0x08003e6e                HAL_DMA_IRQHandler
 .text.FLASH_SetErrorCode
                0x08003f00       0x3c Drivers\STM32F0xx_HAL_Driver\Src\stm32f0xx_hal_flash.o
 .text.HAL_FLASH_EndOfOperationCallback
                0x08003f3c        0x2 Drivers\STM32F0xx_HAL_Driver\Src\stm32f0xx_hal_flash.o
                0x08003f3c                HAL_FLASH_EndOfOperationCallback
 .text.HAL_FLASH_OperationErrorCallback
                0x08003f3e        0x2 Drivers\STM32F0xx_HAL_Driver\Src\stm32f0xx_hal_flash.o
                0x08003f3e                HAL_FLASH_OperationErrorCallback
 .text.HAL_FLASH_IRQHandler
                0x08003f40      0x11c Drivers\STM32F0xx_HAL_Driver\Src\stm32f0xx_hal_flash.o
                0x08003f40                HAL_FLASH_IRQHandler
 .text.HAL_FLASH_Unlock
                0x0800405c       0x24 Drivers\STM32F0xx_HAL_Driver\Src\stm32f0xx_hal_flash.o
                0x0800405c                HAL_FLASH_Unlock
 .text.HAL_FLASH_Lock
                0x08004080       0x14 Drivers\STM32F0xx_HAL_Driver\Src\stm32f0xx_hal_flash.o
                0x08004080                HAL_FLASH_Lock
 .text.FLASH_WaitForLastOperation
                0x08004094       0x54 Drivers\STM32F0xx_HAL_Driver\Src\stm32f0xx_hal_flash.o
                0x08004094                FLASH_WaitForLastOperation
 .text.HAL_FLASH_Program
                0x080040e8       0xb0 Drivers\STM32F0xx_HAL_Driver\Src\stm32f0xx_hal_flash.o
                0x080040e8                HAL_FLASH_Program
 .text.FLASH_MassErase
                0x08004198       0x24 Drivers\STM32F0xx_HAL_Driver\Src\stm32f0xx_hal_flash_ex.o
 .text.FLASH_PageErase
                0x080041bc       0x24 Drivers\STM32F0xx_HAL_Driver\Src\stm32f0xx_hal_flash_ex.o
                0x080041bc                FLASH_PageErase
 .text.HAL_FLASHEx_Erase
                0x080041e0       0xdc Drivers\STM32F0xx_HAL_Driver\Src\stm32f0xx_hal_flash_ex.o
                0x080041e0                HAL_FLASHEx_Erase
 .text.HAL_GPIO_Init
                0x080042bc      0x230 Drivers\STM32F0xx_HAL_Driver\Src\stm32f0xx_hal_gpio.o
                0x080042bc                HAL_GPIO_Init
 .text.HAL_GPIO_ReadPin
                0x080044ec       0x24 Drivers\STM32F0xx_HAL_Driver\Src\stm32f0xx_hal_gpio.o
                0x080044ec                HAL_GPIO_ReadPin
 .text.HAL_GPIO_WritePin
                0x08004510       0x34 Drivers\STM32F0xx_HAL_Driver\Src\stm32f0xx_hal_gpio.o
                0x08004510                HAL_GPIO_WritePin
 .text.HAL_GPIO_TogglePin
                0x08004544       0x20 Drivers\STM32F0xx_HAL_Driver\Src\stm32f0xx_hal_gpio.o
                0x08004544                HAL_GPIO_TogglePin
 .text.HAL_I2CEx_EnableFastModePlus
                0x08004564       0x5c Drivers\STM32F0xx_HAL_Driver\Src\stm32f0xx_hal_i2c_ex.o
                0x08004564                HAL_I2CEx_EnableFastModePlus
 .text.HAL_IWDG_Init
                0x080045c0       0xa0 Drivers\STM32F0xx_HAL_Driver\Src\stm32f0xx_hal_iwdg.o
                0x080045c0                HAL_IWDG_Init
 .text.HAL_IWDG_Refresh
                0x08004660       0x10 Drivers\STM32F0xx_HAL_Driver\Src\stm32f0xx_hal_iwdg.o
                0x08004660                HAL_IWDG_Refresh
 .text.HAL_RCC_OscConfig
                0x08004670      0x4f0 Drivers\STM32F0xx_HAL_Driver\Src\stm32f0xx_hal_rcc.o
                0x08004670                HAL_RCC_OscConfig
 .text.HAL_RCC_GetSysClockFreq
                0x08004b60       0x64 Drivers\STM32F0xx_HAL_Driver\Src\stm32f0xx_hal_rcc.o
                0x08004b60                HAL_RCC_GetSysClockFreq
 .text.HAL_RCC_ClockConfig
                0x08004bc4      0x1e4 Drivers\STM32F0xx_HAL_Driver\Src\stm32f0xx_hal_rcc.o
                0x08004bc4                HAL_RCC_ClockConfig
 .text.HAL_RCC_GetHCLKFreq
                0x08004da8        0xc Drivers\STM32F0xx_HAL_Driver\Src\stm32f0xx_hal_rcc.o
                0x08004da8                HAL_RCC_GetHCLKFreq
 .text.HAL_RCC_GetPCLK1Freq
                0x08004db4       0x20 Drivers\STM32F0xx_HAL_Driver\Src\stm32f0xx_hal_rcc.o
                0x08004db4                HAL_RCC_GetPCLK1Freq
 .text.HAL_RCCEx_PeriphCLKConfig
                0x08004dd4      0x154 Drivers\STM32F0xx_HAL_Driver\Src\stm32f0xx_hal_rcc_ex.o
                0x08004dd4                HAL_RCCEx_PeriphCLKConfig
 .text.TIM_OC1_SetConfig
                0x08004f28       0xc8 Drivers\STM32F0xx_HAL_Driver\Src\stm32f0xx_hal_tim.o
 .text.TIM_OC3_SetConfig
                0x08004ff0       0xd0 Drivers\STM32F0xx_HAL_Driver\Src\stm32f0xx_hal_tim.o
 .text.TIM_OC4_SetConfig
                0x080050c0       0x8c Drivers\STM32F0xx_HAL_Driver\Src\stm32f0xx_hal_tim.o
 .text.HAL_TIM_Base_Start
                0x0800514c       0x60 Drivers\STM32F0xx_HAL_Driver\Src\stm32f0xx_hal_tim.o
                0x0800514c                HAL_TIM_Base_Start
 .text.HAL_TIM_Base_Start_IT
                0x080051ac       0x5c Drivers\STM32F0xx_HAL_Driver\Src\stm32f0xx_hal_tim.o
                0x080051ac                HAL_TIM_Base_Start_IT
 .text.HAL_TIM_OC_MspInit
                0x08005208        0x2 Drivers\STM32F0xx_HAL_Driver\Src\stm32f0xx_hal_tim.o
                0x08005208                HAL_TIM_OC_MspInit
 .text.HAL_TIM_PWM_MspInit
                0x0800520a        0x2 Drivers\STM32F0xx_HAL_Driver\Src\stm32f0xx_hal_tim.o
                0x0800520a                HAL_TIM_PWM_MspInit
 .text.HAL_TIM_PeriodElapsedCallback
                0x0800520c        0x2 Drivers\STM32F0xx_HAL_Driver\Src\stm32f0xx_hal_tim.o
                0x0800520c                HAL_TIM_PeriodElapsedCallback
 .text.HAL_TIM_OC_DelayElapsedCallback
                0x0800520e        0x2 Drivers\STM32F0xx_HAL_Driver\Src\stm32f0xx_hal_tim.o
                0x0800520e                HAL_TIM_OC_DelayElapsedCallback
 .text.HAL_TIM_IC_CaptureCallback
                0x08005210        0x2 Drivers\STM32F0xx_HAL_Driver\Src\stm32f0xx_hal_tim.o
                0x08005210                HAL_TIM_IC_CaptureCallback
 .text.HAL_TIM_PWM_PulseFinishedCallback
                0x08005212        0x2 Drivers\STM32F0xx_HAL_Driver\Src\stm32f0xx_hal_tim.o
                0x08005212                HAL_TIM_PWM_PulseFinishedCallback
 .text.HAL_TIM_TriggerCallback
                0x08005214        0x2 Drivers\STM32F0xx_HAL_Driver\Src\stm32f0xx_hal_tim.o
                0x08005214                HAL_TIM_TriggerCallback
 .text.HAL_TIM_IRQHandler
                0x08005216      0x148 Drivers\STM32F0xx_HAL_Driver\Src\stm32f0xx_hal_tim.o
                0x08005216                HAL_TIM_IRQHandler
 *fill*         0x0800535e        0x2 
 .text.TIM_Base_SetConfig
                0x08005360       0x80 Drivers\STM32F0xx_HAL_Driver\Src\stm32f0xx_hal_tim.o
                0x08005360                TIM_Base_SetConfig
 .text.HAL_TIM_Base_Init
                0x080053e0       0xc4 Drivers\STM32F0xx_HAL_Driver\Src\stm32f0xx_hal_tim.o
                0x080053e0                HAL_TIM_Base_Init
 .text.HAL_TIM_OC_Init
                0x080054a4       0xcc Drivers\STM32F0xx_HAL_Driver\Src\stm32f0xx_hal_tim.o
                0x080054a4                HAL_TIM_OC_Init
 .text.HAL_TIM_PWM_Init
                0x08005570       0xd0 Drivers\STM32F0xx_HAL_Driver\Src\stm32f0xx_hal_tim.o
                0x08005570                HAL_TIM_PWM_Init
 .text.TIM_OC2_SetConfig
                0x08005640       0xc8 Drivers\STM32F0xx_HAL_Driver\Src\stm32f0xx_hal_tim.o
                0x08005640                TIM_OC2_SetConfig
 .text.HAL_TIM_OC_ConfigChannel
                0x08005708      0x150 Drivers\STM32F0xx_HAL_Driver\Src\stm32f0xx_hal_tim.o
                0x08005708                HAL_TIM_OC_ConfigChannel
 .text.HAL_TIM_PWM_ConfigChannel
                0x08005858      0x1c4 Drivers\STM32F0xx_HAL_Driver\Src\stm32f0xx_hal_tim.o
                0x08005858                HAL_TIM_PWM_ConfigChannel
 .text.TIM_ETR_SetConfig
                0x08005a1c       0x18 Drivers\STM32F0xx_HAL_Driver\Src\stm32f0xx_hal_tim.o
                0x08005a1c                TIM_ETR_SetConfig
 .text.HAL_TIM_ConfigClockSource
                0x08005a34      0x408 Drivers\STM32F0xx_HAL_Driver\Src\stm32f0xx_hal_tim.o
                0x08005a34                HAL_TIM_ConfigClockSource
 .text.HAL_TIMEx_MasterConfigSynchronization
                0x08005e3c       0x98 Drivers\STM32F0xx_HAL_Driver\Src\stm32f0xx_hal_tim_ex.o
                0x08005e3c                HAL_TIMEx_MasterConfigSynchronization
 .text.HAL_TIMEx_ConfigBreakDeadTime
                0x08005ed4      0x130 Drivers\STM32F0xx_HAL_Driver\Src\stm32f0xx_hal_tim_ex.o
                0x08005ed4                HAL_TIMEx_ConfigBreakDeadTime
 .text.HAL_TIMEx_CommutationCallback
                0x08006004        0x2 Drivers\STM32F0xx_HAL_Driver\Src\stm32f0xx_hal_tim_ex.o
                0x08006004                HAL_TIMEx_CommutationCallback
 .text.HAL_TIMEx_BreakCallback
                0x08006006        0x2 Drivers\STM32F0xx_HAL_Driver\Src\stm32f0xx_hal_tim_ex.o
                0x08006006                HAL_TIMEx_BreakCallback
 .text.UART_EndRxTransfer
                0x08006008       0x20 Drivers\STM32F0xx_HAL_Driver\Src\stm32f0xx_hal_uart.o
 .text.HAL_UART_Transmit_DMA
                0x08006028       0x8c Drivers\STM32F0xx_HAL_Driver\Src\stm32f0xx_hal_uart.o
                0x08006028                HAL_UART_Transmit_DMA
 .text.UART_DMATransmitCplt
                0x080060b4       0x30 Drivers\STM32F0xx_HAL_Driver\Src\stm32f0xx_hal_uart.o
 .text.HAL_UART_TxHalfCpltCallback
                0x080060e4        0x2 Drivers\STM32F0xx_HAL_Driver\Src\stm32f0xx_hal_uart.o
                0x080060e4                HAL_UART_TxHalfCpltCallback
 .text.UART_DMATxHalfCplt
                0x080060e6        0xa Drivers\STM32F0xx_HAL_Driver\Src\stm32f0xx_hal_uart.o
 .text.HAL_UART_RxCpltCallback
                0x080060f0        0x2 Drivers\STM32F0xx_HAL_Driver\Src\stm32f0xx_hal_uart.o
                0x080060f0                HAL_UART_RxCpltCallback
 .text.HAL_UART_ErrorCallback
                0x080060f2        0x2 Drivers\STM32F0xx_HAL_Driver\Src\stm32f0xx_hal_uart.o
                0x080060f2                HAL_UART_ErrorCallback
 .text.UART_DMAError
                0x080060f4       0x5a Drivers\STM32F0xx_HAL_Driver\Src\stm32f0xx_hal_uart.o
 .text.UART_DMAAbortOnError
                0x0800614e       0x16 Drivers\STM32F0xx_HAL_Driver\Src\stm32f0xx_hal_uart.o
 .text.UART_SetConfig
                0x08006164      0x1d8 Drivers\STM32F0xx_HAL_Driver\Src\stm32f0xx_hal_uart.o
                0x08006164                UART_SetConfig
 .text.UART_AdvFeatureConfig
                0x0800633c      0x1b8 Drivers\STM32F0xx_HAL_Driver\Src\stm32f0xx_hal_uart.o
                0x0800633c                UART_AdvFeatureConfig
 .text.HAL_UART_Init
                0x080064f4       0xa4 Drivers\STM32F0xx_HAL_Driver\Src\stm32f0xx_hal_uart.o
                0x080064f4                HAL_UART_Init
 .text.UART_Transmit_IT
                0x08006598       0x64 Drivers\STM32F0xx_HAL_Driver\Src\stm32f0xx_hal_uart.o
                0x08006598                UART_Transmit_IT
 .text.UART_EndTransmit_IT
                0x080065fc       0x1c Drivers\STM32F0xx_HAL_Driver\Src\stm32f0xx_hal_uart.o
                0x080065fc                UART_EndTransmit_IT
 .text.UART_Receive_IT
                0x08006618       0x7c Drivers\STM32F0xx_HAL_Driver\Src\stm32f0xx_hal_uart.o
                0x08006618                UART_Receive_IT
 .text.HAL_UART_IRQHandler
                0x08006694      0x118 Drivers\STM32F0xx_HAL_Driver\Src\stm32f0xx_hal_uart.o
                0x08006694                HAL_UART_IRQHandler
 .text.Reset_Handler
                0x080067ac       0x50 startup\startup_stm32f030x6.o
                0x080067ac                Reset_Handler
 .text.Default_Handler
                0x080067fc        0x2 startup\startup_stm32f030x6.o
                0x080067fc                TIM1_CC_IRQHandler
                0x080067fc                I2C1_IRQHandler
                0x080067fc                SPI1_IRQHandler
                0x080067fc                EXTI2_3_IRQHandler
                0x080067fc                TIM17_IRQHandler
                0x080067fc                RTC_IRQHandler
                0x080067fc                EXTI4_15_IRQHandler
                0x080067fc                DMA1_Channel1_IRQHandler
                0x080067fc                Default_Handler
                0x080067fc                EXTI0_1_IRQHandler
                0x080067fc                WWDG_IRQHandler
 *fill*         0x080067fe        0x2 
 .text.__libc_init_array
                0x08006800       0x48 c:/truestudio for stm32 9.2.0/armtools/bin/../lib/gcc/arm-atollic-eabi/6.3.1/../../../../arm-atollic-eabi/lib/armv6-m\libc_nano.a(lib_a-init.o)
                0x08006800                __libc_init_array
 .text.memcpy   0x08006848       0x12 c:/truestudio for stm32 9.2.0/armtools/bin/../lib/gcc/arm-atollic-eabi/6.3.1/../../../../arm-atollic-eabi/lib/armv6-m\libc_nano.a(lib_a-memcpy-stub.o)
                0x08006848                memcpy
 .text.memset   0x0800685a       0x10 c:/truestudio for stm32 9.2.0/armtools/bin/../lib/gcc/arm-atollic-eabi/6.3.1/../../../../arm-atollic-eabi/lib/armv6-m\libc_nano.a(lib_a-memset.o)
                0x0800685a                memset
 *fill*         0x0800686a        0x2 
 .text.sprintf  0x0800686c       0x44 c:/truestudio for stm32 9.2.0/armtools/bin/../lib/gcc/arm-atollic-eabi/6.3.1/../../../../arm-atollic-eabi/lib/armv6-m\libc_nano.a(lib_a-sprintf.o)
                0x0800686c                siprintf
                0x0800686c                sprintf
 .text.strcat   0x080068b0       0x1a c:/truestudio for stm32 9.2.0/armtools/bin/../lib/gcc/arm-atollic-eabi/6.3.1/../../../../arm-atollic-eabi/lib/armv6-m\libc_nano.a(lib_a-strcat.o)
                0x080068b0                strcat
 .text.strcpy   0x080068ca       0x10 c:/truestudio for stm32 9.2.0/armtools/bin/../lib/gcc/arm-atollic-eabi/6.3.1/../../../../arm-atollic-eabi/lib/armv6-m\libc_nano.a(lib_a-strcpy.o)
                0x080068ca                strcpy
 *fill*         0x080068da        0x2 
 .text.__ssputs_r
                0x080068dc       0xc4 c:/truestudio for stm32 9.2.0/armtools/bin/../lib/gcc/arm-atollic-eabi/6.3.1/../../../../arm-atollic-eabi/lib/armv6-m\libc_nano.a(lib_a-nano-svfprintf.o)
                0x080068dc                __ssputs_r
 .text._svfprintf_r
                0x080069a0      0x208 c:/truestudio for stm32 9.2.0/armtools/bin/../lib/gcc/arm-atollic-eabi/6.3.1/../../../../arm-atollic-eabi/lib/armv6-m\libc_nano.a(lib_a-nano-svfprintf.o)
                0x080069a0                _svfiprintf_r
                0x080069a0                _svfprintf_r
 .text._printf_common
                0x08006ba8       0xda c:/truestudio for stm32 9.2.0/armtools/bin/../lib/gcc/arm-atollic-eabi/6.3.1/../../../../arm-atollic-eabi/lib/armv6-m\libc_nano.a(lib_a-nano-vfprintf_i.o)
                0x08006ba8                _printf_common
 *fill*         0x08006c82        0x2 
 .text._printf_i
                0x08006c84      0x234 c:/truestudio for stm32 9.2.0/armtools/bin/../lib/gcc/arm-atollic-eabi/6.3.1/../../../../arm-atollic-eabi/lib/armv6-m\libc_nano.a(lib_a-nano-vfprintf_i.o)
                0x08006c84                _printf_i
 .text.memchr   0x08006eb8       0x16 c:/truestudio for stm32 9.2.0/armtools/bin/../lib/gcc/arm-atollic-eabi/6.3.1/../../../../arm-atollic-eabi/lib/armv6-m\libc_nano.a(lib_a-memchr-stub.o)
                0x08006eb8                memchr
 .text.memmove  0x08006ece       0x24 c:/truestudio for stm32 9.2.0/armtools/bin/../lib/gcc/arm-atollic-eabi/6.3.1/../../../../arm-atollic-eabi/lib/armv6-m\libc_nano.a(lib_a-memmove.o)
                0x08006ece                memmove
 *fill*         0x08006ef2        0x2 
 .text._free_r  0x08006ef4       0x94 c:/truestudio for stm32 9.2.0/armtools/bin/../lib/gcc/arm-atollic-eabi/6.3.1/../../../../arm-atollic-eabi/lib/armv6-m\libc_nano.a(lib_a-nano-freer.o)
                0x08006ef4                _free_r
 .text._malloc_r
                0x08006f88       0xbc c:/truestudio for stm32 9.2.0/armtools/bin/../lib/gcc/arm-atollic-eabi/6.3.1/../../../../arm-atollic-eabi/lib/armv6-m\libc_nano.a(lib_a-nano-mallocr.o)
                0x08006f88                _malloc_r
 .text._realloc_r
                0x08007044       0x4c c:/truestudio for stm32 9.2.0/armtools/bin/../lib/gcc/arm-atollic-eabi/6.3.1/../../../../arm-atollic-eabi/lib/armv6-m\libc_nano.a(lib_a-nano-reallocr.o)
                0x08007044                _realloc_r
 .text._sbrk_r  0x08007090       0x24 c:/truestudio for stm32 9.2.0/armtools/bin/../lib/gcc/arm-atollic-eabi/6.3.1/../../../../arm-atollic-eabi/lib/armv6-m\libc_nano.a(lib_a-sbrkr.o)
                0x08007090                _sbrk_r
 .text.__malloc_lock
                0x080070b4        0x2 c:/truestudio for stm32 9.2.0/armtools/bin/../lib/gcc/arm-atollic-eabi/6.3.1/../../../../arm-atollic-eabi/lib/armv6-m\libc_nano.a(lib_a-mlock.o)
                0x080070b4                __malloc_lock
 .text.__malloc_unlock
                0x080070b6        0x2 c:/truestudio for stm32 9.2.0/armtools/bin/../lib/gcc/arm-atollic-eabi/6.3.1/../../../../arm-atollic-eabi/lib/armv6-m\libc_nano.a(lib_a-mlock.o)
                0x080070b6                __malloc_unlock
 .text._malloc_usable_size_r
                0x080070b8       0x10 c:/truestudio for stm32 9.2.0/armtools/bin/../lib/gcc/arm-atollic-eabi/6.3.1/../../../../arm-atollic-eabi/lib/armv6-m\libc_nano.a(lib_a-nano-msizer.o)
                0x080070b8                _malloc_usable_size_r
 .text._sbrk    0x080070c8       0x20 c:/truestudio for stm32 9.2.0/armtools/bin/../lib/gcc/arm-atollic-eabi/6.3.1/../../../../arm-atollic-eabi/lib/armv6-m\libnosys.a(sbrk.o)
                0x080070c8                _sbrk
 *(.glue_7)
 .glue_7        0x080070e8        0x0 linker stubs
 *(.glue_7t)
 .glue_7t       0x080070e8        0x0 linker stubs
 *(.eh_frame)
 .eh_frame      0x080070e8        0x0 c:/truestudio for stm32 9.2.0/armtools/bin/../lib/gcc/arm-atollic-eabi/6.3.1/armv6-m/crtbegin.o
 *(.init)
 .init          0x080070e8        0x4 c:/truestudio for stm32 9.2.0/armtools/bin/../lib/gcc/arm-atollic-eabi/6.3.1/armv6-m/crti.o
                0x080070e8                _init
 .init          0x080070ec        0x8 c:/truestudio for stm32 9.2.0/armtools/bin/../lib/gcc/arm-atollic-eabi/6.3.1/armv6-m/crtn.o
 *(.fini)
 .fini          0x080070f4        0x4 c:/truestudio for stm32 9.2.0/armtools/bin/../lib/gcc/arm-atollic-eabi/6.3.1/armv6-m/crti.o
                0x080070f4                _fini
 .fini          0x080070f8        0x8 c:/truestudio for stm32 9.2.0/armtools/bin/../lib/gcc/arm-atollic-eabi/6.3.1/armv6-m/crtn.o
                0x08007100                . = ALIGN (0x4)
                0x08007100                _etext = .

.vfp11_veneer   0x08007100        0x0
 .vfp11_veneer  0x08007100        0x0 linker stubs

.v4_bx          0x08007100        0x0
 .v4_bx         0x08007100        0x0 linker stubs

.iplt           0x08007100        0x0
 .iplt          0x08007100        0x0 c:/truestudio for stm32 9.2.0/armtools/bin/../lib/gcc/arm-atollic-eabi/6.3.1/armv6-m/crtbegin.o

.rodata         0x08007100      0x594
                0x08007100                . = ALIGN (0x4)
 *(.rodata)
 .rodata        0x08007100       0x20 Drivers\STM32F0xx_HAL_Driver\Src\stm32f0xx_hal_rcc.o
 .rodata        0x08007120       0x80 c:/truestudio for stm32 9.2.0/armtools/bin/../lib/gcc/arm-atollic-eabi/6.3.1/armv6-m\libgcc.a(divsf3.o)
 .rodata        0x080071a0       0x40 c:/truestudio for stm32 9.2.0/armtools/bin/../lib/gcc/arm-atollic-eabi/6.3.1/armv6-m\libgcc.a(mulsf3.o)
 *(.rodata*)
 .rodata.AddUART_CRC.str1.1
                0x080071e0        0xd Core\Src\digiTOS-Lib\digiTOS-Core.o
 .rodata.CalibSave.str1.1
                0x080071ed        0xe Core\Src\digiTOS-Lib\digiTOS-Core.o
 .rodata.Get_ChipID.str1.1
                0x080071fb       0x13 Core\Src\digiTOS-Lib\digiTOS-Core.o
 .rodata.Get_FlashSize.str1.1
                0x0800720e       0x11 Core\Src\digiTOS-Lib\digiTOS-Core.o
 .rodata.Get_Version.str1.1
                0x0800721f       0x16 Core\Src\digiTOS-Lib\digiTOS-Core.o
 .rodata.PrintCurrentState.str1.1
                0x08007235       0x74 Core\Src\digiTOS-Lib\digiTOS-Core.o
 .rodata.main.str1.1
                0x080072a9       0x75 Core\Src\main.o
 .rodata.AHBPrescTable
                0x0800731e       0x10 Core\Src\system_stm32f0xx.o
                0x0800731e                AHBPrescTable
 .rodata.APBPrescTable
                0x0800732e        0x8 Core\Src\system_stm32f0xx.o
                0x0800732e                APBPrescTable
 .rodata.ADC_ConversionStop.str1.1
                0x08007336       0x38 Drivers\STM32F0xx_HAL_Driver\Src\stm32f0xx_hal_adc.o
 .rodata.HAL_NVIC_SetPriority.str1.1
                0x0800736e       0x3b Drivers\STM32F0xx_HAL_Driver\Src\stm32f0xx_hal_cortex.o
 .rodata.HAL_CRC_Init.str1.1
                0x080073a9       0x38 Drivers\STM32F0xx_HAL_Driver\Src\stm32f0xx_hal_crc.o
 .rodata.HAL_DMA_Init.str1.1
                0x080073e1       0x38 Drivers\STM32F0xx_HAL_Driver\Src\stm32f0xx_hal_dma.o
 .rodata.HAL_FLASH_Program_IT.str1.1
                0x08007419       0x3a Drivers\STM32F0xx_HAL_Driver\Src\stm32f0xx_hal_flash.o
 .rodata.FLASH_OB_RDP_LevelConfig.str1.1
                0x08007453       0x3d Drivers\STM32F0xx_HAL_Driver\Src\stm32f0xx_hal_flash_ex.o
 .rodata.HAL_GPIO_Init.str1.1
                0x08007490       0x39 Drivers\STM32F0xx_HAL_Driver\Src\stm32f0xx_hal_gpio.o
 .rodata.HAL_I2CEx_ConfigAnalogFilter.str1.1
                0x080074c9       0x3b Drivers\STM32F0xx_HAL_Driver\Src\stm32f0xx_hal_i2c_ex.o
 .rodata.HAL_IWDG_Init.str1.1
                0x08007504       0x39 Drivers\STM32F0xx_HAL_Driver\Src\stm32f0xx_hal_iwdg.o
 .rodata.HAL_RCC_OscConfig.str1.1
                0x0800753d       0x38 Drivers\STM32F0xx_HAL_Driver\Src\stm32f0xx_hal_rcc.o
 .rodata.HAL_RCCEx_PeriphCLKConfig.str1.1
                0x08007575       0x3b Drivers\STM32F0xx_HAL_Driver\Src\stm32f0xx_hal_rcc_ex.o
 .rodata.TIM_OC1_SetConfig.str1.1
                0x080075b0       0x38 Drivers\STM32F0xx_HAL_Driver\Src\stm32f0xx_hal_tim.o
 .rodata.HAL_TIMEx_HallSensor_Init.str1.1
                0x080075e8       0x3b Drivers\STM32F0xx_HAL_Driver\Src\stm32f0xx_hal_tim_ex.o
 .rodata.CSWTCH.50
                0x08007623        0x4 Drivers\STM32F0xx_HAL_Driver\Src\stm32f0xx_hal_uart.o
 .rodata.HAL_UART_DeInit.str1.1
                0x08007627       0x39 Drivers\STM32F0xx_HAL_Driver\Src\stm32f0xx_hal_uart.o
 .rodata._svfprintf_r.str1.1
                0x08007660       0x11 c:/truestudio for stm32 9.2.0/armtools/bin/../lib/gcc/arm-atollic-eabi/6.3.1/../../../../arm-atollic-eabi/lib/armv6-m\libc_nano.a(lib_a-nano-svfprintf.o)
 .rodata._printf_i.str1.1
                0x08007671       0x22 c:/truestudio for stm32 9.2.0/armtools/bin/../lib/gcc/arm-atollic-eabi/6.3.1/../../../../arm-atollic-eabi/lib/armv6-m\libc_nano.a(lib_a-nano-vfprintf_i.o)
                0x08007694                . = ALIGN (0x4)
 *fill*         0x08007693        0x1 

.rel.dyn        0x08007694        0x0
 .rel.iplt      0x08007694        0x0 c:/truestudio for stm32 9.2.0/armtools/bin/../lib/gcc/arm-atollic-eabi/6.3.1/armv6-m/crtbegin.o

.ARM.extab
 *(.ARM.extab* .gnu.linkonce.armextab.*)

.ARM            0x08007694        0x0
                0x08007694                __exidx_start = .
 *(.ARM.exidx*)
                0x08007694                __exidx_end = .

.preinit_array  0x08007694        0x0
                0x08007694                PROVIDE (__preinit_array_start, .)
 *(.preinit_array*)
                0x08007694                PROVIDE (__preinit_array_end, .)

.init_array     0x08007694        0x4
                0x08007694                PROVIDE (__init_array_start, .)
 *(SORT(.init_array.*))
 *(.init_array*)
 .init_array    0x08007694        0x4 c:/truestudio for stm32 9.2.0/armtools/bin/../lib/gcc/arm-atollic-eabi/6.3.1/armv6-m/crtbegin.o
                0x08007698                PROVIDE (__init_array_end, .)

.fini_array     0x08007698        0x4
                [!provide]                PROVIDE (__fini_array_start, .)
 *(SORT(.fini_array.*))
 *(.fini_array*)
 .fini_array    0x08007698        0x4 c:/truestudio for stm32 9.2.0/armtools/bin/../lib/gcc/arm-atollic-eabi/6.3.1/armv6-m/crtbegin.o
                [!provide]                PROVIDE (__fini_array_end, .)
                0x0800769c                _sidata = LOADADDR (.data)

.data           0x20000000      0x2b0 load address 0x0800769c
                0x20000000                . = ALIGN (0x4)
                0x20000000                _sdata = .
 *(.data)
 *(.data*)
 .data.I_Out_Cnt
                0x20000000        0x4 Core\Src\digiTOS-Lib\digiTOS-Configuration.o
                0x20000000                I_Out_Cnt
 .data.I_RATIO  0x20000004        0x4 Core\Src\digiTOS-Lib\digiTOS-Configuration.o
                0x20000004                I_RATIO
 .data.Sin_Amp_ind
                0x20000008       0x10 Core\Src\digiTOS-Lib\digiTOS-Configuration.o
                0x20000008                Sin_Amp_ind
 .data.Sine_Amplitude_1
                0x20000018        0x4 Core\Src\digiTOS-Lib\digiTOS-Configuration.o
                0x20000018                Sine_Amplitude_1
 .data.Sine_Amplitude_2
                0x2000001c        0x4 Core\Src\digiTOS-Lib\digiTOS-Configuration.o
                0x2000001c                Sine_Amplitude_2
 .data.Sine_Amplitude_3
                0x20000020        0x4 Core\Src\digiTOS-Lib\digiTOS-Configuration.o
                0x20000020                Sine_Amplitude_3
 .data.Sine_Amplitude_4
                0x20000024        0x4 Core\Src\digiTOS-Lib\digiTOS-Configuration.o
                0x20000024                Sine_Amplitude_4
 .data.V_1      0x20000028        0x4 Core\Src\digiTOS-Lib\digiTOS-Configuration.o
                0x20000028                V_1
 .data.V_2      0x2000002c        0x4 Core\Src\digiTOS-Lib\digiTOS-Configuration.o
                0x2000002c                V_2
 .data.V_3      0x20000030        0x4 Core\Src\digiTOS-Lib\digiTOS-Configuration.o
                0x20000030                V_3
 .data.V_4      0x20000034        0x4 Core\Src\digiTOS-Lib\digiTOS-Configuration.o
                0x20000034                V_4
 .data.V_Cnt    0x20000038       0x10 Core\Src\digiTOS-Lib\digiTOS-Configuration.o
                0x20000038                V_Cnt
 .data.V_Out_Cnt
                0x20000048        0x4 Core\Src\digiTOS-Lib\digiTOS-Configuration.o
                0x20000048                V_Out_Cnt
 .data.V_RATIO  0x2000004c        0x4 Core\Src\digiTOS-Lib\digiTOS-Configuration.o
                0x2000004c                V_RATIO
 .data.amp1_target
                0x20000050        0x4 Core\Src\digiTOS-Lib\digiTOS-Configuration.o
                0x20000050                amp1_target
 .data.amp2_target
                0x20000054        0x4 Core\Src\digiTOS-Lib\digiTOS-Configuration.o
                0x20000054                amp2_target
 .data.amp3_target
                0x20000058        0x4 Core\Src\digiTOS-Lib\digiTOS-Configuration.o
                0x20000058                amp3_target
 .data.amp4_target
                0x2000005c        0x4 Core\Src\digiTOS-Lib\digiTOS-Configuration.o
                0x2000005c                amp4_target
 .data.sin_data
                0x20000060      0x1e0 Core\Src\digiTOS-Lib\digiTOS-Configuration.o
                0x20000060                sin_data
 .data.EEPROMStoredCnt
                0x20000240        0x2 Core\Src\digiTOS-Lib\digiTOS-Core.o
                0x20000240                EEPROMStoredCnt
 *fill*         0x20000242        0x2 
 .data.huart1_finished_tx
                0x20000244        0x4 Core\Src\digiTOS-Lib\digiTOS-Core.o
                0x20000244                huart1_finished_tx
 .data.SystemCoreClock
                0x20000248        0x4 Core\Src\system_stm32f0xx.o
                0x20000248                SystemCoreClock
 .data._impure_ptr
                0x2000024c        0x4 c:/truestudio for stm32 9.2.0/armtools/bin/../lib/gcc/arm-atollic-eabi/6.3.1/../../../../arm-atollic-eabi/lib/armv6-m\libc_nano.a(lib_a-impure.o)
                0x2000024c                _impure_ptr
 .data.impure_data
                0x20000250       0x60 c:/truestudio for stm32 9.2.0/armtools/bin/../lib/gcc/arm-atollic-eabi/6.3.1/../../../../arm-atollic-eabi/lib/armv6-m\libc_nano.a(lib_a-impure.o)
                0x200002b0                . = ALIGN (0x4)
                0x200002b0                _edata = .

.igot.plt       0x200002b0        0x0 load address 0x0800794c
 .igot.plt      0x200002b0        0x0 c:/truestudio for stm32 9.2.0/armtools/bin/../lib/gcc/arm-atollic-eabi/6.3.1/armv6-m/crtbegin.o
                0x200002b0                . = ALIGN (0x4)

.bss            0x200002b0      0x52c load address 0x0800794c
                0x200002b0                _sbss = .
                0x200002b0                __bss_start__ = _sbss
 *(.bss)
 .bss           0x200002b0       0x1c c:/truestudio for stm32 9.2.0/armtools/bin/../lib/gcc/arm-atollic-eabi/6.3.1/armv6-m/crtbegin.o
 *(.bss*)
 .bss.TempBuffer_Flag
                0x200002cc        0x2 Core\Src\digiTOS-Lib\digiTOS-ADC.o
                0x200002cc                TempBuffer_Flag
 *fill*         0x200002ce        0x2 
 .bss.AMP_BLOCKED
                0x200002d0        0x4 Core\Src\digiTOS-Lib\digiTOS-Configuration.o
                0x200002d0                AMP_BLOCKED
 .bss.AMP_PROTECTION_CNT
                0x200002d4        0x4 Core\Src\digiTOS-Lib\digiTOS-Configuration.o
                0x200002d4                AMP_PROTECTION_CNT
 .bss.AMP_PROTECTION_CNT_BEFORESTART
                0x200002d8        0x4 Core\Src\digiTOS-Lib\digiTOS-Configuration.o
                0x200002d8                AMP_PROTECTION_CNT_BEFORESTART
 .bss.DC_BLOCKED
                0x200002dc        0x4 Core\Src\digiTOS-Lib\digiTOS-Configuration.o
                0x200002dc                DC_BLOCKED
 .bss.DC_Data   0x200002e0        0x4 Core\Src\digiTOS-Lib\digiTOS-Configuration.o
                0x200002e0                DC_Data
 .bss.DC_DataAverage
                0x200002e4        0x4 Core\Src\digiTOS-Lib\digiTOS-Configuration.o
                0x200002e4                DC_DataAverage
 .bss.DC_DataCnt
                0x200002e8        0x4 Core\Src\digiTOS-Lib\digiTOS-Configuration.o
                0x200002e8                DC_DataCnt
 .bss.DC_PROTECTION_CNT
                0x200002ec        0x4 Core\Src\digiTOS-Lib\digiTOS-Configuration.o
                0x200002ec                DC_PROTECTION_CNT
 .bss.DC_PROTECTION_CNT_BEFORESTART
                0x200002f0        0x4 Core\Src\digiTOS-Lib\digiTOS-Configuration.o
                0x200002f0                DC_PROTECTION_CNT_BEFORESTART
 .bss.IOUT_BLOCKED
                0x200002f4        0x4 Core\Src\digiTOS-Lib\digiTOS-Configuration.o
                0x200002f4                IOUT_BLOCKED
 .bss.IOUT_PROTECTION_CNT
                0x200002f8        0x4 Core\Src\digiTOS-Lib\digiTOS-Configuration.o
                0x200002f8                IOUT_PROTECTION_CNT
 .bss.IOUT_PROTECTION_CNT_BEFORESTART
                0x200002fc        0x4 Core\Src\digiTOS-Lib\digiTOS-Configuration.o
                0x200002fc                IOUT_PROTECTION_CNT_BEFORESTART
 .bss.I_Out     0x20000300        0x4 Core\Src\digiTOS-Lib\digiTOS-Configuration.o
                0x20000300                I_Out
 *fill*         0x20000304        0x4 
 .bss.I_Out_RawData
                0x20000308        0x8 Core\Src\digiTOS-Lib\digiTOS-Configuration.o
                0x20000308                I_Out_RawData
 .bss.VOUT_BLOCKED
                0x20000310        0x4 Core\Src\digiTOS-Lib\digiTOS-Configuration.o
                0x20000310                VOUT_BLOCKED
 .bss.VOUT_PROTECTION_CNT
                0x20000314        0x4 Core\Src\digiTOS-Lib\digiTOS-Configuration.o
                0x20000314                VOUT_PROTECTION_CNT
 .bss.VOUT_PROTECTION_CNT_BEFORESTART
                0x20000318        0x4 Core\Src\digiTOS-Lib\digiTOS-Configuration.o
                0x20000318                VOUT_PROTECTION_CNT_BEFORESTART
 .bss.V_Out     0x2000031c        0x4 Core\Src\digiTOS-Lib\digiTOS-Configuration.o
                0x2000031c                V_Out
 .bss.V_Out_RawData
                0x20000320        0x8 Core\Src\digiTOS-Lib\digiTOS-Configuration.o
                0x20000320                V_Out_RawData
 .bss.sinStatus
                0x20000328        0x1 Core\Src\digiTOS-Lib\digiTOS-Configuration.o
                0x20000328                sinStatus
 *fill*         0x20000329        0x1 
 .bss.sin_step  0x2000032a        0x2 Core\Src\digiTOS-Lib\digiTOS-Configuration.o
                0x2000032a                sin_step
 .bss.BoardStatus
                0x2000032c        0x1 Core\Src\digiTOS-Lib\digiTOS-Core.o
                0x2000032c                BoardStatus
 *fill*         0x2000032d        0x3 
 .bss.CalibMode
                0x20000330        0x4 Core\Src\digiTOS-Lib\digiTOS-Core.o
                0x20000330                CalibMode
 .bss.DC_DataCnt_temp
                0x20000334        0x4 Core\Src\digiTOS-Lib\digiTOS-Core.o
                0x20000334                DC_DataCnt_temp
 .bss.DC_Data_temp
                0x20000338        0x4 Core\Src\digiTOS-Lib\digiTOS-Core.o
                0x20000338                DC_Data_temp
 .bss.DevMode1  0x2000033c        0x4 Core\Src\digiTOS-Lib\digiTOS-Core.o
                0x2000033c                DevMode1
 .bss.EEPROM_CRC
                0x20000340        0x4 Core\Src\digiTOS-Lib\digiTOS-Core.o
                0x20000340                EEPROM_CRC
 .bss.EEPROM_DATA
                0x20000344        0x8 Core\Src\digiTOS-Lib\digiTOS-Core.o
                0x20000344                EEPROM_DATA
 .bss.EEPROM_FLAG
                0x2000034c        0x4 Core\Src\digiTOS-Lib\digiTOS-Core.o
                0x2000034c                EEPROM_FLAG
 .bss.FaultWaitCnt
                0x20000350        0x4 Core\Src\digiTOS-Lib\digiTOS-Core.o
                0x20000350                FaultWaitCnt
 .bss.I_Out_Cnt_temp
                0x20000354        0x4 Core\Src\digiTOS-Lib\digiTOS-Core.o
                0x20000354                I_Out_Cnt_temp
 .bss.I_Out_RawData_temp
                0x20000358        0x4 Core\Src\digiTOS-Lib\digiTOS-Core.o
                0x20000358                I_Out_RawData_temp
 .bss.RstCnt    0x2000035c        0x4 Core\Src\digiTOS-Lib\digiTOS-Core.o
                0x2000035c                RstCnt
 .bss.SinWave   0x20000360        0x1 Core\Src\digiTOS-Lib\digiTOS-Core.o
                0x20000360                SinWave
 *fill*         0x20000361        0x1 
 .bss.UpdateAmp_FLAG
                0x20000362        0x2 Core\Src\digiTOS-Lib\digiTOS-Core.o
                0x20000362                UpdateAmp_FLAG
 .bss.V_1_temp  0x20000364        0x4 Core\Src\digiTOS-Lib\digiTOS-Core.o
                0x20000364                V_1_temp
 .bss.V_2_temp  0x20000368        0x4 Core\Src\digiTOS-Lib\digiTOS-Core.o
                0x20000368                V_2_temp
 .bss.V_3_temp  0x2000036c        0x4 Core\Src\digiTOS-Lib\digiTOS-Core.o
                0x2000036c                V_3_temp
 .bss.V_4_temp  0x20000370        0x4 Core\Src\digiTOS-Lib\digiTOS-Core.o
                0x20000370                V_4_temp
 .bss.V_Out_Cnt_temp
                0x20000374        0x4 Core\Src\digiTOS-Lib\digiTOS-Core.o
                0x20000374                V_Out_Cnt_temp
 .bss.V_Out_RawData_temp
                0x20000378        0x4 Core\Src\digiTOS-Lib\digiTOS-Core.o
                0x20000378                V_Out_RawData_temp
 .bss.Vcnt_1_temp
                0x2000037c        0x4 Core\Src\digiTOS-Lib\digiTOS-Core.o
                0x2000037c                Vcnt_1_temp
 .bss.Vcnt_2_temp
                0x20000380        0x4 Core\Src\digiTOS-Lib\digiTOS-Core.o
                0x20000380                Vcnt_2_temp
 .bss.Vcnt_3_temp
                0x20000384        0x4 Core\Src\digiTOS-Lib\digiTOS-Core.o
                0x20000384                Vcnt_3_temp
 .bss.Vcnt_4_temp
                0x20000388        0x4 Core\Src\digiTOS-Lib\digiTOS-Core.o
                0x20000388                Vcnt_4_temp
 .bss.__malloc_free_list
                0x2000038c        0x4 c:/truestudio for stm32 9.2.0/armtools/bin/../lib/gcc/arm-atollic-eabi/6.3.1/../../../../arm-atollic-eabi/lib/armv6-m\libc_nano.a(lib_a-nano-mallocr.o)
                0x2000038c                __malloc_free_list
 .bss.__malloc_sbrk_start
                0x20000390        0x4 c:/truestudio for stm32 9.2.0/armtools/bin/../lib/gcc/arm-atollic-eabi/6.3.1/../../../../arm-atollic-eabi/lib/armv6-m\libc_nano.a(lib_a-nano-mallocr.o)
                0x20000390                __malloc_sbrk_start
 .bss.heap_end.4116
                0x20000394        0x4 c:/truestudio for stm32 9.2.0/armtools/bin/../lib/gcc/arm-atollic-eabi/6.3.1/../../../../arm-atollic-eabi/lib/armv6-m\libnosys.a(sbrk.o)
 *(COMMON)
 COMMON         0x20000398       0x90 Core\Src\adc.o
                0x20000398                hdma_adc
                0x200003dc                hadc
 COMMON         0x20000428       0x24 Core\Src\crc.o
                0x20000428                hcrc
 COMMON         0x2000044c       0x12 Core\Src\digiTOS-Lib\digiTOS-Configuration.o
                0x2000044c                ADC_Cnt
                0x20000458                ADC_Data
 *fill*         0x2000045e        0x2 
 COMMON         0x20000460      0x120 Core\Src\digiTOS-Lib\digiTOS-Core.o
                0x20000460                CALIB_V
                0x2000047c                CALIB_I
                0x20000498                uart_buff
                0x200004fc                DevModeKey
                0x20000518                crc_buff
                0x2000052c                CALIB_MODE
                0x20000548                FaultFlag
                0x20000564                DevModeKey2
 COMMON         0x20000580       0x28 Core\Src\digiTOS-Lib\eeprom.o
                0x20000580                EEPROMPageBackup
 COMMON         0x200005a8       0x10 Core\Src\iwdg.o
                0x200005a8                hiwdg
 COMMON         0x200005b8      0x100 Core\Src\tim.o
                0x200005b8                htim3
                0x200005f8                htim1
                0x20000638                htim14
                0x20000678                htim16
 COMMON         0x200006b8       0xf8 Core\Src\usart.o
                0x200006b8                hdma_usart1_tx
                0x200006fc                hdma_usart1_rx
                0x20000740                huart1
 COMMON         0x200007b0        0x4 Drivers\STM32F0xx_HAL_Driver\Src\stm32f0xx_hal.o
                0x200007b0                uwTick
 *fill*         0x200007b4        0x4 
 COMMON         0x200007b8       0x20 Drivers\STM32F0xx_HAL_Driver\Src\stm32f0xx_hal_flash.o
                0x200007b8                pFlash
 COMMON         0x200007d8        0x4 c:/truestudio for stm32 9.2.0/armtools/bin/../lib/gcc/arm-atollic-eabi/6.3.1/../../../../arm-atollic-eabi/lib/armv6-m\libc_nano.a(lib_a-reent.o)
                0x200007d8                errno
                0x200007dc                . = ALIGN (0x4)
                0x200007dc                _ebss = .
                0x200007dc                __bss_end__ = _ebss

._user_heap_stack
                0x200007dc      0x600 load address 0x0800794c
                0x200007dc                . = ALIGN (0x4)
                0x200007dc                PROVIDE (end, .)
                [!provide]                PROVIDE (_end, .)
                0x200009dc                . = (. + _Min_Heap_Size)
 *fill*         0x200007dc      0x200 
                0x20000ddc                . = (. + _Min_Stack_Size)
 *fill*         0x200009dc      0x400 
                0x20000ddc                . = ALIGN (0x4)

/DISCARD/
 libc.a(*)
 libm.a(*)
 libgcc.a(*)

.ARM.attributes
                0x00000000       0x28
 *(.ARM.attributes)
 .ARM.attributes
                0x00000000       0x1e c:/truestudio for stm32 9.2.0/armtools/bin/../lib/gcc/arm-atollic-eabi/6.3.1/armv6-m/crti.o
 .ARM.attributes
                0x0000001e       0x2c c:/truestudio for stm32 9.2.0/armtools/bin/../lib/gcc/arm-atollic-eabi/6.3.1/armv6-m/crtbegin.o
 .ARM.attributes
                0x0000004a       0x31 Core\Src\adc.o
 .ARM.attributes
                0x0000007b       0x31 Core\Src\crc.o
 .ARM.attributes
                0x000000ac       0x31 Core\Src\digiTOS-Lib\digiTOS-ADC.o
 .ARM.attributes
                0x000000dd       0x31 Core\Src\digiTOS-Lib\digiTOS-Configuration.o
 .ARM.attributes
                0x0000010e       0x31 Core\Src\digiTOS-Lib\digiTOS-Core.o
 .ARM.attributes
                0x0000013f       0x31 Core\Src\digiTOS-Lib\digiTOS-Generator.o
 .ARM.attributes
                0x00000170       0x31 Core\Src\digiTOS-Lib\digiTOS-IWDG.o
 .ARM.attributes
                0x000001a1       0x31 Core\Src\digiTOS-Lib\digiTOS-Sinus.o
 .ARM.attributes
                0x000001d2       0x31 Core\Src\digiTOS-Lib\eeprom.o
 .ARM.attributes
                0x00000203       0x31 Core\Src\digiTOS-Lib\stm32f0xx_hal_buttons.o
 .ARM.attributes
                0x00000234       0x31 Core\Src\dma.o
 .ARM.attributes
                0x00000265       0x31 Core\Src\gpio.o
 .ARM.attributes
                0x00000296       0x31 Core\Src\iwdg.o
 .ARM.attributes
                0x000002c7       0x31 Core\Src\main.o
 .ARM.attributes
                0x000002f8       0x31 Core\Src\stm32f0xx_hal_msp.o
 .ARM.attributes
                0x00000329       0x31 Core\Src\stm32f0xx_it.o
 .ARM.attributes
                0x0000035a       0x31 Core\Src\system_stm32f0xx.o
 .ARM.attributes
                0x0000038b       0x31 Core\Src\tim.o
 .ARM.attributes
                0x000003bc       0x31 Core\Src\usart.o
 .ARM.attributes
                0x000003ed       0x31 Drivers\STM32F0xx_HAL_Driver\Src\stm32f0xx_hal.o
 .ARM.attributes
                0x0000041e       0x31 Drivers\STM32F0xx_HAL_Driver\Src\stm32f0xx_hal_adc.o
 .ARM.attributes
                0x0000044f       0x31 Drivers\STM32F0xx_HAL_Driver\Src\stm32f0xx_hal_cortex.o
 .ARM.attributes
                0x00000480       0x31 Drivers\STM32F0xx_HAL_Driver\Src\stm32f0xx_hal_crc.o
 .ARM.attributes
                0x000004b1       0x31 Drivers\STM32F0xx_HAL_Driver\Src\stm32f0xx_hal_crc_ex.o
 .ARM.attributes
                0x000004e2       0x31 Drivers\STM32F0xx_HAL_Driver\Src\stm32f0xx_hal_dma.o
 .ARM.attributes
                0x00000513       0x31 Drivers\STM32F0xx_HAL_Driver\Src\stm32f0xx_hal_flash.o
 .ARM.attributes
                0x00000544       0x31 Drivers\STM32F0xx_HAL_Driver\Src\stm32f0xx_hal_flash_ex.o
 .ARM.attributes
                0x00000575       0x31 Drivers\STM32F0xx_HAL_Driver\Src\stm32f0xx_hal_gpio.o
 .ARM.attributes
                0x000005a6       0x31 Drivers\STM32F0xx_HAL_Driver\Src\stm32f0xx_hal_i2c_ex.o
 .ARM.attributes
                0x000005d7       0x31 Drivers\STM32F0xx_HAL_Driver\Src\stm32f0xx_hal_iwdg.o
 .ARM.attributes
                0x00000608       0x31 Drivers\STM32F0xx_HAL_Driver\Src\stm32f0xx_hal_rcc.o
 .ARM.attributes
                0x00000639       0x31 Drivers\STM32F0xx_HAL_Driver\Src\stm32f0xx_hal_rcc_ex.o
 .ARM.attributes
                0x0000066a       0x31 Drivers\STM32F0xx_HAL_Driver\Src\stm32f0xx_hal_tim.o
 .ARM.attributes
                0x0000069b       0x31 Drivers\STM32F0xx_HAL_Driver\Src\stm32f0xx_hal_tim_ex.o
 .ARM.attributes
                0x000006cc       0x31 Drivers\STM32F0xx_HAL_Driver\Src\stm32f0xx_hal_uart.o
 .ARM.attributes
                0x000006fd       0x21 startup\startup_stm32f030x6.o
 .ARM.attributes
                0x0000071e       0x2c c:/truestudio for stm32 9.2.0/armtools/bin/../lib/gcc/arm-atollic-eabi/6.3.1/../../../../arm-atollic-eabi/lib/armv6-m\libc_nano.a(lib_a-init.o)
 .ARM.attributes
                0x0000074a       0x2c c:/truestudio for stm32 9.2.0/armtools/bin/../lib/gcc/arm-atollic-eabi/6.3.1/../../../../arm-atollic-eabi/lib/armv6-m\libc_nano.a(lib_a-memcpy-stub.o)
 .ARM.attributes
                0x00000776       0x2c c:/truestudio for stm32 9.2.0/armtools/bin/../lib/gcc/arm-atollic-eabi/6.3.1/../../../../arm-atollic-eabi/lib/armv6-m\libc_nano.a(lib_a-memset.o)
 .ARM.attributes
                0x000007a2       0x2c c:/truestudio for stm32 9.2.0/armtools/bin/../lib/gcc/arm-atollic-eabi/6.3.1/../../../../arm-atollic-eabi/lib/armv6-m\libc_nano.a(lib_a-sprintf.o)
 .ARM.attributes
                0x000007ce       0x2c c:/truestudio for stm32 9.2.0/armtools/bin/../lib/gcc/arm-atollic-eabi/6.3.1/../../../../arm-atollic-eabi/lib/armv6-m\libc_nano.a(lib_a-strcat.o)
 .ARM.attributes
                0x000007fa       0x2c c:/truestudio for stm32 9.2.0/armtools/bin/../lib/gcc/arm-atollic-eabi/6.3.1/../../../../arm-atollic-eabi/lib/armv6-m\libc_nano.a(lib_a-strcpy.o)
 .ARM.attributes
                0x00000826       0x2c c:/truestudio for stm32 9.2.0/armtools/bin/../lib/gcc/arm-atollic-eabi/6.3.1/../../../../arm-atollic-eabi/lib/armv6-m\libc_nano.a(lib_a-impure.o)
 .ARM.attributes
                0x00000852       0x2c c:/truestudio for stm32 9.2.0/armtools/bin/../lib/gcc/arm-atollic-eabi/6.3.1/../../../../arm-atollic-eabi/lib/armv6-m\libc_nano.a(lib_a-nano-svfprintf.o)
 .ARM.attributes
                0x0000087e       0x2c c:/truestudio for stm32 9.2.0/armtools/bin/../lib/gcc/arm-atollic-eabi/6.3.1/../../../../arm-atollic-eabi/lib/armv6-m\libc_nano.a(lib_a-nano-vfprintf_i.o)
 .ARM.attributes
                0x000008aa       0x2c c:/truestudio for stm32 9.2.0/armtools/bin/../lib/gcc/arm-atollic-eabi/6.3.1/../../../../arm-atollic-eabi/lib/armv6-m\libc_nano.a(lib_a-memchr-stub.o)
 .ARM.attributes
                0x000008d6       0x2c c:/truestudio for stm32 9.2.0/armtools/bin/../lib/gcc/arm-atollic-eabi/6.3.1/../../../../arm-atollic-eabi/lib/armv6-m\libc_nano.a(lib_a-memmove.o)
 .ARM.attributes
                0x00000902       0x2c c:/truestudio for stm32 9.2.0/armtools/bin/../lib/gcc/arm-atollic-eabi/6.3.1/../../../../arm-atollic-eabi/lib/armv6-m\libc_nano.a(lib_a-nano-freer.o)
 .ARM.attributes
                0x0000092e       0x2c c:/truestudio for stm32 9.2.0/armtools/bin/../lib/gcc/arm-atollic-eabi/6.3.1/../../../../arm-atollic-eabi/lib/armv6-m\libc_nano.a(lib_a-nano-mallocr.o)
 .ARM.attributes
                0x0000095a       0x2c c:/truestudio for stm32 9.2.0/armtools/bin/../lib/gcc/arm-atollic-eabi/6.3.1/../../../../arm-atollic-eabi/lib/armv6-m\libc_nano.a(lib_a-nano-reallocr.o)
 .ARM.attributes
                0x00000986       0x2c c:/truestudio for stm32 9.2.0/armtools/bin/../lib/gcc/arm-atollic-eabi/6.3.1/../../../../arm-atollic-eabi/lib/armv6-m\libc_nano.a(lib_a-sbrkr.o)
 .ARM.attributes
                0x000009b2       0x2c c:/truestudio for stm32 9.2.0/armtools/bin/../lib/gcc/arm-atollic-eabi/6.3.1/../../../../arm-atollic-eabi/lib/armv6-m\libc_nano.a(lib_a-mlock.o)
 .ARM.attributes
                0x000009de       0x2c c:/truestudio for stm32 9.2.0/armtools/bin/../lib/gcc/arm-atollic-eabi/6.3.1/../../../../arm-atollic-eabi/lib/armv6-m\libc_nano.a(lib_a-nano-msizer.o)
 .ARM.attributes
                0x00000a0a       0x2c c:/truestudio for stm32 9.2.0/armtools/bin/../lib/gcc/arm-atollic-eabi/6.3.1/../../../../arm-atollic-eabi/lib/armv6-m\libc_nano.a(lib_a-reent.o)
 .ARM.attributes
                0x00000a36       0x1e c:/truestudio for stm32 9.2.0/armtools/bin/../lib/gcc/arm-atollic-eabi/6.3.1/armv6-m\libgcc.a(_thumb1_case_uqi.o)
 .ARM.attributes
                0x00000a54       0x1e c:/truestudio for stm32 9.2.0/armtools/bin/../lib/gcc/arm-atollic-eabi/6.3.1/armv6-m\libgcc.a(_udivsi3.o)
 .ARM.attributes
                0x00000a72       0x1e c:/truestudio for stm32 9.2.0/armtools/bin/../lib/gcc/arm-atollic-eabi/6.3.1/armv6-m\libgcc.a(_dvmd_tls.o)
 .ARM.attributes
                0x00000a90       0x1e c:/truestudio for stm32 9.2.0/armtools/bin/../lib/gcc/arm-atollic-eabi/6.3.1/armv6-m\libgcc.a(_lshrdi3.o)
 .ARM.attributes
                0x00000aae       0x1e c:/truestudio for stm32 9.2.0/armtools/bin/../lib/gcc/arm-atollic-eabi/6.3.1/armv6-m\libgcc.a(_arm_cmpsf2.o)
 .ARM.attributes
                0x00000acc       0x2c c:/truestudio for stm32 9.2.0/armtools/bin/../lib/gcc/arm-atollic-eabi/6.3.1/armv6-m\libgcc.a(_fixunssfsi.o)
 .ARM.attributes
                0x00000af8       0x2c c:/truestudio for stm32 9.2.0/armtools/bin/../lib/gcc/arm-atollic-eabi/6.3.1/armv6-m\libgcc.a(addsf3.o)
 .ARM.attributes
                0x00000b24       0x2c c:/truestudio for stm32 9.2.0/armtools/bin/../lib/gcc/arm-atollic-eabi/6.3.1/armv6-m\libgcc.a(divsf3.o)
 .ARM.attributes
                0x00000b50       0x2c c:/truestudio for stm32 9.2.0/armtools/bin/../lib/gcc/arm-atollic-eabi/6.3.1/armv6-m\libgcc.a(eqsf2.o)
 .ARM.attributes
                0x00000b7c       0x2c c:/truestudio for stm32 9.2.0/armtools/bin/../lib/gcc/arm-atollic-eabi/6.3.1/armv6-m\libgcc.a(gesf2.o)
 .ARM.attributes
                0x00000ba8       0x2c c:/truestudio for stm32 9.2.0/armtools/bin/../lib/gcc/arm-atollic-eabi/6.3.1/armv6-m\libgcc.a(lesf2.o)
 .ARM.attributes
                0x00000bd4       0x2c c:/truestudio for stm32 9.2.0/armtools/bin/../lib/gcc/arm-atollic-eabi/6.3.1/armv6-m\libgcc.a(mulsf3.o)
 .ARM.attributes
                0x00000c00       0x2c c:/truestudio for stm32 9.2.0/armtools/bin/../lib/gcc/arm-atollic-eabi/6.3.1/armv6-m\libgcc.a(subsf3.o)
 .ARM.attributes
                0x00000c2c       0x2c c:/truestudio for stm32 9.2.0/armtools/bin/../lib/gcc/arm-atollic-eabi/6.3.1/armv6-m\libgcc.a(fixsfsi.o)
 .ARM.attributes
                0x00000c58       0x2c c:/truestudio for stm32 9.2.0/armtools/bin/../lib/gcc/arm-atollic-eabi/6.3.1/armv6-m\libgcc.a(floatsisf.o)
 .ARM.attributes
                0x00000c84       0x2c c:/truestudio for stm32 9.2.0/armtools/bin/../lib/gcc/arm-atollic-eabi/6.3.1/armv6-m\libgcc.a(floatunsisf.o)
 .ARM.attributes
                0x00000cb0       0x1e c:/truestudio for stm32 9.2.0/armtools/bin/../lib/gcc/arm-atollic-eabi/6.3.1/armv6-m\libgcc.a(_clzsi2.o)
 .ARM.attributes
                0x00000cce       0x2c c:/truestudio for stm32 9.2.0/armtools/bin/../lib/gcc/arm-atollic-eabi/6.3.1/../../../../arm-atollic-eabi/lib/armv6-m\libnosys.a(sbrk.o)
 .ARM.attributes
                0x00000cfa       0x1e c:/truestudio for stm32 9.2.0/armtools/bin/../lib/gcc/arm-atollic-eabi/6.3.1/armv6-m/crtn.o
OUTPUT(digiTOS-COMOD-SinBoard-CODE.elf elf32-littlearm)

.debug_info     0x00000000    0x2cd9c
 .debug_info    0x00000000     0x11f0 Core\Src\adc.o
 .debug_info    0x000011f0      0xc97 Core\Src\crc.o
 .debug_info    0x00001e87     0x19f4 Core\Src\digiTOS-Lib\digiTOS-ADC.o
 .debug_info    0x0000387b      0xdeb Core\Src\digiTOS-Lib\digiTOS-Configuration.o
 .debug_info    0x00004666     0x20ab Core\Src\digiTOS-Lib\digiTOS-Core.o
 .debug_info    0x00006711     0x1bc9 Core\Src\digiTOS-Lib\digiTOS-Generator.o
 .debug_info    0x000082da      0xaf1 Core\Src\digiTOS-Lib\digiTOS-IWDG.o
 .debug_info    0x00008dcb     0x17bc Core\Src\digiTOS-Lib\digiTOS-Sinus.o
 .debug_info    0x0000a587      0xc7d Core\Src\digiTOS-Lib\eeprom.o
 .debug_info    0x0000b204      0xcbb Core\Src\digiTOS-Lib\stm32f0xx_hal_buttons.o
 .debug_info    0x0000bebf      0xaeb Core\Src\dma.o
 .debug_info    0x0000c9aa      0xc5f Core\Src\gpio.o
 .debug_info    0x0000d609      0xa54 Core\Src\iwdg.o
 .debug_info    0x0000e05d     0x2893 Core\Src\main.o
 .debug_info    0x000108f0      0xa16 Core\Src\stm32f0xx_hal_msp.o
 .debug_info    0x00011306     0x1e4b Core\Src\stm32f0xx_it.o
 .debug_info    0x00013151      0xa67 Core\Src\system_stm32f0xx.o
 .debug_info    0x00013bb8     0x182d Core\Src\tim.o
 .debug_info    0x000153e5     0x1355 Core\Src\usart.o
 .debug_info    0x0001673a      0xe2b Drivers\STM32F0xx_HAL_Driver\Src\stm32f0xx_hal.o
 .debug_info    0x00017565     0x1b1e Drivers\STM32F0xx_HAL_Driver\Src\stm32f0xx_hal_adc.o
 .debug_info    0x00019083     0x10b2 Drivers\STM32F0xx_HAL_Driver\Src\stm32f0xx_hal_cortex.o
 .debug_info    0x0001a135      0xea9 Drivers\STM32F0xx_HAL_Driver\Src\stm32f0xx_hal_crc.o
 .debug_info    0x0001afde      0xbc4 Drivers\STM32F0xx_HAL_Driver\Src\stm32f0xx_hal_crc_ex.o
 .debug_info    0x0001bba2     0x1169 Drivers\STM32F0xx_HAL_Driver\Src\stm32f0xx_hal_dma.o
 .debug_info    0x0001cd0b      0xeda Drivers\STM32F0xx_HAL_Driver\Src\stm32f0xx_hal_flash.o
 .debug_info    0x0001dbe5     0x1345 Drivers\STM32F0xx_HAL_Driver\Src\stm32f0xx_hal_flash_ex.o
 .debug_info    0x0001ef2a     0x100d Drivers\STM32F0xx_HAL_Driver\Src\stm32f0xx_hal_gpio.o
 .debug_info    0x0001ff37     0x10df Drivers\STM32F0xx_HAL_Driver\Src\stm32f0xx_hal_i2c_ex.o
 .debug_info    0x00021016      0xb19 Drivers\STM32F0xx_HAL_Driver\Src\stm32f0xx_hal_iwdg.o
 .debug_info    0x00021b2f     0x145c Drivers\STM32F0xx_HAL_Driver\Src\stm32f0xx_hal_rcc.o
 .debug_info    0x00022f8b      0xc8b Drivers\STM32F0xx_HAL_Driver\Src\stm32f0xx_hal_rcc_ex.o
 .debug_info    0x00023c16     0x4d0f Drivers\STM32F0xx_HAL_Driver\Src\stm32f0xx_hal_tim.o
 .debug_info    0x00028925     0x20b0 Drivers\STM32F0xx_HAL_Driver\Src\stm32f0xx_hal_tim_ex.o
 .debug_info    0x0002a9d5     0x2326 Drivers\STM32F0xx_HAL_Driver\Src\stm32f0xx_hal_uart.o
 .debug_info    0x0002ccfb       0xa1 startup\startup_stm32f030x6.o

.debug_abbrev   0x00000000     0x5850
 .debug_abbrev  0x00000000      0x226 Core\Src\adc.o
 .debug_abbrev  0x00000226      0x228 Core\Src\crc.o
 .debug_abbrev  0x0000044e      0x358 Core\Src\digiTOS-Lib\digiTOS-ADC.o
 .debug_abbrev  0x000007a6      0x190 Core\Src\digiTOS-Lib\digiTOS-Configuration.o
 .debug_abbrev  0x00000936      0x381 Core\Src\digiTOS-Lib\digiTOS-Core.o
 .debug_abbrev  0x00000cb7      0x209 Core\Src\digiTOS-Lib\digiTOS-Generator.o
 .debug_abbrev  0x00000ec0      0x1bd Core\Src\digiTOS-Lib\digiTOS-IWDG.o
 .debug_abbrev  0x0000107d      0x258 Core\Src\digiTOS-Lib\digiTOS-Sinus.o
 .debug_abbrev  0x000012d5      0x235 Core\Src\digiTOS-Lib\eeprom.o
 .debug_abbrev  0x0000150a      0x283 Core\Src\digiTOS-Lib\stm32f0xx_hal_buttons.o
 .debug_abbrev  0x0000178d      0x1f5 Core\Src\dma.o
 .debug_abbrev  0x00001982      0x20a Core\Src\gpio.o
 .debug_abbrev  0x00001b8c      0x1e1 Core\Src\iwdg.o
 .debug_abbrev  0x00001d6d      0x2cf Core\Src\main.o
 .debug_abbrev  0x0000203c      0x1a4 Core\Src\stm32f0xx_hal_msp.o
 .debug_abbrev  0x000021e0      0x288 Core\Src\stm32f0xx_it.o
 .debug_abbrev  0x00002468      0x1ca Core\Src\system_stm32f0xx.o
 .debug_abbrev  0x00002632      0x281 Core\Src\tim.o
 .debug_abbrev  0x000028b3      0x23a Core\Src\usart.o
 .debug_abbrev  0x00002aed      0x2d1 Drivers\STM32F0xx_HAL_Driver\Src\stm32f0xx_hal.o
 .debug_abbrev  0x00002dbe      0x33d Drivers\STM32F0xx_HAL_Driver\Src\stm32f0xx_hal_adc.o
 .debug_abbrev  0x000030fb      0x356 Drivers\STM32F0xx_HAL_Driver\Src\stm32f0xx_hal_cortex.o
 .debug_abbrev  0x00003451      0x2a7 Drivers\STM32F0xx_HAL_Driver\Src\stm32f0xx_hal_crc.o
 .debug_abbrev  0x000036f8      0x1cb Drivers\STM32F0xx_HAL_Driver\Src\stm32f0xx_hal_crc_ex.o
 .debug_abbrev  0x000038c3      0x2c1 Drivers\STM32F0xx_HAL_Driver\Src\stm32f0xx_hal_dma.o
 .debug_abbrev  0x00003b84      0x35d Drivers\STM32F0xx_HAL_Driver\Src\stm32f0xx_hal_flash.o
 .debug_abbrev  0x00003ee1      0x33e Drivers\STM32F0xx_HAL_Driver\Src\stm32f0xx_hal_flash_ex.o
 .debug_abbrev  0x0000421f      0x29f Drivers\STM32F0xx_HAL_Driver\Src\stm32f0xx_hal_gpio.o
 .debug_abbrev  0x000044be      0x235 Drivers\STM32F0xx_HAL_Driver\Src\stm32f0xx_hal_i2c_ex.o
 .debug_abbrev  0x000046f3      0x1fd Drivers\STM32F0xx_HAL_Driver\Src\stm32f0xx_hal_iwdg.o
 .debug_abbrev  0x000048f0      0x2db Drivers\STM32F0xx_HAL_Driver\Src\stm32f0xx_hal_rcc.o
 .debug_abbrev  0x00004bcb      0x28e Drivers\STM32F0xx_HAL_Driver\Src\stm32f0xx_hal_rcc_ex.o
 .debug_abbrev  0x00004e59      0x380 Drivers\STM32F0xx_HAL_Driver\Src\stm32f0xx_hal_tim.o
 .debug_abbrev  0x000051d9      0x2ed Drivers\STM32F0xx_HAL_Driver\Src\stm32f0xx_hal_tim_ex.o
 .debug_abbrev  0x000054c6      0x378 Drivers\STM32F0xx_HAL_Driver\Src\stm32f0xx_hal_uart.o
 .debug_abbrev  0x0000583e       0x12 startup\startup_stm32f030x6.o

.debug_loc      0x00000000     0x9e40
 .debug_loc     0x00000000       0x58 Core\Src\adc.o
 .debug_loc     0x00000058       0x21 Core\Src\crc.o
 .debug_loc     0x00000079      0x33a Core\Src\digiTOS-Lib\digiTOS-ADC.o
 .debug_loc     0x000003b3      0x438 Core\Src\digiTOS-Lib\digiTOS-Core.o
 .debug_loc     0x000007eb       0x77 Core\Src\digiTOS-Lib\digiTOS-IWDG.o
 .debug_loc     0x00000862       0x68 Core\Src\digiTOS-Lib\digiTOS-Sinus.o
 .debug_loc     0x000008ca      0x21e Core\Src\digiTOS-Lib\eeprom.o
 .debug_loc     0x00000ae8      0x14d Core\Src\digiTOS-Lib\stm32f0xx_hal_buttons.o
 .debug_loc     0x00000c35      0x127 Core\Src\system_stm32f0xx.o
 .debug_loc     0x00000d5c      0x10f Core\Src\tim.o
 .debug_loc     0x00000e6b       0x58 Core\Src\usart.o
 .debug_loc     0x00000ec3       0x7c Drivers\STM32F0xx_HAL_Driver\Src\stm32f0xx_hal.o
 .debug_loc     0x00000f3f      0xa82 Drivers\STM32F0xx_HAL_Driver\Src\stm32f0xx_hal_adc.o
 .debug_loc     0x000019c1      0x380 Drivers\STM32F0xx_HAL_Driver\Src\stm32f0xx_hal_cortex.o
 .debug_loc     0x00001d41      0x433 Drivers\STM32F0xx_HAL_Driver\Src\stm32f0xx_hal_crc.o
 .debug_loc     0x00002174       0xd1 Drivers\STM32F0xx_HAL_Driver\Src\stm32f0xx_hal_crc_ex.o
 .debug_loc     0x00002245      0x7c3 Drivers\STM32F0xx_HAL_Driver\Src\stm32f0xx_hal_dma.o
 .debug_loc     0x00002a08      0x2b2 Drivers\STM32F0xx_HAL_Driver\Src\stm32f0xx_hal_flash.o
 .debug_loc     0x00002cba      0x4f7 Drivers\STM32F0xx_HAL_Driver\Src\stm32f0xx_hal_flash_ex.o
 .debug_loc     0x000031b1      0x499 Drivers\STM32F0xx_HAL_Driver\Src\stm32f0xx_hal_gpio.o
 .debug_loc     0x0000364a      0x16c Drivers\STM32F0xx_HAL_Driver\Src\stm32f0xx_hal_i2c_ex.o
 .debug_loc     0x000037b6       0x76 Drivers\STM32F0xx_HAL_Driver\Src\stm32f0xx_hal_iwdg.o
 .debug_loc     0x0000382c      0x4b4 Drivers\STM32F0xx_HAL_Driver\Src\stm32f0xx_hal_rcc.o
 .debug_loc     0x00003ce0      0x1e6 Drivers\STM32F0xx_HAL_Driver\Src\stm32f0xx_hal_rcc_ex.o
 .debug_loc     0x00003ec6     0x38df Drivers\STM32F0xx_HAL_Driver\Src\stm32f0xx_hal_tim.o
 .debug_loc     0x000077a5     0x1265 Drivers\STM32F0xx_HAL_Driver\Src\stm32f0xx_hal_tim_ex.o
 .debug_loc     0x00008a0a     0x1436 Drivers\STM32F0xx_HAL_Driver\Src\stm32f0xx_hal_uart.o

.debug_aranges  0x00000000      0xfc8
 .debug_aranges
                0x00000000       0x30 Core\Src\adc.o
 .debug_aranges
                0x00000030       0x30 Core\Src\crc.o
 .debug_aranges
                0x00000060       0x78 Core\Src\digiTOS-Lib\digiTOS-ADC.o
 .debug_aranges
                0x000000d8       0x18 Core\Src\digiTOS-Lib\digiTOS-Configuration.o
 .debug_aranges
                0x000000f0       0xc8 Core\Src\digiTOS-Lib\digiTOS-Core.o
 .debug_aranges
                0x000001b8       0xb0 Core\Src\digiTOS-Lib\digiTOS-Generator.o
 .debug_aranges
                0x00000268       0x20 Core\Src\digiTOS-Lib\digiTOS-IWDG.o
 .debug_aranges
                0x00000288       0x40 Core\Src\digiTOS-Lib\digiTOS-Sinus.o
 .debug_aranges
                0x000002c8       0x40 Core\Src\digiTOS-Lib\eeprom.o
 .debug_aranges
                0x00000308       0x40 Core\Src\digiTOS-Lib\stm32f0xx_hal_buttons.o
 .debug_aranges
                0x00000348       0x20 Core\Src\dma.o
 .debug_aranges
                0x00000368       0x20 Core\Src\gpio.o
 .debug_aranges
                0x00000388       0x20 Core\Src\iwdg.o
 .debug_aranges
                0x000003a8       0x38 Core\Src\main.o
 .debug_aranges
                0x000003e0       0x20 Core\Src\stm32f0xx_hal_msp.o
 .debug_aranges
                0x00000400       0x78 Core\Src\stm32f0xx_it.o
 .debug_aranges
                0x00000478       0x28 Core\Src\system_stm32f0xx.o
 .debug_aranges
                0x000004a0       0x50 Core\Src\tim.o
 .debug_aranges
                0x000004f0       0x30 Core\Src\usart.o
 .debug_aranges
                0x00000520       0xb0 Drivers\STM32F0xx_HAL_Driver\Src\stm32f0xx_hal.o
 .debug_aranges
                0x000005d0       0xd0 Drivers\STM32F0xx_HAL_Driver\Src\stm32f0xx_hal_adc.o
 .debug_aranges
                0x000006a0       0x78 Drivers\STM32F0xx_HAL_Driver\Src\stm32f0xx_hal_cortex.o
 .debug_aranges
                0x00000718       0x58 Drivers\STM32F0xx_HAL_Driver\Src\stm32f0xx_hal_crc.o
 .debug_aranges
                0x00000770       0x30 Drivers\STM32F0xx_HAL_Driver\Src\stm32f0xx_hal_crc_ex.o
 .debug_aranges
                0x000007a0       0x78 Drivers\STM32F0xx_HAL_Driver\Src\stm32f0xx_hal_dma.o
 .debug_aranges
                0x00000818       0x78 Drivers\STM32F0xx_HAL_Driver\Src\stm32f0xx_hal_flash.o
 .debug_aranges
                0x00000890       0x60 Drivers\STM32F0xx_HAL_Driver\Src\stm32f0xx_hal_flash_ex.o
 .debug_aranges
                0x000008f0       0x58 Drivers\STM32F0xx_HAL_Driver\Src\stm32f0xx_hal_gpio.o
 .debug_aranges
                0x00000948       0x38 Drivers\STM32F0xx_HAL_Driver\Src\stm32f0xx_hal_i2c_ex.o
 .debug_aranges
                0x00000980       0x28 Drivers\STM32F0xx_HAL_Driver\Src\stm32f0xx_hal_iwdg.o
 .debug_aranges
                0x000009a8       0x80 Drivers\STM32F0xx_HAL_Driver\Src\stm32f0xx_hal_rcc.o
 .debug_aranges
                0x00000a28       0x30 Drivers\STM32F0xx_HAL_Driver\Src\stm32f0xx_hal_rcc_ex.o
 .debug_aranges
                0x00000a58      0x298 Drivers\STM32F0xx_HAL_Driver\Src\stm32f0xx_hal_tim.o
 .debug_aranges
                0x00000cf0      0x128 Drivers\STM32F0xx_HAL_Driver\Src\stm32f0xx_hal_tim_ex.o
 .debug_aranges
                0x00000e18      0x188 Drivers\STM32F0xx_HAL_Driver\Src\stm32f0xx_hal_uart.o
 .debug_aranges
                0x00000fa0       0x28 startup\startup_stm32f030x6.o

.debug_ranges   0x00000000     0x15a0
 .debug_ranges  0x00000000       0x68 Core\Src\adc.o
 .debug_ranges  0x00000068       0x20 Core\Src\crc.o
 .debug_ranges  0x00000088       0x80 Core\Src\digiTOS-Lib\digiTOS-ADC.o
 .debug_ranges  0x00000108       0xb8 Core\Src\digiTOS-Lib\digiTOS-Core.o
 .debug_ranges  0x000001c0       0xa0 Core\Src\digiTOS-Lib\digiTOS-Generator.o
 .debug_ranges  0x00000260       0x10 Core\Src\digiTOS-Lib\digiTOS-IWDG.o
 .debug_ranges  0x00000270       0x30 Core\Src\digiTOS-Lib\digiTOS-Sinus.o
 .debug_ranges  0x000002a0       0x80 Core\Src\digiTOS-Lib\eeprom.o
 .debug_ranges  0x00000320       0x30 Core\Src\digiTOS-Lib\stm32f0xx_hal_buttons.o
 .debug_ranges  0x00000350       0x38 Core\Src\dma.o
 .debug_ranges  0x00000388       0xa8 Core\Src\gpio.o
 .debug_ranges  0x00000430       0x10 Core\Src\iwdg.o
 .debug_ranges  0x00000440       0x50 Core\Src\main.o
 .debug_ranges  0x00000490       0x58 Core\Src\stm32f0xx_hal_msp.o
 .debug_ranges  0x000004e8       0x68 Core\Src\stm32f0xx_it.o
 .debug_ranges  0x00000550       0x18 Core\Src\system_stm32f0xx.o
 .debug_ranges  0x00000568      0x138 Core\Src\tim.o
 .debug_ranges  0x000006a0       0x70 Core\Src\usart.o
 .debug_ranges  0x00000710       0xa0 Drivers\STM32F0xx_HAL_Driver\Src\stm32f0xx_hal.o
 .debug_ranges  0x000007b0       0xc0 Drivers\STM32F0xx_HAL_Driver\Src\stm32f0xx_hal_adc.o
 .debug_ranges  0x00000870      0x118 Drivers\STM32F0xx_HAL_Driver\Src\stm32f0xx_hal_cortex.o
 .debug_ranges  0x00000988       0x48 Drivers\STM32F0xx_HAL_Driver\Src\stm32f0xx_hal_crc.o
 .debug_ranges  0x000009d0       0x20 Drivers\STM32F0xx_HAL_Driver\Src\stm32f0xx_hal_crc_ex.o
 .debug_ranges  0x000009f0       0xe8 Drivers\STM32F0xx_HAL_Driver\Src\stm32f0xx_hal_dma.o
 .debug_ranges  0x00000ad8       0xb0 Drivers\STM32F0xx_HAL_Driver\Src\stm32f0xx_hal_flash.o
 .debug_ranges  0x00000b88      0x100 Drivers\STM32F0xx_HAL_Driver\Src\stm32f0xx_hal_flash_ex.o
 .debug_ranges  0x00000c88       0x70 Drivers\STM32F0xx_HAL_Driver\Src\stm32f0xx_hal_gpio.o
 .debug_ranges  0x00000cf8       0x60 Drivers\STM32F0xx_HAL_Driver\Src\stm32f0xx_hal_i2c_ex.o
 .debug_ranges  0x00000d58       0x18 Drivers\STM32F0xx_HAL_Driver\Src\stm32f0xx_hal_iwdg.o
 .debug_ranges  0x00000d70       0xa0 Drivers\STM32F0xx_HAL_Driver\Src\stm32f0xx_hal_rcc.o
 .debug_ranges  0x00000e10       0x40 Drivers\STM32F0xx_HAL_Driver\Src\stm32f0xx_hal_rcc_ex.o
 .debug_ranges  0x00000e50      0x428 Drivers\STM32F0xx_HAL_Driver\Src\stm32f0xx_hal_tim.o
 .debug_ranges  0x00001278      0x118 Drivers\STM32F0xx_HAL_Driver\Src\stm32f0xx_hal_tim_ex.o
 .debug_ranges  0x00001390      0x1f0 Drivers\STM32F0xx_HAL_Driver\Src\stm32f0xx_hal_uart.o
 .debug_ranges  0x00001580       0x20 startup\startup_stm32f030x6.o

.debug_line     0x00000000     0xb9f5
 .debug_line    0x00000000      0x305 Core\Src\adc.o
 .debug_line    0x00000305      0x27d Core\Src\crc.o
 .debug_line    0x00000582      0x4fb Core\Src\digiTOS-Lib\digiTOS-ADC.o
 .debug_line    0x00000a7d      0x1d6 Core\Src\digiTOS-Lib\digiTOS-Configuration.o
 .debug_line    0x00000c53      0x5fc Core\Src\digiTOS-Lib\digiTOS-Core.o
 .debug_line    0x0000124f      0x511 Core\Src\digiTOS-Lib\digiTOS-Generator.o
 .debug_line    0x00001760      0x220 Core\Src\digiTOS-Lib\digiTOS-IWDG.o
 .debug_line    0x00001980      0x38a Core\Src\digiTOS-Lib\digiTOS-Sinus.o
 .debug_line    0x00001d0a      0x2ef Core\Src\digiTOS-Lib\eeprom.o
 .debug_line    0x00001ff9      0x2d8 Core\Src\digiTOS-Lib\stm32f0xx_hal_buttons.o
 .debug_line    0x000022d1      0x207 Core\Src\dma.o
 .debug_line    0x000024d8      0x250 Core\Src\gpio.o
 .debug_line    0x00002728      0x23a Core\Src\iwdg.o
 .debug_line    0x00002962      0x526 Core\Src\main.o
 .debug_line    0x00002e88      0x1d7 Core\Src\stm32f0xx_hal_msp.o
 .debug_line    0x0000305f      0x572 Core\Src\stm32f0xx_it.o
 .debug_line    0x000035d1      0x20e Core\Src\system_stm32f0xx.o
 .debug_line    0x000037df      0x41b Core\Src\tim.o
 .debug_line    0x00003bfa      0x305 Core\Src\usart.o
 .debug_line    0x00003eff      0x3ec Drivers\STM32F0xx_HAL_Driver\Src\stm32f0xx_hal.o